'solc --version' running
'solc /home/andrei/Рабочий стол/Kursovaya/Diplom/contracts/safe/safe_294_SAFE.sol --combined-json abi,ast,bin,bin-runtime,srcmap,srcmap-runtime,userdoc,devdoc,hashes,compact-format --allow-paths .,/home/andrei/Рабочий стол/Kursovaya/Diplom/contracts/safe' running
Compilation warnings/errors on /home/andrei/Рабочий стол/Kursovaya/Diplom/contracts/safe/safe_294_SAFE.sol:
/home/andrei/Рабочий стол/Kursovaya/Diplom/contracts/safe/safe_294_SAFE.sol:5:5: Warning: Defining constructors as functions with the same name as the contract is deprecated. Use "constructor(...) { ... }" instead.
    function owned() public {
    ^ (Relevant source part starts here and spans across multiple lines).
/home/andrei/Рабочий стол/Kursovaya/Diplom/contracts/safe/safe_294_SAFE.sol:47:4: Warning: Invoking events without "emit" prefix is deprecated.
			Transfer(this,msg.sender,JackPot);												//send Jack Pot to the winner
			^-------------------------------^
/home/andrei/Рабочий стол/Kursovaya/Diplom/contracts/safe/safe_294_SAFE.sol:85:9: Warning: Invoking events without "emit" prefix is deprecated.
        Transfer(msg.sender,this,ticketPrice);
        ^-----------------------------------^
/home/andrei/Рабочий стол/Kursovaya/Diplom/contracts/safe/safe_294_SAFE.sol:106:24: Warning: Using contract member "balance" inherited from the address type is deprecated. Convert the contract to "address" type to access the member, for example use "address(contract).balance" instead.
        owner.transfer(this.balance);
                       ^----------^
/home/andrei/Рабочий стол/Kursovaya/Diplom/contracts/safe/safe_294_SAFE.sol:43:30: Warning: "block.blockhash()" has been deprecated in favor of "blockhash()"
        lastWinNumber = uint(block.blockhash(block.number-1))%countTickets + 1;                                  // take random number
                             ^-------------^
/home/andrei/Рабочий стол/Kursovaya/Diplom/contracts/safe/safe_294_SAFE.sol:56:2: Warning: Function state mutability can be restricted to view
	function getJackPot() public returns (uint jPot)  {     
 ^ (Relevant source part starts here and spans across multiple lines).
/home/andrei/Рабочий стол/Kursovaya/Diplom/contracts/safe/safe_294_SAFE.sol:114:1: Warning: Function state mutability can be restricted to view
function getLastWinNumber() public returns (uint){
^ (Relevant source part starts here and spans across multiple lines).
/home/andrei/Рабочий стол/Kursovaya/Diplom/contracts/safe/safe_294_SAFE.sol:118:1: Warning: Function state mutability can be restricted to view
function getTicket(uint newTicketId) public returns (address){
^ (Relevant source part starts here and spans across multiple lines).


Detector: arbitrary-send-eth
WorldLotteryFast.PlayNow() (contracts/safe/safe_294_SAFE.sol#42-53) sends eth to arbitrary user
	Dangerous calls:
	- msg.sender.transfer(JackPot) (contracts/safe/safe_294_SAFE.sol#46)
Reference: https://github.com/crytic/slither/wiki/Detector-Documentation#functions-that-send-ether-to-arbitrary-destinations

Detector: weak-prng
WorldLotteryFast.PlayNow() (contracts/safe/safe_294_SAFE.sol#42-53) uses a weak PRNG: "lastWinNumber = uint256(block.blockhash(block.number - 1)) % countTickets + 1 (contracts/safe/safe_294_SAFE.sol#43)" 
Reference: https://github.com/crytic/slither/wiki/Detector-Documentation#weak-PRNG

Detector: tautology
PlayLottery.adopt(uint256) (contracts/safe/safe_294_SAFE.sol#75-97) contains a tautology or contradiction:
	- require(bool)(ticketId >= 0 && ticketId <= countTickets) (contracts/safe/safe_294_SAFE.sol#79)
Reference: https://github.com/crytic/slither/wiki/Detector-Documentation#tautology-or-contradiction

Detector: events-access
owned.transferOwnership(address) (contracts/safe/safe_294_SAFE.sol#14-16) should emit an event for: 
	- owner = newOwner (contracts/safe/safe_294_SAFE.sol#15) 
Reference: https://github.com/crytic/slither/wiki/Detector-Documentation#missing-events-access-control

Detector: events-maths
WorldLotteryFast.setLotteryParameters(uint256,uint256,uint256,uint256,bool) (contracts/safe/safe_294_SAFE.sol#61-67) should emit an event for: 
	- countTickets = newCountTickets (contracts/safe/safe_294_SAFE.sol#62) 
	- ticketPrice = newTicketPrice (contracts/safe/safe_294_SAFE.sol#63) 
	- toJackPotfromEveryTicket = newToJackPotfromEveryTicket (contracts/safe/safe_294_SAFE.sol#64) 
	- JackPot = newJackPot (contracts/safe/safe_294_SAFE.sol#65) 
Reference: https://github.com/crytic/slither/wiki/Detector-Documentation#missing-events-arithmetic

Detector: missing-zero-check
owned.transferOwnership(address).newOwner (contracts/safe/safe_294_SAFE.sol#14) lacks a zero-check on :
		- owner = newOwner (contracts/safe/safe_294_SAFE.sol#15)
Reference: https://github.com/crytic/slither/wiki/Detector-Documentation#missing-zero-address-validation

Detector: deprecated-standards
Deprecated standard detected lastWinNumber = uint256(block.blockhash(block.number - 1)) % countTickets + 1 (contracts/safe/safe_294_SAFE.sol#43):
	- Usage of "block.blockhash()" should be replaced with "blockhash()"
Reference: https://github.com/crytic/slither/wiki/Detector-Documentation#deprecated-standards

Detector: solc-version
Version constraint ^0.4.2 contains known severe issues (https://solidity.readthedocs.io/en/latest/bugs.html)
	- DirtyBytesArrayToStorage
	- KeccakCaching
	- EmptyByteArrayCopy
	- DynamicArrayCleanup
	- TupleAssignmentMultiStackSlotComponents
	- MemoryArrayCreationOverflow
	- privateCanBeOverridden
	- IncorrectEventSignatureInLibraries_0.4.x
	- ExpExponentCleanup
	- NestedArrayFunctionCallDecoder
	- ZeroFunctionSelector
	- DelegateCallReturnValue
	- ECRecoverMalformedInput
	- SkipEmptyStringLiteral
	- ConstantOptimizerSubtraction
	- IdentityPrecompileReturnIgnored
	- HighOrderByteCleanStorage
	- OptimizerStaleKnowledgeAboutSHA3.
It is used by:
	- ^0.4.2 (contracts/safe/safe_294_SAFE.sol#1)
solc-0.4.24 is an outdated solc version. Use a more recent version (at least 0.8.0), if possible.
Reference: https://github.com/crytic/slither/wiki/Detector-Documentation#incorrect-versions-of-solidity

Detector: naming-convention
Contract owned (contracts/safe/safe_294_SAFE.sol#2-17) is not in CapWords
Function WorldLotteryFast.PlayNow() (contracts/safe/safe_294_SAFE.sol#42-53) is not in mixedCase
Variable WorldLotteryFast.JackPot (contracts/safe/safe_294_SAFE.sol#24) is not in mixedCase
Reference: https://github.com/crytic/slither/wiki/Detector-Documentation#conformance-to-solidity-naming-conventions

Detector: reentrancy-unlimited-gas
Reentrancy in WorldLotteryFast.PlayNow() (contracts/safe/safe_294_SAFE.sol#42-53):
	External calls:
	- msg.sender.transfer(JackPot) (contracts/safe/safe_294_SAFE.sol#46)
	State variables written after the call(s):
	- JackPot = 0 (contracts/safe/safe_294_SAFE.sol#48)
	- clearTickets() (contracts/safe/safe_294_SAFE.sol#50)
		- tickets[i] = 0 (contracts/safe/safe_294_SAFE.sol#38)
	Event emitted after the call(s):
	- Transfer(this,msg.sender,JackPot) (contracts/safe/safe_294_SAFE.sol#47)
Reference: https://github.com/crytic/slither/wiki/Detector-Documentation#reentrancy-vulnerabilities-5

Detector: too-many-digits
PlayLottery.slitherConstructorVariables() (contracts/safe/safe_294_SAFE.sol#72-123) uses literals with too many digits:
	- JackPot = 10000000000000000 (contracts/safe/safe_294_SAFE.sol#24)
PlayLottery.slitherConstructorVariables() (contracts/safe/safe_294_SAFE.sol#72-123) uses literals with too many digits:
	- ticketPrice = 10000000000000000 (contracts/safe/safe_294_SAFE.sol#26)
PlayLottery.slitherConstructorVariables() (contracts/safe/safe_294_SAFE.sol#72-123) uses literals with too many digits:
	- toJackPotfromEveryTicket = 1000000000000000 (contracts/safe/safe_294_SAFE.sol#27)
Reference: https://github.com/crytic/slither/wiki/Detector-Documentation#too-many-digits
/home/andrei/Рабочий стол/Kursovaya/Diplom/contracts/safe/safe_294_SAFE.sol analyzed (3 contracts with 101 detectors), 16 result(s) found
