'solc --version' running
'solc /home/andrei/Рабочий стол/Kursovaya/Diplom/contracts/safe/safe_171_SAFE.sol --combined-json abi,ast,bin,bin-runtime,srcmap,srcmap-runtime,userdoc,devdoc --allow-paths .,/home/andrei/Рабочий стол/Kursovaya/Diplom/contracts/safe' running

Detector: shadowing-local
ERC20Interface.totalSupply().totalSupply (contracts/safe/safe_171_SAFE.sol#4) shadows:
	- ERC20Interface.totalSupply() (contracts/safe/safe_171_SAFE.sol#4) (function)
AKCToken.totalSupply().totalSupply (contracts/safe/safe_171_SAFE.sol#29) shadows:
	- AKCToken.totalSupply() (contracts/safe/safe_171_SAFE.sol#29-31) (function)
	- ERC20Interface.totalSupply() (contracts/safe/safe_171_SAFE.sol#4) (function)
Reference: https://github.com/crytic/slither/wiki/Detector-Documentation#local-variable-shadowing

Detector: solc-version
Version constraint ^0.4.11 contains known severe issues (https://solidity.readthedocs.io/en/latest/bugs.html)
	- DirtyBytesArrayToStorage
	- KeccakCaching
	- EmptyByteArrayCopy
	- DynamicArrayCleanup
	- ImplicitConstructorCallvalueCheck
	- TupleAssignmentMultiStackSlotComponents
	- MemoryArrayCreationOverflow
	- privateCanBeOverridden
	- SignedArrayStorageCopy
	- UninitializedFunctionPointerInConstructor_0.4.x
	- IncorrectEventSignatureInLibraries_0.4.x
	- ExpExponentCleanup
	- NestedArrayFunctionCallDecoder
	- ZeroFunctionSelector
	- DelegateCallReturnValue
	- ECRecoverMalformedInput
	- SkipEmptyStringLiteral.
It is used by:
	- ^0.4.11 (contracts/safe/safe_171_SAFE.sol#1)
solc-0.4.11 is an outdated solc version. Use a more recent version (at least 0.8.0), if possible.
Reference: https://github.com/crytic/slither/wiki/Detector-Documentation#incorrect-versions-of-solidity

Detector: naming-convention
Parameter AKCToken.balanceOf(address)._owner (contracts/safe/safe_171_SAFE.sol#33) is not in mixedCase
Parameter AKCToken.transfer(address,uint256)._to (contracts/safe/safe_171_SAFE.sol#37) is not in mixedCase
Parameter AKCToken.transfer(address,uint256)._amount (contracts/safe/safe_171_SAFE.sol#37) is not in mixedCase
Parameter AKCToken.transferFrom(address,address,uint256)._from (contracts/safe/safe_171_SAFE.sol#50) is not in mixedCase
Parameter AKCToken.transferFrom(address,address,uint256)._to (contracts/safe/safe_171_SAFE.sol#50) is not in mixedCase
Parameter AKCToken.transferFrom(address,address,uint256)._amount (contracts/safe/safe_171_SAFE.sol#50) is not in mixedCase
Parameter AKCToken.approve(address,uint256)._spender (contracts/safe/safe_171_SAFE.sol#65) is not in mixedCase
Parameter AKCToken.approve(address,uint256)._value (contracts/safe/safe_171_SAFE.sol#65) is not in mixedCase
Parameter AKCToken.allowance(address,address)._owner (contracts/safe/safe_171_SAFE.sol#71) is not in mixedCase
Parameter AKCToken.allowance(address,address)._spender (contracts/safe/safe_171_SAFE.sol#71) is not in mixedCase
Constant AKCToken._totalSupply (contracts/safe/safe_171_SAFE.sol#19) is not in UPPER_CASE_WITH_UNDERSCORES
Reference: https://github.com/crytic/slither/wiki/Detector-Documentation#conformance-to-solidity-naming-conventions

Detector: too-many-digits
AKCToken.slitherConstructorConstantVariables() (contracts/safe/safe_171_SAFE.sol#14-76) uses literals with too many digits:
	- _totalSupply = 1000000000000000000 (contracts/safe/safe_171_SAFE.sol#19)
Reference: https://github.com/crytic/slither/wiki/Detector-Documentation#too-many-digits

Detector: constable-states
AKCToken.standard (contracts/safe/safe_171_SAFE.sol#15) should be constant 
Reference: https://github.com/crytic/slither/wiki/Detector-Documentation#state-variables-that-could-be-declared-constant
/home/andrei/Рабочий стол/Kursovaya/Diplom/contracts/safe/safe_171_SAFE.sol analyzed (2 contracts with 101 detectors), 17 result(s) found
