'solc --version' running
'solc /home/andrei/Рабочий стол/Kursovaya/Diplom/contracts/safe/safe_248_SAFE.sol --combined-json abi,ast,bin,bin-runtime,srcmap,srcmap-runtime,userdoc,devdoc,hashes,compact-format --allow-paths .,/home/andrei/Рабочий стол/Kursovaya/Diplom/contracts/safe' running

Detector: solc-version
Version constraint ^0.4.24 contains known severe issues (https://solidity.readthedocs.io/en/latest/bugs.html)
	- DirtyBytesArrayToStorage
	- ABIDecodeTwoDimensionalArrayMemory
	- KeccakCaching
	- EmptyByteArrayCopy
	- DynamicArrayCleanup
	- ImplicitConstructorCallvalueCheck
	- TupleAssignmentMultiStackSlotComponents
	- MemoryArrayCreationOverflow
	- privateCanBeOverridden
	- SignedArrayStorageCopy
	- ABIEncoderV2StorageArrayWithMultiSlotElement
	- DynamicConstructorArgumentsClippedABIV2
	- UninitializedFunctionPointerInConstructor_0.4.x
	- IncorrectEventSignatureInLibraries_0.4.x
	- ABIEncoderV2PackedStorage_0.4.x
	- ExpExponentCleanup
	- EventStructWrongData.
It is used by:
	- ^0.4.24 (contracts/safe/safe_248_SAFE.sol#5)
solc-0.4.24 is an outdated solc version. Use a more recent version (at least 0.8.0), if possible.
Reference: https://github.com/crytic/slither/wiki/Detector-Documentation#incorrect-versions-of-solidity

Detector: naming-convention
Parameter SafeMath.mul(uint256,uint256)._a (contracts/safe/safe_248_SAFE.sol#32) is not in mixedCase
Parameter SafeMath.mul(uint256,uint256)._b (contracts/safe/safe_248_SAFE.sol#32) is not in mixedCase
Parameter SafeMath.div(uint256,uint256)._a (contracts/safe/safe_248_SAFE.sol#48) is not in mixedCase
Parameter SafeMath.div(uint256,uint256)._b (contracts/safe/safe_248_SAFE.sol#48) is not in mixedCase
Parameter SafeMath.sub(uint256,uint256)._a (contracts/safe/safe_248_SAFE.sol#58) is not in mixedCase
Parameter SafeMath.sub(uint256,uint256)._b (contracts/safe/safe_248_SAFE.sol#58) is not in mixedCase
Parameter SafeMath.add(uint256,uint256)._a (contracts/safe/safe_248_SAFE.sol#66) is not in mixedCase
Parameter SafeMath.add(uint256,uint256)._b (contracts/safe/safe_248_SAFE.sol#66) is not in mixedCase
Parameter BasicToken.transfer(address,uint256)._to (contracts/safe/safe_248_SAFE.sol#97) is not in mixedCase
Parameter BasicToken.transfer(address,uint256)._value (contracts/safe/safe_248_SAFE.sol#97) is not in mixedCase
Parameter BasicToken.balanceOf(address)._owner (contracts/safe/safe_248_SAFE.sol#112) is not in mixedCase
Parameter StandardToken.transferFrom(address,address,uint256)._from (contracts/safe/safe_248_SAFE.sol#157) is not in mixedCase
Parameter StandardToken.transferFrom(address,address,uint256)._to (contracts/safe/safe_248_SAFE.sol#158) is not in mixedCase
Parameter StandardToken.transferFrom(address,address,uint256)._value (contracts/safe/safe_248_SAFE.sol#159) is not in mixedCase
Parameter StandardToken.approve(address,uint256)._spender (contracts/safe/safe_248_SAFE.sol#184) is not in mixedCase
Parameter StandardToken.approve(address,uint256)._value (contracts/safe/safe_248_SAFE.sol#184) is not in mixedCase
Parameter StandardToken.allowance(address,address)._owner (contracts/safe/safe_248_SAFE.sol#197) is not in mixedCase
Parameter StandardToken.allowance(address,address)._spender (contracts/safe/safe_248_SAFE.sol#198) is not in mixedCase
Parameter StandardToken.increaseApproval(address,uint256)._spender (contracts/safe/safe_248_SAFE.sol#217) is not in mixedCase
Parameter StandardToken.increaseApproval(address,uint256)._addedValue (contracts/safe/safe_248_SAFE.sol#218) is not in mixedCase
Parameter StandardToken.decreaseApproval(address,uint256)._spender (contracts/safe/safe_248_SAFE.sol#239) is not in mixedCase
Parameter StandardToken.decreaseApproval(address,uint256)._subtractedValue (contracts/safe/safe_248_SAFE.sol#240) is not in mixedCase
Parameter Ownable.transferOwnership(address)._newOwner (contracts/safe/safe_248_SAFE.sol#305) is not in mixedCase
Parameter MintableToken.mint(address,uint256)._to (contracts/safe/safe_248_SAFE.sol#350) is not in mixedCase
Parameter MintableToken.mint(address,uint256)._amount (contracts/safe/safe_248_SAFE.sol#351) is not in mixedCase
Parameter CappedToken.mint(address,uint256)._to (contracts/safe/safe_248_SAFE.sol#397) is not in mixedCase
Parameter CappedToken.mint(address,uint256)._amount (contracts/safe/safe_248_SAFE.sol#398) is not in mixedCase
Parameter PausableToken.transfer(address,uint256)._to (contracts/safe/safe_248_SAFE.sol#463) is not in mixedCase
Parameter PausableToken.transfer(address,uint256)._value (contracts/safe/safe_248_SAFE.sol#464) is not in mixedCase
Parameter PausableToken.transferFrom(address,address,uint256)._from (contracts/safe/safe_248_SAFE.sol#474) is not in mixedCase
Parameter PausableToken.transferFrom(address,address,uint256)._to (contracts/safe/safe_248_SAFE.sol#475) is not in mixedCase
Parameter PausableToken.transferFrom(address,address,uint256)._value (contracts/safe/safe_248_SAFE.sol#476) is not in mixedCase
Parameter PausableToken.approve(address,uint256)._spender (contracts/safe/safe_248_SAFE.sol#486) is not in mixedCase
Parameter PausableToken.approve(address,uint256)._value (contracts/safe/safe_248_SAFE.sol#487) is not in mixedCase
Parameter PausableToken.increaseApproval(address,uint256)._spender (contracts/safe/safe_248_SAFE.sol#497) is not in mixedCase
Parameter PausableToken.increaseApproval(address,uint256)._addedValue (contracts/safe/safe_248_SAFE.sol#498) is not in mixedCase
Parameter PausableToken.decreaseApproval(address,uint256)._spender (contracts/safe/safe_248_SAFE.sol#508) is not in mixedCase
Parameter PausableToken.decreaseApproval(address,uint256)._subtractedValue (contracts/safe/safe_248_SAFE.sol#509) is not in mixedCase
Reference: https://github.com/crytic/slither/wiki/Detector-Documentation#conformance-to-solidity-naming-conventions
/home/andrei/Рабочий стол/Kursovaya/Diplom/contracts/safe/safe_248_SAFE.sol analyzed (11 contracts with 101 detectors), 40 result(s) found
