'solc --version' running
'solc /home/andrei/Рабочий стол/Kursovaya/Diplom/contracts/safe/safe_175_SAFE.sol --combined-json abi,ast,bin,bin-runtime,srcmap,srcmap-runtime,userdoc,devdoc,hashes,compact-format --allow-paths .,/home/andrei/Рабочий стол/Kursovaya/Diplom/contracts/safe' running

Detector: divide-before-multiply
OpenPoWH.reinvestDividends() (contracts/safe/safe_175_SAFE.sol#119-198) performs a multiplication on the result of a division:
	- bonusCoEff = (scaleFactor - (res + numEther) * numTokens * scaleFactor / (totalSupply + numTokens) / numEther) * uint256(crr_d) / uint256(crr_d - crr_n) (contracts/safe/safe_175_SAFE.sol#163-165)
	- holderReward = fee * bonusCoEff (contracts/safe/safe_175_SAFE.sol#169)
OpenPoWH.buy() (contracts/safe/safe_175_SAFE.sol#278-340) performs a multiplication on the result of a division:
	- bonusCoEff = (scaleFactor - (reserve() + numEther) * numTokens * scaleFactor / (totalSupply + numTokens) / numEther) * uint256(crr_d) / uint256(crr_d - crr_n) (contracts/safe/safe_175_SAFE.sol#304-306)
	- holderReward = fee * bonusCoEff (contracts/safe/safe_175_SAFE.sol#310)
OpenPoWH.fixedLog(uint256) (contracts/safe/safe_175_SAFE.sol#438-453) performs a multiplication on the result of a division:
	- s = ((int256(a) - one) * one) / (int256(a) + one) (contracts/safe/safe_175_SAFE.sol#448)
	- z = (s * s) / one (contracts/safe/safe_175_SAFE.sol#449)
OpenPoWH.fixedLog(uint256) (contracts/safe/safe_175_SAFE.sol#438-453) performs a multiplication on the result of a division:
	- s = ((int256(a) - one) * one) / (int256(a) + one) (contracts/safe/safe_175_SAFE.sol#448)
	- scale * ln2 + (s * (c1 + (z * (c3 + (z * (c5 + (z * (c7 + (z * (c9 + (z * c11 / one)) / one)) / one)) / one)) / one)) / one) (contracts/safe/safe_175_SAFE.sol#450-452)
OpenPoWH.fixedExp(int256) (contracts/safe/safe_175_SAFE.sol#463-475) performs a multiplication on the result of a division:
	- z = (a * a) / one (contracts/safe/safe_175_SAFE.sol#466)
	- R = (int256(2) * one) + (z * (c2 + (z * (c4 + (z * (c6 + (z * c8 / one)) / one)) / one)) / one) (contracts/safe/safe_175_SAFE.sol#467-468)
Reference: https://github.com/crytic/slither/wiki/Detector-Documentation#divide-before-multiply

Detector: shadowing-local
OpenPoWH.balanceOf(address).balance (contracts/safe/safe_175_SAFE.sol#96) shadows:
	- OpenPoWH.balance() (contracts/safe/safe_175_SAFE.sol#273-276) (function)
OpenPoWH.withdraw().balance (contracts/safe/safe_175_SAFE.sol#104) shadows:
	- OpenPoWH.balance() (contracts/safe/safe_175_SAFE.sol#273-276) (function)
OpenPoWH.reinvestDividends().balance (contracts/safe/safe_175_SAFE.sol#121) shadows:
	- OpenPoWH.balance() (contracts/safe/safe_175_SAFE.sol#273-276) (function)
OpenPoWH.sellMyTokens().balance (contracts/safe/safe_175_SAFE.sol#204) shadows:
	- OpenPoWH.balance() (contracts/safe/safe_175_SAFE.sol#273-276) (function)
OpenPoWH.withdrawOld(address).balance (contracts/safe/safe_175_SAFE.sol#259) shadows:
	- OpenPoWH.balance() (contracts/safe/safe_175_SAFE.sol#273-276) (function)
Reference: https://github.com/crytic/slither/wiki/Detector-Documentation#local-variable-shadowing

Detector: missing-zero-check
OpenPoWH.withdrawOld(address).to (contracts/safe/safe_175_SAFE.sol#257) lacks a zero-check on :
		- to.transfer(balance) (contracts/safe/safe_175_SAFE.sol#269)
Reference: https://github.com/crytic/slither/wiki/Detector-Documentation#missing-zero-address-validation

Detector: dead-code
OpenPoWH.mul(uint256,uint256) (contracts/safe/safe_175_SAFE.sol#480-487) is never used and should be removed
Reference: https://github.com/crytic/slither/wiki/Detector-Documentation#dead-code

Detector: solc-version
Version constraint ^0.4.18 contains known severe issues (https://solidity.readthedocs.io/en/latest/bugs.html)
	- DirtyBytesArrayToStorage
	- ABIDecodeTwoDimensionalArrayMemory
	- KeccakCaching
	- EmptyByteArrayCopy
	- DynamicArrayCleanup
	- ImplicitConstructorCallvalueCheck
	- TupleAssignmentMultiStackSlotComponents
	- MemoryArrayCreationOverflow
	- privateCanBeOverridden
	- SignedArrayStorageCopy
	- ABIEncoderV2StorageArrayWithMultiSlotElement
	- DynamicConstructorArgumentsClippedABIV2
	- UninitializedFunctionPointerInConstructor_0.4.x
	- IncorrectEventSignatureInLibraries_0.4.x
	- ExpExponentCleanup
	- EventStructWrongData
	- NestedArrayFunctionCallDecoder.
It is used by:
	- ^0.4.18 (contracts/safe/safe_175_SAFE.sol#1)
solc-0.4.18 is an outdated solc version. Use a more recent version (at least 0.8.0), if possible.
Reference: https://github.com/crytic/slither/wiki/Detector-Documentation#incorrect-versions-of-solidity

Detector: naming-convention
Parameter OpenPoWH.balanceOf(address)._owner (contracts/safe/safe_175_SAFE.sol#96) is not in mixedCase
Parameter OpenPoWH.dividends(address)._owner (contracts/safe/safe_175_SAFE.sol#250) is not in mixedCase
Constant OpenPoWH.scaleFactor (contracts/safe/safe_175_SAFE.sol#38) is not in UPPER_CASE_WITH_UNDERSCORES
Constant OpenPoWH.limitedFirstBuyers (contracts/safe/safe_175_SAFE.sol#41) is not in UPPER_CASE_WITH_UNDERSCORES
Constant OpenPoWH.firstBuyerLimit (contracts/safe/safe_175_SAFE.sol#42) is not in UPPER_CASE_WITH_UNDERSCORES
Constant OpenPoWH.crr_n (contracts/safe/safe_175_SAFE.sol#47) is not in UPPER_CASE_WITH_UNDERSCORES
Constant OpenPoWH.crr_d (contracts/safe/safe_175_SAFE.sol#48) is not in UPPER_CASE_WITH_UNDERSCORES
Constant OpenPoWH.price_coeff (contracts/safe/safe_175_SAFE.sol#52) is not in UPPER_CASE_WITH_UNDERSCORES
Constant OpenPoWH.gameStartBlockOffset (contracts/safe/safe_175_SAFE.sol#86) is not in UPPER_CASE_WITH_UNDERSCORES
Constant OpenPoWH.one (contracts/safe/safe_175_SAFE.sol#423) is not in UPPER_CASE_WITH_UNDERSCORES
Constant OpenPoWH.sqrt2 (contracts/safe/safe_175_SAFE.sol#424) is not in UPPER_CASE_WITH_UNDERSCORES
Constant OpenPoWH.sqrtdot5 (contracts/safe/safe_175_SAFE.sol#425) is not in UPPER_CASE_WITH_UNDERSCORES
Constant OpenPoWH.ln2 (contracts/safe/safe_175_SAFE.sol#426) is not in UPPER_CASE_WITH_UNDERSCORES
Constant OpenPoWH.ln2_64dot5 (contracts/safe/safe_175_SAFE.sol#427) is not in UPPER_CASE_WITH_UNDERSCORES
Constant OpenPoWH.c1 (contracts/safe/safe_175_SAFE.sol#428) is not in UPPER_CASE_WITH_UNDERSCORES
Constant OpenPoWH.c3 (contracts/safe/safe_175_SAFE.sol#429) is not in UPPER_CASE_WITH_UNDERSCORES
Constant OpenPoWH.c5 (contracts/safe/safe_175_SAFE.sol#430) is not in UPPER_CASE_WITH_UNDERSCORES
Constant OpenPoWH.c7 (contracts/safe/safe_175_SAFE.sol#431) is not in UPPER_CASE_WITH_UNDERSCORES
Constant OpenPoWH.c9 (contracts/safe/safe_175_SAFE.sol#432) is not in UPPER_CASE_WITH_UNDERSCORES
Constant OpenPoWH.c11 (contracts/safe/safe_175_SAFE.sol#433) is not in UPPER_CASE_WITH_UNDERSCORES
Constant OpenPoWH.c2 (contracts/safe/safe_175_SAFE.sol#455) is not in UPPER_CASE_WITH_UNDERSCORES
Constant OpenPoWH.c4 (contracts/safe/safe_175_SAFE.sol#456) is not in UPPER_CASE_WITH_UNDERSCORES
Constant OpenPoWH.c6 (contracts/safe/safe_175_SAFE.sol#457) is not in UPPER_CASE_WITH_UNDERSCORES
Constant OpenPoWH.c8 (contracts/safe/safe_175_SAFE.sol#458) is not in UPPER_CASE_WITH_UNDERSCORES
Reference: https://github.com/crytic/slither/wiki/Detector-Documentation#conformance-to-solidity-naming-conventions

Detector: too-many-digits
OpenPoWH.reinvestDividends() (contracts/safe/safe_175_SAFE.sol#119-198) uses literals with too many digits:
	- value_ < 1000000000000 || value_ > 1000000000000000000000000 (contracts/safe/safe_175_SAFE.sol#135)
OpenPoWH.fund() (contracts/safe/safe_175_SAFE.sol#217-233) uses literals with too many digits:
	- msg.value > 1000000000000 (contracts/safe/safe_175_SAFE.sol#222)
OpenPoWH.buy() (contracts/safe/safe_175_SAFE.sol#278-340) uses literals with too many digits:
	- msg.value < 1000000000000 || msg.value > 1000000000000000000000000 (contracts/safe/safe_175_SAFE.sol#280)
OpenPoWH.slitherConstructorConstantVariables() (contracts/safe/safe_175_SAFE.sol#34-518) uses literals with too many digits:
	- scaleFactor = 0x10000000000000000 (contracts/safe/safe_175_SAFE.sol#38)
OpenPoWH.slitherConstructorConstantVariables() (contracts/safe/safe_175_SAFE.sol#34-518) uses literals with too many digits:
	- one = 0x10000000000000000 (contracts/safe/safe_175_SAFE.sol#423)
OpenPoWH.slitherConstructorConstantVariables() (contracts/safe/safe_175_SAFE.sol#34-518) uses literals with too many digits:
	- c8 = - 0x000001b893ad04b3a (contracts/safe/safe_175_SAFE.sol#458)
Reference: https://github.com/crytic/slither/wiki/Detector-Documentation#too-many-digits
/home/andrei/Рабочий стол/Kursovaya/Diplom/contracts/safe/safe_175_SAFE.sol analyzed (1 contracts with 101 detectors), 44 result(s) found
