'solc --version' running
'solc /home/andrei/Рабочий стол/Kursovaya/Diplom/contracts/safe/safe_154_SAFE.sol --combined-json abi,ast,bin,bin-runtime,srcmap,srcmap-runtime,userdoc,devdoc,hashes,compact-format --allow-paths .,/home/andrei/Рабочий стол/Kursovaya/Diplom/contracts/safe' running
Compilation warnings/errors on /home/andrei/Рабочий стол/Kursovaya/Diplom/contracts/safe/safe_154_SAFE.sol:
/home/andrei/Рабочий стол/Kursovaya/Diplom/contracts/safe/safe_154_SAFE.sol:6:5: Warning: No visibility specified. Defaulting to "public".
    function totalSupply() constant returns (uint supply) {}
    ^------------------------------------------------------^
/home/andrei/Рабочий стол/Kursovaya/Diplom/contracts/safe/safe_154_SAFE.sol:10:5: Warning: No visibility specified. Defaulting to "public".
    function balanceOf(address _owner) constant returns (uint balance) {}
    ^-------------------------------------------------------------------^
/home/andrei/Рабочий стол/Kursovaya/Diplom/contracts/safe/safe_154_SAFE.sol:16:5: Warning: No visibility specified. Defaulting to "public".
    function transfer(address _to, uint _value) returns (bool success) {}
    ^-------------------------------------------------------------------^
/home/andrei/Рабочий стол/Kursovaya/Diplom/contracts/safe/safe_154_SAFE.sol:23:5: Warning: No visibility specified. Defaulting to "public".
    function transferFrom(address _from, address _to, uint _value) returns (bool success) {}
    ^--------------------------------------------------------------------------------------^
/home/andrei/Рабочий стол/Kursovaya/Diplom/contracts/safe/safe_154_SAFE.sol:29:5: Warning: No visibility specified. Defaulting to "public".
    function approve(address _spender, uint _value) returns (bool success) {}
    ^-----------------------------------------------------------------------^
/home/andrei/Рабочий стол/Kursovaya/Diplom/contracts/safe/safe_154_SAFE.sol:34:5: Warning: No visibility specified. Defaulting to "public".
    function allowance(address _owner, address _spender) constant returns (uint remaining) {}
    ^---------------------------------------------------------------------------------------^
/home/andrei/Рабочий стол/Kursovaya/Diplom/contracts/safe/safe_154_SAFE.sol:42:5: Warning: No visibility specified. Defaulting to "public".
    function transfer(address _to, uint _value) returns (bool) {
    ^
Spanning multiple lines.
/home/andrei/Рабочий стол/Kursovaya/Diplom/contracts/safe/safe_154_SAFE.sol:52:5: Warning: No visibility specified. Defaulting to "public".
    function transferFrom(address _from, address _to, uint _value) returns (bool) {
    ^
Spanning multiple lines.
/home/andrei/Рабочий стол/Kursovaya/Diplom/contracts/safe/safe_154_SAFE.sol:62:5: Warning: No visibility specified. Defaulting to "public".
    function balanceOf(address _owner) constant returns (uint) {
    ^
Spanning multiple lines.
/home/andrei/Рабочий стол/Kursovaya/Diplom/contracts/safe/safe_154_SAFE.sol:66:5: Warning: No visibility specified. Defaulting to "public".
    function approve(address _spender, uint _value) returns (bool) {
    ^
Spanning multiple lines.
/home/andrei/Рабочий стол/Kursovaya/Diplom/contracts/safe/safe_154_SAFE.sol:72:5: Warning: No visibility specified. Defaulting to "public".
    function allowance(address _owner, address _spender) constant returns (uint) {
    ^
Spanning multiple lines.
/home/andrei/Рабочий стол/Kursovaya/Diplom/contracts/safe/safe_154_SAFE.sol:119:5: Warning: No visibility specified. Defaulting to "public".
    function AICH() {
    ^
Spanning multiple lines.
/home/andrei/Рабочий стол/Kursovaya/Diplom/contracts/safe/safe_154_SAFE.sol:6:46: Warning: Unused function parameter. Remove or comment out the variable name to silence this warning.
    function totalSupply() constant returns (uint supply) {}
                                             ^---------^
/home/andrei/Рабочий стол/Kursovaya/Diplom/contracts/safe/safe_154_SAFE.sol:10:58: Warning: Unused function parameter. Remove or comment out the variable name to silence this warning.
    function balanceOf(address _owner) constant returns (uint balance) {}
                                                         ^----------^
/home/andrei/Рабочий стол/Kursovaya/Diplom/contracts/safe/safe_154_SAFE.sol:10:24: Warning: Unused function parameter. Remove or comment out the variable name to silence this warning.
    function balanceOf(address _owner) constant returns (uint balance) {}
                       ^------------^
/home/andrei/Рабочий стол/Kursovaya/Diplom/contracts/safe/safe_154_SAFE.sol:16:23: Warning: Unused function parameter. Remove or comment out the variable name to silence this warning.
    function transfer(address _to, uint _value) returns (bool success) {}
                      ^---------^
/home/andrei/Рабочий стол/Kursovaya/Diplom/contracts/safe/safe_154_SAFE.sol:16:36: Warning: Unused function parameter. Remove or comment out the variable name to silence this warning.
    function transfer(address _to, uint _value) returns (bool success) {}
                                   ^---------^
/home/andrei/Рабочий стол/Kursovaya/Diplom/contracts/safe/safe_154_SAFE.sol:16:58: Warning: Unused function parameter. Remove or comment out the variable name to silence this warning.
    function transfer(address _to, uint _value) returns (bool success) {}
                                                         ^----------^
/home/andrei/Рабочий стол/Kursovaya/Diplom/contracts/safe/safe_154_SAFE.sol:23:27: Warning: Unused function parameter. Remove or comment out the variable name to silence this warning.
    function transferFrom(address _from, address _to, uint _value) returns (bool success) {}
                          ^-----------^
/home/andrei/Рабочий стол/Kursovaya/Diplom/contracts/safe/safe_154_SAFE.sol:23:42: Warning: Unused function parameter. Remove or comment out the variable name to silence this warning.
    function transferFrom(address _from, address _to, uint _value) returns (bool success) {}
                                         ^---------^
/home/andrei/Рабочий стол/Kursovaya/Diplom/contracts/safe/safe_154_SAFE.sol:23:55: Warning: Unused function parameter. Remove or comment out the variable name to silence this warning.
    function transferFrom(address _from, address _to, uint _value) returns (bool success) {}
                                                      ^---------^
/home/andrei/Рабочий стол/Kursovaya/Diplom/contracts/safe/safe_154_SAFE.sol:23:77: Warning: Unused function parameter. Remove or comment out the variable name to silence this warning.
    function transferFrom(address _from, address _to, uint _value) returns (bool success) {}
                                                                            ^----------^
/home/andrei/Рабочий стол/Kursovaya/Diplom/contracts/safe/safe_154_SAFE.sol:29:22: Warning: Unused function parameter. Remove or comment out the variable name to silence this warning.
    function approve(address _spender, uint _value) returns (bool success) {}
                     ^--------------^
/home/andrei/Рабочий стол/Kursovaya/Diplom/contracts/safe/safe_154_SAFE.sol:29:40: Warning: Unused function parameter. Remove or comment out the variable name to silence this warning.
    function approve(address _spender, uint _value) returns (bool success) {}
                                       ^---------^
/home/andrei/Рабочий стол/Kursovaya/Diplom/contracts/safe/safe_154_SAFE.sol:29:62: Warning: Unused function parameter. Remove or comment out the variable name to silence this warning.
    function approve(address _spender, uint _value) returns (bool success) {}
                                                             ^----------^
/home/andrei/Рабочий стол/Kursovaya/Diplom/contracts/safe/safe_154_SAFE.sol:34:24: Warning: Unused function parameter. Remove or comment out the variable name to silence this warning.
    function allowance(address _owner, address _spender) constant returns (uint remaining) {}
                       ^------------^
/home/andrei/Рабочий стол/Kursovaya/Diplom/contracts/safe/safe_154_SAFE.sol:34:40: Warning: Unused function parameter. Remove or comment out the variable name to silence this warning.
    function allowance(address _owner, address _spender) constant returns (uint remaining) {}
                                       ^--------------^
/home/andrei/Рабочий стол/Kursovaya/Diplom/contracts/safe/safe_154_SAFE.sol:34:76: Warning: Unused function parameter. Remove or comment out the variable name to silence this warning.
    function allowance(address _owner, address _spender) constant returns (uint remaining) {}
                                                                           ^------------^
/home/andrei/Рабочий стол/Kursovaya/Diplom/contracts/safe/safe_154_SAFE.sol:6:5: Warning: Function state mutability can be restricted to pure
    function totalSupply() constant returns (uint supply) {}
    ^------------------------------------------------------^
/home/andrei/Рабочий стол/Kursovaya/Diplom/contracts/safe/safe_154_SAFE.sol:10:5: Warning: Function state mutability can be restricted to pure
    function balanceOf(address _owner) constant returns (uint balance) {}
    ^-------------------------------------------------------------------^
/home/andrei/Рабочий стол/Kursovaya/Diplom/contracts/safe/safe_154_SAFE.sol:16:5: Warning: Function state mutability can be restricted to pure
    function transfer(address _to, uint _value) returns (bool success) {}
    ^-------------------------------------------------------------------^
/home/andrei/Рабочий стол/Kursovaya/Diplom/contracts/safe/safe_154_SAFE.sol:23:5: Warning: Function state mutability can be restricted to pure
    function transferFrom(address _from, address _to, uint _value) returns (bool success) {}
    ^--------------------------------------------------------------------------------------^
/home/andrei/Рабочий стол/Kursovaya/Diplom/contracts/safe/safe_154_SAFE.sol:29:5: Warning: Function state mutability can be restricted to pure
    function approve(address _spender, uint _value) returns (bool success) {}
    ^-----------------------------------------------------------------------^
/home/andrei/Рабочий стол/Kursovaya/Diplom/contracts/safe/safe_154_SAFE.sol:34:5: Warning: Function state mutability can be restricted to pure
    function allowance(address _owner, address _spender) constant returns (uint remaining) {}
    ^---------------------------------------------------------------------------------------^


Detector: shadowing-state
AICH.totalSupply (contracts/safe/safe_154_SAFE.sol#114) shadows:
	- RegularToken.totalSupply (contracts/safe/safe_154_SAFE.sol#78)
Reference: https://github.com/crytic/slither/wiki/Detector-Documentation#state-variable-shadowing

Detector: shadowing-local
UnboundedRegularToken.transferFrom(address,address,uint256).allowance (contracts/safe/safe_154_SAFE.sol#94) shadows:
	- RegularToken.allowance(address,address) (contracts/safe/safe_154_SAFE.sol#72-74) (function)
	- Token.allowance(address,address) (contracts/safe/safe_154_SAFE.sol#34) (function)
Reference: https://github.com/crytic/slither/wiki/Detector-Documentation#local-variable-shadowing

Detector: solc-version
Version constraint ^0.4.18 contains known severe issues (https://solidity.readthedocs.io/en/latest/bugs.html)
	- DirtyBytesArrayToStorage
	- ABIDecodeTwoDimensionalArrayMemory
	- KeccakCaching
	- EmptyByteArrayCopy
	- DynamicArrayCleanup
	- ImplicitConstructorCallvalueCheck
	- TupleAssignmentMultiStackSlotComponents
	- MemoryArrayCreationOverflow
	- privateCanBeOverridden
	- SignedArrayStorageCopy
	- ABIEncoderV2StorageArrayWithMultiSlotElement
	- DynamicConstructorArgumentsClippedABIV2
	- UninitializedFunctionPointerInConstructor_0.4.x
	- IncorrectEventSignatureInLibraries_0.4.x
	- ExpExponentCleanup
	- EventStructWrongData
	- NestedArrayFunctionCallDecoder.
It is used by:
	- ^0.4.18 (contracts/safe/safe_154_SAFE.sol#1)
solc-0.4.18 is an outdated solc version. Use a more recent version (at least 0.8.0), if possible.
Reference: https://github.com/crytic/slither/wiki/Detector-Documentation#incorrect-versions-of-solidity

Detector: naming-convention
Parameter RegularToken.transfer(address,uint256)._to (contracts/safe/safe_154_SAFE.sol#42) is not in mixedCase
Parameter RegularToken.transfer(address,uint256)._value (contracts/safe/safe_154_SAFE.sol#42) is not in mixedCase
Parameter RegularToken.transferFrom(address,address,uint256)._from (contracts/safe/safe_154_SAFE.sol#52) is not in mixedCase
Parameter RegularToken.transferFrom(address,address,uint256)._to (contracts/safe/safe_154_SAFE.sol#52) is not in mixedCase
Parameter RegularToken.transferFrom(address,address,uint256)._value (contracts/safe/safe_154_SAFE.sol#52) is not in mixedCase
Parameter RegularToken.balanceOf(address)._owner (contracts/safe/safe_154_SAFE.sol#62) is not in mixedCase
Parameter RegularToken.approve(address,uint256)._spender (contracts/safe/safe_154_SAFE.sol#66) is not in mixedCase
Parameter RegularToken.approve(address,uint256)._value (contracts/safe/safe_154_SAFE.sol#66) is not in mixedCase
Parameter RegularToken.allowance(address,address)._owner (contracts/safe/safe_154_SAFE.sol#72) is not in mixedCase
Parameter RegularToken.allowance(address,address)._spender (contracts/safe/safe_154_SAFE.sol#72) is not in mixedCase
Parameter UnboundedRegularToken.transferFrom(address,address,uint256)._from (contracts/safe/safe_154_SAFE.sol#90) is not in mixedCase
Parameter UnboundedRegularToken.transferFrom(address,address,uint256)._to (contracts/safe/safe_154_SAFE.sol#90) is not in mixedCase
Parameter UnboundedRegularToken.transferFrom(address,address,uint256)._value (contracts/safe/safe_154_SAFE.sol#90) is not in mixedCase
Reference: https://github.com/crytic/slither/wiki/Detector-Documentation#conformance-to-solidity-naming-conventions

Detector: constable-states
AICH.totalSupply (contracts/safe/safe_154_SAFE.sol#114) should be constant 
RegularToken.totalSupply (contracts/safe/safe_154_SAFE.sol#78) should be constant 
Reference: https://github.com/crytic/slither/wiki/Detector-Documentation#state-variables-that-could-be-declared-constant
/home/andrei/Рабочий стол/Kursovaya/Diplom/contracts/safe/safe_154_SAFE.sol analyzed (4 contracts with 101 detectors), 19 result(s) found
