'solc --version' running
'solc /home/andrei/Рабочий стол/Kursovaya/Diplom/contracts/safe/safe_279_SAFE.sol --combined-json abi,ast,bin,bin-runtime,srcmap,srcmap-runtime,userdoc,devdoc,hashes,compact-format --allow-paths .,/home/andrei/Рабочий стол/Kursovaya/Diplom/contracts/safe' running

Detector: erc20-interface
TimeToken (contracts/safe/safe_279_SAFE.sol#5-136) has incorrect ERC20 function interface:TimeToken.transfer(address,uint256) (contracts/safe/safe_279_SAFE.sol#68-70)
Reference: https://github.com/crytic/slither/wiki/Detector-Documentation#incorrect-erc20-interface

Detector: solc-version
Version constraint ^0.4.18 contains known severe issues (https://solidity.readthedocs.io/en/latest/bugs.html)
	- DirtyBytesArrayToStorage
	- ABIDecodeTwoDimensionalArrayMemory
	- KeccakCaching
	- EmptyByteArrayCopy
	- DynamicArrayCleanup
	- ImplicitConstructorCallvalueCheck
	- TupleAssignmentMultiStackSlotComponents
	- MemoryArrayCreationOverflow
	- privateCanBeOverridden
	- SignedArrayStorageCopy
	- ABIEncoderV2StorageArrayWithMultiSlotElement
	- DynamicConstructorArgumentsClippedABIV2
	- UninitializedFunctionPointerInConstructor_0.4.x
	- IncorrectEventSignatureInLibraries_0.4.x
	- ExpExponentCleanup
	- EventStructWrongData
	- NestedArrayFunctionCallDecoder.
It is used by:
	- ^0.4.18 (contracts/safe/safe_279_SAFE.sol#1)
solc-0.4.18 is an outdated solc version. Use a more recent version (at least 0.8.0), if possible.
Reference: https://github.com/crytic/slither/wiki/Detector-Documentation#incorrect-versions-of-solidity

Detector: naming-convention
Contract tokenRecipient (contracts/safe/safe_279_SAFE.sol#3) is not in CapWords
Parameter TimeToken.transfer(address,uint256)._to (contracts/safe/safe_279_SAFE.sol#68) is not in mixedCase
Parameter TimeToken.transfer(address,uint256)._value (contracts/safe/safe_279_SAFE.sol#68) is not in mixedCase
Parameter TimeToken.transferFrom(address,address,uint256)._from (contracts/safe/safe_279_SAFE.sol#81) is not in mixedCase
Parameter TimeToken.transferFrom(address,address,uint256)._to (contracts/safe/safe_279_SAFE.sol#81) is not in mixedCase
Parameter TimeToken.transferFrom(address,address,uint256)._value (contracts/safe/safe_279_SAFE.sol#81) is not in mixedCase
Parameter TimeToken.approve(address,uint256)._spender (contracts/safe/safe_279_SAFE.sol#96) is not in mixedCase
Parameter TimeToken.approve(address,uint256)._value (contracts/safe/safe_279_SAFE.sol#96) is not in mixedCase
Parameter TimeToken.approveAndCall(address,uint256,bytes)._spender (contracts/safe/safe_279_SAFE.sol#111) is not in mixedCase
Parameter TimeToken.approveAndCall(address,uint256,bytes)._value (contracts/safe/safe_279_SAFE.sol#111) is not in mixedCase
Parameter TimeToken.approveAndCall(address,uint256,bytes)._extraData (contracts/safe/safe_279_SAFE.sol#111) is not in mixedCase
Parameter TimeToken.burn(uint256)._value (contracts/safe/safe_279_SAFE.sol#128) is not in mixedCase
Reference: https://github.com/crytic/slither/wiki/Detector-Documentation#conformance-to-solidity-naming-conventions

Detector: too-many-digits
TimeToken.slitherConstructorVariables() (contracts/safe/safe_279_SAFE.sol#5-136) uses literals with too many digits:
	- totalSupply = 10000000000 (contracts/safe/safe_279_SAFE.sol#10)
Reference: https://github.com/crytic/slither/wiki/Detector-Documentation#too-many-digits

Detector: constable-states
TimeToken.decimals (contracts/safe/safe_279_SAFE.sol#9) should be constant 
Reference: https://github.com/crytic/slither/wiki/Detector-Documentation#state-variables-that-could-be-declared-constant

Detector: external-function
receiveApproval(address,uint256,address,bytes) should be declared external:
	- tokenRecipient.receiveApproval(address,uint256,address,bytes) (contracts/safe/safe_279_SAFE.sol#3)
approveAndCall(address,uint256,bytes) should be declared external:
	- TimeToken.approveAndCall(address,uint256,bytes) (contracts/safe/safe_279_SAFE.sol#111-119)
Reference: https://github.com/crytic/slither/wiki/Detector-Documentation#public-function-that-could-be-declared-external
/home/andrei/Рабочий стол/Kursovaya/Diplom/contracts/safe/safe_279_SAFE.sol analyzed (2 contracts with 101 detectors), 19 result(s) found
