'solc --version' running
'solc /home/andrei/Рабочий стол/Kursovaya/Diplom/contracts/safe/safe_280_SAFE.sol --combined-json abi,ast,bin,bin-runtime,srcmap,srcmap-runtime,userdoc,devdoc,hashes,compact-format --allow-paths .,/home/andrei/Рабочий стол/Kursovaya/Diplom/contracts/safe' running
Compilation warnings/errors on /home/andrei/Рабочий стол/Kursovaya/Diplom/contracts/safe/safe_280_SAFE.sol:
/home/andrei/Рабочий стол/Kursovaya/Diplom/contracts/safe/safe_280_SAFE.sol:22:25: Warning: "throw" is deprecated in favour of "revert()", "require()" and "assert()".
        if (!assertion) throw;
                        ^---^
/home/andrei/Рабочий стол/Kursovaya/Diplom/contracts/safe/safe_280_SAFE.sol:193:5: Warning: Defining constructors as functions with the same name as the contract is deprecated. Use "constructor(...) { ... }" instead.
    function RpsGame() {
    ^ (Relevant source part starts here and spans across multiple lines).
/home/andrei/Рабочий стол/Kursovaya/Diplom/contracts/safe/safe_280_SAFE.sol:21:5: Warning: This declaration shadows a builtin symbol.
    function assert(bool assertion) internal {
    ^ (Relevant source part starts here and spans across multiple lines).
/home/andrei/Рабочий стол/Kursovaya/Diplom/contracts/safe/safe_280_SAFE.sol:270:9: Warning: Invoking events without "emit" prefix is deprecated.
        Reveal(gameid, msg.sender, choice);
        ^--------------------------------^
/home/andrei/Рабочий стол/Kursovaya/Diplom/contracts/safe/safe_280_SAFE.sol:305:16: Warning: "sha3" has been deprecated in favour of "keccak256"
        return sha3(sender, choice, randomSecret);
               ^--------------------------------^
/home/andrei/Рабочий стол/Kursovaya/Diplom/contracts/safe/safe_280_SAFE.sol:305:16: Warning: This function only accepts a single "bytes" argument. Please use "abi.encodePacked(...)" or a similar function to encode the data.
        return sha3(sender, choice, randomSecret);
               ^--------------------------------^
/home/andrei/Рабочий стол/Kursovaya/Diplom/contracts/safe/safe_280_SAFE.sol:193:5: Warning: No visibility specified. Defaulting to "public". 
    function RpsGame() {
    ^ (Relevant source part starts here and spans across multiple lines).
/home/andrei/Рабочий стол/Kursovaya/Diplom/contracts/safe/safe_280_SAFE.sol:21:5: Warning: Function state mutability can be restricted to pure
    function assert(bool assertion) internal {
    ^ (Relevant source part starts here and spans across multiple lines).
/home/andrei/Рабочий стол/Kursovaya/Diplom/contracts/safe/safe_280_SAFE.sol:304:5: Warning: Function state mutability can be restricted to pure
    function getProof(address sender, uint8 choice, bytes32 randomSecret) public view returns (bytes32){
    ^ (Relevant source part starts here and spans across multiple lines).
/home/andrei/Рабочий стол/Kursovaya/Diplom/contracts/safe/safe_280_SAFE.sol:312:5: Warning: Function state mutability can be restricted to pure
    function checkChoice(uint8 choice) public view returns (bool){
    ^ (Relevant source part starts here and spans across multiple lines).


Detector: controlled-array-length
RpsGame (contracts/safe/safe_280_SAFE.sol#152-317) contract sets array length with a user-controlled value:
	- gameidsOf[msg.sender].push(gameid) (contracts/safe/safe_280_SAFE.sol#249)
Reference: https://github.com/crytic/slither/wiki/Detector-Documentation#array-length-assignment

Detector: shadowing-builtin
SafeMath.assert(bool) (contracts/safe/safe_280_SAFE.sol#21-23) (function) shadows built-in symbol"
Reference: https://github.com/crytic/slither/wiki/Detector-Documentation#builtin-symbol-shadowing

Detector: events-access
AccessControl.setCEO(address) (contracts/safe/safe_280_SAFE.sol#98-102) should emit an event for: 
	- ceoAddress = _newCEO (contracts/safe/safe_280_SAFE.sol#101) 
	- ceoAddress = _newCEO (contracts/safe/safe_280_SAFE.sol#101) 
AccessControl.setCFO(address) (contracts/safe/safe_280_SAFE.sol#106-110) should emit an event for: 
	- cfoAddress = _newCFO (contracts/safe/safe_280_SAFE.sol#109) 
	- cfoAddress = _newCFO (contracts/safe/safe_280_SAFE.sol#109) 
AccessControl.setCOO(address) (contracts/safe/safe_280_SAFE.sol#114-118) should emit an event for: 
	- cooAddress = _newCOO (contracts/safe/safe_280_SAFE.sol#117) 
	- cooAddress = _newCOO (contracts/safe/safe_280_SAFE.sol#117) 
Reference: https://github.com/crytic/slither/wiki/Detector-Documentation#missing-events-access-control

Detector: missing-zero-check
AccessControl.setNewAddress(address).newContract (contracts/safe/safe_280_SAFE.sol#91) lacks a zero-check on :
		- newContractAddress = newContract (contracts/safe/safe_280_SAFE.sol#92)
Reference: https://github.com/crytic/slither/wiki/Detector-Documentation#missing-zero-address-validation

Detector: timestamp
RpsGame.joinGame(uint256,uint8) (contracts/safe/safe_280_SAFE.sol#236-254) uses timestamp for comparisons
	Dangerous comparisons:
	- require(bool)(msg.value == game.dealerValue && game.dealer != address(0) && game.dealer != msg.sender && game.playerChoice == NONE) (contracts/safe/safe_280_SAFE.sol#238)
	- require(bool)(game.player == address(0) || game.player == msg.sender) (contracts/safe/safe_280_SAFE.sol#239)
	- require(bool)(! game.closed) (contracts/safe/safe_280_SAFE.sol#240)
	- require(bool)(now < game.expireTime) (contracts/safe/safe_280_SAFE.sol#241)
RpsGame.reveal(uint256,uint8,bytes32) (contracts/safe/safe_280_SAFE.sol#257-275) uses timestamp for comparisons
	Dangerous comparisons:
	- require(bool)(! game.closed) (contracts/safe/safe_280_SAFE.sol#261)
	- require(bool)(now < game.expireTime) (contracts/safe/safe_280_SAFE.sol#262)
	- require(bool)(game.dealerHash != 0x0) (contracts/safe/safe_280_SAFE.sol#263)
	- require(bool)(checkChoice(game.playerChoice)) (contracts/safe/safe_280_SAFE.sol#265)
	- require(bool)(game.dealer == msg.sender && proof == game.dealerHash) (contracts/safe/safe_280_SAFE.sol#266)
RpsGame.close(uint256) (contracts/safe/safe_280_SAFE.sol#278-301) uses timestamp for comparisons
	Dangerous comparisons:
	- require(bool)(! game.closed) (contracts/safe/safe_280_SAFE.sol#280)
	- require(bool)(now > game.expireTime || (game.dealerChoice != NONE && game.playerChoice != NONE)) (contracts/safe/safe_280_SAFE.sol#281)
	- require(bool)(game.dealer.send(reward)) (contracts/safe/safe_280_SAFE.sol#288)
	- require(bool)(game.player.send(reward)) (contracts/safe/safe_280_SAFE.sol#290)
	- require(bool)(game.dealer.send(game.dealerValue) && game.player.send(game.playerValue)) (contracts/safe/safe_280_SAFE.sol#292)
Reference: https://github.com/crytic/slither/wiki/Detector-Documentation#block-timestamp

Detector: deprecated-standards
Deprecated standard detected THROW (contracts/safe/safe_280_SAFE.sol#22):
	- Usage of "throw" should be replaced with "revert()"
Deprecated standard detected sha3()(sender,choice,randomSecret) (contracts/safe/safe_280_SAFE.sol#305):
	- Usage of "sha3()" should be replaced with "keccak256()"
Reference: https://github.com/crytic/slither/wiki/Detector-Documentation#deprecated-standards

Detector: solc-version
Version constraint ^0.4.24 contains known severe issues (https://solidity.readthedocs.io/en/latest/bugs.html)
	- DirtyBytesArrayToStorage
	- ABIDecodeTwoDimensionalArrayMemory
	- KeccakCaching
	- EmptyByteArrayCopy
	- DynamicArrayCleanup
	- ImplicitConstructorCallvalueCheck
	- TupleAssignmentMultiStackSlotComponents
	- MemoryArrayCreationOverflow
	- privateCanBeOverridden
	- SignedArrayStorageCopy
	- ABIEncoderV2StorageArrayWithMultiSlotElement
	- DynamicConstructorArgumentsClippedABIV2
	- UninitializedFunctionPointerInConstructor_0.4.x
	- IncorrectEventSignatureInLibraries_0.4.x
	- ABIEncoderV2PackedStorage_0.4.x
	- ExpExponentCleanup
	- EventStructWrongData.
It is used by:
	- ^0.4.24 (contracts/safe/safe_280_SAFE.sol#1)
solc-0.4.24 is an outdated solc version. Use a more recent version (at least 0.8.0), if possible.
Reference: https://github.com/crytic/slither/wiki/Detector-Documentation#incorrect-versions-of-solidity

Detector: naming-convention
Parameter AccessControl.setCEO(address)._newCEO (contracts/safe/safe_280_SAFE.sol#98) is not in mixedCase
Parameter AccessControl.setCFO(address)._newCFO (contracts/safe/safe_280_SAFE.sol#106) is not in mixedCase
Parameter AccessControl.setCOO(address)._newCOO (contracts/safe/safe_280_SAFE.sol#114) is not in mixedCase
Variable AccessControl.tip_total (contracts/safe/safe_280_SAFE.sol#38) is not in mixedCase
Variable AccessControl.tip_rate (contracts/safe/safe_280_SAFE.sol#39) is not in mixedCase
Reference: https://github.com/crytic/slither/wiki/Detector-Documentation#conformance-to-solidity-naming-conventions

Detector: reentrancy-unlimited-gas
Reentrancy in RpsGame.close(uint256) (contracts/safe/safe_280_SAFE.sol#278-301):
	External calls:
	- require(bool)(game.dealer.send(reward)) (contracts/safe/safe_280_SAFE.sol#288)
	- require(bool)(game.player.send(reward)) (contracts/safe/safe_280_SAFE.sol#290)
	- require(bool)(game.dealer.send(game.dealerValue) && game.player.send(game.playerValue)) (contracts/safe/safe_280_SAFE.sol#292)
	State variables written after the call(s):
	- game.closed = true (contracts/safe/safe_280_SAFE.sol#295)
	- game.result = result (contracts/safe/safe_280_SAFE.sol#296)
	Event emitted after the call(s):
	- CloseGame(gameid,game.dealer,game.player,result) (contracts/safe/safe_280_SAFE.sol#298)
Reentrancy in AccessControl.withdrawTip(uint256) (contracts/safe/safe_280_SAFE.sol#84-88):
	External calls:
	- require(bool)(msg.sender.send(amount)) (contracts/safe/safe_280_SAFE.sol#86)
	State variables written after the call(s):
	- tip_total = tip_total - amount (contracts/safe/safe_280_SAFE.sol#87)
Reference: https://github.com/crytic/slither/wiki/Detector-Documentation#reentrancy-vulnerabilities-5

Detector: too-many-digits
RpsGame.slitherConstructorVariables() (contracts/safe/safe_280_SAFE.sol#152-317) uses literals with too many digits:
	- tip_rate = 20000000000000000 (contracts/safe/safe_280_SAFE.sol#39)
Reference: https://github.com/crytic/slither/wiki/Detector-Documentation#too-many-digits

Detector: unindexed-event-address
Event AccessControl.ContractUpgrade(address) (contracts/safe/safe_280_SAFE.sol#29) has address parameters but no indexed parameters
Event RpsGame.CreateGame(uint256,address,uint256) (contracts/safe/safe_280_SAFE.sol#164) has address parameters but no indexed parameters
Event RpsGame.JoinGame(uint256,address,uint256) (contracts/safe/safe_280_SAFE.sol#165) has address parameters but no indexed parameters
Event RpsGame.Reveal(uint256,address,uint8) (contracts/safe/safe_280_SAFE.sol#166) has address parameters but no indexed parameters
Event RpsGame.CloseGame(uint256,address,address,uint8) (contracts/safe/safe_280_SAFE.sol#167) has address parameters but no indexed parameters
Reference: https://github.com/crytic/slither/wiki/Detector-Documentation#unindexed-event-address-parameters

Detector: constable-states
AccessControl.tip_rate (contracts/safe/safe_280_SAFE.sol#39) should be constant 
RpsGame.expireTimeLimit (contracts/safe/safe_280_SAFE.sol#190) should be constant 
Reference: https://github.com/crytic/slither/wiki/Detector-Documentation#state-variables-that-could-be-declared-constant
/home/andrei/Рабочий стол/Kursovaya/Diplom/contracts/safe/safe_280_SAFE.sol analyzed (3 contracts with 101 detectors), 28 result(s) found
