'solc --version' running
'solc /home/andrei/Рабочий стол/Kursovaya/Diplom/contracts/safe/safe_163_SAFE.sol --combined-json abi,ast,bin,bin-runtime,srcmap,srcmap-runtime,userdoc,devdoc,hashes,compact-format --allow-paths .,/home/andrei/Рабочий стол/Kursovaya/Diplom/contracts/safe' running

Detector: uninitialized-state
Ownable.newOwner (contracts/safe/safe_163_SAFE.sol#88) is never initialized. It is used in:
	- Ownable.acceptOwnership() (contracts/safe/safe_163_SAFE.sol#115-119)
Reference: https://github.com/crytic/slither/wiki/Detector-Documentation#uninitialized-state-variables

Detector: shadowing-abstract
ObsidianSmartPay.totalSupply (contracts/safe/safe_163_SAFE.sol#206) shadows:
	- ObsidianSmartPayToken.totalSupply (contracts/safe/safe_163_SAFE.sol#20)
Reference: https://github.com/crytic/slither/wiki/Detector-Documentation#state-variable-shadowing-from-abstract-contracts

Detector: events-access
Ownable.transferOwnership(address) (contracts/safe/safe_163_SAFE.sol#109-113) should emit an event for: 
	- owner = _newOwner (contracts/safe/safe_163_SAFE.sol#111) 
Reference: https://github.com/crytic/slither/wiki/Detector-Documentation#missing-events-access-control

Detector: deprecated-standards
Deprecated standard detected require(bool)(_spender.call(bytes4(bytes32(sha3()(receiveApproval(address,uint256,address,bytes)))),msg.sender,_value,this,_extraData)) (contracts/safe/safe_163_SAFE.sol#222):
	- Usage of "sha3()" should be replaced with "keccak256()"
Reference: https://github.com/crytic/slither/wiki/Detector-Documentation#deprecated-standards

Detector: solc-version
Version constraint ^0.4.16 contains known severe issues (https://solidity.readthedocs.io/en/latest/bugs.html)
	- DirtyBytesArrayToStorage
	- ABIDecodeTwoDimensionalArrayMemory
	- KeccakCaching
	- EmptyByteArrayCopy
	- DynamicArrayCleanup
	- ImplicitConstructorCallvalueCheck
	- TupleAssignmentMultiStackSlotComponents
	- MemoryArrayCreationOverflow
	- privateCanBeOverridden
	- SignedArrayStorageCopy
	- ABIEncoderV2StorageArrayWithMultiSlotElement
	- DynamicConstructorArgumentsClippedABIV2
	- UninitializedFunctionPointerInConstructor_0.4.x
	- IncorrectEventSignatureInLibraries_0.4.x
	- ExpExponentCleanup
	- NestedArrayFunctionCallDecoder
	- ZeroFunctionSelector.
It is used by:
	- ^0.4.16 (contracts/safe/safe_163_SAFE.sol#1)
solc-0.4.16 is an outdated solc version. Use a more recent version (at least 0.8.0), if possible.
Reference: https://github.com/crytic/slither/wiki/Detector-Documentation#incorrect-versions-of-solidity

Detector: low-level-calls
Low level call in ObsidianSmartPay.approveAndCall(address,uint256,bytes) (contracts/safe/safe_163_SAFE.sol#215-224):
	- require(bool)(_spender.call(bytes4(bytes32(sha3()(receiveApproval(address,uint256,address,bytes)))),msg.sender,_value,this,_extraData)) (contracts/safe/safe_163_SAFE.sol#222)
Reference: https://github.com/crytic/slither/wiki/Detector-Documentation#low-level-calls

Detector: naming-convention
Parameter Ownable.transferOwnership(address)._newOwner (contracts/safe/safe_163_SAFE.sol#109) is not in mixedCase
Parameter OSPStandardToken.balanceOf(address)._owner (contracts/safe/safe_163_SAFE.sol#133) is not in mixedCase
Parameter OSPStandardToken.transfer(address,uint256)._to (contracts/safe/safe_163_SAFE.sol#142) is not in mixedCase
Parameter OSPStandardToken.transfer(address,uint256)._value (contracts/safe/safe_163_SAFE.sol#142) is not in mixedCase
Parameter OSPStandardToken.transferFrom(address,address,uint256)._from (contracts/safe/safe_163_SAFE.sol#158) is not in mixedCase
Parameter OSPStandardToken.transferFrom(address,address,uint256)._to (contracts/safe/safe_163_SAFE.sol#158) is not in mixedCase
Parameter OSPStandardToken.transferFrom(address,address,uint256)._value (contracts/safe/safe_163_SAFE.sol#158) is not in mixedCase
Parameter OSPStandardToken.approve(address,uint256)._spender (contracts/safe/safe_163_SAFE.sol#176) is not in mixedCase
Parameter OSPStandardToken.approve(address,uint256)._value (contracts/safe/safe_163_SAFE.sol#176) is not in mixedCase
Parameter OSPStandardToken.allowance(address,address)._owner (contracts/safe/safe_163_SAFE.sol#190) is not in mixedCase
Parameter OSPStandardToken.allowance(address,address)._spender (contracts/safe/safe_163_SAFE.sol#190) is not in mixedCase
Parameter ObsidianSmartPay.approveAndCall(address,uint256,bytes)._spender (contracts/safe/safe_163_SAFE.sol#215) is not in mixedCase
Parameter ObsidianSmartPay.approveAndCall(address,uint256,bytes)._value (contracts/safe/safe_163_SAFE.sol#215) is not in mixedCase
Parameter ObsidianSmartPay.approveAndCall(address,uint256,bytes)._extraData (contracts/safe/safe_163_SAFE.sol#215) is not in mixedCase
Reference: https://github.com/crytic/slither/wiki/Detector-Documentation#conformance-to-solidity-naming-conventions

Detector: too-many-digits
ObsidianSmartPay.slitherConstructorVariables() (contracts/safe/safe_163_SAFE.sol#195-226) uses literals with too many digits:
	- totalSupply = 21400000000000000 (contracts/safe/safe_163_SAFE.sol#206)
Reference: https://github.com/crytic/slither/wiki/Detector-Documentation#too-many-digits

Detector: unindexed-event-address
Event OSPStandardToken.FrozenFunds(address,bool) (contracts/safe/safe_163_SAFE.sol#131) has address parameters but no indexed parameters
Reference: https://github.com/crytic/slither/wiki/Detector-Documentation#unindexed-event-address-parameters

Detector: constable-states
ObsidianSmartPay.totalSupply (contracts/safe/safe_163_SAFE.sol#206) should be constant 
ObsidianSmartPayToken.totalSupply (contracts/safe/safe_163_SAFE.sol#20) should be constant 
Ownable.newOwner (contracts/safe/safe_163_SAFE.sol#88) should be constant 
Reference: https://github.com/crytic/slither/wiki/Detector-Documentation#state-variables-that-could-be-declared-constant

Detector: external-function
approveAndCall(address,uint256,bytes) should be declared external:
	- ObsidianSmartPay.approveAndCall(address,uint256,bytes) (contracts/safe/safe_163_SAFE.sol#215-224)
Reference: https://github.com/crytic/slither/wiki/Detector-Documentation#public-function-that-could-be-declared-external
/home/andrei/Рабочий стол/Kursovaya/Diplom/contracts/safe/safe_163_SAFE.sol analyzed (5 contracts with 101 detectors), 27 result(s) found
