'solc --version' running
'solc /home/andrei/Рабочий стол/Kursovaya/Diplom/contracts/safe/safe_275_SAFE.sol --combined-json abi,ast,bin,bin-runtime,srcmap,srcmap-runtime,userdoc,devdoc,hashes,compact-format --allow-paths .,/home/andrei/Рабочий стол/Kursovaya/Diplom/contracts/safe' running
Compilation warnings/errors on /home/andrei/Рабочий стол/Kursovaya/Diplom/contracts/safe/safe_275_SAFE.sol:
/home/andrei/Рабочий стол/Kursovaya/Diplom/contracts/safe/safe_275_SAFE.sol:29:3: Warning: Function is marked pure. Be careful, pureness is not enforced yet.
  function mul(uint256 a, uint256 b) internal pure returns (uint256) {
  ^
Spanning multiple lines.
/home/andrei/Рабочий стол/Kursovaya/Diplom/contracts/safe/safe_275_SAFE.sol:41:3: Warning: Function is marked pure. Be careful, pureness is not enforced yet.
  function div(uint256 a, uint256 b) internal pure returns (uint256) {
  ^
Spanning multiple lines.
/home/andrei/Рабочий стол/Kursovaya/Diplom/contracts/safe/safe_275_SAFE.sol:51:3: Warning: Function is marked pure. Be careful, pureness is not enforced yet.
  function sub(uint256 a, uint256 b) internal pure returns (uint256) {
  ^
Spanning multiple lines.
/home/andrei/Рабочий стол/Kursovaya/Diplom/contracts/safe/safe_275_SAFE.sol:59:3: Warning: Function is marked pure. Be careful, pureness is not enforced yet.
  function add(uint256 a, uint256 b) internal pure returns (uint256) {
  ^
Spanning multiple lines.


Detector: erc20-interface
RoyalPanties (contracts/safe/safe_275_SAFE.sol#68-217) has incorrect ERC20 function interface:RoyalPanties.transfer(address,uint256) (contracts/safe/safe_275_SAFE.sol#131-133)
Reference: https://github.com/crytic/slither/wiki/Detector-Documentation#incorrect-erc20-interface

Detector: events-access
owned.transferOwnership(address) (contracts/safe/safe_275_SAFE.sol#15-17) should emit an event for: 
	- owner = newOwner (contracts/safe/safe_275_SAFE.sol#16) 
Reference: https://github.com/crytic/slither/wiki/Detector-Documentation#missing-events-access-control

Detector: missing-zero-check
owned.transferOwnership(address).newOwner (contracts/safe/safe_275_SAFE.sol#15) lacks a zero-check on :
		- owner = newOwner (contracts/safe/safe_275_SAFE.sol#16)
Reference: https://github.com/crytic/slither/wiki/Detector-Documentation#missing-zero-address-validation

Detector: solc-version
Version constraint ^0.4.16 contains known severe issues (https://solidity.readthedocs.io/en/latest/bugs.html)
	- DirtyBytesArrayToStorage
	- ABIDecodeTwoDimensionalArrayMemory
	- KeccakCaching
	- EmptyByteArrayCopy
	- DynamicArrayCleanup
	- ImplicitConstructorCallvalueCheck
	- TupleAssignmentMultiStackSlotComponents
	- MemoryArrayCreationOverflow
	- privateCanBeOverridden
	- SignedArrayStorageCopy
	- ABIEncoderV2StorageArrayWithMultiSlotElement
	- DynamicConstructorArgumentsClippedABIV2
	- UninitializedFunctionPointerInConstructor_0.4.x
	- IncorrectEventSignatureInLibraries_0.4.x
	- ExpExponentCleanup
	- NestedArrayFunctionCallDecoder
	- ZeroFunctionSelector.
It is used by:
	- ^0.4.16 (contracts/safe/safe_275_SAFE.sol#1)
solc-0.4.16 is an outdated solc version. Use a more recent version (at least 0.8.0), if possible.
Reference: https://github.com/crytic/slither/wiki/Detector-Documentation#incorrect-versions-of-solidity

Detector: naming-convention
Contract owned (contracts/safe/safe_275_SAFE.sol#3-18) is not in CapWords
Contract tokenRecipient (contracts/safe/safe_275_SAFE.sol#66) is not in CapWords
Parameter RoyalPanties.transfer(address,uint256)._to (contracts/safe/safe_275_SAFE.sol#131) is not in mixedCase
Parameter RoyalPanties.transfer(address,uint256)._value (contracts/safe/safe_275_SAFE.sol#131) is not in mixedCase
Parameter RoyalPanties.transferFrom(address,address,uint256)._from (contracts/safe/safe_275_SAFE.sol#144) is not in mixedCase
Parameter RoyalPanties.transferFrom(address,address,uint256)._to (contracts/safe/safe_275_SAFE.sol#144) is not in mixedCase
Parameter RoyalPanties.transferFrom(address,address,uint256)._value (contracts/safe/safe_275_SAFE.sol#144) is not in mixedCase
Parameter RoyalPanties.approve(address,uint256)._spender (contracts/safe/safe_275_SAFE.sol#159) is not in mixedCase
Parameter RoyalPanties.approve(address,uint256)._value (contracts/safe/safe_275_SAFE.sol#159) is not in mixedCase
Parameter RoyalPanties.approveAndCall(address,uint256,bytes)._spender (contracts/safe/safe_275_SAFE.sol#174) is not in mixedCase
Parameter RoyalPanties.approveAndCall(address,uint256,bytes)._value (contracts/safe/safe_275_SAFE.sol#174) is not in mixedCase
Parameter RoyalPanties.approveAndCall(address,uint256,bytes)._extraData (contracts/safe/safe_275_SAFE.sol#174) is not in mixedCase
Parameter RoyalPanties.burn(uint256)._value (contracts/safe/safe_275_SAFE.sol#191) is not in mixedCase
Parameter RoyalPanties.burnFrom(address,uint256)._from (contracts/safe/safe_275_SAFE.sol#207) is not in mixedCase
Parameter RoyalPanties.burnFrom(address,uint256)._value (contracts/safe/safe_275_SAFE.sol#207) is not in mixedCase
Reference: https://github.com/crytic/slither/wiki/Detector-Documentation#conformance-to-solidity-naming-conventions

Detector: constable-states
RoyalPanties.decimals (contracts/safe/safe_275_SAFE.sol#72) should be constant 
Reference: https://github.com/crytic/slither/wiki/Detector-Documentation#state-variables-that-could-be-declared-constant

Detector: external-function
receiveApproval(address,uint256,address,bytes) should be declared external:
	- tokenRecipient.receiveApproval(address,uint256,address,bytes) (contracts/safe/safe_275_SAFE.sol#66)
approveAndCall(address,uint256,bytes) should be declared external:
	- RoyalPanties.approveAndCall(address,uint256,bytes) (contracts/safe/safe_275_SAFE.sol#174-182)
Reference: https://github.com/crytic/slither/wiki/Detector-Documentation#public-function-that-could-be-declared-external
/home/andrei/Рабочий стол/Kursovaya/Diplom/contracts/safe/safe_275_SAFE.sol analyzed (4 contracts with 101 detectors), 23 result(s) found
