'solc --version' running
'solc /home/andrei/Рабочий стол/Kursovaya/Diplom/contracts/safe/safe_222_SAFE.sol --combined-json abi,ast,bin,bin-runtime,srcmap,srcmap-runtime,userdoc,devdoc,hashes,compact-format --allow-paths .,/home/andrei/Рабочий стол/Kursovaya/Diplom/contracts/safe' running
Compilation warnings/errors on /home/andrei/Рабочий стол/Kursovaya/Diplom/contracts/safe/safe_222_SAFE.sol:
/home/andrei/Рабочий стол/Kursovaya/Diplom/contracts/safe/safe_222_SAFE.sol:6:5: Warning: Defining constructors as functions with the same name as the contract is deprecated. Use "constructor(...) { ... }" instead.
    function owned() public {
    ^ (Relevant source part starts here and spans across multiple lines).
/home/andrei/Рабочий стол/Kursovaya/Diplom/contracts/safe/safe_222_SAFE.sol:45:5: Warning: Defining constructors as functions with the same name as the contract is deprecated. Use "constructor(...) { ... }" instead.
    function TokenERC20(
    ^ (Relevant source part starts here and spans across multiple lines).
/home/andrei/Рабочий стол/Kursovaya/Diplom/contracts/safe/safe_222_SAFE.sol:186:5: Warning: Defining constructors as functions with the same name as the contract is deprecated. Use "constructor(...) { ... }" instead.
    function XkHcToken(
    ^ (Relevant source part starts here and spans across multiple lines).


Detector: erc20-interface
XkHcToken (contracts/safe/safe_222_SAFE.sol#176-245) has incorrect ERC20 function interface:TokenERC20.transfer(address,uint256) (contracts/safe/safe_222_SAFE.sol#85-87)
Reference: https://github.com/crytic/slither/wiki/Detector-Documentation#incorrect-erc20-interface

Detector: tautology
XkHcToken.withdraw() (contracts/safe/safe_222_SAFE.sol#234-238) contains a tautology or contradiction:
	- require(bool)(balance >= 0) (contracts/safe/safe_222_SAFE.sol#236)
Reference: https://github.com/crytic/slither/wiki/Detector-Documentation#tautology-or-contradiction

Detector: events-access
owned.transferOwnership(address) (contracts/safe/safe_222_SAFE.sol#15-17) should emit an event for: 
	- owner = newOwner (contracts/safe/safe_222_SAFE.sol#16) 
Reference: https://github.com/crytic/slither/wiki/Detector-Documentation#missing-events-access-control

Detector: missing-zero-check
owned.transferOwnership(address).newOwner (contracts/safe/safe_222_SAFE.sol#15) lacks a zero-check on :
		- owner = newOwner (contracts/safe/safe_222_SAFE.sol#16)
Reference: https://github.com/crytic/slither/wiki/Detector-Documentation#missing-zero-address-validation

Detector: dead-code
TokenERC20._transfer(address,address,uint256) (contracts/safe/safe_222_SAFE.sol#59-75) is never used and should be removed
Reference: https://github.com/crytic/slither/wiki/Detector-Documentation#dead-code

Detector: solc-version
Version constraint ^0.4.16 contains known severe issues (https://solidity.readthedocs.io/en/latest/bugs.html)
	- DirtyBytesArrayToStorage
	- ABIDecodeTwoDimensionalArrayMemory
	- KeccakCaching
	- EmptyByteArrayCopy
	- DynamicArrayCleanup
	- ImplicitConstructorCallvalueCheck
	- TupleAssignmentMultiStackSlotComponents
	- MemoryArrayCreationOverflow
	- privateCanBeOverridden
	- SignedArrayStorageCopy
	- ABIEncoderV2StorageArrayWithMultiSlotElement
	- DynamicConstructorArgumentsClippedABIV2
	- UninitializedFunctionPointerInConstructor_0.4.x
	- IncorrectEventSignatureInLibraries_0.4.x
	- ExpExponentCleanup
	- NestedArrayFunctionCallDecoder
	- ZeroFunctionSelector.
It is used by:
	- ^0.4.16 (contracts/safe/safe_222_SAFE.sol#1)
solc-0.4.24 is an outdated solc version. Use a more recent version (at least 0.8.0), if possible.
Reference: https://github.com/crytic/slither/wiki/Detector-Documentation#incorrect-versions-of-solidity

Detector: naming-convention
Contract owned (contracts/safe/safe_222_SAFE.sol#3-18) is not in CapWords
Contract tokenRecipient (contracts/safe/safe_222_SAFE.sol#20) is not in CapWords
Parameter TokenERC20.transfer(address,uint256)._to (contracts/safe/safe_222_SAFE.sol#85) is not in mixedCase
Parameter TokenERC20.transfer(address,uint256)._value (contracts/safe/safe_222_SAFE.sol#85) is not in mixedCase
Parameter TokenERC20.transferFrom(address,address,uint256)._from (contracts/safe/safe_222_SAFE.sol#98) is not in mixedCase
Parameter TokenERC20.transferFrom(address,address,uint256)._to (contracts/safe/safe_222_SAFE.sol#98) is not in mixedCase
Parameter TokenERC20.transferFrom(address,address,uint256)._value (contracts/safe/safe_222_SAFE.sol#98) is not in mixedCase
Parameter TokenERC20.approve(address,uint256)._spender (contracts/safe/safe_222_SAFE.sol#113) is not in mixedCase
Parameter TokenERC20.approve(address,uint256)._value (contracts/safe/safe_222_SAFE.sol#113) is not in mixedCase
Parameter TokenERC20.approveAndCall(address,uint256,bytes)._spender (contracts/safe/safe_222_SAFE.sol#128) is not in mixedCase
Parameter TokenERC20.approveAndCall(address,uint256,bytes)._value (contracts/safe/safe_222_SAFE.sol#128) is not in mixedCase
Parameter TokenERC20.approveAndCall(address,uint256,bytes)._extraData (contracts/safe/safe_222_SAFE.sol#128) is not in mixedCase
Parameter TokenERC20.burn(uint256)._value (contracts/safe/safe_222_SAFE.sol#145) is not in mixedCase
Parameter TokenERC20.burnFrom(address,uint256)._from (contracts/safe/safe_222_SAFE.sol#161) is not in mixedCase
Parameter TokenERC20.burnFrom(address,uint256)._value (contracts/safe/safe_222_SAFE.sol#161) is not in mixedCase
Parameter XkHcToken.separate(address,uint256)._from (contracts/safe/safe_222_SAFE.sol#240) is not in mixedCase
Parameter XkHcToken.separate(address,uint256)._value (contracts/safe/safe_222_SAFE.sol#240) is not in mixedCase
Reference: https://github.com/crytic/slither/wiki/Detector-Documentation#conformance-to-solidity-naming-conventions

Detector: unindexed-event-address
Event XkHcToken.FrozenFunds(address,bool) (contracts/safe/safe_222_SAFE.sol#183) has address parameters but no indexed parameters
Reference: https://github.com/crytic/slither/wiki/Detector-Documentation#unindexed-event-address-parameters

Detector: constable-states
TokenERC20.decimals (contracts/safe/safe_222_SAFE.sol#26) should be constant 
Reference: https://github.com/crytic/slither/wiki/Detector-Documentation#state-variables-that-could-be-declared-constant

Detector: external-function
approveAndCall(address,uint256,bytes) should be declared external:
	- TokenERC20.approveAndCall(address,uint256,bytes) (contracts/safe/safe_222_SAFE.sol#128-136)
Reference: https://github.com/crytic/slither/wiki/Detector-Documentation#public-function-that-could-be-declared-external
/home/andrei/Рабочий стол/Kursovaya/Diplom/contracts/safe/safe_222_SAFE.sol analyzed (4 contracts with 101 detectors), 27 result(s) found
