'solc --version' running
'solc /home/andrei/Рабочий стол/Kursovaya/Diplom/contracts/safe/safe_284_SAFE.sol --combined-json abi,ast,bin,bin-runtime,srcmap,srcmap-runtime,userdoc,devdoc,hashes,compact-format --allow-paths .,/home/andrei/Рабочий стол/Kursovaya/Diplom/contracts/safe' running
Compilation warnings/errors on /home/andrei/Рабочий стол/Kursovaya/Diplom/contracts/safe/safe_284_SAFE.sol:
/home/andrei/Рабочий стол/Kursovaya/Diplom/contracts/safe/safe_284_SAFE.sol:95:9: Warning: "throw" is deprecated in favour of "revert()", "require()" and "assert()".
        throw;
        ^---^
/home/andrei/Рабочий стол/Kursovaya/Diplom/contracts/safe/safe_284_SAFE.sol:129:141: Warning: "throw" is deprecated in favour of "revert()", "require()" and "assert()".
        if(!_spender.call(bytes4(bytes32(sha3("receiveApproval(address,uint256,address,bytes)"))), msg.sender, _value, this, _extraData)) { throw; }
                                                                                                                                            ^---^
/home/andrei/Рабочий стол/Kursovaya/Diplom/contracts/safe/safe_284_SAFE.sol:6:46: Warning: Unused local variable
    function totalSupply() constant returns (uint256 supply) {}
                                             ^------------^
/home/andrei/Рабочий стол/Kursovaya/Diplom/contracts/safe/safe_284_SAFE.sol:10:24: Warning: Unused local variable
    function balanceOf(address _owner) constant returns (uint256 balance) {}
                       ^------------^
/home/andrei/Рабочий стол/Kursovaya/Diplom/contracts/safe/safe_284_SAFE.sol:10:58: Warning: Unused local variable
    function balanceOf(address _owner) constant returns (uint256 balance) {}
                                                         ^-------------^
/home/andrei/Рабочий стол/Kursovaya/Diplom/contracts/safe/safe_284_SAFE.sol:16:23: Warning: Unused local variable
    function transfer(address _to, uint256 _value) returns (bool success) {}
                      ^---------^
/home/andrei/Рабочий стол/Kursovaya/Diplom/contracts/safe/safe_284_SAFE.sol:16:36: Warning: Unused local variable
    function transfer(address _to, uint256 _value) returns (bool success) {}
                                   ^------------^
/home/andrei/Рабочий стол/Kursovaya/Diplom/contracts/safe/safe_284_SAFE.sol:16:61: Warning: Unused local variable
    function transfer(address _to, uint256 _value) returns (bool success) {}
                                                            ^----------^
/home/andrei/Рабочий стол/Kursovaya/Diplom/contracts/safe/safe_284_SAFE.sol:23:27: Warning: Unused local variable
    function transferFrom(address _from, address _to, uint256 _value) returns (bool success) {}
                          ^-----------^
/home/andrei/Рабочий стол/Kursovaya/Diplom/contracts/safe/safe_284_SAFE.sol:23:42: Warning: Unused local variable
    function transferFrom(address _from, address _to, uint256 _value) returns (bool success) {}
                                         ^---------^
/home/andrei/Рабочий стол/Kursovaya/Diplom/contracts/safe/safe_284_SAFE.sol:23:55: Warning: Unused local variable
    function transferFrom(address _from, address _to, uint256 _value) returns (bool success) {}
                                                      ^------------^
/home/andrei/Рабочий стол/Kursovaya/Diplom/contracts/safe/safe_284_SAFE.sol:23:80: Warning: Unused local variable
    function transferFrom(address _from, address _to, uint256 _value) returns (bool success) {}
                                                                               ^----------^
/home/andrei/Рабочий стол/Kursovaya/Diplom/contracts/safe/safe_284_SAFE.sol:29:22: Warning: Unused local variable
    function approve(address _spender, uint256 _value) returns (bool success) {}
                     ^--------------^
/home/andrei/Рабочий стол/Kursovaya/Diplom/contracts/safe/safe_284_SAFE.sol:29:40: Warning: Unused local variable
    function approve(address _spender, uint256 _value) returns (bool success) {}
                                       ^------------^
/home/andrei/Рабочий стол/Kursovaya/Diplom/contracts/safe/safe_284_SAFE.sol:29:65: Warning: Unused local variable
    function approve(address _spender, uint256 _value) returns (bool success) {}
                                                                ^----------^
/home/andrei/Рабочий стол/Kursovaya/Diplom/contracts/safe/safe_284_SAFE.sol:34:40: Warning: Unused local variable
    function allowance(address _owner, address _spender) constant returns (uint256 remaining) {}
                                       ^--------------^
/home/andrei/Рабочий стол/Kursovaya/Diplom/contracts/safe/safe_284_SAFE.sol:34:76: Warning: Unused local variable
    function allowance(address _owner, address _spender) constant returns (uint256 remaining) {}
                                                                           ^---------------^
/home/andrei/Рабочий стол/Kursovaya/Diplom/contracts/safe/safe_284_SAFE.sol:34:24: Warning: Unused local variable
    function allowance(address _owner, address _spender) constant returns (uint256 remaining) {}
                       ^------------^


Detector: deprecated-standards
Deprecated standard detected THROW (contracts/safe/safe_284_SAFE.sol#95):
	- Usage of "throw" should be replaced with "revert()"
Deprecated standard detected ! _spender.call(bytes4(bytes32(sha3()(receiveApproval(address,uint256,address,bytes)))),msg.sender,_value,this,_extraData) (contracts/safe/safe_284_SAFE.sol#129):
	- Usage of "sha3()" should be replaced with "keccak256()"
Deprecated standard detected THROW (contracts/safe/safe_284_SAFE.sol#129):
	- Usage of "throw" should be replaced with "revert()"
Reference: https://github.com/crytic/slither/wiki/Detector-Documentation#deprecated-standards

Detector: solc-version
Version constraint ^0.4.16 contains known severe issues (https://solidity.readthedocs.io/en/latest/bugs.html)
	- DirtyBytesArrayToStorage
	- ABIDecodeTwoDimensionalArrayMemory
	- KeccakCaching
	- EmptyByteArrayCopy
	- DynamicArrayCleanup
	- ImplicitConstructorCallvalueCheck
	- TupleAssignmentMultiStackSlotComponents
	- MemoryArrayCreationOverflow
	- privateCanBeOverridden
	- SignedArrayStorageCopy
	- ABIEncoderV2StorageArrayWithMultiSlotElement
	- DynamicConstructorArgumentsClippedABIV2
	- UninitializedFunctionPointerInConstructor_0.4.x
	- IncorrectEventSignatureInLibraries_0.4.x
	- ExpExponentCleanup
	- NestedArrayFunctionCallDecoder
	- ZeroFunctionSelector.
It is used by:
	- ^0.4.16 (contracts/safe/safe_284_SAFE.sol#1)
solc-0.4.16 is an outdated solc version. Use a more recent version (at least 0.8.0), if possible.
Reference: https://github.com/crytic/slither/wiki/Detector-Documentation#incorrect-versions-of-solidity

Detector: low-level-calls
Low level call in Primal.approveAndCall(address,uint256,bytes) (contracts/safe/safe_284_SAFE.sol#122-131):
	- ! _spender.call(bytes4(bytes32(sha3()(receiveApproval(address,uint256,address,bytes)))),msg.sender,_value,this,_extraData) (contracts/safe/safe_284_SAFE.sol#129)
Reference: https://github.com/crytic/slither/wiki/Detector-Documentation#low-level-calls

Detector: naming-convention
Parameter StandardToken.transfer(address,uint256)._to (contracts/safe/safe_284_SAFE.sol#45) is not in mixedCase
Parameter StandardToken.transfer(address,uint256)._value (contracts/safe/safe_284_SAFE.sol#45) is not in mixedCase
Parameter StandardToken.transferFrom(address,address,uint256)._from (contracts/safe/safe_284_SAFE.sol#58) is not in mixedCase
Parameter StandardToken.transferFrom(address,address,uint256)._to (contracts/safe/safe_284_SAFE.sol#58) is not in mixedCase
Parameter StandardToken.transferFrom(address,address,uint256)._value (contracts/safe/safe_284_SAFE.sol#58) is not in mixedCase
Parameter StandardToken.balanceOf(address)._owner (contracts/safe/safe_284_SAFE.sol#70) is not in mixedCase
Parameter StandardToken.approve(address,uint256)._spender (contracts/safe/safe_284_SAFE.sol#74) is not in mixedCase
Parameter StandardToken.approve(address,uint256)._value (contracts/safe/safe_284_SAFE.sol#74) is not in mixedCase
Parameter StandardToken.allowance(address,address)._owner (contracts/safe/safe_284_SAFE.sol#80) is not in mixedCase
Parameter StandardToken.allowance(address,address)._spender (contracts/safe/safe_284_SAFE.sol#80) is not in mixedCase
Parameter Primal.approveAndCall(address,uint256,bytes)._spender (contracts/safe/safe_284_SAFE.sol#122) is not in mixedCase
Parameter Primal.approveAndCall(address,uint256,bytes)._value (contracts/safe/safe_284_SAFE.sol#122) is not in mixedCase
Parameter Primal.approveAndCall(address,uint256,bytes)._extraData (contracts/safe/safe_284_SAFE.sol#122) is not in mixedCase
Reference: https://github.com/crytic/slither/wiki/Detector-Documentation#conformance-to-solidity-naming-conventions

Detector: too-many-digits
Primal.Primal() (contracts/safe/safe_284_SAFE.sol#112-119) uses literals with too many digits:
	- balances[msg.sender] = 77777777777000000000000000000 (contracts/safe/safe_284_SAFE.sol#114)
Primal.Primal() (contracts/safe/safe_284_SAFE.sol#112-119) uses literals with too many digits:
	- totalSupply = 77777777777000000000000000000 (contracts/safe/safe_284_SAFE.sol#115)
Reference: https://github.com/crytic/slither/wiki/Detector-Documentation#too-many-digits

Detector: constable-states
Primal.version (contracts/safe/safe_284_SAFE.sol#109) should be constant 
Reference: https://github.com/crytic/slither/wiki/Detector-Documentation#state-variables-that-could-be-declared-constant

Detector: external-function
approveAndCall(address,uint256,bytes) should be declared external:
	- Primal.approveAndCall(address,uint256,bytes) (contracts/safe/safe_284_SAFE.sol#122-131)
Reference: https://github.com/crytic/slither/wiki/Detector-Documentation#public-function-that-could-be-declared-external
/home/andrei/Рабочий стол/Kursovaya/Diplom/contracts/safe/safe_284_SAFE.sol analyzed (3 contracts with 101 detectors), 23 result(s) found
