'solc --version' running
'solc /home/andrei/Рабочий стол/Kursovaya/Diplom/contracts/safe/safe_296_SAFE.sol --combined-json abi,ast,bin,bin-runtime,srcmap,srcmap-runtime,userdoc,devdoc,hashes,compact-format --allow-paths .,/home/andrei/Рабочий стол/Kursovaya/Diplom/contracts/safe' running
Compilation warnings/errors on /home/andrei/Рабочий стол/Kursovaya/Diplom/contracts/safe/safe_296_SAFE.sol:
/home/andrei/Рабочий стол/Kursovaya/Diplom/contracts/safe/safe_296_SAFE.sol:66:3: Warning: Defining constructors as functions with the same name as the contract is deprecated. Use "constructor(...) { ... }" instead.
  function Ownable() public {
  ^ (Relevant source part starts here and spans across multiple lines).


Detector: arbitrary-send-erc20
SafeERC20.safeTransferFrom(ERC20,address,address,uint256) (contracts/safe/safe_296_SAFE.sol#32-41) uses arbitrary from in transferFrom: assert(bool)(token.transferFrom(from,to,value)) (contracts/safe/safe_296_SAFE.sol#40)
Reference: https://github.com/crytic/slither/wiki/Detector-Documentation#arbitrary-from-in-transferfrom

Detector: solc-version
Version constraint ^0.4.21 contains known severe issues (https://solidity.readthedocs.io/en/latest/bugs.html)
	- DirtyBytesArrayToStorage
	- ABIDecodeTwoDimensionalArrayMemory
	- KeccakCaching
	- EmptyByteArrayCopy
	- DynamicArrayCleanup
	- ImplicitConstructorCallvalueCheck
	- TupleAssignmentMultiStackSlotComponents
	- MemoryArrayCreationOverflow
	- privateCanBeOverridden
	- SignedArrayStorageCopy
	- ABIEncoderV2StorageArrayWithMultiSlotElement
	- DynamicConstructorArgumentsClippedABIV2
	- UninitializedFunctionPointerInConstructor_0.4.x
	- IncorrectEventSignatureInLibraries_0.4.x
	- ABIEncoderV2PackedStorage_0.4.x
	- ExpExponentCleanup
	- EventStructWrongData
	- NestedArrayFunctionCallDecoder.
It is used by:
	- ^0.4.21 (contracts/safe/safe_296_SAFE.sol#1)
solc-0.4.24 is an outdated solc version. Use a more recent version (at least 0.8.0), if possible.
Reference: https://github.com/crytic/slither/wiki/Detector-Documentation#incorrect-versions-of-solidity

Detector: naming-convention
Parameter BasicToken.transfer(address,uint256)._to (contracts/safe/safe_296_SAFE.sol#172) is not in mixedCase
Parameter BasicToken.transfer(address,uint256)._value (contracts/safe/safe_296_SAFE.sol#172) is not in mixedCase
Parameter BasicToken.balanceOf(address)._owner (contracts/safe/safe_296_SAFE.sol#187) is not in mixedCase
Parameter StandardToken.transferFrom(address,address,uint256)._from (contracts/safe/safe_296_SAFE.sol#229) is not in mixedCase
Parameter StandardToken.transferFrom(address,address,uint256)._to (contracts/safe/safe_296_SAFE.sol#229) is not in mixedCase
Parameter StandardToken.transferFrom(address,address,uint256)._value (contracts/safe/safe_296_SAFE.sol#229) is not in mixedCase
Parameter StandardToken.approve(address,uint256)._spender (contracts/safe/safe_296_SAFE.sol#251) is not in mixedCase
Parameter StandardToken.approve(address,uint256)._value (contracts/safe/safe_296_SAFE.sol#251) is not in mixedCase
Parameter StandardToken.allowance(address,address)._owner (contracts/safe/safe_296_SAFE.sol#263) is not in mixedCase
Parameter StandardToken.allowance(address,address)._spender (contracts/safe/safe_296_SAFE.sol#263) is not in mixedCase
Parameter StandardToken.increaseApproval(address,uint256)._spender (contracts/safe/safe_296_SAFE.sol#277) is not in mixedCase
Parameter StandardToken.increaseApproval(address,uint256)._addedValue (contracts/safe/safe_296_SAFE.sol#277) is not in mixedCase
Parameter StandardToken.decreaseApproval(address,uint256)._spender (contracts/safe/safe_296_SAFE.sol#293) is not in mixedCase
Parameter StandardToken.decreaseApproval(address,uint256)._subtractedValue (contracts/safe/safe_296_SAFE.sol#293) is not in mixedCase
Reference: https://github.com/crytic/slither/wiki/Detector-Documentation#conformance-to-solidity-naming-conventions

Detector: too-many-digits
ZealeumToken.slitherConstructorConstantVariables() (contracts/safe/safe_296_SAFE.sol#341-359) uses literals with too many digits:
	- INITIAL_SUPPLY = 1000000000 * (10 ** uint256(decimals)) (contracts/safe/safe_296_SAFE.sol#347)
Reference: https://github.com/crytic/slither/wiki/Detector-Documentation#too-many-digits

Detector: constable-states
ZealeumToken.name (contracts/safe/safe_296_SAFE.sol#343) should be constant 
ZealeumToken.symbol (contracts/safe/safe_296_SAFE.sol#344) should be constant 
Reference: https://github.com/crytic/slither/wiki/Detector-Documentation#state-variables-that-could-be-declared-constant
/home/andrei/Рабочий стол/Kursovaya/Diplom/contracts/safe/safe_296_SAFE.sol analyzed (9 contracts with 101 detectors), 20 result(s) found
