'solc --version' running
'solc /home/andrei/Рабочий стол/Kursovaya/Diplom/contracts/safe/safe_219_SAFE.sol --combined-json abi,ast,bin,bin-runtime,srcmap,srcmap-runtime,userdoc,devdoc,hashes,compact-format --allow-paths .,/home/andrei/Рабочий стол/Kursovaya/Diplom/contracts/safe' running

Detector: locked-ether
Contract locking ether found:
	Contract EscrowMyEtherEntityDB (contracts/safe/safe_219_SAFE.sol#2-83) has payable functions:
	 - EscrowMyEtherEntityDB.fallback() (contracts/safe/safe_219_SAFE.sol#37-40)
	But does not have a function to withdraw the ether
Reference: https://github.com/crytic/slither/wiki/Detector-Documentation#contracts-that-lock-ether

Detector: solc-version
Version constraint ^0.4.16 contains known severe issues (https://solidity.readthedocs.io/en/latest/bugs.html)
	- DirtyBytesArrayToStorage
	- ABIDecodeTwoDimensionalArrayMemory
	- KeccakCaching
	- EmptyByteArrayCopy
	- DynamicArrayCleanup
	- ImplicitConstructorCallvalueCheck
	- TupleAssignmentMultiStackSlotComponents
	- MemoryArrayCreationOverflow
	- privateCanBeOverridden
	- SignedArrayStorageCopy
	- ABIEncoderV2StorageArrayWithMultiSlotElement
	- DynamicConstructorArgumentsClippedABIV2
	- UninitializedFunctionPointerInConstructor_0.4.x
	- IncorrectEventSignatureInLibraries_0.4.x
	- ExpExponentCleanup
	- NestedArrayFunctionCallDecoder
	- ZeroFunctionSelector.
It is used by:
	- ^0.4.16 (contracts/safe/safe_219_SAFE.sol#1)
solc-0.4.16 is an outdated solc version. Use a more recent version (at least 0.8.0), if possible.
Reference: https://github.com/crytic/slither/wiki/Detector-Documentation#incorrect-versions-of-solidity

Detector: naming-convention
Parameter EscrowMyEtherEntityDB.registerBuyer(string,string)._name (contracts/safe/safe_219_SAFE.sol#43) is not in mixedCase
Parameter EscrowMyEtherEntityDB.registerBuyer(string,string)._info (contracts/safe/safe_219_SAFE.sol#43) is not in mixedCase
Parameter EscrowMyEtherEntityDB.registerSeller(string,string)._name (contracts/safe/safe_219_SAFE.sol#53) is not in mixedCase
Parameter EscrowMyEtherEntityDB.registerSeller(string,string)._info (contracts/safe/safe_219_SAFE.sol#53) is not in mixedCase
Parameter EscrowMyEtherEntityDB.registerEscrow(string,string)._name (contracts/safe/safe_219_SAFE.sol#60) is not in mixedCase
Parameter EscrowMyEtherEntityDB.registerEscrow(string,string)._info (contracts/safe/safe_219_SAFE.sol#60) is not in mixedCase
Reference: https://github.com/crytic/slither/wiki/Detector-Documentation#conformance-to-solidity-naming-conventions

Detector: external-function
registerBuyer(string,string) should be declared external:
	- EscrowMyEtherEntityDB.registerBuyer(string,string) (contracts/safe/safe_219_SAFE.sol#43-49)
registerSeller(string,string) should be declared external:
	- EscrowMyEtherEntityDB.registerSeller(string,string) (contracts/safe/safe_219_SAFE.sol#53-58)
registerEscrow(string,string) should be declared external:
	- EscrowMyEtherEntityDB.registerEscrow(string,string) (contracts/safe/safe_219_SAFE.sol#60-65)
Reference: https://github.com/crytic/slither/wiki/Detector-Documentation#public-function-that-could-be-declared-external
/home/andrei/Рабочий стол/Kursovaya/Diplom/contracts/safe/safe_219_SAFE.sol analyzed (1 contracts with 101 detectors), 12 result(s) found
