'solc --version' running
'solc /home/andrei/Рабочий стол/Kursovaya/Diplom/contracts/safe/safe_204_SAFE.sol --combined-json abi,ast,bin,bin-runtime,srcmap,srcmap-runtime,userdoc,devdoc,hashes,compact-format --allow-paths .,/home/andrei/Рабочий стол/Kursovaya/Diplom/contracts/safe' running

Detector: deprecated-standards
Deprecated standard detected ! _spender.call(bytes4(bytes32(sha3()(receiveApproval(address,uint256,address,bytes)))),msg.sender,_value,this,_extraData) (contracts/safe/safe_204_SAFE.sol#124):
	- Usage of "sha3()" should be replaced with "keccak256()"
Reference: https://github.com/crytic/slither/wiki/Detector-Documentation#deprecated-standards

Detector: solc-version
Version constraint ^0.4.13 contains known severe issues (https://solidity.readthedocs.io/en/latest/bugs.html)
	- DirtyBytesArrayToStorage
	- KeccakCaching
	- EmptyByteArrayCopy
	- DynamicArrayCleanup
	- ImplicitConstructorCallvalueCheck
	- TupleAssignmentMultiStackSlotComponents
	- MemoryArrayCreationOverflow
	- privateCanBeOverridden
	- SignedArrayStorageCopy
	- UninitializedFunctionPointerInConstructor_0.4.x
	- IncorrectEventSignatureInLibraries_0.4.x
	- ExpExponentCleanup
	- NestedArrayFunctionCallDecoder
	- ZeroFunctionSelector
	- DelegateCallReturnValue
	- ECRecoverMalformedInput.
It is used by:
	- ^0.4.13 (contracts/safe/safe_204_SAFE.sol#1)
solc-0.4.13 is an outdated solc version. Use a more recent version (at least 0.8.0), if possible.
Reference: https://github.com/crytic/slither/wiki/Detector-Documentation#incorrect-versions-of-solidity

Detector: low-level-calls
Low level call in HumanStandardToken.approveAndCall(address,uint256,bytes) (contracts/safe/safe_204_SAFE.sol#117-126):
	- ! _spender.call(bytes4(bytes32(sha3()(receiveApproval(address,uint256,address,bytes)))),msg.sender,_value,this,_extraData) (contracts/safe/safe_204_SAFE.sol#124)
Reference: https://github.com/crytic/slither/wiki/Detector-Documentation#low-level-calls

Detector: naming-convention
Parameter StandardToken.transfer(address,uint256)._to (contracts/safe/safe_204_SAFE.sol#52) is not in mixedCase
Parameter StandardToken.transfer(address,uint256)._value (contracts/safe/safe_204_SAFE.sol#52) is not in mixedCase
Parameter StandardToken.transferFrom(address,address,uint256)._from (contracts/safe/safe_204_SAFE.sol#65) is not in mixedCase
Parameter StandardToken.transferFrom(address,address,uint256)._to (contracts/safe/safe_204_SAFE.sol#65) is not in mixedCase
Parameter StandardToken.transferFrom(address,address,uint256)._value (contracts/safe/safe_204_SAFE.sol#65) is not in mixedCase
Parameter StandardToken.balanceOf(address)._owner (contracts/safe/safe_204_SAFE.sol#77) is not in mixedCase
Parameter StandardToken.approve(address,uint256)._spender (contracts/safe/safe_204_SAFE.sol#81) is not in mixedCase
Parameter StandardToken.approve(address,uint256)._value (contracts/safe/safe_204_SAFE.sol#81) is not in mixedCase
Parameter StandardToken.allowance(address,address)._owner (contracts/safe/safe_204_SAFE.sol#87) is not in mixedCase
Parameter StandardToken.allowance(address,address)._spender (contracts/safe/safe_204_SAFE.sol#87) is not in mixedCase
Parameter HumanStandardToken.approveAndCall(address,uint256,bytes)._spender (contracts/safe/safe_204_SAFE.sol#117) is not in mixedCase
Parameter HumanStandardToken.approveAndCall(address,uint256,bytes)._value (contracts/safe/safe_204_SAFE.sol#117) is not in mixedCase
Parameter HumanStandardToken.approveAndCall(address,uint256,bytes)._extraData (contracts/safe/safe_204_SAFE.sol#117) is not in mixedCase
Reference: https://github.com/crytic/slither/wiki/Detector-Documentation#conformance-to-solidity-naming-conventions

Detector: too-many-digits
HumanStandardToken.HumanStandardToken() (contracts/safe/safe_204_SAFE.sol#108-114) uses literals with too many digits:
	- balances[msg.sender] = 21600000000000000 (contracts/safe/safe_204_SAFE.sol#109)
HumanStandardToken.HumanStandardToken() (contracts/safe/safe_204_SAFE.sol#108-114) uses literals with too many digits:
	- totalSupply = 21600000000000000 (contracts/safe/safe_204_SAFE.sol#110)
Reference: https://github.com/crytic/slither/wiki/Detector-Documentation#too-many-digits

Detector: external-function
approveAndCall(address,uint256,bytes) should be declared external:
	- HumanStandardToken.approveAndCall(address,uint256,bytes) (contracts/safe/safe_204_SAFE.sol#117-126)
Reference: https://github.com/crytic/slither/wiki/Detector-Documentation#public-function-that-could-be-declared-external
/home/andrei/Рабочий стол/Kursovaya/Diplom/contracts/safe/safe_204_SAFE.sol analyzed (3 contracts with 101 detectors), 20 result(s) found
