'solc --version' running
'solc /home/andrei/Рабочий стол/Kursovaya/Diplom/contracts/safe/safe_186_SAFE.sol --combined-json abi,ast,bin,bin-runtime,srcmap,srcmap-runtime,userdoc,devdoc,hashes,compact-format --allow-paths .,/home/andrei/Рабочий стол/Kursovaya/Diplom/contracts/safe' running
Compilation warnings/errors on /home/andrei/Рабочий стол/Kursovaya/Diplom/contracts/safe/safe_186_SAFE.sol:
/home/andrei/Рабочий стол/Kursovaya/Diplom/contracts/safe/safe_186_SAFE.sol:378:46: Warning: Initial value for constant variable has to be compile-time constant. This will fail to compile with the next breaking version change.
    uint256 public constant INITIAL_SUPPLY = 1000 * 1000 * 1000 * (10 ** uint256(decimals));
                                             ^--------------------------------------------^


Detector: function-init-state
ABBCToken.INITIAL_SUPPLY (contracts/safe/safe_186_SAFE.sol#378) is set pre-construction with a non-constant function or state variable:
	- 1000 * 1000 * 1000 * (10 ** uint256(decimals))
Reference: https://github.com/crytic/slither/wiki/Detector-Documentation#function-initializing-state

Detector: solc-version
Version constraint ^0.4.18 contains known severe issues (https://solidity.readthedocs.io/en/latest/bugs.html)
	- DirtyBytesArrayToStorage
	- ABIDecodeTwoDimensionalArrayMemory
	- KeccakCaching
	- EmptyByteArrayCopy
	- DynamicArrayCleanup
	- ImplicitConstructorCallvalueCheck
	- TupleAssignmentMultiStackSlotComponents
	- MemoryArrayCreationOverflow
	- privateCanBeOverridden
	- SignedArrayStorageCopy
	- ABIEncoderV2StorageArrayWithMultiSlotElement
	- DynamicConstructorArgumentsClippedABIV2
	- UninitializedFunctionPointerInConstructor_0.4.x
	- IncorrectEventSignatureInLibraries_0.4.x
	- ExpExponentCleanup
	- EventStructWrongData
	- NestedArrayFunctionCallDecoder.
It is used by:
	- ^0.4.18 (contracts/safe/safe_186_SAFE.sol#1)
solc-0.4.18 is an outdated solc version. Use a more recent version (at least 0.8.0), if possible.
Reference: https://github.com/crytic/slither/wiki/Detector-Documentation#incorrect-versions-of-solidity

Detector: naming-convention
Parameter BasicToken.transfer(address,uint256)._to (contracts/safe/safe_186_SAFE.sol#141) is not in mixedCase
Parameter BasicToken.transfer(address,uint256)._value (contracts/safe/safe_186_SAFE.sol#141) is not in mixedCase
Parameter BasicToken.balanceOf(address)._owner (contracts/safe/safe_186_SAFE.sol#157) is not in mixedCase
Parameter StandardToken.transferFrom(address,address,uint256)._from (contracts/safe/safe_186_SAFE.sol#240) is not in mixedCase
Parameter StandardToken.transferFrom(address,address,uint256)._to (contracts/safe/safe_186_SAFE.sol#240) is not in mixedCase
Parameter StandardToken.transferFrom(address,address,uint256)._value (contracts/safe/safe_186_SAFE.sol#240) is not in mixedCase
Parameter StandardToken.approve(address,uint256)._spender (contracts/safe/safe_186_SAFE.sol#262) is not in mixedCase
Parameter StandardToken.approve(address,uint256)._value (contracts/safe/safe_186_SAFE.sol#262) is not in mixedCase
Parameter StandardToken.allowance(address,address)._owner (contracts/safe/safe_186_SAFE.sol#274) is not in mixedCase
Parameter StandardToken.allowance(address,address)._spender (contracts/safe/safe_186_SAFE.sol#274) is not in mixedCase
Parameter StandardToken.increaseApproval(address,uint256)._spender (contracts/safe/safe_186_SAFE.sol#284) is not in mixedCase
Parameter StandardToken.increaseApproval(address,uint256)._addedValue (contracts/safe/safe_186_SAFE.sol#284) is not in mixedCase
Parameter StandardToken.decreaseApproval(address,uint256)._spender (contracts/safe/safe_186_SAFE.sol#290) is not in mixedCase
Parameter StandardToken.decreaseApproval(address,uint256)._subtractedValue (contracts/safe/safe_186_SAFE.sol#290) is not in mixedCase
Parameter BurnableToken.burn(uint256)._value (contracts/safe/safe_186_SAFE.sol#320) is not in mixedCase
Parameter PausableToken.transfer(address,uint256)._to (contracts/safe/safe_186_SAFE.sol#347) is not in mixedCase
Parameter PausableToken.transfer(address,uint256)._value (contracts/safe/safe_186_SAFE.sol#347) is not in mixedCase
Parameter PausableToken.transferFrom(address,address,uint256)._from (contracts/safe/safe_186_SAFE.sol#351) is not in mixedCase
Parameter PausableToken.transferFrom(address,address,uint256)._to (contracts/safe/safe_186_SAFE.sol#351) is not in mixedCase
Parameter PausableToken.transferFrom(address,address,uint256)._value (contracts/safe/safe_186_SAFE.sol#351) is not in mixedCase
Parameter PausableToken.approve(address,uint256)._spender (contracts/safe/safe_186_SAFE.sol#355) is not in mixedCase
Parameter PausableToken.approve(address,uint256)._value (contracts/safe/safe_186_SAFE.sol#355) is not in mixedCase
Parameter PausableToken.increaseApproval(address,uint256)._spender (contracts/safe/safe_186_SAFE.sol#359) is not in mixedCase
Parameter PausableToken.increaseApproval(address,uint256)._addedValue (contracts/safe/safe_186_SAFE.sol#359) is not in mixedCase
Parameter PausableToken.decreaseApproval(address,uint256)._spender (contracts/safe/safe_186_SAFE.sol#363) is not in mixedCase
Parameter PausableToken.decreaseApproval(address,uint256)._subtractedValue (contracts/safe/safe_186_SAFE.sol#363) is not in mixedCase
Reference: https://github.com/crytic/slither/wiki/Detector-Documentation#conformance-to-solidity-naming-conventions

Detector: constable-states
ABBCToken.decimals (contracts/safe/safe_186_SAFE.sol#377) should be constant 
ABBCToken.name (contracts/safe/safe_186_SAFE.sol#375) should be constant 
ABBCToken.symbol (contracts/safe/safe_186_SAFE.sol#376) should be constant 
Reference: https://github.com/crytic/slither/wiki/Detector-Documentation#state-variables-that-could-be-declared-constant
/home/andrei/Рабочий стол/Kursovaya/Diplom/contracts/safe/safe_186_SAFE.sol analyzed (10 contracts with 101 detectors), 32 result(s) found
