'solc --version' running
'solc /home/andrei/Рабочий стол/Kursovaya/Diplom/contracts/safe/safe_286_SAFE.sol --combined-json abi,ast,bin,bin-runtime,srcmap,srcmap-runtime,userdoc,devdoc,hashes,compact-format --allow-paths .,/home/andrei/Рабочий стол/Kursovaya/Diplom/contracts/safe' running

Detector: erc20-interface
GreatHarmon (contracts/safe/safe_286_SAFE.sol#95-359) has incorrect ERC20 function interface:GreatHarmon.transfer(address,uint256) (contracts/safe/safe_286_SAFE.sol#292-294)
Reference: https://github.com/crytic/slither/wiki/Detector-Documentation#incorrect-erc20-interface

Detector: events-maths
GreatHarmon.setCooldownTime(uint256) (contracts/safe/safe_286_SAFE.sol#207-209) should emit an event for: 
	- cooldownTime = _cooldownTime (contracts/safe/safe_286_SAFE.sol#208) 
GreatHarmon.setBasicIncomeLimit(uint256) (contracts/safe/safe_286_SAFE.sol#211-213) should emit an event for: 
	- basicIncomeLimit = _basicIncomeLimit (contracts/safe/safe_286_SAFE.sol#212) 
GreatHarmon.setDailySupply(uint256) (contracts/safe/safe_286_SAFE.sol#215-217) should emit an event for: 
	- dailySupply = _dailySupply (contracts/safe/safe_286_SAFE.sol#216) 
Reference: https://github.com/crytic/slither/wiki/Detector-Documentation#missing-events-arithmetic

Detector: timestamp
GreatHarmon.getBasicIncome() (contracts/safe/safe_286_SAFE.sol#116-129) uses timestamp for comparisons
	Dangerous comparisons:
	- require(bool)(_isReady(_resident)) (contracts/safe/safe_286_SAFE.sol#118)
GreatHarmon._isReady(GreatHarmon.Resident) (contracts/safe/safe_286_SAFE.sol#139-141) uses timestamp for comparisons
	Dangerous comparisons:
	- (_resident.readyTime <= now) (contracts/safe/safe_286_SAFE.sol#140)
Reference: https://github.com/crytic/slither/wiki/Detector-Documentation#block-timestamp

Detector: solc-version
Version constraint ^0.4.19 contains known severe issues (https://solidity.readthedocs.io/en/latest/bugs.html)
	- DirtyBytesArrayToStorage
	- ABIDecodeTwoDimensionalArrayMemory
	- KeccakCaching
	- EmptyByteArrayCopy
	- DynamicArrayCleanup
	- ImplicitConstructorCallvalueCheck
	- TupleAssignmentMultiStackSlotComponents
	- MemoryArrayCreationOverflow
	- privateCanBeOverridden
	- SignedArrayStorageCopy
	- ABIEncoderV2StorageArrayWithMultiSlotElement
	- DynamicConstructorArgumentsClippedABIV2
	- UninitializedFunctionPointerInConstructor_0.4.x
	- IncorrectEventSignatureInLibraries_0.4.x
	- ABIEncoderV2PackedStorage_0.4.x
	- ExpExponentCleanup
	- EventStructWrongData
	- NestedArrayFunctionCallDecoder.
It is used by:
	- ^0.4.19 (contracts/safe/safe_286_SAFE.sol#1)
solc-0.4.19 is an outdated solc version. Use a more recent version (at least 0.8.0), if possible.
Reference: https://github.com/crytic/slither/wiki/Detector-Documentation#incorrect-versions-of-solidity

Detector: naming-convention
Parameter GreatHarmon.joinGreatHarmon(string,string)._name (contracts/safe/safe_286_SAFE.sol#185) is not in mixedCase
Parameter GreatHarmon.joinGreatHarmon(string,string)._identity (contracts/safe/safe_286_SAFE.sol#185) is not in mixedCase
Parameter GreatHarmon.setCooldownTime(uint256)._cooldownTime (contracts/safe/safe_286_SAFE.sol#207) is not in mixedCase
Parameter GreatHarmon.setBasicIncomeLimit(uint256)._basicIncomeLimit (contracts/safe/safe_286_SAFE.sol#211) is not in mixedCase
Parameter GreatHarmon.setDailySupply(uint256)._dailySupply (contracts/safe/safe_286_SAFE.sol#215) is not in mixedCase
Parameter GreatHarmon.donate(string)._text (contracts/safe/safe_286_SAFE.sol#237) is not in mixedCase
Parameter GreatHarmon.transfer(address,uint256)._to (contracts/safe/safe_286_SAFE.sol#292) is not in mixedCase
Parameter GreatHarmon.transfer(address,uint256)._value (contracts/safe/safe_286_SAFE.sol#292) is not in mixedCase
Parameter GreatHarmon.transferFrom(address,address,uint256)._from (contracts/safe/safe_286_SAFE.sol#305) is not in mixedCase
Parameter GreatHarmon.transferFrom(address,address,uint256)._to (contracts/safe/safe_286_SAFE.sol#305) is not in mixedCase
Parameter GreatHarmon.transferFrom(address,address,uint256)._value (contracts/safe/safe_286_SAFE.sol#305) is not in mixedCase
Parameter GreatHarmon.approve(address,uint256)._spender (contracts/safe/safe_286_SAFE.sol#320) is not in mixedCase
Parameter GreatHarmon.approve(address,uint256)._value (contracts/safe/safe_286_SAFE.sol#320) is not in mixedCase
Parameter GreatHarmon.burn(uint256)._value (contracts/safe/safe_286_SAFE.sol#332) is not in mixedCase
Parameter GreatHarmon.burnFrom(address,uint256)._from (contracts/safe/safe_286_SAFE.sol#348) is not in mixedCase
Parameter GreatHarmon.burnFrom(address,uint256)._value (contracts/safe/safe_286_SAFE.sol#348) is not in mixedCase
Reference: https://github.com/crytic/slither/wiki/Detector-Documentation#conformance-to-solidity-naming-conventions

Detector: unindexed-event-address
Event GreatHarmon.FrozenAccount(address,bool) (contracts/safe/safe_286_SAFE.sol#222) has address parameters but no indexed parameters
Event GreatHarmon.Donate(address,string,uint256,string) (contracts/safe/safe_286_SAFE.sol#234) has address parameters but no indexed parameters
Reference: https://github.com/crytic/slither/wiki/Detector-Documentation#unindexed-event-address-parameters

Detector: constable-states
GreatHarmon.decimals (contracts/safe/safe_286_SAFE.sol#249) should be constant 
GreatHarmon.name (contracts/safe/safe_286_SAFE.sol#247) should be constant 
GreatHarmon.symbol (contracts/safe/safe_286_SAFE.sol#248) should be constant 
Reference: https://github.com/crytic/slither/wiki/Detector-Documentation#state-variables-that-could-be-declared-constant

Detector: external-function
joinGreatHarmon(string,string) should be declared external:
	- GreatHarmon.joinGreatHarmon(string,string) (contracts/safe/safe_286_SAFE.sol#185-193)
donate(string) should be declared external:
	- GreatHarmon.donate(string) (contracts/safe/safe_286_SAFE.sol#237-243)
Reference: https://github.com/crytic/slither/wiki/Detector-Documentation#public-function-that-could-be-declared-external
/home/andrei/Рабочий стол/Kursovaya/Diplom/contracts/safe/safe_286_SAFE.sol analyzed (3 contracts with 101 detectors), 31 result(s) found
