'solc --version' running
'solc /home/andrei/Рабочий стол/Kursovaya/Diplom/contracts/safe/safe_168_SAFE.sol --combined-json abi,ast,bin,bin-runtime,srcmap,srcmap-runtime,userdoc,devdoc,hashes,compact-format --allow-paths .,/home/andrei/Рабочий стол/Kursovaya/Diplom/contracts/safe' running

Detector: erc20-interface
GoldTokenERC20 (contracts/safe/safe_168_SAFE.sol#20-116) has incorrect ERC20 function interface:GoldTokenERC20.transfer(address,uint256) (contracts/safe/safe_168_SAFE.sol#64-66)
Reference: https://github.com/crytic/slither/wiki/Detector-Documentation#incorrect-erc20-interface

Detector: solc-version
Version constraint ^0.4.18 contains known severe issues (https://solidity.readthedocs.io/en/latest/bugs.html)
	- DirtyBytesArrayToStorage
	- ABIDecodeTwoDimensionalArrayMemory
	- KeccakCaching
	- EmptyByteArrayCopy
	- DynamicArrayCleanup
	- ImplicitConstructorCallvalueCheck
	- TupleAssignmentMultiStackSlotComponents
	- MemoryArrayCreationOverflow
	- privateCanBeOverridden
	- SignedArrayStorageCopy
	- ABIEncoderV2StorageArrayWithMultiSlotElement
	- DynamicConstructorArgumentsClippedABIV2
	- UninitializedFunctionPointerInConstructor_0.4.x
	- IncorrectEventSignatureInLibraries_0.4.x
	- ExpExponentCleanup
	- EventStructWrongData
	- NestedArrayFunctionCallDecoder.
It is used by:
	- ^0.4.18 (contracts/safe/safe_168_SAFE.sol#1)
solc-0.4.18 is an outdated solc version. Use a more recent version (at least 0.8.0), if possible.
Reference: https://github.com/crytic/slither/wiki/Detector-Documentation#incorrect-versions-of-solidity

Detector: naming-convention
Contract owned (contracts/safe/safe_168_SAFE.sol#3-18) is not in CapWords
Parameter GoldTokenERC20.transfer(address,uint256)._to (contracts/safe/safe_168_SAFE.sol#64) is not in mixedCase
Parameter GoldTokenERC20.transfer(address,uint256)._value (contracts/safe/safe_168_SAFE.sol#64) is not in mixedCase
Parameter GoldTokenERC20.transferFrom(address,address,uint256)._from (contracts/safe/safe_168_SAFE.sol#69) is not in mixedCase
Parameter GoldTokenERC20.transferFrom(address,address,uint256)._to (contracts/safe/safe_168_SAFE.sol#69) is not in mixedCase
Parameter GoldTokenERC20.transferFrom(address,address,uint256)._value (contracts/safe/safe_168_SAFE.sol#69) is not in mixedCase
Parameter GoldTokenERC20.approve(address,uint256)._spender (contracts/safe/safe_168_SAFE.sol#76) is not in mixedCase
Parameter GoldTokenERC20.approve(address,uint256)._value (contracts/safe/safe_168_SAFE.sol#76) is not in mixedCase
Parameter GoldTokenERC20.burn(uint256)._value (contracts/safe/safe_168_SAFE.sol#82) is not in mixedCase
Parameter GoldTokenERC20.burnFrom(address,uint256)._from (contracts/safe/safe_168_SAFE.sol#90) is not in mixedCase
Parameter GoldTokenERC20.burnFrom(address,uint256)._value (contracts/safe/safe_168_SAFE.sol#90) is not in mixedCase
Reference: https://github.com/crytic/slither/wiki/Detector-Documentation#conformance-to-solidity-naming-conventions

Detector: too-many-digits
GoldTokenERC20.GoldTokenERC20() (contracts/safe/safe_168_SAFE.sol#37-42) uses literals with too many digits:
	- totalSupply = 100000000 * 10 ** uint256(decimals) (contracts/safe/safe_168_SAFE.sol#38)
Reference: https://github.com/crytic/slither/wiki/Detector-Documentation#too-many-digits

Detector: unindexed-event-address
Event GoldTokenERC20.FrozenFunds(address,bool) (contracts/safe/safe_168_SAFE.sol#28) has address parameters but no indexed parameters
Reference: https://github.com/crytic/slither/wiki/Detector-Documentation#unindexed-event-address-parameters

Detector: constable-states
GoldTokenERC20.decimals (contracts/safe/safe_168_SAFE.sol#23) should be constant 
Reference: https://github.com/crytic/slither/wiki/Detector-Documentation#state-variables-that-could-be-declared-constant
/home/andrei/Рабочий стол/Kursovaya/Diplom/contracts/safe/safe_168_SAFE.sol analyzed (2 contracts with 101 detectors), 17 result(s) found
