'solc --version' running
'solc /home/andrei/Рабочий стол/Kursovaya/Diplom/contracts/safe/safe_266_SAFE.sol --combined-json abi,ast,bin,bin-runtime,srcmap,srcmap-runtime,userdoc,devdoc,hashes,compact-format --allow-paths .,/home/andrei/Рабочий стол/Kursovaya/Diplom/contracts/safe' running
Compilation warnings/errors on /home/andrei/Рабочий стол/Kursovaya/Diplom/contracts/safe/safe_266_SAFE.sol:
/home/andrei/Рабочий стол/Kursovaya/Diplom/contracts/safe/safe_266_SAFE.sol:28:5: Warning: Defining constructors as functions with the same name as the contract is deprecated. Use "constructor(...) { ... }" instead.
    function RBFToken(
    ^ (Relevant source part starts here and spans across multiple lines).


Detector: erc20-interface
RBFToken (contracts/safe/safe_266_SAFE.sol#5-154) has incorrect ERC20 function interface:RBFToken.transfer(address,uint256) (contracts/safe/safe_266_SAFE.sol#68-70)
Reference: https://github.com/crytic/slither/wiki/Detector-Documentation#incorrect-erc20-interface

Detector: solc-version
Version constraint ^0.4.16 contains known severe issues (https://solidity.readthedocs.io/en/latest/bugs.html)
	- DirtyBytesArrayToStorage
	- ABIDecodeTwoDimensionalArrayMemory
	- KeccakCaching
	- EmptyByteArrayCopy
	- DynamicArrayCleanup
	- ImplicitConstructorCallvalueCheck
	- TupleAssignmentMultiStackSlotComponents
	- MemoryArrayCreationOverflow
	- privateCanBeOverridden
	- SignedArrayStorageCopy
	- ABIEncoderV2StorageArrayWithMultiSlotElement
	- DynamicConstructorArgumentsClippedABIV2
	- UninitializedFunctionPointerInConstructor_0.4.x
	- IncorrectEventSignatureInLibraries_0.4.x
	- ExpExponentCleanup
	- NestedArrayFunctionCallDecoder
	- ZeroFunctionSelector.
It is used by:
	- ^0.4.16 (contracts/safe/safe_266_SAFE.sol#1)
solc-0.4.24 is an outdated solc version. Use a more recent version (at least 0.8.0), if possible.
Reference: https://github.com/crytic/slither/wiki/Detector-Documentation#incorrect-versions-of-solidity

Detector: naming-convention
Contract tokenRecipient (contracts/safe/safe_266_SAFE.sol#3) is not in CapWords
Parameter RBFToken.transfer(address,uint256)._to (contracts/safe/safe_266_SAFE.sol#68) is not in mixedCase
Parameter RBFToken.transfer(address,uint256)._value (contracts/safe/safe_266_SAFE.sol#68) is not in mixedCase
Parameter RBFToken.transferFrom(address,address,uint256)._from (contracts/safe/safe_266_SAFE.sol#81) is not in mixedCase
Parameter RBFToken.transferFrom(address,address,uint256)._to (contracts/safe/safe_266_SAFE.sol#81) is not in mixedCase
Parameter RBFToken.transferFrom(address,address,uint256)._value (contracts/safe/safe_266_SAFE.sol#81) is not in mixedCase
Parameter RBFToken.approve(address,uint256)._spender (contracts/safe/safe_266_SAFE.sol#96) is not in mixedCase
Parameter RBFToken.approve(address,uint256)._value (contracts/safe/safe_266_SAFE.sol#96) is not in mixedCase
Parameter RBFToken.approveAndCall(address,uint256,bytes)._spender (contracts/safe/safe_266_SAFE.sol#111) is not in mixedCase
Parameter RBFToken.approveAndCall(address,uint256,bytes)._value (contracts/safe/safe_266_SAFE.sol#111) is not in mixedCase
Parameter RBFToken.approveAndCall(address,uint256,bytes)._extraData (contracts/safe/safe_266_SAFE.sol#111) is not in mixedCase
Parameter RBFToken.burn(uint256)._value (contracts/safe/safe_266_SAFE.sol#128) is not in mixedCase
Parameter RBFToken.burnFrom(address,uint256)._from (contracts/safe/safe_266_SAFE.sol#144) is not in mixedCase
Parameter RBFToken.burnFrom(address,uint256)._value (contracts/safe/safe_266_SAFE.sol#144) is not in mixedCase
Reference: https://github.com/crytic/slither/wiki/Detector-Documentation#conformance-to-solidity-naming-conventions

Detector: constable-states
RBFToken.decimals (contracts/safe/safe_266_SAFE.sol#9) should be constant 
Reference: https://github.com/crytic/slither/wiki/Detector-Documentation#state-variables-that-could-be-declared-constant

Detector: external-function
approveAndCall(address,uint256,bytes) should be declared external:
	- RBFToken.approveAndCall(address,uint256,bytes) (contracts/safe/safe_266_SAFE.sol#111-119)
Reference: https://github.com/crytic/slither/wiki/Detector-Documentation#public-function-that-could-be-declared-external
/home/andrei/Рабочий стол/Kursovaya/Diplom/contracts/safe/safe_266_SAFE.sol analyzed (2 contracts with 101 detectors), 19 result(s) found
