'solc --version' running
'solc /home/andrei/Рабочий стол/Kursovaya/Diplom/contracts/safe/safe_192_SAFE.sol --combined-json abi,ast,bin,bin-runtime,srcmap,srcmap-runtime,userdoc,devdoc,hashes,compact-format --allow-paths .,/home/andrei/Рабочий стол/Kursovaya/Diplom/contracts/safe' running

Detector: reentrancy-eth
Reentrancy in Fomo60Min.core(uint256,uint256,uint256,uint256,uint256,F3Ddatasets.EventReturns) (contracts/safe/safe_192_SAFE.sol#954-1061):
	External calls:
	- _eventData_ = distributeExternal(_rID,_pID,_eth,_affID,_team,_eventData_) (contracts/safe/safe_192_SAFE.sol#1055)
		- ! address(admin).call.value(_com)() (contracts/safe/safe_192_SAFE.sol#1377)
	State variables written after the call(s):
	- _eventData_ = distributeInternal(_rID,_pID,_eth,_team,_keys,_eventData_) (contracts/safe/safe_192_SAFE.sol#1056)
		- airDropPot_ = airDropPot_.add(_air) (contracts/safe/safe_192_SAFE.sol#1443)
	Fomo60Min.airDropPot_ (contracts/safe/safe_192_SAFE.sol#150) can be used in cross function reentrancies:
	- Fomo60Min.airDropPot_ (contracts/safe/safe_192_SAFE.sol#150)
	- Fomo60Min.core(uint256,uint256,uint256,uint256,uint256,F3Ddatasets.EventReturns) (contracts/safe/safe_192_SAFE.sol#954-1061)
	- Fomo60Min.distributeInternal(uint256,uint256,uint256,uint256,uint256,F3Ddatasets.EventReturns) (contracts/safe/safe_192_SAFE.sol#1434-1465)
	- Fomo60Min.endTx(uint256,uint256,uint256,uint256,F3Ddatasets.EventReturns) (contracts/safe/safe_192_SAFE.sol#1525-1548)
	- Fomo60Min.getCurrentRoundInfo() (contracts/safe/safe_192_SAFE.sol#775-800)
	- _eventData_ = distributeInternal(_rID,_pID,_eth,_team,_keys,_eventData_) (contracts/safe/safe_192_SAFE.sol#1056)
		- plyrRnds_[_pID][_rID].mask = (((round_[_rID].mask.mul(_keys)) / (1000000000000000000)).sub(_pearn)).add(plyrRnds_[_pID][_rID].mask) (contracts/safe/safe_192_SAFE.sol#1493)
	Fomo60Min.plyrRnds_ (contracts/safe/safe_192_SAFE.sol#159) can be used in cross function reentrancies:
	- Fomo60Min.calcUnMaskedEarnings(uint256,uint256) (contracts/safe/safe_192_SAFE.sol#1070-1076)
	- Fomo60Min.core(uint256,uint256,uint256,uint256,uint256,F3Ddatasets.EventReturns) (contracts/safe/safe_192_SAFE.sol#954-1061)
	- Fomo60Min.getPlayerInfoByAddress(address) (contracts/safe/safe_192_SAFE.sol#815-839)
	- Fomo60Min.getPlayerVaults(uint256) (contracts/safe/safe_192_SAFE.sol#705-744)
	- Fomo60Min.getPlayerVaultsHelper(uint256,uint256) (contracts/safe/safe_192_SAFE.sol#749-755)
	- Fomo60Min.plyrRnds_ (contracts/safe/safe_192_SAFE.sol#159)
	- Fomo60Min.updateGenVault(uint256,uint256) (contracts/safe/safe_192_SAFE.sol#1302-1313)
	- Fomo60Min.updateMasks(uint256,uint256,uint256,uint256) (contracts/safe/safe_192_SAFE.sol#1471-1497)
	- _eventData_ = distributeInternal(_rID,_pID,_eth,_team,_keys,_eventData_) (contracts/safe/safe_192_SAFE.sol#1056)
		- round_[_rID].mask = _ppt.add(round_[_rID].mask) (contracts/safe/safe_192_SAFE.sol#1488)
		- round_[_rID].pot = _pot.add(_dust).add(round_[_rID].pot) (contracts/safe/safe_192_SAFE.sol#1458)
	Fomo60Min.round_ (contracts/safe/safe_192_SAFE.sol#164) can be used in cross function reentrancies:
	- Fomo60Min.activate() (contracts/safe/safe_192_SAFE.sol#1557-1574)
	- Fomo60Min.buyCore(uint256,uint256,uint256,F3Ddatasets.EventReturns) (contracts/safe/safe_192_SAFE.sol#849-897)
	- Fomo60Min.calcKeysReceived(uint256,uint256) (contracts/safe/safe_192_SAFE.sol#1085-1098)
	- Fomo60Min.calcUnMaskedEarnings(uint256,uint256) (contracts/safe/safe_192_SAFE.sol#1070-1076)
	- Fomo60Min.core(uint256,uint256,uint256,uint256,uint256,F3Ddatasets.EventReturns) (contracts/safe/safe_192_SAFE.sol#954-1061)
	- Fomo60Min.distributeExternal(uint256,uint256,uint256,uint256,uint256,F3Ddatasets.EventReturns) (contracts/safe/safe_192_SAFE.sol#1367-1418)
	- Fomo60Min.distributeInternal(uint256,uint256,uint256,uint256,uint256,F3Ddatasets.EventReturns) (contracts/safe/safe_192_SAFE.sol#1434-1465)
	- Fomo60Min.endRound(F3Ddatasets.EventReturns) (contracts/safe/safe_192_SAFE.sol#1236-1297)
	- Fomo60Min.getBuyPrice() (contracts/safe/safe_192_SAFE.sol#654-670)
	- Fomo60Min.getCurrentRoundInfo() (contracts/safe/safe_192_SAFE.sol#775-800)
	- Fomo60Min.getPlayerVaults(uint256) (contracts/safe/safe_192_SAFE.sol#705-744)
	- Fomo60Min.getPlayerVaultsHelper(uint256,uint256) (contracts/safe/safe_192_SAFE.sol#749-755)
	- Fomo60Min.getTimeLeft() (contracts/safe/safe_192_SAFE.sol#678-696)
	- Fomo60Min.iWantXKeys(uint256) (contracts/safe/safe_192_SAFE.sol#1106-1122)
	- Fomo60Min.potSwap() (contracts/safe/safe_192_SAFE.sol#1420-1429)
	- Fomo60Min.reLoadCore(uint256,uint256,uint256,uint256,F3Ddatasets.EventReturns) (contracts/safe/safe_192_SAFE.sol#903-948)
	- Fomo60Min.round_ (contracts/safe/safe_192_SAFE.sol#164)
	- Fomo60Min.updateMasks(uint256,uint256,uint256,uint256) (contracts/safe/safe_192_SAFE.sol#1471-1497)
	- Fomo60Min.updateTimer(uint256,uint256) (contracts/safe/safe_192_SAFE.sol#1318-1336)
	- Fomo60Min.withdraw() (contracts/safe/safe_192_SAFE.sol#506-572)
Reference: https://github.com/crytic/slither/wiki/Detector-Documentation#reentrancy-vulnerabilities-1

Detector: constant-function-asm
NameFilter.nameFilter(string) (contracts/safe/safe_192_SAFE.sol#1763-1825) is declared view but contains assembly code
Reference: https://github.com/crytic/slither/wiki/Detector-Documentation#constant-functions-using-assembly-code

Detector: divide-before-multiply
Fomo60Min.getPlayerVaultsHelper(uint256,uint256) (contracts/safe/safe_192_SAFE.sol#749-755) performs a multiplication on the result of a division:
	- (((((round_[_rID].mask).add(((((round_[_rID].pot).mul(potSplit_[round_[_rID].team].gen)) / 100).mul(1000000000000000000)) / (round_[_rID].keys))).mul(plyrRnds_[_pID][_rID].keys)) / 1000000000000000000)) (contracts/safe/safe_192_SAFE.sol#754)
Fomo60Min.endRound(F3Ddatasets.EventReturns) (contracts/safe/safe_192_SAFE.sol#1236-1297) performs a multiplication on the result of a division:
	- _gen = (_pot.mul(potSplit_[_winTID].gen)) / 100 (contracts/safe/safe_192_SAFE.sol#1254)
	- _ppt = (_gen.mul(1000000000000000000)) / (round_[_rID].keys) (contracts/safe/safe_192_SAFE.sol#1259)
Fomo60Min.endRound(F3Ddatasets.EventReturns) (contracts/safe/safe_192_SAFE.sol#1236-1297) performs a multiplication on the result of a division:
	- _ppt = (_gen.mul(1000000000000000000)) / (round_[_rID].keys) (contracts/safe/safe_192_SAFE.sol#1259)
	- _dust = _gen.sub((_ppt.mul(round_[_rID].keys)) / 1000000000000000000) (contracts/safe/safe_192_SAFE.sol#1260)
Fomo60Min.updateTimer(uint256,uint256) (contracts/safe/safe_192_SAFE.sol#1318-1336) performs a multiplication on the result of a division:
	- _newTime = (((_keys) / (1000000000000000000)).mul(rndInc_)).add(round_[_rID].end) (contracts/safe/safe_192_SAFE.sol#1329)
Fomo60Min.updateTimer(uint256,uint256) (contracts/safe/safe_192_SAFE.sol#1318-1336) performs a multiplication on the result of a division:
	- _newTime = (((_keys) / (1000000000000000000)).mul(rndInc_)).add(_now) (contracts/safe/safe_192_SAFE.sol#1327)
Fomo60Min.airdrop() (contracts/safe/safe_192_SAFE.sol#1343-1362) performs a multiplication on the result of a division:
	- (seed - ((seed / 1000) * 1000)) < airDropTracker_ (contracts/safe/safe_192_SAFE.sol#1358)
Fomo60Min.updateMasks(uint256,uint256,uint256,uint256) (contracts/safe/safe_192_SAFE.sol#1471-1497) performs a multiplication on the result of a division:
	- _ppt = (_gen.mul(1000000000000000000)) / (round_[_rID].keys) (contracts/safe/safe_192_SAFE.sol#1487)
	- _pearn = (_ppt.mul(_keys)) / (1000000000000000000) (contracts/safe/safe_192_SAFE.sol#1492)
Fomo60Min.updateMasks(uint256,uint256,uint256,uint256) (contracts/safe/safe_192_SAFE.sol#1471-1497) performs a multiplication on the result of a division:
	- _ppt = (_gen.mul(1000000000000000000)) / (round_[_rID].keys) (contracts/safe/safe_192_SAFE.sol#1487)
	- (_gen.sub((_ppt.mul(round_[_rID].keys)) / (1000000000000000000))) (contracts/safe/safe_192_SAFE.sol#1496)
Reference: https://github.com/crytic/slither/wiki/Detector-Documentation#divide-before-multiply

Detector: reentrancy-no-eth
Reentrancy in Fomo60Min.buyXaddr(address,uint256) (contracts/safe/safe_192_SAFE.sol#298-337):
	External calls:
	- _eventData_ = determinePID(_eventData_) (contracts/safe/safe_192_SAFE.sol#306)
		- _pID = PlayerBook.getPlayerID(msg.sender) (contracts/safe/safe_192_SAFE.sol#1172)
		- _name = PlayerBook.getPlayerName(_pID) (contracts/safe/safe_192_SAFE.sol#1173)
		- _laff = PlayerBook.getPlayerLAff(_pID) (contracts/safe/safe_192_SAFE.sol#1174)
	State variables written after the call(s):
	- plyr_[_pID].laff = _affID (contracts/safe/safe_192_SAFE.sol#328)
	Fomo60Min.plyr_ (contracts/safe/safe_192_SAFE.sol#158) can be used in cross function reentrancies:
	- Fomo60Min.buyCore(uint256,uint256,uint256,F3Ddatasets.EventReturns) (contracts/safe/safe_192_SAFE.sol#849-897)
	- Fomo60Min.buyXaddr(address,uint256) (contracts/safe/safe_192_SAFE.sol#298-337)
	- Fomo60Min.buyXid(uint256,uint256) (contracts/safe/safe_192_SAFE.sol#265-296)
	- Fomo60Min.buyXname(bytes32,uint256) (contracts/safe/safe_192_SAFE.sol#339-378)
	- Fomo60Min.core(uint256,uint256,uint256,uint256,uint256,F3Ddatasets.EventReturns) (contracts/safe/safe_192_SAFE.sol#954-1061)
	- Fomo60Min.determinePID(F3Ddatasets.EventReturns) (contracts/safe/safe_192_SAFE.sol#1163-1194)
	- Fomo60Min.distributeExternal(uint256,uint256,uint256,uint256,uint256,F3Ddatasets.EventReturns) (contracts/safe/safe_192_SAFE.sol#1367-1418)
	- Fomo60Min.endRound(F3Ddatasets.EventReturns) (contracts/safe/safe_192_SAFE.sol#1236-1297)
	- Fomo60Min.endTx(uint256,uint256,uint256,uint256,F3Ddatasets.EventReturns) (contracts/safe/safe_192_SAFE.sol#1525-1548)
	- Fomo60Min.fallback() (contracts/safe/safe_192_SAFE.sol#240-255)
	- Fomo60Min.getCurrentRoundInfo() (contracts/safe/safe_192_SAFE.sol#775-800)
	- Fomo60Min.getPlayerInfoByAddress(address) (contracts/safe/safe_192_SAFE.sol#815-839)
	- Fomo60Min.getPlayerVaults(uint256) (contracts/safe/safe_192_SAFE.sol#705-744)
	- Fomo60Min.managePlayer(uint256,F3Ddatasets.EventReturns) (contracts/safe/safe_192_SAFE.sol#1215-1231)
	- Fomo60Min.plyr_ (contracts/safe/safe_192_SAFE.sol#158)
	- Fomo60Min.reLoadCore(uint256,uint256,uint256,uint256,F3Ddatasets.EventReturns) (contracts/safe/safe_192_SAFE.sol#903-948)
	- Fomo60Min.reLoadXaddr(address,uint256,uint256) (contracts/safe/safe_192_SAFE.sol#422-460)
	- Fomo60Min.reLoadXid(uint256,uint256,uint256) (contracts/safe/safe_192_SAFE.sol#390-420)
	- Fomo60Min.reLoadXname(bytes32,uint256,uint256) (contracts/safe/safe_192_SAFE.sol#462-500)
	- Fomo60Min.receivePlayerInfo(uint256,address,bytes32,uint256) (contracts/safe/safe_192_SAFE.sol#1130-1146)
	- Fomo60Min.registerNameXID(string,uint256,bool) (contracts/safe/safe_192_SAFE.sol#598-612)
	- Fomo60Min.registerNameXaddr(string,address,bool) (contracts/safe/safe_192_SAFE.sol#614-628)
	- Fomo60Min.registerNameXname(string,bytes32,bool) (contracts/safe/safe_192_SAFE.sol#630-644)
	- Fomo60Min.updateGenVault(uint256,uint256) (contracts/safe/safe_192_SAFE.sol#1302-1313)
	- Fomo60Min.withdraw() (contracts/safe/safe_192_SAFE.sol#506-572)
	- Fomo60Min.withdrawEarnings(uint256) (contracts/safe/safe_192_SAFE.sol#1503-1520)
Reentrancy in Fomo60Min.buyXid(uint256,uint256) (contracts/safe/safe_192_SAFE.sol#265-296):
	External calls:
	- _eventData_ = determinePID(_eventData_) (contracts/safe/safe_192_SAFE.sol#273)
		- _pID = PlayerBook.getPlayerID(msg.sender) (contracts/safe/safe_192_SAFE.sol#1172)
		- _name = PlayerBook.getPlayerName(_pID) (contracts/safe/safe_192_SAFE.sol#1173)
		- _laff = PlayerBook.getPlayerLAff(_pID) (contracts/safe/safe_192_SAFE.sol#1174)
	State variables written after the call(s):
	- plyr_[_pID].laff = _affCode (contracts/safe/safe_192_SAFE.sol#288)
	Fomo60Min.plyr_ (contracts/safe/safe_192_SAFE.sol#158) can be used in cross function reentrancies:
	- Fomo60Min.buyCore(uint256,uint256,uint256,F3Ddatasets.EventReturns) (contracts/safe/safe_192_SAFE.sol#849-897)
	- Fomo60Min.buyXaddr(address,uint256) (contracts/safe/safe_192_SAFE.sol#298-337)
	- Fomo60Min.buyXid(uint256,uint256) (contracts/safe/safe_192_SAFE.sol#265-296)
	- Fomo60Min.buyXname(bytes32,uint256) (contracts/safe/safe_192_SAFE.sol#339-378)
	- Fomo60Min.core(uint256,uint256,uint256,uint256,uint256,F3Ddatasets.EventReturns) (contracts/safe/safe_192_SAFE.sol#954-1061)
	- Fomo60Min.determinePID(F3Ddatasets.EventReturns) (contracts/safe/safe_192_SAFE.sol#1163-1194)
	- Fomo60Min.distributeExternal(uint256,uint256,uint256,uint256,uint256,F3Ddatasets.EventReturns) (contracts/safe/safe_192_SAFE.sol#1367-1418)
	- Fomo60Min.endRound(F3Ddatasets.EventReturns) (contracts/safe/safe_192_SAFE.sol#1236-1297)
	- Fomo60Min.endTx(uint256,uint256,uint256,uint256,F3Ddatasets.EventReturns) (contracts/safe/safe_192_SAFE.sol#1525-1548)
	- Fomo60Min.fallback() (contracts/safe/safe_192_SAFE.sol#240-255)
	- Fomo60Min.getCurrentRoundInfo() (contracts/safe/safe_192_SAFE.sol#775-800)
	- Fomo60Min.getPlayerInfoByAddress(address) (contracts/safe/safe_192_SAFE.sol#815-839)
	- Fomo60Min.getPlayerVaults(uint256) (contracts/safe/safe_192_SAFE.sol#705-744)
	- Fomo60Min.managePlayer(uint256,F3Ddatasets.EventReturns) (contracts/safe/safe_192_SAFE.sol#1215-1231)
	- Fomo60Min.plyr_ (contracts/safe/safe_192_SAFE.sol#158)
	- Fomo60Min.reLoadCore(uint256,uint256,uint256,uint256,F3Ddatasets.EventReturns) (contracts/safe/safe_192_SAFE.sol#903-948)
	- Fomo60Min.reLoadXaddr(address,uint256,uint256) (contracts/safe/safe_192_SAFE.sol#422-460)
	- Fomo60Min.reLoadXid(uint256,uint256,uint256) (contracts/safe/safe_192_SAFE.sol#390-420)
	- Fomo60Min.reLoadXname(bytes32,uint256,uint256) (contracts/safe/safe_192_SAFE.sol#462-500)
	- Fomo60Min.receivePlayerInfo(uint256,address,bytes32,uint256) (contracts/safe/safe_192_SAFE.sol#1130-1146)
	- Fomo60Min.registerNameXID(string,uint256,bool) (contracts/safe/safe_192_SAFE.sol#598-612)
	- Fomo60Min.registerNameXaddr(string,address,bool) (contracts/safe/safe_192_SAFE.sol#614-628)
	- Fomo60Min.registerNameXname(string,bytes32,bool) (contracts/safe/safe_192_SAFE.sol#630-644)
	- Fomo60Min.updateGenVault(uint256,uint256) (contracts/safe/safe_192_SAFE.sol#1302-1313)
	- Fomo60Min.withdraw() (contracts/safe/safe_192_SAFE.sol#506-572)
	- Fomo60Min.withdrawEarnings(uint256) (contracts/safe/safe_192_SAFE.sol#1503-1520)
Reentrancy in Fomo60Min.buyXname(bytes32,uint256) (contracts/safe/safe_192_SAFE.sol#339-378):
	External calls:
	- _eventData_ = determinePID(_eventData_) (contracts/safe/safe_192_SAFE.sol#347)
		- _pID = PlayerBook.getPlayerID(msg.sender) (contracts/safe/safe_192_SAFE.sol#1172)
		- _name = PlayerBook.getPlayerName(_pID) (contracts/safe/safe_192_SAFE.sol#1173)
		- _laff = PlayerBook.getPlayerLAff(_pID) (contracts/safe/safe_192_SAFE.sol#1174)
	State variables written after the call(s):
	- plyr_[_pID].laff = _affID (contracts/safe/safe_192_SAFE.sol#369)
	Fomo60Min.plyr_ (contracts/safe/safe_192_SAFE.sol#158) can be used in cross function reentrancies:
	- Fomo60Min.buyCore(uint256,uint256,uint256,F3Ddatasets.EventReturns) (contracts/safe/safe_192_SAFE.sol#849-897)
	- Fomo60Min.buyXaddr(address,uint256) (contracts/safe/safe_192_SAFE.sol#298-337)
	- Fomo60Min.buyXid(uint256,uint256) (contracts/safe/safe_192_SAFE.sol#265-296)
	- Fomo60Min.buyXname(bytes32,uint256) (contracts/safe/safe_192_SAFE.sol#339-378)
	- Fomo60Min.core(uint256,uint256,uint256,uint256,uint256,F3Ddatasets.EventReturns) (contracts/safe/safe_192_SAFE.sol#954-1061)
	- Fomo60Min.determinePID(F3Ddatasets.EventReturns) (contracts/safe/safe_192_SAFE.sol#1163-1194)
	- Fomo60Min.distributeExternal(uint256,uint256,uint256,uint256,uint256,F3Ddatasets.EventReturns) (contracts/safe/safe_192_SAFE.sol#1367-1418)
	- Fomo60Min.endRound(F3Ddatasets.EventReturns) (contracts/safe/safe_192_SAFE.sol#1236-1297)
	- Fomo60Min.endTx(uint256,uint256,uint256,uint256,F3Ddatasets.EventReturns) (contracts/safe/safe_192_SAFE.sol#1525-1548)
	- Fomo60Min.fallback() (contracts/safe/safe_192_SAFE.sol#240-255)
	- Fomo60Min.getCurrentRoundInfo() (contracts/safe/safe_192_SAFE.sol#775-800)
	- Fomo60Min.getPlayerInfoByAddress(address) (contracts/safe/safe_192_SAFE.sol#815-839)
	- Fomo60Min.getPlayerVaults(uint256) (contracts/safe/safe_192_SAFE.sol#705-744)
	- Fomo60Min.managePlayer(uint256,F3Ddatasets.EventReturns) (contracts/safe/safe_192_SAFE.sol#1215-1231)
	- Fomo60Min.plyr_ (contracts/safe/safe_192_SAFE.sol#158)
	- Fomo60Min.reLoadCore(uint256,uint256,uint256,uint256,F3Ddatasets.EventReturns) (contracts/safe/safe_192_SAFE.sol#903-948)
	- Fomo60Min.reLoadXaddr(address,uint256,uint256) (contracts/safe/safe_192_SAFE.sol#422-460)
	- Fomo60Min.reLoadXid(uint256,uint256,uint256) (contracts/safe/safe_192_SAFE.sol#390-420)
	- Fomo60Min.reLoadXname(bytes32,uint256,uint256) (contracts/safe/safe_192_SAFE.sol#462-500)
	- Fomo60Min.receivePlayerInfo(uint256,address,bytes32,uint256) (contracts/safe/safe_192_SAFE.sol#1130-1146)
	- Fomo60Min.registerNameXID(string,uint256,bool) (contracts/safe/safe_192_SAFE.sol#598-612)
	- Fomo60Min.registerNameXaddr(string,address,bool) (contracts/safe/safe_192_SAFE.sol#614-628)
	- Fomo60Min.registerNameXname(string,bytes32,bool) (contracts/safe/safe_192_SAFE.sol#630-644)
	- Fomo60Min.updateGenVault(uint256,uint256) (contracts/safe/safe_192_SAFE.sol#1302-1313)
	- Fomo60Min.withdraw() (contracts/safe/safe_192_SAFE.sol#506-572)
	- Fomo60Min.withdrawEarnings(uint256) (contracts/safe/safe_192_SAFE.sol#1503-1520)
Reentrancy in Fomo60Min.determinePID(F3Ddatasets.EventReturns) (contracts/safe/safe_192_SAFE.sol#1163-1194):
	External calls:
	- _pID = PlayerBook.getPlayerID(msg.sender) (contracts/safe/safe_192_SAFE.sol#1172)
	- _name = PlayerBook.getPlayerName(_pID) (contracts/safe/safe_192_SAFE.sol#1173)
	- _laff = PlayerBook.getPlayerLAff(_pID) (contracts/safe/safe_192_SAFE.sol#1174)
	State variables written after the call(s):
	- pIDxAddr_[msg.sender] = _pID (contracts/safe/safe_192_SAFE.sol#1177)
	Fomo60Min.pIDxAddr_ (contracts/safe/safe_192_SAFE.sol#156) can be used in cross function reentrancies:
	- Fomo60Min.buyXaddr(address,uint256) (contracts/safe/safe_192_SAFE.sol#298-337)
	- Fomo60Min.buyXid(uint256,uint256) (contracts/safe/safe_192_SAFE.sol#265-296)
	- Fomo60Min.buyXname(bytes32,uint256) (contracts/safe/safe_192_SAFE.sol#339-378)
	- Fomo60Min.determinePID(F3Ddatasets.EventReturns) (contracts/safe/safe_192_SAFE.sol#1163-1194)
	- Fomo60Min.fallback() (contracts/safe/safe_192_SAFE.sol#240-255)
	- Fomo60Min.getPlayerInfoByAddress(address) (contracts/safe/safe_192_SAFE.sol#815-839)
	- Fomo60Min.pIDxAddr_ (contracts/safe/safe_192_SAFE.sol#156)
	- Fomo60Min.reLoadXaddr(address,uint256,uint256) (contracts/safe/safe_192_SAFE.sol#422-460)
	- Fomo60Min.reLoadXid(uint256,uint256,uint256) (contracts/safe/safe_192_SAFE.sol#390-420)
	- Fomo60Min.reLoadXname(bytes32,uint256,uint256) (contracts/safe/safe_192_SAFE.sol#462-500)
	- Fomo60Min.receivePlayerInfo(uint256,address,bytes32,uint256) (contracts/safe/safe_192_SAFE.sol#1130-1146)
	- Fomo60Min.registerNameXID(string,uint256,bool) (contracts/safe/safe_192_SAFE.sol#598-612)
	- Fomo60Min.registerNameXaddr(string,address,bool) (contracts/safe/safe_192_SAFE.sol#614-628)
	- Fomo60Min.registerNameXname(string,bytes32,bool) (contracts/safe/safe_192_SAFE.sol#630-644)
	- Fomo60Min.withdraw() (contracts/safe/safe_192_SAFE.sol#506-572)
Reference: https://github.com/crytic/slither/wiki/Detector-Documentation#reentrancy-vulnerabilities-2

Detector: tautology
Fomo60Min.verifyTeam(uint256) (contracts/safe/safe_192_SAFE.sol#1200-1209) contains a tautology or contradiction:
	- _team < 0 || _team > 3 (contracts/safe/safe_192_SAFE.sol#1205)
Reference: https://github.com/crytic/slither/wiki/Detector-Documentation#tautology-or-contradiction

Detector: uninitialized-local
Fomo60Min.reLoadXname(bytes32,uint256,uint256)._eventData_ (contracts/safe/safe_192_SAFE.sol#469) is a local variable never initialized
Fomo60Min.distributeExternal(uint256,uint256,uint256,uint256,uint256,F3Ddatasets.EventReturns)._p3d (contracts/safe/safe_192_SAFE.sol#1376) is a local variable never initialized
Fomo60Min.reLoadXid(uint256,uint256,uint256)._eventData_ (contracts/safe/safe_192_SAFE.sol#397) is a local variable never initialized
Fomo60Min.reLoadXaddr(address,uint256,uint256)._eventData_ (contracts/safe/safe_192_SAFE.sol#429) is a local variable never initialized
Fomo60Min.withdraw()._eventData_ (contracts/safe/safe_192_SAFE.sol#527) is a local variable never initialized
Fomo60Min.core(uint256,uint256,uint256,uint256,uint256,F3Ddatasets.EventReturns)._prize (contracts/safe/safe_192_SAFE.sol#999) is a local variable never initialized
Reference: https://github.com/crytic/slither/wiki/Detector-Documentation#uninitialized-local-variables

Detector: reentrancy-benign
Reentrancy in Fomo60Min.determinePID(F3Ddatasets.EventReturns) (contracts/safe/safe_192_SAFE.sol#1163-1194):
	External calls:
	- _pID = PlayerBook.getPlayerID(msg.sender) (contracts/safe/safe_192_SAFE.sol#1172)
	- _name = PlayerBook.getPlayerName(_pID) (contracts/safe/safe_192_SAFE.sol#1173)
	- _laff = PlayerBook.getPlayerLAff(_pID) (contracts/safe/safe_192_SAFE.sol#1174)
	State variables written after the call(s):
	- pIDxName_[_name] = _pID (contracts/safe/safe_192_SAFE.sol#1182)
	- plyrNames_[_pID][_name] = true (contracts/safe/safe_192_SAFE.sol#1184)
	- plyr_[_pID].addr = msg.sender (contracts/safe/safe_192_SAFE.sol#1178)
	- plyr_[_pID].name = _name (contracts/safe/safe_192_SAFE.sol#1183)
	- plyr_[_pID].laff = _laff (contracts/safe/safe_192_SAFE.sol#1188)
Reentrancy in Fomo60Min.distributeExternal(uint256,uint256,uint256,uint256,uint256,F3Ddatasets.EventReturns) (contracts/safe/safe_192_SAFE.sol#1367-1418):
	External calls:
	- ! address(admin).call.value(_com)() (contracts/safe/safe_192_SAFE.sol#1377)
	State variables written after the call(s):
	- plyr_[_affID].aff = _aff.add(plyr_[_affID].aff) (contracts/safe/safe_192_SAFE.sol#1396)
	- round_[_rID].pot = round_[_rID].pot.add(_potAmount) (contracts/safe/safe_192_SAFE.sol#1411)
Reference: https://github.com/crytic/slither/wiki/Detector-Documentation#reentrancy-vulnerabilities-3

Detector: reentrancy-events
Reentrancy in Fomo60Min.buyXaddr(address,uint256) (contracts/safe/safe_192_SAFE.sol#298-337):
	External calls:
	- _eventData_ = determinePID(_eventData_) (contracts/safe/safe_192_SAFE.sol#306)
		- _pID = PlayerBook.getPlayerID(msg.sender) (contracts/safe/safe_192_SAFE.sol#1172)
		- _name = PlayerBook.getPlayerName(_pID) (contracts/safe/safe_192_SAFE.sol#1173)
		- _laff = PlayerBook.getPlayerLAff(_pID) (contracts/safe/safe_192_SAFE.sol#1174)
	- buyCore(_pID,_affID,_team,_eventData_) (contracts/safe/safe_192_SAFE.sol#336)
		- ! address(admin).call.value(_com)() (contracts/safe/safe_192_SAFE.sol#1377)
	External calls sending eth:
	- buyCore(_pID,_affID,_team,_eventData_) (contracts/safe/safe_192_SAFE.sol#336)
		- ! address(admin).call.value(_com)() (contracts/safe/safe_192_SAFE.sol#1377)
	Event emitted after the call(s):
	- F3Devents.onAffiliatePayout(_affID,plyr_[_affID].addr,plyr_[_affID].name,_rID,_pID,_aff,now) (contracts/safe/safe_192_SAFE.sol#1397)
		- buyCore(_pID,_affID,_team,_eventData_) (contracts/safe/safe_192_SAFE.sol#336)
	- F3Devents.onBuyAndDistribute(msg.sender,plyr_[_pID].name,msg.value,_eventData_.compressedData,_eventData_.compressedIDs,_eventData_.winnerAddr,_eventData_.winnerName,_eventData_.amountWon,_eventData_.newPot,_eventData_.P3DAmount,_eventData_.genAmount) (contracts/safe/safe_192_SAFE.sol#878-891)
		- buyCore(_pID,_affID,_team,_eventData_) (contracts/safe/safe_192_SAFE.sol#336)
	- F3Devents.onEndTx(_eventData_.compressedData,_eventData_.compressedIDs,plyr_[_pID].name,msg.sender,_eth,_keys,_eventData_.winnerAddr,_eventData_.winnerName,_eventData_.amountWon,_eventData_.newPot,_eventData_.P3DAmount,_eventData_.genAmount,_eventData_.potAmount,airDropPot_) (contracts/safe/safe_192_SAFE.sol#1531-1547)
		- buyCore(_pID,_affID,_team,_eventData_) (contracts/safe/safe_192_SAFE.sol#336)
Reentrancy in Fomo60Min.buyXid(uint256,uint256) (contracts/safe/safe_192_SAFE.sol#265-296):
	External calls:
	- _eventData_ = determinePID(_eventData_) (contracts/safe/safe_192_SAFE.sol#273)
		- _pID = PlayerBook.getPlayerID(msg.sender) (contracts/safe/safe_192_SAFE.sol#1172)
		- _name = PlayerBook.getPlayerName(_pID) (contracts/safe/safe_192_SAFE.sol#1173)
		- _laff = PlayerBook.getPlayerLAff(_pID) (contracts/safe/safe_192_SAFE.sol#1174)
	- buyCore(_pID,_affCode,_team,_eventData_) (contracts/safe/safe_192_SAFE.sol#295)
		- ! address(admin).call.value(_com)() (contracts/safe/safe_192_SAFE.sol#1377)
	External calls sending eth:
	- buyCore(_pID,_affCode,_team,_eventData_) (contracts/safe/safe_192_SAFE.sol#295)
		- ! address(admin).call.value(_com)() (contracts/safe/safe_192_SAFE.sol#1377)
	Event emitted after the call(s):
	- F3Devents.onAffiliatePayout(_affID,plyr_[_affID].addr,plyr_[_affID].name,_rID,_pID,_aff,now) (contracts/safe/safe_192_SAFE.sol#1397)
		- buyCore(_pID,_affCode,_team,_eventData_) (contracts/safe/safe_192_SAFE.sol#295)
	- F3Devents.onBuyAndDistribute(msg.sender,plyr_[_pID].name,msg.value,_eventData_.compressedData,_eventData_.compressedIDs,_eventData_.winnerAddr,_eventData_.winnerName,_eventData_.amountWon,_eventData_.newPot,_eventData_.P3DAmount,_eventData_.genAmount) (contracts/safe/safe_192_SAFE.sol#878-891)
		- buyCore(_pID,_affCode,_team,_eventData_) (contracts/safe/safe_192_SAFE.sol#295)
	- F3Devents.onEndTx(_eventData_.compressedData,_eventData_.compressedIDs,plyr_[_pID].name,msg.sender,_eth,_keys,_eventData_.winnerAddr,_eventData_.winnerName,_eventData_.amountWon,_eventData_.newPot,_eventData_.P3DAmount,_eventData_.genAmount,_eventData_.potAmount,airDropPot_) (contracts/safe/safe_192_SAFE.sol#1531-1547)
		- buyCore(_pID,_affCode,_team,_eventData_) (contracts/safe/safe_192_SAFE.sol#295)
Reentrancy in Fomo60Min.buyXname(bytes32,uint256) (contracts/safe/safe_192_SAFE.sol#339-378):
	External calls:
	- _eventData_ = determinePID(_eventData_) (contracts/safe/safe_192_SAFE.sol#347)
		- _pID = PlayerBook.getPlayerID(msg.sender) (contracts/safe/safe_192_SAFE.sol#1172)
		- _name = PlayerBook.getPlayerName(_pID) (contracts/safe/safe_192_SAFE.sol#1173)
		- _laff = PlayerBook.getPlayerLAff(_pID) (contracts/safe/safe_192_SAFE.sol#1174)
	- buyCore(_pID,_affID,_team,_eventData_) (contracts/safe/safe_192_SAFE.sol#377)
		- ! address(admin).call.value(_com)() (contracts/safe/safe_192_SAFE.sol#1377)
	External calls sending eth:
	- buyCore(_pID,_affID,_team,_eventData_) (contracts/safe/safe_192_SAFE.sol#377)
		- ! address(admin).call.value(_com)() (contracts/safe/safe_192_SAFE.sol#1377)
	Event emitted after the call(s):
	- F3Devents.onAffiliatePayout(_affID,plyr_[_affID].addr,plyr_[_affID].name,_rID,_pID,_aff,now) (contracts/safe/safe_192_SAFE.sol#1397)
		- buyCore(_pID,_affID,_team,_eventData_) (contracts/safe/safe_192_SAFE.sol#377)
	- F3Devents.onBuyAndDistribute(msg.sender,plyr_[_pID].name,msg.value,_eventData_.compressedData,_eventData_.compressedIDs,_eventData_.winnerAddr,_eventData_.winnerName,_eventData_.amountWon,_eventData_.newPot,_eventData_.P3DAmount,_eventData_.genAmount) (contracts/safe/safe_192_SAFE.sol#878-891)
		- buyCore(_pID,_affID,_team,_eventData_) (contracts/safe/safe_192_SAFE.sol#377)
	- F3Devents.onEndTx(_eventData_.compressedData,_eventData_.compressedIDs,plyr_[_pID].name,msg.sender,_eth,_keys,_eventData_.winnerAddr,_eventData_.winnerName,_eventData_.amountWon,_eventData_.newPot,_eventData_.P3DAmount,_eventData_.genAmount,_eventData_.potAmount,airDropPot_) (contracts/safe/safe_192_SAFE.sol#1531-1547)
		- buyCore(_pID,_affID,_team,_eventData_) (contracts/safe/safe_192_SAFE.sol#377)
Reentrancy in Fomo60Min.core(uint256,uint256,uint256,uint256,uint256,F3Ddatasets.EventReturns) (contracts/safe/safe_192_SAFE.sol#954-1061):
	External calls:
	- _eventData_ = distributeExternal(_rID,_pID,_eth,_affID,_team,_eventData_) (contracts/safe/safe_192_SAFE.sol#1055)
		- ! address(admin).call.value(_com)() (contracts/safe/safe_192_SAFE.sol#1377)
	Event emitted after the call(s):
	- F3Devents.onEndTx(_eventData_.compressedData,_eventData_.compressedIDs,plyr_[_pID].name,msg.sender,_eth,_keys,_eventData_.winnerAddr,_eventData_.winnerName,_eventData_.amountWon,_eventData_.newPot,_eventData_.P3DAmount,_eventData_.genAmount,_eventData_.potAmount,airDropPot_) (contracts/safe/safe_192_SAFE.sol#1531-1547)
		- endTx(_pID,_team,_eth,_keys,_eventData_) (contracts/safe/safe_192_SAFE.sol#1059)
Reentrancy in Fomo60Min.distributeExternal(uint256,uint256,uint256,uint256,uint256,F3Ddatasets.EventReturns) (contracts/safe/safe_192_SAFE.sol#1367-1418):
	External calls:
	- ! address(admin).call.value(_com)() (contracts/safe/safe_192_SAFE.sol#1377)
	Event emitted after the call(s):
	- F3Devents.onAffiliatePayout(_affID,plyr_[_affID].addr,plyr_[_affID].name,_rID,_pID,_aff,now) (contracts/safe/safe_192_SAFE.sol#1397)
Reentrancy in Fomo60Min.fallback() (contracts/safe/safe_192_SAFE.sol#240-255):
	External calls:
	- _eventData_ = determinePID(_eventData_) (contracts/safe/safe_192_SAFE.sol#248)
		- _pID = PlayerBook.getPlayerID(msg.sender) (contracts/safe/safe_192_SAFE.sol#1172)
		- _name = PlayerBook.getPlayerName(_pID) (contracts/safe/safe_192_SAFE.sol#1173)
		- _laff = PlayerBook.getPlayerLAff(_pID) (contracts/safe/safe_192_SAFE.sol#1174)
	- buyCore(_pID,plyr_[_pID].laff,2,_eventData_) (contracts/safe/safe_192_SAFE.sol#254)
		- ! address(admin).call.value(_com)() (contracts/safe/safe_192_SAFE.sol#1377)
	External calls sending eth:
	- buyCore(_pID,plyr_[_pID].laff,2,_eventData_) (contracts/safe/safe_192_SAFE.sol#254)
		- ! address(admin).call.value(_com)() (contracts/safe/safe_192_SAFE.sol#1377)
	Event emitted after the call(s):
	- F3Devents.onAffiliatePayout(_affID,plyr_[_affID].addr,plyr_[_affID].name,_rID,_pID,_aff,now) (contracts/safe/safe_192_SAFE.sol#1397)
		- buyCore(_pID,plyr_[_pID].laff,2,_eventData_) (contracts/safe/safe_192_SAFE.sol#254)
	- F3Devents.onBuyAndDistribute(msg.sender,plyr_[_pID].name,msg.value,_eventData_.compressedData,_eventData_.compressedIDs,_eventData_.winnerAddr,_eventData_.winnerName,_eventData_.amountWon,_eventData_.newPot,_eventData_.P3DAmount,_eventData_.genAmount) (contracts/safe/safe_192_SAFE.sol#878-891)
		- buyCore(_pID,plyr_[_pID].laff,2,_eventData_) (contracts/safe/safe_192_SAFE.sol#254)
	- F3Devents.onEndTx(_eventData_.compressedData,_eventData_.compressedIDs,plyr_[_pID].name,msg.sender,_eth,_keys,_eventData_.winnerAddr,_eventData_.winnerName,_eventData_.amountWon,_eventData_.newPot,_eventData_.P3DAmount,_eventData_.genAmount,_eventData_.potAmount,airDropPot_) (contracts/safe/safe_192_SAFE.sol#1531-1547)
		- buyCore(_pID,plyr_[_pID].laff,2,_eventData_) (contracts/safe/safe_192_SAFE.sol#254)
Reentrancy in Fomo60Min.registerNameXID(string,uint256,bool) (contracts/safe/safe_192_SAFE.sol#598-612):
	External calls:
	- (_isNewPlayer,_affID) = PlayerBook.registerNameXIDFromDapp.value(_paid)(_addr,_name,_affCode,_all) (contracts/safe/safe_192_SAFE.sol#606)
	Event emitted after the call(s):
	- F3Devents.onNewName(_pID,_addr,_name,_isNewPlayer,_affID,plyr_[_affID].addr,plyr_[_affID].name,_paid,now) (contracts/safe/safe_192_SAFE.sol#611)
Reentrancy in Fomo60Min.registerNameXaddr(string,address,bool) (contracts/safe/safe_192_SAFE.sol#614-628):
	External calls:
	- (_isNewPlayer,_affID) = PlayerBook.registerNameXaddrFromDapp.value(msg.value)(msg.sender,_name,_affCode,_all) (contracts/safe/safe_192_SAFE.sol#622)
	Event emitted after the call(s):
	- F3Devents.onNewName(_pID,_addr,_name,_isNewPlayer,_affID,plyr_[_affID].addr,plyr_[_affID].name,_paid,now) (contracts/safe/safe_192_SAFE.sol#627)
Reentrancy in Fomo60Min.registerNameXname(string,bytes32,bool) (contracts/safe/safe_192_SAFE.sol#630-644):
	External calls:
	- (_isNewPlayer,_affID) = PlayerBook.registerNameXnameFromDapp.value(msg.value)(msg.sender,_name,_affCode,_all) (contracts/safe/safe_192_SAFE.sol#638)
	Event emitted after the call(s):
	- F3Devents.onNewName(_pID,_addr,_name,_isNewPlayer,_affID,plyr_[_affID].addr,plyr_[_affID].name,_paid,now) (contracts/safe/safe_192_SAFE.sol#643)
Reference: https://github.com/crytic/slither/wiki/Detector-Documentation#reentrancy-vulnerabilities-4

Detector: timestamp
Fomo60Min.withdraw() (contracts/safe/safe_192_SAFE.sol#506-572) uses timestamp for comparisons
	Dangerous comparisons:
	- _now > round_[_rID].end && round_[_rID].ended == false && round_[_rID].plyr != 0 (contracts/safe/safe_192_SAFE.sol#524)
Fomo60Min.getBuyPrice() (contracts/safe/safe_192_SAFE.sol#654-670) uses timestamp for comparisons
	Dangerous comparisons:
	- _now > round_[_rID].strt + rndGap_ && (_now <= round_[_rID].end || (_now > round_[_rID].end && round_[_rID].plyr == 0)) (contracts/safe/safe_192_SAFE.sol#666)
Fomo60Min.getTimeLeft() (contracts/safe/safe_192_SAFE.sol#678-696) uses timestamp for comparisons
	Dangerous comparisons:
	- _now < round_[_rID].end (contracts/safe/safe_192_SAFE.sol#689)
	- _now > round_[_rID].strt + rndGap_ (contracts/safe/safe_192_SAFE.sol#690)
Fomo60Min.getPlayerVaults(uint256) (contracts/safe/safe_192_SAFE.sol#705-744) uses timestamp for comparisons
	Dangerous comparisons:
	- now > round_[_rID].end && round_[_rID].ended == false && round_[_rID].plyr != 0 (contracts/safe/safe_192_SAFE.sol#714)
Fomo60Min.buyCore(uint256,uint256,uint256,F3Ddatasets.EventReturns) (contracts/safe/safe_192_SAFE.sol#849-897) uses timestamp for comparisons
	Dangerous comparisons:
	- _now > round_[_rID].strt + rndGap_ && (_now <= round_[_rID].end || (_now > round_[_rID].end && round_[_rID].plyr == 0)) (contracts/safe/safe_192_SAFE.sol#859)
	- _now > round_[_rID].end && round_[_rID].ended == false (contracts/safe/safe_192_SAFE.sol#867)
Fomo60Min.reLoadCore(uint256,uint256,uint256,uint256,F3Ddatasets.EventReturns) (contracts/safe/safe_192_SAFE.sol#903-948) uses timestamp for comparisons
	Dangerous comparisons:
	- _now > round_[_rID].strt + rndGap_ && (_now <= round_[_rID].end || (_now > round_[_rID].end && round_[_rID].plyr == 0)) (contracts/safe/safe_192_SAFE.sol#913)
	- _now > round_[_rID].end && round_[_rID].ended == false (contracts/safe/safe_192_SAFE.sol#924)
Fomo60Min.calcKeysReceived(uint256,uint256) (contracts/safe/safe_192_SAFE.sol#1085-1098) uses timestamp for comparisons
	Dangerous comparisons:
	- _now > round_[_rID].strt + rndGap_ && (_now <= round_[_rID].end || (_now > round_[_rID].end && round_[_rID].plyr == 0)) (contracts/safe/safe_192_SAFE.sol#1094)
Fomo60Min.iWantXKeys(uint256) (contracts/safe/safe_192_SAFE.sol#1106-1122) uses timestamp for comparisons
	Dangerous comparisons:
	- _now > round_[_rID].strt + rndGap_ && (_now <= round_[_rID].end || (_now > round_[_rID].end && round_[_rID].plyr == 0)) (contracts/safe/safe_192_SAFE.sol#1118)
Fomo60Min.updateTimer(uint256,uint256) (contracts/safe/safe_192_SAFE.sol#1318-1336) uses timestamp for comparisons
	Dangerous comparisons:
	- _now > round_[_rID].end && round_[_rID].plyr == 0 (contracts/safe/safe_192_SAFE.sol#1326)
	- _newTime < (rndMax_).add(_now) (contracts/safe/safe_192_SAFE.sol#1332)
Fomo60Min.airdrop() (contracts/safe/safe_192_SAFE.sol#1343-1362) uses timestamp for comparisons
	Dangerous comparisons:
	- (seed - ((seed / 1000) * 1000)) < airDropTracker_ (contracts/safe/safe_192_SAFE.sol#1358)
Reference: https://github.com/crytic/slither/wiki/Detector-Documentation#block-timestamp

Detector: assembly
NameFilter.nameFilter(string) (contracts/safe/safe_192_SAFE.sol#1763-1825) uses assembly
	- INLINE ASM (contracts/safe/safe_192_SAFE.sol#1821-1824)
Reference: https://github.com/crytic/slither/wiki/Detector-Documentation#assembly-usage

Detector: boolean-equal
Fomo60Min.withdraw() (contracts/safe/safe_192_SAFE.sol#506-572) compares to a boolean constant:
	-_now > round_[_rID].end && round_[_rID].ended == false && round_[_rID].plyr != 0 (contracts/safe/safe_192_SAFE.sol#524)
Fomo60Min.getPlayerVaults(uint256) (contracts/safe/safe_192_SAFE.sol#705-744) compares to a boolean constant:
	-now > round_[_rID].end && round_[_rID].ended == false && round_[_rID].plyr != 0 (contracts/safe/safe_192_SAFE.sol#714)
Fomo60Min.buyCore(uint256,uint256,uint256,F3Ddatasets.EventReturns) (contracts/safe/safe_192_SAFE.sol#849-897) compares to a boolean constant:
	-_now > round_[_rID].end && round_[_rID].ended == false (contracts/safe/safe_192_SAFE.sol#867)
Fomo60Min.reLoadCore(uint256,uint256,uint256,uint256,F3Ddatasets.EventReturns) (contracts/safe/safe_192_SAFE.sol#903-948) compares to a boolean constant:
	-_now > round_[_rID].end && round_[_rID].ended == false (contracts/safe/safe_192_SAFE.sol#924)
Fomo60Min.core(uint256,uint256,uint256,uint256,uint256,F3Ddatasets.EventReturns) (contracts/safe/safe_192_SAFE.sol#954-1061) compares to a boolean constant:
	-airdrop() == true (contracts/safe/safe_192_SAFE.sol#996)
Fomo60Min.receivePlayerInfo(uint256,address,bytes32,uint256) (contracts/safe/safe_192_SAFE.sol#1130-1146) compares to a boolean constant:
	-plyrNames_[_pID][_name] == false (contracts/safe/safe_192_SAFE.sol#1144)
Fomo60Min.receivePlayerNameList(uint256,bytes32) (contracts/safe/safe_192_SAFE.sol#1151-1157) compares to a boolean constant:
	-plyrNames_[_pID][_name] == false (contracts/safe/safe_192_SAFE.sol#1155)
Fomo60Min.activate() (contracts/safe/safe_192_SAFE.sol#1557-1574) compares to a boolean constant:
	-require(bool,string)(activated_ == false,FOMO Short already activated) (contracts/safe/safe_192_SAFE.sol#1565)
Fomo60Min.isActivated() (contracts/safe/safe_192_SAFE.sol#207-210) compares to a boolean constant:
	-require(bool,string)(activated_ == true,its not ready yet.  check ?eta in discord) (contracts/safe/safe_192_SAFE.sol#208)
NameFilter.nameFilter(string) (contracts/safe/safe_192_SAFE.sol#1763-1825) compares to a boolean constant:
	-_hasNonNumber == false && (_temp[i] < 0x30 || _temp[i] > 0x39) (contracts/safe/safe_192_SAFE.sol#1813)
NameFilter.nameFilter(string) (contracts/safe/safe_192_SAFE.sol#1763-1825) compares to a boolean constant:
	-require(bool,string)(_hasNonNumber == true,string cannot be only numbers) (contracts/safe/safe_192_SAFE.sol#1818)
NameFilter.nameFilter(string) (contracts/safe/safe_192_SAFE.sol#1763-1825) compares to a boolean constant:
	-_hasNonNumber == false (contracts/safe/safe_192_SAFE.sol#1795)
Reference: https://github.com/crytic/slither/wiki/Detector-Documentation#boolean-equality

Detector: cyclomatic-complexity
Fomo60Min.core(uint256,uint256,uint256,uint256,uint256,F3Ddatasets.EventReturns) (contracts/safe/safe_192_SAFE.sol#954-1061) has a high cyclomatic complexity (12).
Reference: https://github.com/crytic/slither/wiki/Detector-Documentation#cyclomatic-complexity

Detector: solc-version
Version constraint ^0.4.24 contains known severe issues (https://solidity.readthedocs.io/en/latest/bugs.html)
	- DirtyBytesArrayToStorage
	- ABIDecodeTwoDimensionalArrayMemory
	- KeccakCaching
	- EmptyByteArrayCopy
	- DynamicArrayCleanup
	- ImplicitConstructorCallvalueCheck
	- TupleAssignmentMultiStackSlotComponents
	- MemoryArrayCreationOverflow
	- privateCanBeOverridden
	- SignedArrayStorageCopy
	- ABIEncoderV2StorageArrayWithMultiSlotElement
	- DynamicConstructorArgumentsClippedABIV2
	- UninitializedFunctionPointerInConstructor_0.4.x
	- IncorrectEventSignatureInLibraries_0.4.x
	- ABIEncoderV2PackedStorage_0.4.x
	- ExpExponentCleanup
	- EventStructWrongData.
It is used by:
	- ^0.4.24 (contracts/safe/safe_192_SAFE.sol#1)
solc-0.4.24 is an outdated solc version. Use a more recent version (at least 0.8.0), if possible.
Reference: https://github.com/crytic/slither/wiki/Detector-Documentation#incorrect-versions-of-solidity

Detector: low-level-calls
Low level call in Fomo60Min.distributeExternal(uint256,uint256,uint256,uint256,uint256,F3Ddatasets.EventReturns) (contracts/safe/safe_192_SAFE.sol#1367-1418):
	- ! address(admin).call.value(_com)() (contracts/safe/safe_192_SAFE.sol#1377)
Reference: https://github.com/crytic/slither/wiki/Detector-Documentation#low-level-calls

Detector: naming-convention
Event F3Devents.onNewName(uint256,address,bytes32,bool,uint256,address,bytes32,uint256,uint256) (contracts/safe/safe_192_SAFE.sol#5-16) is not in CapWords
Event F3Devents.onEndTx(uint256,uint256,bytes32,address,uint256,uint256,address,bytes32,uint256,uint256,uint256,uint256,uint256,uint256) (contracts/safe/safe_192_SAFE.sol#19-35) is not in CapWords
Event F3Devents.onWithdraw(uint256,address,bytes32,uint256,uint256) (contracts/safe/safe_192_SAFE.sol#38-45) is not in CapWords
Event F3Devents.onWithdrawAndDistribute(address,bytes32,uint256,uint256,uint256,address,bytes32,uint256,uint256,uint256,uint256) (contracts/safe/safe_192_SAFE.sol#48-61) is not in CapWords
Event F3Devents.onBuyAndDistribute(address,bytes32,uint256,uint256,uint256,address,bytes32,uint256,uint256,uint256,uint256) (contracts/safe/safe_192_SAFE.sol#65-78) is not in CapWords
Event F3Devents.onReLoadAndDistribute(address,bytes32,uint256,uint256,address,bytes32,uint256,uint256,uint256,uint256) (contracts/safe/safe_192_SAFE.sol#82-94) is not in CapWords
Event F3Devents.onAffiliatePayout(uint256,address,bytes32,uint256,uint256,uint256,uint256) (contracts/safe/safe_192_SAFE.sol#97-106) is not in CapWords
Event F3Devents.onPotSwapDeposit(uint256,uint256) (contracts/safe/safe_192_SAFE.sol#109-113) is not in CapWords
Contract modularShort (contracts/safe/safe_192_SAFE.sol#121) is not in CapWords
Parameter Fomo60Min.buyXid(uint256,uint256)._affCode (contracts/safe/safe_192_SAFE.sol#265) is not in mixedCase
Parameter Fomo60Min.buyXid(uint256,uint256)._team (contracts/safe/safe_192_SAFE.sol#265) is not in mixedCase
Parameter Fomo60Min.buyXaddr(address,uint256)._affCode (contracts/safe/safe_192_SAFE.sol#298) is not in mixedCase
Parameter Fomo60Min.buyXaddr(address,uint256)._team (contracts/safe/safe_192_SAFE.sol#298) is not in mixedCase
Parameter Fomo60Min.buyXname(bytes32,uint256)._affCode (contracts/safe/safe_192_SAFE.sol#339) is not in mixedCase
Parameter Fomo60Min.buyXname(bytes32,uint256)._team (contracts/safe/safe_192_SAFE.sol#339) is not in mixedCase
Parameter Fomo60Min.reLoadXid(uint256,uint256,uint256)._affCode (contracts/safe/safe_192_SAFE.sol#390) is not in mixedCase
Parameter Fomo60Min.reLoadXid(uint256,uint256,uint256)._team (contracts/safe/safe_192_SAFE.sol#390) is not in mixedCase
Parameter Fomo60Min.reLoadXid(uint256,uint256,uint256)._eth (contracts/safe/safe_192_SAFE.sol#390) is not in mixedCase
Parameter Fomo60Min.reLoadXaddr(address,uint256,uint256)._affCode (contracts/safe/safe_192_SAFE.sol#422) is not in mixedCase
Parameter Fomo60Min.reLoadXaddr(address,uint256,uint256)._team (contracts/safe/safe_192_SAFE.sol#422) is not in mixedCase
Parameter Fomo60Min.reLoadXaddr(address,uint256,uint256)._eth (contracts/safe/safe_192_SAFE.sol#422) is not in mixedCase
Parameter Fomo60Min.reLoadXname(bytes32,uint256,uint256)._affCode (contracts/safe/safe_192_SAFE.sol#462) is not in mixedCase
Parameter Fomo60Min.reLoadXname(bytes32,uint256,uint256)._team (contracts/safe/safe_192_SAFE.sol#462) is not in mixedCase
Parameter Fomo60Min.reLoadXname(bytes32,uint256,uint256)._eth (contracts/safe/safe_192_SAFE.sol#462) is not in mixedCase
Parameter Fomo60Min.registerNameXID(string,uint256,bool)._nameString (contracts/safe/safe_192_SAFE.sol#598) is not in mixedCase
Parameter Fomo60Min.registerNameXID(string,uint256,bool)._affCode (contracts/safe/safe_192_SAFE.sol#598) is not in mixedCase
Parameter Fomo60Min.registerNameXID(string,uint256,bool)._all (contracts/safe/safe_192_SAFE.sol#598) is not in mixedCase
Parameter Fomo60Min.registerNameXaddr(string,address,bool)._nameString (contracts/safe/safe_192_SAFE.sol#614) is not in mixedCase
Parameter Fomo60Min.registerNameXaddr(string,address,bool)._affCode (contracts/safe/safe_192_SAFE.sol#614) is not in mixedCase
Parameter Fomo60Min.registerNameXaddr(string,address,bool)._all (contracts/safe/safe_192_SAFE.sol#614) is not in mixedCase
Parameter Fomo60Min.registerNameXname(string,bytes32,bool)._nameString (contracts/safe/safe_192_SAFE.sol#630) is not in mixedCase
Parameter Fomo60Min.registerNameXname(string,bytes32,bool)._affCode (contracts/safe/safe_192_SAFE.sol#630) is not in mixedCase
Parameter Fomo60Min.registerNameXname(string,bytes32,bool)._all (contracts/safe/safe_192_SAFE.sol#630) is not in mixedCase
Parameter Fomo60Min.getPlayerVaults(uint256)._pID (contracts/safe/safe_192_SAFE.sol#705) is not in mixedCase
Parameter Fomo60Min.getPlayerVaultsHelper(uint256,uint256)._pID (contracts/safe/safe_192_SAFE.sol#749) is not in mixedCase
Parameter Fomo60Min.getPlayerVaultsHelper(uint256,uint256)._rID (contracts/safe/safe_192_SAFE.sol#749) is not in mixedCase
Parameter Fomo60Min.getPlayerInfoByAddress(address)._addr (contracts/safe/safe_192_SAFE.sol#815) is not in mixedCase
Parameter Fomo60Min.buyCore(uint256,uint256,uint256,F3Ddatasets.EventReturns)._pID (contracts/safe/safe_192_SAFE.sol#849) is not in mixedCase
Parameter Fomo60Min.buyCore(uint256,uint256,uint256,F3Ddatasets.EventReturns)._affID (contracts/safe/safe_192_SAFE.sol#849) is not in mixedCase
Parameter Fomo60Min.buyCore(uint256,uint256,uint256,F3Ddatasets.EventReturns)._team (contracts/safe/safe_192_SAFE.sol#849) is not in mixedCase
Parameter Fomo60Min.buyCore(uint256,uint256,uint256,F3Ddatasets.EventReturns)._eventData_ (contracts/safe/safe_192_SAFE.sol#849) is not in mixedCase
Parameter Fomo60Min.reLoadCore(uint256,uint256,uint256,uint256,F3Ddatasets.EventReturns)._pID (contracts/safe/safe_192_SAFE.sol#903) is not in mixedCase
Parameter Fomo60Min.reLoadCore(uint256,uint256,uint256,uint256,F3Ddatasets.EventReturns)._affID (contracts/safe/safe_192_SAFE.sol#903) is not in mixedCase
Parameter Fomo60Min.reLoadCore(uint256,uint256,uint256,uint256,F3Ddatasets.EventReturns)._team (contracts/safe/safe_192_SAFE.sol#903) is not in mixedCase
Parameter Fomo60Min.reLoadCore(uint256,uint256,uint256,uint256,F3Ddatasets.EventReturns)._eth (contracts/safe/safe_192_SAFE.sol#903) is not in mixedCase
Parameter Fomo60Min.reLoadCore(uint256,uint256,uint256,uint256,F3Ddatasets.EventReturns)._eventData_ (contracts/safe/safe_192_SAFE.sol#903) is not in mixedCase
Parameter Fomo60Min.core(uint256,uint256,uint256,uint256,uint256,F3Ddatasets.EventReturns)._rID (contracts/safe/safe_192_SAFE.sol#954) is not in mixedCase
Parameter Fomo60Min.core(uint256,uint256,uint256,uint256,uint256,F3Ddatasets.EventReturns)._pID (contracts/safe/safe_192_SAFE.sol#954) is not in mixedCase
Parameter Fomo60Min.core(uint256,uint256,uint256,uint256,uint256,F3Ddatasets.EventReturns)._eth (contracts/safe/safe_192_SAFE.sol#954) is not in mixedCase
Parameter Fomo60Min.core(uint256,uint256,uint256,uint256,uint256,F3Ddatasets.EventReturns)._affID (contracts/safe/safe_192_SAFE.sol#954) is not in mixedCase
Parameter Fomo60Min.core(uint256,uint256,uint256,uint256,uint256,F3Ddatasets.EventReturns)._team (contracts/safe/safe_192_SAFE.sol#954) is not in mixedCase
Parameter Fomo60Min.core(uint256,uint256,uint256,uint256,uint256,F3Ddatasets.EventReturns)._eventData_ (contracts/safe/safe_192_SAFE.sol#954) is not in mixedCase
Parameter Fomo60Min.calcUnMaskedEarnings(uint256,uint256)._pID (contracts/safe/safe_192_SAFE.sol#1070) is not in mixedCase
Parameter Fomo60Min.calcUnMaskedEarnings(uint256,uint256)._rIDlast (contracts/safe/safe_192_SAFE.sol#1070) is not in mixedCase
Parameter Fomo60Min.calcKeysReceived(uint256,uint256)._rID (contracts/safe/safe_192_SAFE.sol#1085) is not in mixedCase
Parameter Fomo60Min.calcKeysReceived(uint256,uint256)._eth (contracts/safe/safe_192_SAFE.sol#1085) is not in mixedCase
Parameter Fomo60Min.iWantXKeys(uint256)._keys (contracts/safe/safe_192_SAFE.sol#1106) is not in mixedCase
Parameter Fomo60Min.receivePlayerInfo(uint256,address,bytes32,uint256)._pID (contracts/safe/safe_192_SAFE.sol#1130) is not in mixedCase
Parameter Fomo60Min.receivePlayerInfo(uint256,address,bytes32,uint256)._addr (contracts/safe/safe_192_SAFE.sol#1130) is not in mixedCase
Parameter Fomo60Min.receivePlayerInfo(uint256,address,bytes32,uint256)._name (contracts/safe/safe_192_SAFE.sol#1130) is not in mixedCase
Parameter Fomo60Min.receivePlayerInfo(uint256,address,bytes32,uint256)._laff (contracts/safe/safe_192_SAFE.sol#1130) is not in mixedCase
Parameter Fomo60Min.receivePlayerNameList(uint256,bytes32)._pID (contracts/safe/safe_192_SAFE.sol#1151) is not in mixedCase
Parameter Fomo60Min.receivePlayerNameList(uint256,bytes32)._name (contracts/safe/safe_192_SAFE.sol#1151) is not in mixedCase
Parameter Fomo60Min.determinePID(F3Ddatasets.EventReturns)._eventData_ (contracts/safe/safe_192_SAFE.sol#1163) is not in mixedCase
Parameter Fomo60Min.verifyTeam(uint256)._team (contracts/safe/safe_192_SAFE.sol#1200) is not in mixedCase
Parameter Fomo60Min.managePlayer(uint256,F3Ddatasets.EventReturns)._pID (contracts/safe/safe_192_SAFE.sol#1215) is not in mixedCase
Parameter Fomo60Min.managePlayer(uint256,F3Ddatasets.EventReturns)._eventData_ (contracts/safe/safe_192_SAFE.sol#1215) is not in mixedCase
Parameter Fomo60Min.endRound(F3Ddatasets.EventReturns)._eventData_ (contracts/safe/safe_192_SAFE.sol#1236) is not in mixedCase
Parameter Fomo60Min.updateGenVault(uint256,uint256)._pID (contracts/safe/safe_192_SAFE.sol#1302) is not in mixedCase
Parameter Fomo60Min.updateGenVault(uint256,uint256)._rIDlast (contracts/safe/safe_192_SAFE.sol#1302) is not in mixedCase
Parameter Fomo60Min.updateTimer(uint256,uint256)._keys (contracts/safe/safe_192_SAFE.sol#1318) is not in mixedCase
Parameter Fomo60Min.updateTimer(uint256,uint256)._rID (contracts/safe/safe_192_SAFE.sol#1318) is not in mixedCase
Parameter Fomo60Min.distributeExternal(uint256,uint256,uint256,uint256,uint256,F3Ddatasets.EventReturns)._rID (contracts/safe/safe_192_SAFE.sol#1367) is not in mixedCase
Parameter Fomo60Min.distributeExternal(uint256,uint256,uint256,uint256,uint256,F3Ddatasets.EventReturns)._pID (contracts/safe/safe_192_SAFE.sol#1367) is not in mixedCase
Parameter Fomo60Min.distributeExternal(uint256,uint256,uint256,uint256,uint256,F3Ddatasets.EventReturns)._eth (contracts/safe/safe_192_SAFE.sol#1367) is not in mixedCase
Parameter Fomo60Min.distributeExternal(uint256,uint256,uint256,uint256,uint256,F3Ddatasets.EventReturns)._affID (contracts/safe/safe_192_SAFE.sol#1367) is not in mixedCase
Parameter Fomo60Min.distributeExternal(uint256,uint256,uint256,uint256,uint256,F3Ddatasets.EventReturns)._team (contracts/safe/safe_192_SAFE.sol#1367) is not in mixedCase
Parameter Fomo60Min.distributeExternal(uint256,uint256,uint256,uint256,uint256,F3Ddatasets.EventReturns)._eventData_ (contracts/safe/safe_192_SAFE.sol#1367) is not in mixedCase
Parameter Fomo60Min.distributeInternal(uint256,uint256,uint256,uint256,uint256,F3Ddatasets.EventReturns)._rID (contracts/safe/safe_192_SAFE.sol#1434) is not in mixedCase
Parameter Fomo60Min.distributeInternal(uint256,uint256,uint256,uint256,uint256,F3Ddatasets.EventReturns)._pID (contracts/safe/safe_192_SAFE.sol#1434) is not in mixedCase
Parameter Fomo60Min.distributeInternal(uint256,uint256,uint256,uint256,uint256,F3Ddatasets.EventReturns)._eth (contracts/safe/safe_192_SAFE.sol#1434) is not in mixedCase
Parameter Fomo60Min.distributeInternal(uint256,uint256,uint256,uint256,uint256,F3Ddatasets.EventReturns)._team (contracts/safe/safe_192_SAFE.sol#1434) is not in mixedCase
Parameter Fomo60Min.distributeInternal(uint256,uint256,uint256,uint256,uint256,F3Ddatasets.EventReturns)._keys (contracts/safe/safe_192_SAFE.sol#1434) is not in mixedCase
Parameter Fomo60Min.distributeInternal(uint256,uint256,uint256,uint256,uint256,F3Ddatasets.EventReturns)._eventData_ (contracts/safe/safe_192_SAFE.sol#1434) is not in mixedCase
Parameter Fomo60Min.updateMasks(uint256,uint256,uint256,uint256)._rID (contracts/safe/safe_192_SAFE.sol#1471) is not in mixedCase
Parameter Fomo60Min.updateMasks(uint256,uint256,uint256,uint256)._pID (contracts/safe/safe_192_SAFE.sol#1471) is not in mixedCase
Parameter Fomo60Min.updateMasks(uint256,uint256,uint256,uint256)._gen (contracts/safe/safe_192_SAFE.sol#1471) is not in mixedCase
Parameter Fomo60Min.updateMasks(uint256,uint256,uint256,uint256)._keys (contracts/safe/safe_192_SAFE.sol#1471) is not in mixedCase
Parameter Fomo60Min.withdrawEarnings(uint256)._pID (contracts/safe/safe_192_SAFE.sol#1503) is not in mixedCase
Parameter Fomo60Min.endTx(uint256,uint256,uint256,uint256,F3Ddatasets.EventReturns)._pID (contracts/safe/safe_192_SAFE.sol#1525) is not in mixedCase
Parameter Fomo60Min.endTx(uint256,uint256,uint256,uint256,F3Ddatasets.EventReturns)._team (contracts/safe/safe_192_SAFE.sol#1525) is not in mixedCase
Parameter Fomo60Min.endTx(uint256,uint256,uint256,uint256,F3Ddatasets.EventReturns)._eth (contracts/safe/safe_192_SAFE.sol#1525) is not in mixedCase
Parameter Fomo60Min.endTx(uint256,uint256,uint256,uint256,F3Ddatasets.EventReturns)._keys (contracts/safe/safe_192_SAFE.sol#1525) is not in mixedCase
Parameter Fomo60Min.endTx(uint256,uint256,uint256,uint256,F3Ddatasets.EventReturns)._eventData_ (contracts/safe/safe_192_SAFE.sol#1525) is not in mixedCase
Constant Fomo60Min.PlayerBook (contracts/safe/safe_192_SAFE.sol#128) is not in UPPER_CASE_WITH_UNDERSCORES
Constant Fomo60Min.rndInit_ (contracts/safe/safe_192_SAFE.sol#139) is not in UPPER_CASE_WITH_UNDERSCORES
Constant Fomo60Min.rndInc_ (contracts/safe/safe_192_SAFE.sol#140) is not in UPPER_CASE_WITH_UNDERSCORES
Constant Fomo60Min.rndMax_ (contracts/safe/safe_192_SAFE.sol#141) is not in UPPER_CASE_WITH_UNDERSCORES
Constant Fomo60Min.preIcoMax_ (contracts/safe/safe_192_SAFE.sol#143) is not in UPPER_CASE_WITH_UNDERSCORES
Constant Fomo60Min.preIcoPerEth_ (contracts/safe/safe_192_SAFE.sol#144) is not in UPPER_CASE_WITH_UNDERSCORES
Parameter F3DKeysCalcShort.keysRec(uint256,uint256)._curEth (contracts/safe/safe_192_SAFE.sol#1663) is not in mixedCase
Parameter F3DKeysCalcShort.keysRec(uint256,uint256)._newEth (contracts/safe/safe_192_SAFE.sol#1663) is not in mixedCase
Parameter F3DKeysCalcShort.ethRec(uint256,uint256)._curKeys (contracts/safe/safe_192_SAFE.sol#1677) is not in mixedCase
Parameter F3DKeysCalcShort.ethRec(uint256,uint256)._sellKeys (contracts/safe/safe_192_SAFE.sol#1677) is not in mixedCase
Parameter F3DKeysCalcShort.keys(uint256)._eth (contracts/safe/safe_192_SAFE.sol#1690) is not in mixedCase
Parameter F3DKeysCalcShort.eth(uint256)._keys (contracts/safe/safe_192_SAFE.sol#1703) is not in mixedCase
Parameter NameFilter.nameFilter(string)._input (contracts/safe/safe_192_SAFE.sol#1763) is not in mixedCase
Reference: https://github.com/crytic/slither/wiki/Detector-Documentation#conformance-to-solidity-naming-conventions

Detector: reentrancy-unlimited-gas
Reentrancy in Fomo60Min.withdraw() (contracts/safe/safe_192_SAFE.sol#506-572):
	External calls:
	- plyr_[_pID].addr.transfer(_eth) (contracts/safe/safe_192_SAFE.sol#538)
	Event emitted after the call(s):
	- F3Devents.onWithdrawAndDistribute(msg.sender,plyr_[_pID].name,_eth,_eventData_.compressedData,_eventData_.compressedIDs,_eventData_.winnerAddr,_eventData_.winnerName,_eventData_.amountWon,_eventData_.newPot,_eventData_.P3DAmount,_eventData_.genAmount) (contracts/safe/safe_192_SAFE.sol#545-558)
Reentrancy in Fomo60Min.withdraw() (contracts/safe/safe_192_SAFE.sol#506-572):
	External calls:
	- plyr_[_pID].addr.transfer(_eth) (contracts/safe/safe_192_SAFE.sol#567)
	Event emitted after the call(s):
	- F3Devents.onWithdraw(_pID,msg.sender,plyr_[_pID].name,_eth,_now) (contracts/safe/safe_192_SAFE.sol#570)
Reference: https://github.com/crytic/slither/wiki/Detector-Documentation#reentrancy-vulnerabilities-5

Detector: too-many-digits
Fomo60Min.withdraw() (contracts/safe/safe_192_SAFE.sol#506-572) uses literals with too many digits:
	- _eventData_.compressedData = _eventData_.compressedData + (_now * 1000000000000000000) (contracts/safe/safe_192_SAFE.sol#541)
Fomo60Min.getBuyPrice() (contracts/safe/safe_192_SAFE.sol#654-670) uses literals with too many digits:
	- ((round_[_rID].keys.add(1000000000000000000)).ethRec(1000000000000000000)) (contracts/safe/safe_192_SAFE.sol#667)
Fomo60Min.getBuyPrice() (contracts/safe/safe_192_SAFE.sol#654-670) uses literals with too many digits:
	- (75000000000000) (contracts/safe/safe_192_SAFE.sol#669)
Fomo60Min.getPlayerVaultsHelper(uint256,uint256) (contracts/safe/safe_192_SAFE.sol#749-755) uses literals with too many digits:
	- (((((round_[_rID].mask).add(((((round_[_rID].pot).mul(potSplit_[round_[_rID].team].gen)) / 100).mul(1000000000000000000)) / (round_[_rID].keys))).mul(plyrRnds_[_pID][_rID].keys)) / 1000000000000000000)) (contracts/safe/safe_192_SAFE.sol#754)
Fomo60Min.buyCore(uint256,uint256,uint256,F3Ddatasets.EventReturns) (contracts/safe/safe_192_SAFE.sol#849-897) uses literals with too many digits:
	- _eventData_.compressedData = _eventData_.compressedData + (_now * 1000000000000000000) (contracts/safe/safe_192_SAFE.sol#874)
Fomo60Min.reLoadCore(uint256,uint256,uint256,uint256,F3Ddatasets.EventReturns) (contracts/safe/safe_192_SAFE.sol#903-948) uses literals with too many digits:
	- _eventData_.compressedData = _eventData_.compressedData + (_now * 1000000000000000000) (contracts/safe/safe_192_SAFE.sol#930)
Fomo60Min.core(uint256,uint256,uint256,uint256,uint256,F3Ddatasets.EventReturns) (contracts/safe/safe_192_SAFE.sol#954-1061) uses literals with too many digits:
	- _eth > 1000000000 (contracts/safe/safe_192_SAFE.sol#971)
Fomo60Min.core(uint256,uint256,uint256,uint256,uint256,F3Ddatasets.EventReturns) (contracts/safe/safe_192_SAFE.sol#954-1061) uses literals with too many digits:
	- _keys >= 1000000000000000000 (contracts/safe/safe_192_SAFE.sol#978)
Fomo60Min.core(uint256,uint256,uint256,uint256,uint256,F3Ddatasets.EventReturns) (contracts/safe/safe_192_SAFE.sol#954-1061) uses literals with too many digits:
	- _eth >= 100000000000000000 (contracts/safe/safe_192_SAFE.sol#993)
Fomo60Min.core(uint256,uint256,uint256,uint256,uint256,F3Ddatasets.EventReturns) (contracts/safe/safe_192_SAFE.sol#954-1061) uses literals with too many digits:
	- _eth >= 10000000000000000000 (contracts/safe/safe_192_SAFE.sol#1000)
Fomo60Min.core(uint256,uint256,uint256,uint256,uint256,F3Ddatasets.EventReturns) (contracts/safe/safe_192_SAFE.sol#954-1061) uses literals with too many digits:
	- _eventData_.compressedData += 300000000000000000000000000000000 (contracts/safe/safe_192_SAFE.sol#1010)
Fomo60Min.core(uint256,uint256,uint256,uint256,uint256,F3Ddatasets.EventReturns) (contracts/safe/safe_192_SAFE.sol#954-1061) uses literals with too many digits:
	- _eth >= 1000000000000000000 && _eth < 10000000000000000000 (contracts/safe/safe_192_SAFE.sol#1011)
Fomo60Min.core(uint256,uint256,uint256,uint256,uint256,F3Ddatasets.EventReturns) (contracts/safe/safe_192_SAFE.sol#954-1061) uses literals with too many digits:
	- _eventData_.compressedData += 200000000000000000000000000000000 (contracts/safe/safe_192_SAFE.sol#1020)
Fomo60Min.core(uint256,uint256,uint256,uint256,uint256,F3Ddatasets.EventReturns) (contracts/safe/safe_192_SAFE.sol#954-1061) uses literals with too many digits:
	- _eth >= 100000000000000000 && _eth < 1000000000000000000 (contracts/safe/safe_192_SAFE.sol#1021)
Fomo60Min.core(uint256,uint256,uint256,uint256,uint256,F3Ddatasets.EventReturns) (contracts/safe/safe_192_SAFE.sol#954-1061) uses literals with too many digits:
	- _eventData_.compressedData += 300000000000000000000000000000000 (contracts/safe/safe_192_SAFE.sol#1030)
Fomo60Min.core(uint256,uint256,uint256,uint256,uint256,F3Ddatasets.EventReturns) (contracts/safe/safe_192_SAFE.sol#954-1061) uses literals with too many digits:
	- _eventData_.compressedData += 10000000000000000000000000000000 (contracts/safe/safe_192_SAFE.sol#1033)
Fomo60Min.core(uint256,uint256,uint256,uint256,uint256,F3Ddatasets.EventReturns) (contracts/safe/safe_192_SAFE.sol#954-1061) uses literals with too many digits:
	- _eventData_.compressedData += _prize * 1000000000000000000000000000000000 (contracts/safe/safe_192_SAFE.sol#1035)
Fomo60Min.calcUnMaskedEarnings(uint256,uint256) (contracts/safe/safe_192_SAFE.sol#1070-1076) uses literals with too many digits:
	- ((((round_[_rIDlast].mask).mul(plyrRnds_[_pID][_rIDlast].keys)) / (1000000000000000000)).sub(plyrRnds_[_pID][_rIDlast].mask)) (contracts/safe/safe_192_SAFE.sol#1075)
Fomo60Min.endRound(F3Ddatasets.EventReturns) (contracts/safe/safe_192_SAFE.sol#1236-1297) uses literals with too many digits:
	- _ppt = (_gen.mul(1000000000000000000)) / (round_[_rID].keys) (contracts/safe/safe_192_SAFE.sol#1259)
Fomo60Min.endRound(F3Ddatasets.EventReturns) (contracts/safe/safe_192_SAFE.sol#1236-1297) uses literals with too many digits:
	- _dust = _gen.sub((_ppt.mul(round_[_rID].keys)) / 1000000000000000000) (contracts/safe/safe_192_SAFE.sol#1260)
Fomo60Min.endRound(F3Ddatasets.EventReturns) (contracts/safe/safe_192_SAFE.sol#1236-1297) uses literals with too many digits:
	- _eventData_.compressedData = _eventData_.compressedData + (round_[_rID].end * 1000000) (contracts/safe/safe_192_SAFE.sol#1280)
Fomo60Min.endRound(F3Ddatasets.EventReturns) (contracts/safe/safe_192_SAFE.sol#1236-1297) uses literals with too many digits:
	- _eventData_.compressedIDs = _eventData_.compressedIDs + (_winPID * 100000000000000000000000000) + (_winTID * 100000000000000000) (contracts/safe/safe_192_SAFE.sol#1281)
Fomo60Min.updateTimer(uint256,uint256) (contracts/safe/safe_192_SAFE.sol#1318-1336) uses literals with too many digits:
	- _newTime = (((_keys) / (1000000000000000000)).mul(rndInc_)).add(_now) (contracts/safe/safe_192_SAFE.sol#1327)
Fomo60Min.updateTimer(uint256,uint256) (contracts/safe/safe_192_SAFE.sol#1318-1336) uses literals with too many digits:
	- _newTime = (((_keys) / (1000000000000000000)).mul(rndInc_)).add(round_[_rID].end) (contracts/safe/safe_192_SAFE.sol#1329)
Fomo60Min.updateMasks(uint256,uint256,uint256,uint256) (contracts/safe/safe_192_SAFE.sol#1471-1497) uses literals with too many digits:
	- _ppt = (_gen.mul(1000000000000000000)) / (round_[_rID].keys) (contracts/safe/safe_192_SAFE.sol#1487)
Fomo60Min.updateMasks(uint256,uint256,uint256,uint256) (contracts/safe/safe_192_SAFE.sol#1471-1497) uses literals with too many digits:
	- _pearn = (_ppt.mul(_keys)) / (1000000000000000000) (contracts/safe/safe_192_SAFE.sol#1492)
Fomo60Min.updateMasks(uint256,uint256,uint256,uint256) (contracts/safe/safe_192_SAFE.sol#1471-1497) uses literals with too many digits:
	- plyrRnds_[_pID][_rID].mask = (((round_[_rID].mask.mul(_keys)) / (1000000000000000000)).sub(_pearn)).add(plyrRnds_[_pID][_rID].mask) (contracts/safe/safe_192_SAFE.sol#1493)
Fomo60Min.updateMasks(uint256,uint256,uint256,uint256) (contracts/safe/safe_192_SAFE.sol#1471-1497) uses literals with too many digits:
	- (_gen.sub((_ppt.mul(round_[_rID].keys)) / (1000000000000000000))) (contracts/safe/safe_192_SAFE.sol#1496)
Fomo60Min.endTx(uint256,uint256,uint256,uint256,F3Ddatasets.EventReturns) (contracts/safe/safe_192_SAFE.sol#1525-1548) uses literals with too many digits:
	- _eventData_.compressedData = _eventData_.compressedData + (now * 1000000000000000000) + (_team * 100000000000000000000000000000) (contracts/safe/safe_192_SAFE.sol#1528)
Fomo60Min.endTx(uint256,uint256,uint256,uint256,F3Ddatasets.EventReturns) (contracts/safe/safe_192_SAFE.sol#1525-1548) uses literals with too many digits:
	- _eventData_.compressedIDs = _eventData_.compressedIDs + _pID + (rID_ * 10000000000000000000000000000000000000000000000000000) (contracts/safe/safe_192_SAFE.sol#1529)
Fomo60Min.slitherConstructorConstantVariables() (contracts/safe/safe_192_SAFE.sol#123-1575) uses literals with too many digits:
	- preIcoMax_ = 100000000000000000000 (contracts/safe/safe_192_SAFE.sol#143)
Fomo60Min.slitherConstructorConstantVariables() (contracts/safe/safe_192_SAFE.sol#123-1575) uses literals with too many digits:
	- preIcoPerEth_ = 1000000000000000000 (contracts/safe/safe_192_SAFE.sol#144)
F3DKeysCalcShort.keys(uint256) (contracts/safe/safe_192_SAFE.sol#1690-1696) uses literals with too many digits:
	- ((((((_eth).mul(1000000000000000000)).mul(312500000000000000000000000)).add(5624988281256103515625000000000000000000000000000000000000000000)).sqrt()).sub(74999921875000000000000000000000)) / (156250000) (contracts/safe/safe_192_SAFE.sol#1695)
F3DKeysCalcShort.eth(uint256) (contracts/safe/safe_192_SAFE.sol#1703-1709) uses literals with too many digits:
	- ((78125000).mul(_keys.sq()).add(((149999843750000).mul(_keys.mul(1000000000000000000))) / (2))) / ((1000000000000000000).sq()) (contracts/safe/safe_192_SAFE.sol#1708)
Reference: https://github.com/crytic/slither/wiki/Detector-Documentation#too-many-digits

Detector: unindexed-event-address
Event F3Devents.onEndTx(uint256,uint256,bytes32,address,uint256,uint256,address,bytes32,uint256,uint256,uint256,uint256,uint256,uint256) (contracts/safe/safe_192_SAFE.sol#19-35) has address parameters but no indexed parameters
Event F3Devents.onWithdrawAndDistribute(address,bytes32,uint256,uint256,uint256,address,bytes32,uint256,uint256,uint256,uint256) (contracts/safe/safe_192_SAFE.sol#48-61) has address parameters but no indexed parameters
Event F3Devents.onBuyAndDistribute(address,bytes32,uint256,uint256,uint256,address,bytes32,uint256,uint256,uint256,uint256) (contracts/safe/safe_192_SAFE.sol#65-78) has address parameters but no indexed parameters
Event F3Devents.onReLoadAndDistribute(address,bytes32,uint256,uint256,address,bytes32,uint256,uint256,uint256,uint256) (contracts/safe/safe_192_SAFE.sol#82-94) has address parameters but no indexed parameters
Reference: https://github.com/crytic/slither/wiki/Detector-Documentation#unindexed-event-address-parameters

Detector: constable-states
Fomo60Min.rndExtra_ (contracts/safe/safe_192_SAFE.sol#137) should be constant 
Fomo60Min.rndGap_ (contracts/safe/safe_192_SAFE.sol#138) should be constant 
Reference: https://github.com/crytic/slither/wiki/Detector-Documentation#state-variables-that-could-be-declared-constant

Detector: external-function
registerNameXID(string,uint256,bool) should be declared external:
	- Fomo60Min.registerNameXID(string,uint256,bool) (contracts/safe/safe_192_SAFE.sol#598-612)
registerNameXaddr(string,address,bool) should be declared external:
	- Fomo60Min.registerNameXaddr(string,address,bool) (contracts/safe/safe_192_SAFE.sol#614-628)
registerNameXname(string,bytes32,bool) should be declared external:
	- Fomo60Min.registerNameXname(string,bytes32,bool) (contracts/safe/safe_192_SAFE.sol#630-644)
Reference: https://github.com/crytic/slither/wiki/Detector-Documentation#public-function-that-could-be-declared-external
/home/andrei/Рабочий стол/Kursovaya/Diplom/contracts/safe/safe_192_SAFE.sol analyzed (8 contracts with 101 detectors), 211 result(s) found
