'solc --version' running
'solc /home/andrei/Рабочий стол/Kursovaya/Diplom/contracts/safe/safe_300_SAFE.sol --combined-json abi,ast,bin,bin-runtime,srcmap,srcmap-runtime,userdoc,devdoc,hashes,compact-format --allow-paths .,/home/andrei/Рабочий стол/Kursovaya/Diplom/contracts/safe' running
Compilation warnings/errors on /home/andrei/Рабочий стол/Kursovaya/Diplom/contracts/safe/safe_300_SAFE.sol:
/home/andrei/Рабочий стол/Kursovaya/Diplom/contracts/safe/safe_300_SAFE.sol:20:5: Warning: Defining constructors as functions with the same name as the contract is deprecated. Use "constructor(...) { ... }" instead.
    function MacroDestructionContract(){
    ^ (Relevant source part starts here and spans across multiple lines).
/home/andrei/Рабочий стол/Kursovaya/Diplom/contracts/safe/safe_300_SAFE.sol:25:36: Warning: "throw" is deprecated in favour of "revert()", "require()" and "assert()".
        if (msg.sender != curator) throw;
                                   ^---^
/home/andrei/Рабочий стол/Kursovaya/Diplom/contracts/safe/safe_300_SAFE.sol:30:32: Warning: "throw" is deprecated in favour of "revert()", "require()" and "assert()".
        if (msg.sender != dev) throw;
                               ^---^
/home/andrei/Рабочий стол/Kursovaya/Diplom/contracts/safe/safe_300_SAFE.sol:35:36: Warning: "throw" is deprecated in favour of "revert()", "require()" and "assert()".
        if (msg.sender != curator) throw;
                                   ^---^
/home/andrei/Рабочий стол/Kursovaya/Diplom/contracts/safe/safe_300_SAFE.sol:40:32: Warning: "throw" is deprecated in favour of "revert()", "require()" and "assert()".
        if (msg.sender != dev) throw;
                               ^---^
/home/andrei/Рабочий стол/Kursovaya/Diplom/contracts/safe/safe_300_SAFE.sol:49:9: Warning: "throw" is deprecated in favour of "revert()", "require()" and "assert()".
        throw;
        ^---^
/home/andrei/Рабочий стол/Kursovaya/Diplom/contracts/safe/safe_300_SAFE.sol:1:1: Warning: Source file does not specify required compiler version!Consider adding "pragma solidity ^0.4.24;"
contract IToken {
^ (Relevant source part starts here and spans across multiple lines).
/home/andrei/Рабочий стол/Kursovaya/Diplom/contracts/safe/safe_300_SAFE.sol:44:47: Warning: This declaration shadows an existing declaration.
    function tokenAddress() constant returns (address tokenAddress){
                                              ^------------------^
/home/andrei/Рабочий стол/Kursovaya/Diplom/contracts/safe/safe_300_SAFE.sol:44:5: The shadowed declaration is here:
    function tokenAddress() constant returns (address tokenAddress){
    ^ (Relevant source part starts here and spans across multiple lines).

/home/andrei/Рабочий стол/Kursovaya/Diplom/contracts/safe/safe_300_SAFE.sol:2:5: Warning: No visibility specified. Defaulting to "public". 
    function totalSupply() constant returns (uint256 supply) {}
    ^---------------------------------------------------------^
/home/andrei/Рабочий стол/Kursovaya/Diplom/contracts/safe/safe_300_SAFE.sol:2:46: Warning: Unused function parameter. Remove or comment out the variable name to silence this warning.
    function totalSupply() constant returns (uint256 supply) {}
                                             ^------------^
/home/andrei/Рабочий стол/Kursovaya/Diplom/contracts/safe/safe_300_SAFE.sol:3:5: Warning: No visibility specified. Defaulting to "public". 
    function balanceOf(address _owner) constant returns (uint256 balance) {}
    ^----------------------------------------------------------------------^
/home/andrei/Рабочий стол/Kursovaya/Diplom/contracts/safe/safe_300_SAFE.sol:3:24: Warning: Unused function parameter. Remove or comment out the variable name to silence this warning.
    function balanceOf(address _owner) constant returns (uint256 balance) {}
                       ^------------^
/home/andrei/Рабочий стол/Kursovaya/Diplom/contracts/safe/safe_300_SAFE.sol:3:58: Warning: Unused function parameter. Remove or comment out the variable name to silence this warning.
    function balanceOf(address _owner) constant returns (uint256 balance) {}
                                                         ^-------------^
/home/andrei/Рабочий стол/Kursovaya/Diplom/contracts/safe/safe_300_SAFE.sol:4:5: Warning: No visibility specified. Defaulting to "public". 
    function transferViaProxy(address _from, address _to, uint _value) returns (uint error) {}
    ^----------------------------------------------------------------------------------------^
/home/andrei/Рабочий стол/Kursovaya/Diplom/contracts/safe/safe_300_SAFE.sol:4:31: Warning: Unused function parameter. Remove or comment out the variable name to silence this warning.
    function transferViaProxy(address _from, address _to, uint _value) returns (uint error) {}
                              ^-----------^
/home/andrei/Рабочий стол/Kursovaya/Diplom/contracts/safe/safe_300_SAFE.sol:4:46: Warning: Unused function parameter. Remove or comment out the variable name to silence this warning.
    function transferViaProxy(address _from, address _to, uint _value) returns (uint error) {}
                                             ^---------^
/home/andrei/Рабочий стол/Kursovaya/Diplom/contracts/safe/safe_300_SAFE.sol:4:59: Warning: Unused function parameter. Remove or comment out the variable name to silence this warning.
    function transferViaProxy(address _from, address _to, uint _value) returns (uint error) {}
                                                          ^---------^
/home/andrei/Рабочий стол/Kursovaya/Diplom/contracts/safe/safe_300_SAFE.sol:4:81: Warning: Unused function parameter. Remove or comment out the variable name to silence this warning.
    function transferViaProxy(address _from, address _to, uint _value) returns (uint error) {}
                                                                                ^--------^
/home/andrei/Рабочий стол/Kursovaya/Diplom/contracts/safe/safe_300_SAFE.sol:5:5: Warning: No visibility specified. Defaulting to "public". 
    function transferFromViaProxy(address _source, address _from, address _to, uint256 _amount) returns (uint error) {}
    ^-----------------------------------------------------------------------------------------------------------------^
/home/andrei/Рабочий стол/Kursovaya/Diplom/contracts/safe/safe_300_SAFE.sol:5:35: Warning: Unused function parameter. Remove or comment out the variable name to silence this warning.
    function transferFromViaProxy(address _source, address _from, address _to, uint256 _amount) returns (uint error) {}
                                  ^-------------^
/home/andrei/Рабочий стол/Kursovaya/Diplom/contracts/safe/safe_300_SAFE.sol:5:52: Warning: Unused function parameter. Remove or comment out the variable name to silence this warning.
    function transferFromViaProxy(address _source, address _from, address _to, uint256 _amount) returns (uint error) {}
                                                   ^-----------^
/home/andrei/Рабочий стол/Kursovaya/Diplom/contracts/safe/safe_300_SAFE.sol:5:67: Warning: Unused function parameter. Remove or comment out the variable name to silence this warning.
    function transferFromViaProxy(address _source, address _from, address _to, uint256 _amount) returns (uint error) {}
                                                                  ^---------^
/home/andrei/Рабочий стол/Kursovaya/Diplom/contracts/safe/safe_300_SAFE.sol:5:80: Warning: Unused function parameter. Remove or comment out the variable name to silence this warning.
    function transferFromViaProxy(address _source, address _from, address _to, uint256 _amount) returns (uint error) {}
                                                                               ^-------------^
/home/andrei/Рабочий стол/Kursovaya/Diplom/contracts/safe/safe_300_SAFE.sol:5:106: Warning: Unused function parameter. Remove or comment out the variable name to silence this warning.
    function transferFromViaProxy(address _source, address _from, address _to, uint256 _amount) returns (uint error) {}
                                                                                                         ^--------^
/home/andrei/Рабочий стол/Kursovaya/Diplom/contracts/safe/safe_300_SAFE.sol:6:5: Warning: No visibility specified. Defaulting to "public". 
    function approveViaProxy(address _source, address _spender, uint256 _value) returns (uint error) {}
    ^-------------------------------------------------------------------------------------------------^
/home/andrei/Рабочий стол/Kursovaya/Diplom/contracts/safe/safe_300_SAFE.sol:6:30: Warning: Unused function parameter. Remove or comment out the variable name to silence this warning.
    function approveViaProxy(address _source, address _spender, uint256 _value) returns (uint error) {}
                             ^-------------^
/home/andrei/Рабочий стол/Kursovaya/Diplom/contracts/safe/safe_300_SAFE.sol:6:47: Warning: Unused function parameter. Remove or comment out the variable name to silence this warning.
    function approveViaProxy(address _source, address _spender, uint256 _value) returns (uint error) {}
                                              ^--------------^
/home/andrei/Рабочий стол/Kursovaya/Diplom/contracts/safe/safe_300_SAFE.sol:6:65: Warning: Unused function parameter. Remove or comment out the variable name to silence this warning.
    function approveViaProxy(address _source, address _spender, uint256 _value) returns (uint error) {}
                                                                ^------------^
/home/andrei/Рабочий стол/Kursovaya/Diplom/contracts/safe/safe_300_SAFE.sol:6:90: Warning: Unused function parameter. Remove or comment out the variable name to silence this warning.
    function approveViaProxy(address _source, address _spender, uint256 _value) returns (uint error) {}
                                                                                         ^--------^
/home/andrei/Рабочий стол/Kursovaya/Diplom/contracts/safe/safe_300_SAFE.sol:7:5: Warning: No visibility specified. Defaulting to "public". 
    function allowance(address _owner, address _spender) constant returns (uint256 remaining) {} 
    ^------------------------------------------------------------------------------------------^
/home/andrei/Рабочий стол/Kursovaya/Diplom/contracts/safe/safe_300_SAFE.sol:7:24: Warning: Unused function parameter. Remove or comment out the variable name to silence this warning.
    function allowance(address _owner, address _spender) constant returns (uint256 remaining) {} 
                       ^------------^
/home/andrei/Рабочий стол/Kursovaya/Diplom/contracts/safe/safe_300_SAFE.sol:7:40: Warning: Unused function parameter. Remove or comment out the variable name to silence this warning.
    function allowance(address _owner, address _spender) constant returns (uint256 remaining) {} 
                                       ^--------------^
/home/andrei/Рабочий стол/Kursovaya/Diplom/contracts/safe/safe_300_SAFE.sol:7:76: Warning: Unused function parameter. Remove or comment out the variable name to silence this warning.
    function allowance(address _owner, address _spender) constant returns (uint256 remaining) {} 
                                                                           ^---------------^
/home/andrei/Рабочий стол/Kursovaya/Diplom/contracts/safe/safe_300_SAFE.sol:8:5: Warning: No visibility specified. Defaulting to "public". 
    function mint(address _destination, uint _amount) returns (uint error){}
    ^----------------------------------------------------------------------^
/home/andrei/Рабочий стол/Kursovaya/Diplom/contracts/safe/safe_300_SAFE.sol:8:19: Warning: Unused function parameter. Remove or comment out the variable name to silence this warning.
    function mint(address _destination, uint _amount) returns (uint error){}
                  ^------------------^
/home/andrei/Рабочий стол/Kursovaya/Diplom/contracts/safe/safe_300_SAFE.sol:8:41: Warning: Unused function parameter. Remove or comment out the variable name to silence this warning.
    function mint(address _destination, uint _amount) returns (uint error){}
                                        ^----------^
/home/andrei/Рабочий стол/Kursovaya/Diplom/contracts/safe/safe_300_SAFE.sol:8:64: Warning: Unused function parameter. Remove or comment out the variable name to silence this warning.
    function mint(address _destination, uint _amount) returns (uint error){}
                                                               ^--------^
/home/andrei/Рабочий стол/Kursovaya/Diplom/contracts/safe/safe_300_SAFE.sol:9:5: Warning: No visibility specified. Defaulting to "public". 
    function destroy(address _destination, uint _amount) returns (uint error) {}
    ^--------------------------------------------------------------------------^
/home/andrei/Рабочий стол/Kursovaya/Diplom/contracts/safe/safe_300_SAFE.sol:9:22: Warning: Unused function parameter. Remove or comment out the variable name to silence this warning.
    function destroy(address _destination, uint _amount) returns (uint error) {}
                     ^------------------^
/home/andrei/Рабочий стол/Kursovaya/Diplom/contracts/safe/safe_300_SAFE.sol:9:44: Warning: Unused function parameter. Remove or comment out the variable name to silence this warning.
    function destroy(address _destination, uint _amount) returns (uint error) {}
                                           ^----------^
/home/andrei/Рабочий стол/Kursovaya/Diplom/contracts/safe/safe_300_SAFE.sol:9:67: Warning: Unused function parameter. Remove or comment out the variable name to silence this warning.
    function destroy(address _destination, uint _amount) returns (uint error) {}
                                                                  ^--------^
/home/andrei/Рабочий стол/Kursovaya/Diplom/contracts/safe/safe_300_SAFE.sol:20:5: Warning: No visibility specified. Defaulting to "public". 
    function MacroDestructionContract(){
    ^ (Relevant source part starts here and spans across multiple lines).
/home/andrei/Рабочий стол/Kursovaya/Diplom/contracts/safe/safe_300_SAFE.sol:24:5: Warning: No visibility specified. Defaulting to "public". 
    function destroy(uint _amount){
    ^ (Relevant source part starts here and spans across multiple lines).
/home/andrei/Рабочий стол/Kursovaya/Diplom/contracts/safe/safe_300_SAFE.sol:29:5: Warning: No visibility specified. Defaulting to "public". 
    function setCurator(address _curatorAddress){
    ^ (Relevant source part starts here and spans across multiple lines).
/home/andrei/Рабочий стол/Kursovaya/Diplom/contracts/safe/safe_300_SAFE.sol:34:5: Warning: No visibility specified. Defaulting to "public". 
    function setTokenContract(address _contractAddress){
    ^ (Relevant source part starts here and spans across multiple lines).
/home/andrei/Рабочий стол/Kursovaya/Diplom/contracts/safe/safe_300_SAFE.sol:39:5: Warning: No visibility specified. Defaulting to "public". 
    function killContract() {
    ^ (Relevant source part starts here and spans across multiple lines).
/home/andrei/Рабочий стол/Kursovaya/Diplom/contracts/safe/safe_300_SAFE.sol:44:5: Warning: No visibility specified. Defaulting to "public". 
    function tokenAddress() constant returns (address tokenAddress){
    ^ (Relevant source part starts here and spans across multiple lines).
/home/andrei/Рабочий стол/Kursovaya/Diplom/contracts/safe/safe_300_SAFE.sol:48:5: Warning: No visibility specified. Defaulting to "public". 
    function () {
    ^ (Relevant source part starts here and spans across multiple lines).
/home/andrei/Рабочий стол/Kursovaya/Diplom/contracts/safe/safe_300_SAFE.sol:2:5: Warning: Function state mutability can be restricted to pure
    function totalSupply() constant returns (uint256 supply) {}
    ^---------------------------------------------------------^
/home/andrei/Рабочий стол/Kursovaya/Diplom/contracts/safe/safe_300_SAFE.sol:3:5: Warning: Function state mutability can be restricted to pure
    function balanceOf(address _owner) constant returns (uint256 balance) {}
    ^----------------------------------------------------------------------^
/home/andrei/Рабочий стол/Kursovaya/Diplom/contracts/safe/safe_300_SAFE.sol:4:5: Warning: Function state mutability can be restricted to pure
    function transferViaProxy(address _from, address _to, uint _value) returns (uint error) {}
    ^----------------------------------------------------------------------------------------^
/home/andrei/Рабочий стол/Kursovaya/Diplom/contracts/safe/safe_300_SAFE.sol:5:5: Warning: Function state mutability can be restricted to pure
    function transferFromViaProxy(address _source, address _from, address _to, uint256 _amount) returns (uint error) {}
    ^-----------------------------------------------------------------------------------------------------------------^
/home/andrei/Рабочий стол/Kursovaya/Diplom/contracts/safe/safe_300_SAFE.sol:6:5: Warning: Function state mutability can be restricted to pure
    function approveViaProxy(address _source, address _spender, uint256 _value) returns (uint error) {}
    ^-------------------------------------------------------------------------------------------------^
/home/andrei/Рабочий стол/Kursovaya/Diplom/contracts/safe/safe_300_SAFE.sol:7:5: Warning: Function state mutability can be restricted to pure
    function allowance(address _owner, address _spender) constant returns (uint256 remaining) {} 
    ^------------------------------------------------------------------------------------------^
/home/andrei/Рабочий стол/Kursovaya/Diplom/contracts/safe/safe_300_SAFE.sol:8:5: Warning: Function state mutability can be restricted to pure
    function mint(address _destination, uint _amount) returns (uint error){}
    ^----------------------------------------------------------------------^
/home/andrei/Рабочий стол/Kursovaya/Diplom/contracts/safe/safe_300_SAFE.sol:9:5: Warning: Function state mutability can be restricted to pure
    function destroy(address _destination, uint _amount) returns (uint error) {}
    ^--------------------------------------------------------------------------^


Detector: unused-return
MacroDestructionContract.destroy(uint256) (contracts/safe/safe_300_SAFE.sol#24-27) ignores return value by tokenContract.destroy(msg.sender,_amount) (contracts/safe/safe_300_SAFE.sol#26)
Reference: https://github.com/crytic/slither/wiki/Detector-Documentation#unused-return

Detector: shadowing-local
MacroDestructionContract.tokenAddress().tokenAddress (contracts/safe/safe_300_SAFE.sol#44) shadows:
	- MacroDestructionContract.tokenAddress() (contracts/safe/safe_300_SAFE.sol#44-46) (function)
Reference: https://github.com/crytic/slither/wiki/Detector-Documentation#local-variable-shadowing

Detector: missing-zero-check
MacroDestructionContract.setCurator(address)._curatorAddress (contracts/safe/safe_300_SAFE.sol#29) lacks a zero-check on :
		- curator = _curatorAddress (contracts/safe/safe_300_SAFE.sol#31)
Reference: https://github.com/crytic/slither/wiki/Detector-Documentation#missing-zero-address-validation

Detector: deprecated-standards
Deprecated standard detected THROW (contracts/safe/safe_300_SAFE.sol#25):
	- Usage of "throw" should be replaced with "revert()"
Deprecated standard detected THROW (contracts/safe/safe_300_SAFE.sol#30):
	- Usage of "throw" should be replaced with "revert()"
Deprecated standard detected THROW (contracts/safe/safe_300_SAFE.sol#35):
	- Usage of "throw" should be replaced with "revert()"
Deprecated standard detected THROW (contracts/safe/safe_300_SAFE.sol#40):
	- Usage of "throw" should be replaced with "revert()"
Deprecated standard detected THROW (contracts/safe/safe_300_SAFE.sol#49):
	- Usage of "throw" should be replaced with "revert()"
Reference: https://github.com/crytic/slither/wiki/Detector-Documentation#deprecated-standards

Detector: solc-version
solc-0.4.24 is an outdated solc version. Use a more recent version (at least 0.8.0), if possible.
Reference: https://github.com/crytic/slither/wiki/Detector-Documentation#incorrect-versions-of-solidity

Detector: naming-convention
Parameter MacroDestructionContract.destroy(uint256)._amount (contracts/safe/safe_300_SAFE.sol#24) is not in mixedCase
Parameter MacroDestructionContract.setCurator(address)._curatorAddress (contracts/safe/safe_300_SAFE.sol#29) is not in mixedCase
Parameter MacroDestructionContract.setTokenContract(address)._contractAddress (contracts/safe/safe_300_SAFE.sol#34) is not in mixedCase
Reference: https://github.com/crytic/slither/wiki/Detector-Documentation#conformance-to-solidity-naming-conventions
/home/andrei/Рабочий стол/Kursovaya/Diplom/contracts/safe/safe_300_SAFE.sol analyzed (2 contracts with 101 detectors), 12 result(s) found
