'solc --version' running
'solc /home/andrei/Рабочий стол/Kursovaya/Diplom/contracts/safe/safe_162_SAFE.sol --combined-json abi,ast,bin,bin-runtime,srcmap,srcmap-runtime,userdoc,devdoc,hashes,compact-format --allow-paths .,/home/andrei/Рабочий стол/Kursovaya/Diplom/contracts/safe' running
Compilation warnings/errors on /home/andrei/Рабочий стол/Kursovaya/Diplom/contracts/safe/safe_162_SAFE.sol:
/home/andrei/Рабочий стол/Kursovaya/Diplom/contracts/safe/safe_162_SAFE.sol:78:9: Warning: Defining constructors as functions with the same name as the contract is deprecated. Use "constructor(...) { ... }" instead.
        function Owned() public {
        ^ (Relevant source part starts here and spans across multiple lines).
/home/andrei/Рабочий стол/Kursovaya/Diplom/contracts/safe/safe_162_SAFE.sol:116:9: Warning: Defining constructors as functions with the same name as the contract is deprecated. Use "constructor(...) { ... }" instead.
        function ADZbuzzCommunityToken() public {
        ^ (Relevant source part starts here and spans across multiple lines).


Detector: locked-ether
Contract locking ether found:
	Contract ADZbuzzCommunityToken (contracts/safe/safe_162_SAFE.sol#103-225) has payable functions:
	 - ADZbuzzCommunityToken.fallback() (contracts/safe/safe_162_SAFE.sol#213-215)
	But does not have a function to withdraw the ether
Reference: https://github.com/crytic/slither/wiki/Detector-Documentation#contracts-that-lock-ether

Detector: missing-zero-check
Owned.transferOwnership(address)._newOwner (contracts/safe/safe_162_SAFE.sol#87) lacks a zero-check on :
		- newOwner = _newOwner (contracts/safe/safe_162_SAFE.sol#88)
Reference: https://github.com/crytic/slither/wiki/Detector-Documentation#missing-zero-address-validation

Detector: solc-version
Version constraint ^0.4.18 contains known severe issues (https://solidity.readthedocs.io/en/latest/bugs.html)
	- DirtyBytesArrayToStorage
	- ABIDecodeTwoDimensionalArrayMemory
	- KeccakCaching
	- EmptyByteArrayCopy
	- DynamicArrayCleanup
	- ImplicitConstructorCallvalueCheck
	- TupleAssignmentMultiStackSlotComponents
	- MemoryArrayCreationOverflow
	- privateCanBeOverridden
	- SignedArrayStorageCopy
	- ABIEncoderV2StorageArrayWithMultiSlotElement
	- DynamicConstructorArgumentsClippedABIV2
	- UninitializedFunctionPointerInConstructor_0.4.x
	- IncorrectEventSignatureInLibraries_0.4.x
	- ExpExponentCleanup
	- EventStructWrongData
	- NestedArrayFunctionCallDecoder.
It is used by:
	- ^0.4.18 (contracts/safe/safe_162_SAFE.sol#1)
solc-0.4.24 is an outdated solc version. Use a more recent version (at least 0.8.0), if possible.
Reference: https://github.com/crytic/slither/wiki/Detector-Documentation#incorrect-versions-of-solidity

Detector: naming-convention
Parameter Owned.transferOwnership(address)._newOwner (contracts/safe/safe_162_SAFE.sol#87) is not in mixedCase
Variable ADZbuzzCommunityToken._totalSupply (contracts/safe/safe_162_SAFE.sol#107) is not in mixedCase
Reference: https://github.com/crytic/slither/wiki/Detector-Documentation#conformance-to-solidity-naming-conventions

Detector: too-many-digits
ADZbuzzCommunityToken.ADZbuzzCommunityToken() (contracts/safe/safe_162_SAFE.sol#116-123) uses literals with too many digits:
	- _totalSupply = 200000000000000 (contracts/safe/safe_162_SAFE.sol#120)
Reference: https://github.com/crytic/slither/wiki/Detector-Documentation#too-many-digits

Detector: external-function
receiveApproval(address,uint256,address,bytes) should be declared external:
	- ApproveAndCallFallBack.receiveApproval(address,uint256,address,bytes) (contracts/safe/safe_162_SAFE.sol#65)
approveAndCall(address,uint256,bytes) should be declared external:
	- ADZbuzzCommunityToken.approveAndCall(address,uint256,bytes) (contracts/safe/safe_162_SAFE.sol#202-207)
Reference: https://github.com/crytic/slither/wiki/Detector-Documentation#public-function-that-could-be-declared-external
/home/andrei/Рабочий стол/Kursovaya/Diplom/contracts/safe/safe_162_SAFE.sol analyzed (5 contracts with 101 detectors), 9 result(s) found
