'solc --version' running
'solc /home/andrei/Рабочий стол/Kursovaya/Diplom/contracts/safe/safe_182_SAFE.sol --combined-json abi,ast,bin,bin-runtime,srcmap,srcmap-runtime,userdoc,devdoc,hashes,compact-format --allow-paths .,/home/andrei/Рабочий стол/Kursovaya/Diplom/contracts/safe' running
Compilation warnings/errors on /home/andrei/Рабочий стол/Kursovaya/Diplom/contracts/safe/safe_182_SAFE.sol:
/home/andrei/Рабочий стол/Kursovaya/Diplom/contracts/safe/safe_182_SAFE.sol:177:5: Warning: No visibility specified. Defaulting to "public".
    function multisend(address _tokenAddr, address[] dests, uint256[] values)
    ^
Spanning multiple lines.


Detector: unchecked-transfer
Airdropper.multisend(address,address[],uint256[]) (contracts/safe/safe_182_SAFE.sol#177-186) ignores return value by ERC20(_tokenAddr).transfer(dests[i],values[i]) (contracts/safe/safe_182_SAFE.sol#182)
Reference: https://github.com/crytic/slither/wiki/Detector-Documentation#unchecked-transfer

Detector: events-access
Ownable.transferOwnership(address) (contracts/safe/safe_182_SAFE.sol#167-171) should emit an event for: 
	- owner = newOwner (contracts/safe/safe_182_SAFE.sol#169) 
Reference: https://github.com/crytic/slither/wiki/Detector-Documentation#missing-events-access-control

Detector: calls-loop
Airdropper.multisend(address,address[],uint256[]) (contracts/safe/safe_182_SAFE.sol#177-186) has external calls inside a loop: ERC20(_tokenAddr).transfer(dests[i],values[i]) (contracts/safe/safe_182_SAFE.sol#182)
Reference: https://github.com/crytic/slither/wiki/Detector-Documentation/#calls-inside-a-loop

Detector: solc-version
Version constraint ^0.4.19 contains known severe issues (https://solidity.readthedocs.io/en/latest/bugs.html)
	- DirtyBytesArrayToStorage
	- ABIDecodeTwoDimensionalArrayMemory
	- KeccakCaching
	- EmptyByteArrayCopy
	- DynamicArrayCleanup
	- ImplicitConstructorCallvalueCheck
	- TupleAssignmentMultiStackSlotComponents
	- MemoryArrayCreationOverflow
	- privateCanBeOverridden
	- SignedArrayStorageCopy
	- ABIEncoderV2StorageArrayWithMultiSlotElement
	- DynamicConstructorArgumentsClippedABIV2
	- UninitializedFunctionPointerInConstructor_0.4.x
	- IncorrectEventSignatureInLibraries_0.4.x
	- ABIEncoderV2PackedStorage_0.4.x
	- ExpExponentCleanup
	- EventStructWrongData
	- NestedArrayFunctionCallDecoder.
It is used by:
	- ^0.4.19 (contracts/safe/safe_182_SAFE.sol#1)
solc-0.4.19 is an outdated solc version. Use a more recent version (at least 0.8.0), if possible.
Reference: https://github.com/crytic/slither/wiki/Detector-Documentation#incorrect-versions-of-solidity

Detector: naming-convention
Parameter BasicToken.transfer(address,uint256)._to (contracts/safe/safe_182_SAFE.sol#69) is not in mixedCase
Parameter BasicToken.transfer(address,uint256)._value (contracts/safe/safe_182_SAFE.sol#69) is not in mixedCase
Parameter BasicToken.balanceOf(address)._owner (contracts/safe/safe_182_SAFE.sol#81) is not in mixedCase
Parameter StandardToken.transferFrom(address,address,uint256)._from (contracts/safe/safe_182_SAFE.sol#105) is not in mixedCase
Parameter StandardToken.transferFrom(address,address,uint256)._to (contracts/safe/safe_182_SAFE.sol#105) is not in mixedCase
Parameter StandardToken.transferFrom(address,address,uint256)._value (contracts/safe/safe_182_SAFE.sol#105) is not in mixedCase
Parameter StandardToken.approve(address,uint256)._spender (contracts/safe/safe_182_SAFE.sol#123) is not in mixedCase
Parameter StandardToken.approve(address,uint256)._value (contracts/safe/safe_182_SAFE.sol#123) is not in mixedCase
Parameter StandardToken.allowance(address,address)._owner (contracts/safe/safe_182_SAFE.sol#142) is not in mixedCase
Parameter StandardToken.allowance(address,address)._spender (contracts/safe/safe_182_SAFE.sol#142) is not in mixedCase
Parameter Airdropper.multisend(address,address[],uint256[])._tokenAddr (contracts/safe/safe_182_SAFE.sol#177) is not in mixedCase
Reference: https://github.com/crytic/slither/wiki/Detector-Documentation#conformance-to-solidity-naming-conventions

Detector: constable-states
ERC20Basic.totalSupply (contracts/safe/safe_182_SAFE.sol#39) should be constant 
Reference: https://github.com/crytic/slither/wiki/Detector-Documentation#state-variables-that-could-be-declared-constant

Detector: external-function
multisend(address,address[],uint256[]) should be declared external:
	- Airdropper.multisend(address,address[],uint256[]) (contracts/safe/safe_182_SAFE.sol#177-186)
Reference: https://github.com/crytic/slither/wiki/Detector-Documentation#public-function-that-could-be-declared-external
/home/andrei/Рабочий стол/Kursovaya/Diplom/contracts/safe/safe_182_SAFE.sol analyzed (7 contracts with 101 detectors), 18 result(s) found
