'solc --version' running
'solc /home/andrei/Рабочий стол/Kursovaya/Diplom/contracts/safe/safe_230_SAFE.sol --combined-json abi,ast,bin,bin-runtime,srcmap,srcmap-runtime,userdoc,devdoc,hashes,compact-format --allow-paths .,/home/andrei/Рабочий стол/Kursovaya/Diplom/contracts/safe' running
Compilation warnings/errors on /home/andrei/Рабочий стол/Kursovaya/Diplom/contracts/safe/safe_230_SAFE.sol:
/home/andrei/Рабочий стол/Kursovaya/Diplom/contracts/safe/safe_230_SAFE.sol:20:3: Warning: No visibility specified. Defaulting to "public".
  function Ownable() {
  ^
Spanning multiple lines.
/home/andrei/Рабочий стол/Kursovaya/Diplom/contracts/safe/safe_230_SAFE.sol:114:5: Warning: No visibility specified. Defaulting to "public".
    function EthealWhitelist(address _signer) {
    ^
Spanning multiple lines.


Detector: constant-function-asm
ECRecovery.recover(bytes32,bytes) (contracts/safe/safe_230_SAFE.sol#63-91) is declared view but contains assembly code
Reference: https://github.com/crytic/slither/wiki/Detector-Documentation#constant-functions-using-assembly-code

Detector: assembly
ECRecovery.recover(bytes32,bytes) (contracts/safe/safe_230_SAFE.sol#63-91) uses assembly
	- INLINE ASM (contracts/safe/safe_230_SAFE.sol#74-81)
Reference: https://github.com/crytic/slither/wiki/Detector-Documentation#assembly-usage

Detector: solc-version
Version constraint ^0.4.17 contains known severe issues (https://solidity.readthedocs.io/en/latest/bugs.html)
	- DirtyBytesArrayToStorage
	- ABIDecodeTwoDimensionalArrayMemory
	- KeccakCaching
	- EmptyByteArrayCopy
	- DynamicArrayCleanup
	- ImplicitConstructorCallvalueCheck
	- TupleAssignmentMultiStackSlotComponents
	- MemoryArrayCreationOverflow
	- privateCanBeOverridden
	- SignedArrayStorageCopy
	- ABIEncoderV2StorageArrayWithMultiSlotElement
	- DynamicConstructorArgumentsClippedABIV2
	- UninitializedFunctionPointerInConstructor_0.4.x
	- IncorrectEventSignatureInLibraries_0.4.x
	- ExpExponentCleanup
	- EventStructWrongData
	- NestedArrayFunctionCallDecoder
	- ZeroFunctionSelector.
It is used by:
	- ^0.4.17 (contracts/safe/safe_230_SAFE.sol#1)
solc-0.4.17 is an outdated solc version. Use a more recent version (at least 0.8.0), if possible.
Reference: https://github.com/crytic/slither/wiki/Detector-Documentation#incorrect-versions-of-solidity

Detector: naming-convention
Parameter EthealWhitelist.setSigner(address)._signer (contracts/safe/safe_230_SAFE.sol#121) is not in mixedCase
Parameter EthealWhitelist.setWhitelist(address,bool)._addr (contracts/safe/safe_230_SAFE.sol#132) is not in mixedCase
Parameter EthealWhitelist.setWhitelist(address,bool)._state (contracts/safe/safe_230_SAFE.sol#132) is not in mixedCase
Parameter EthealWhitelist.setManyWhitelist(address[],bool)._addr (contracts/safe/safe_230_SAFE.sol#139) is not in mixedCase
Parameter EthealWhitelist.setManyWhitelist(address[],bool)._state (contracts/safe/safe_230_SAFE.sol#139) is not in mixedCase
Parameter EthealWhitelist.isOffchainWhitelisted(address,bytes)._addr (contracts/safe/safe_230_SAFE.sol#146) is not in mixedCase
Parameter EthealWhitelist.isOffchainWhitelisted(address,bytes)._sig (contracts/safe/safe_230_SAFE.sol#146) is not in mixedCase
Reference: https://github.com/crytic/slither/wiki/Detector-Documentation#conformance-to-solidity-naming-conventions

Detector: external-function
recover(bytes32,bytes) should be declared external:
	- ECRecovery.recover(bytes32,bytes) (contracts/safe/safe_230_SAFE.sol#63-91)
setManyWhitelist(address[],bool) should be declared external:
	- EthealWhitelist.setManyWhitelist(address[],bool) (contracts/safe/safe_230_SAFE.sol#139-143)
isOffchainWhitelisted(address,bytes) should be declared external:
	- EthealWhitelist.isOffchainWhitelisted(address,bytes) (contracts/safe/safe_230_SAFE.sol#146-149)
Reference: https://github.com/crytic/slither/wiki/Detector-Documentation#public-function-that-could-be-declared-external
/home/andrei/Рабочий стол/Kursovaya/Diplom/contracts/safe/safe_230_SAFE.sol analyzed (3 contracts with 101 detectors), 14 result(s) found
