'solc --version' running
'solc /home/andrei/Рабочий стол/Kursovaya/Diplom/contracts/safe/safe_274_SAFE.sol --combined-json abi,ast,bin,bin-runtime,srcmap,srcmap-runtime,userdoc,devdoc' running
Compilation warnings/errors on /home/andrei/Рабочий стол/Kursovaya/Diplom/contracts/safe/safe_274_SAFE.sol:
/home/andrei/Рабочий стол/Kursovaya/Diplom/contracts/safe/safe_274_SAFE.sol:39:13: Warning: Return value of low-level calls not used.
            owner.send(msg.value);
            ^-------------------^
/home/andrei/Рабочий стол/Kursovaya/Diplom/contracts/safe/safe_274_SAFE.sol:51:11: Warning: Return value of low-level calls not used.
          owner.send(this.balance);
          ^----------------------^
/home/andrei/Рабочий стол/Kursovaya/Diplom/contracts/safe/safe_274_SAFE.sol:39:24: Warning: "msg.value" used in non-payable function. Do you want to add the "payable" modifier to this function?
            owner.send(msg.value);
                       ^-------^


Detector: arbitrary-send-eth
Intermediary.returnEverything() () sends eth to arbitrary user
	Dangerous calls:
	- owner.send(this.balance) ()
Reference: https://github.com/crytic/slither/wiki/Detector-Documentation#functions-that-send-ether-to-arbitrary-destinations

Detector: locked-ether
Contract locking ether found:
	Contract Investment () has payable functions:
	 - Investment.returnInvestment() ()
	But does not have a function to withdraw the ether
Reference: https://github.com/crytic/slither/wiki/Detector-Documentation#contracts-that-lock-ether

Detector: unchecked-send
Intermediary.returnValue(uint256) () ignores return value by owner.send(msg.value) ()
Intermediary.returnEverything() () ignores return value by owner.send(this.balance) ()
Reference: https://github.com/crytic/slither/wiki/Detector-Documentation#unchecked-send

Detector: missing-zero-check
Intermediary.changeOwner(address).newOwner () lacks a zero-check on :
		- owner = newOwner ()
Reference: https://github.com/crytic/slither/wiki/Detector-Documentation#missing-zero-address-validation

Detector: solc-version
Version constraint ^0.4.7 contains known severe issues (https://solidity.readthedocs.io/en/latest/bugs.html)
	- DirtyBytesArrayToStorage
	- KeccakCaching
	- EmptyByteArrayCopy
	- DynamicArrayCleanup
	- ImplicitConstructorCallvalueCheck
	- TupleAssignmentMultiStackSlotComponents
	- MemoryArrayCreationOverflow
	- privateCanBeOverridden
	- SignedArrayStorageCopy
	- UninitializedFunctionPointerInConstructor_0.4.x
	- IncorrectEventSignatureInLibraries_0.4.x
	- ExpExponentCleanup
	- NestedArrayFunctionCallDecoder
	- ZeroFunctionSelector
	- DelegateCallReturnValue
	- ECRecoverMalformedInput
	- SkipEmptyStringLiteral
	- ConstantOptimizerSubtraction.
It is used by:
	- ^0.4.7 ()
solc-0.4.7 is an outdated solc version. Use a more recent version (at least 0.8.0), if possible.
Reference: https://github.com/crytic/slither/wiki/Detector-Documentation#incorrect-versions-of-solidity

Detector: unused-state
Investment.investorIndex () is never used in Investment ()
Investment.investors () is never used in Investment ()
Reference: https://github.com/crytic/slither/wiki/Detector-Documentation#unused-state-variable

Detector: constable-states
Investment.investorIndex () should be constant 
Reference: https://github.com/crytic/slither/wiki/Detector-Documentation#state-variables-that-could-be-declared-constant
/home/andrei/Рабочий стол/Kursovaya/Diplom/contracts/safe/safe_274_SAFE.sol analyzed (2 contracts with 101 detectors), 10 result(s) found
