'solc --version' running
'solc /home/andrei/Рабочий стол/Kursovaya/Diplom/contracts/safe/safe_255_SAFE.sol --combined-json abi,ast,bin,bin-runtime,srcmap,srcmap-runtime,userdoc,devdoc,hashes,compact-format --allow-paths .,/home/andrei/Рабочий стол/Kursovaya/Diplom/contracts/safe' running

Detector: erc20-interface
TokenATEC (contracts/safe/safe_255_SAFE.sol#5-78) has incorrect ERC20 function interface:TokenATEC.transfer(address,uint256) (contracts/safe/safe_255_SAFE.sol#33-35)
Reference: https://github.com/crytic/slither/wiki/Detector-Documentation#incorrect-erc20-interface

Detector: function-init-state
TokenATEC.totalSupply (contracts/safe/safe_255_SAFE.sol#9) is set pre-construction with a non-constant function or state variable:
	- 177000000 * 10 ** uint256(decimals)
Reference: https://github.com/crytic/slither/wiki/Detector-Documentation#function-initializing-state

Detector: solc-version
Version constraint ^0.4.24 contains known severe issues (https://solidity.readthedocs.io/en/latest/bugs.html)
	- DirtyBytesArrayToStorage
	- ABIDecodeTwoDimensionalArrayMemory
	- KeccakCaching
	- EmptyByteArrayCopy
	- DynamicArrayCleanup
	- ImplicitConstructorCallvalueCheck
	- TupleAssignmentMultiStackSlotComponents
	- MemoryArrayCreationOverflow
	- privateCanBeOverridden
	- SignedArrayStorageCopy
	- ABIEncoderV2StorageArrayWithMultiSlotElement
	- DynamicConstructorArgumentsClippedABIV2
	- UninitializedFunctionPointerInConstructor_0.4.x
	- IncorrectEventSignatureInLibraries_0.4.x
	- ABIEncoderV2PackedStorage_0.4.x
	- ExpExponentCleanup
	- EventStructWrongData.
It is used by:
	- ^0.4.24 (contracts/safe/safe_255_SAFE.sol#1)
solc-0.4.24 is an outdated solc version. Use a more recent version (at least 0.8.0), if possible.
Reference: https://github.com/crytic/slither/wiki/Detector-Documentation#incorrect-versions-of-solidity

Detector: naming-convention
Contract tokenRecipient (contracts/safe/safe_255_SAFE.sol#3) is not in CapWords
Parameter TokenATEC.transfer(address,uint256)._to (contracts/safe/safe_255_SAFE.sol#33) is not in mixedCase
Parameter TokenATEC.transfer(address,uint256)._value (contracts/safe/safe_255_SAFE.sol#33) is not in mixedCase
Parameter TokenATEC.transferFrom(address,address,uint256)._from (contracts/safe/safe_255_SAFE.sol#37) is not in mixedCase
Parameter TokenATEC.transferFrom(address,address,uint256)._to (contracts/safe/safe_255_SAFE.sol#37) is not in mixedCase
Parameter TokenATEC.transferFrom(address,address,uint256)._value (contracts/safe/safe_255_SAFE.sol#37) is not in mixedCase
Parameter TokenATEC.approve(address,uint256)._spender (contracts/safe/safe_255_SAFE.sol#44) is not in mixedCase
Parameter TokenATEC.approve(address,uint256)._value (contracts/safe/safe_255_SAFE.sol#44) is not in mixedCase
Parameter TokenATEC.approveAndCall(address,uint256,bytes)._spender (contracts/safe/safe_255_SAFE.sol#50) is not in mixedCase
Parameter TokenATEC.approveAndCall(address,uint256,bytes)._value (contracts/safe/safe_255_SAFE.sol#50) is not in mixedCase
Parameter TokenATEC.approveAndCall(address,uint256,bytes)._extraData (contracts/safe/safe_255_SAFE.sol#50) is not in mixedCase
Parameter TokenATEC.burn(uint256)._value (contracts/safe/safe_255_SAFE.sol#60) is not in mixedCase
Parameter TokenATEC.burnFrom(address,uint256)._from (contracts/safe/safe_255_SAFE.sol#68) is not in mixedCase
Parameter TokenATEC.burnFrom(address,uint256)._value (contracts/safe/safe_255_SAFE.sol#68) is not in mixedCase
Reference: https://github.com/crytic/slither/wiki/Detector-Documentation#conformance-to-solidity-naming-conventions

Detector: too-many-digits
TokenATEC.slitherConstructorVariables() (contracts/safe/safe_255_SAFE.sol#5-78) uses literals with too many digits:
	- totalSupply = 177000000 * 10 ** uint256(decimals) (contracts/safe/safe_255_SAFE.sol#9)
Reference: https://github.com/crytic/slither/wiki/Detector-Documentation#too-many-digits

Detector: constable-states
TokenATEC.decimals (contracts/safe/safe_255_SAFE.sol#8) should be constant 
TokenATEC.name (contracts/safe/safe_255_SAFE.sol#6) should be constant 
TokenATEC.symbol (contracts/safe/safe_255_SAFE.sol#7) should be constant 
Reference: https://github.com/crytic/slither/wiki/Detector-Documentation#state-variables-that-could-be-declared-constant

Detector: external-function
approveAndCall(address,uint256,bytes) should be declared external:
	- TokenATEC.approveAndCall(address,uint256,bytes) (contracts/safe/safe_255_SAFE.sol#50-58)
Reference: https://github.com/crytic/slither/wiki/Detector-Documentation#public-function-that-could-be-declared-external
/home/andrei/Рабочий стол/Kursovaya/Diplom/contracts/safe/safe_255_SAFE.sol analyzed (2 contracts with 101 detectors), 23 result(s) found
