'solc --version' running
'solc /home/andrei/Рабочий стол/Kursovaya/Diplom/contracts/safe/safe_213_SAFE.sol --combined-json abi,ast,bin,bin-runtime,srcmap,srcmap-runtime,userdoc,devdoc,hashes,compact-format --allow-paths .,/home/andrei/Рабочий стол/Kursovaya/Diplom/contracts/safe' running
Compilation warnings/errors on /home/andrei/Рабочий стол/Kursovaya/Diplom/contracts/safe/safe_213_SAFE.sol:
/home/andrei/Рабочий стол/Kursovaya/Diplom/contracts/safe/safe_213_SAFE.sol:1:1: Warning: Source file does not specify required compiler version!Consider adding "pragma solidity ^0.4.24;"
contract Vow {
^ (Relevant source part starts here and spans across multiple lines).
/home/andrei/Рабочий стол/Kursovaya/Diplom/contracts/safe/safe_213_SAFE.sol:8:5: Warning: This declaration shadows an existing declaration.
    struct Vow {
    ^ (Relevant source part starts here and spans across multiple lines).
/home/andrei/Рабочий стол/Kursovaya/Diplom/contracts/safe/safe_213_SAFE.sol:1:1: The shadowed declaration is here:
contract Vow {
^ (Relevant source part starts here and spans across multiple lines).

/home/andrei/Рабочий стол/Kursovaya/Diplom/contracts/safe/safe_213_SAFE.sol:30:9: Warning: Variable is declared as a storage pointer. Use an explicit "storage" keyword to silence this warning.
        Vow v = vows[vowID];
        ^---^
/home/andrei/Рабочий стол/Kursovaya/Diplom/contracts/safe/safe_213_SAFE.sol:47:9: Warning: Variable is declared as a storage pointer. Use an explicit "storage" keyword to silence this warning.
        Customer c = vows[vowID].customers[msg.sender];
        ^--------^
/home/andrei/Рабочий стол/Kursovaya/Diplom/contracts/safe/safe_213_SAFE.sol:60:9: Warning: Variable is declared as a storage pointer. Use an explicit "storage" keyword to silence this warning.
        Customer wc = vows[vowID].customers[beneficiary];
        ^---------^
/home/andrei/Рабочий стол/Kursovaya/Diplom/contracts/safe/safe_213_SAFE.sol:37:9: Warning: Invoking events without "emit" prefix is deprecated.
        newVowIdFlag(v.vower, vowID, v.payoff);
        ^------------------------------------^
/home/andrei/Рабочий стол/Kursovaya/Diplom/contracts/safe/safe_213_SAFE.sol:50:9: Warning: Invoking events without "emit" prefix is deprecated.
        depositFlag(msg.sender, c.balance, c.ref);
        ^---------------------------------------^
/home/andrei/Рабочий стол/Kursovaya/Diplom/contracts/safe/safe_213_SAFE.sol:62:9: Warning: Failure condition of 'send' ignored. Consider using 'transfer' instead.
        beneficiary.send(amount);
        ^----------------------^
/home/andrei/Рабочий стол/Kursovaya/Diplom/contracts/safe/safe_213_SAFE.sol:63:9: Warning: Invoking events without "emit" prefix is deprecated.
        withdrawFlag(beneficiary, amount, wc.balance);
        ^-------------------------------------------^
/home/andrei/Рабочий стол/Kursovaya/Diplom/contracts/safe/safe_213_SAFE.sol:28:5: Warning: No visibility specified. Defaulting to "public". 
    function newvow(uint payoff, address oracle) returns (uint vowID) {
    ^ (Relevant source part starts here and spans across multiple lines).
/home/andrei/Рабочий стол/Kursovaya/Diplom/contracts/safe/safe_213_SAFE.sol:32:19: Warning: "msg.value" used in non-payable function. Do you want to add the "payable" modifier to this function?
        v.funds = msg.value;
                  ^-------^
/home/andrei/Рабочий стол/Kursovaya/Diplom/contracts/safe/safe_213_SAFE.sol:41:5: Warning: No visibility specified. Defaulting to "public". 
    function deposit(uint vowID) returns (bool res) {
    ^ (Relevant source part starts here and spans across multiple lines).
/home/andrei/Рабочий стол/Kursovaya/Diplom/contracts/safe/safe_213_SAFE.sol:43:13: Warning: "msg.value" used in non-payable function. Do you want to add the "payable" modifier to this function?
        if (msg.value == 0){
            ^-------^
/home/andrei/Рабочий стол/Kursovaya/Diplom/contracts/safe/safe_213_SAFE.sol:46:33: Warning: "msg.value" used in non-payable function. Do you want to add the "payable" modifier to this function?
        vows[vowID].deposits += msg.value;
                                ^-------^
/home/andrei/Рабочий стол/Kursovaya/Diplom/contracts/safe/safe_213_SAFE.sol:48:22: Warning: "msg.value" used in non-payable function. Do you want to add the "payable" modifier to this function?
        c.balance += msg.value;
                     ^-------^
/home/andrei/Рабочий стол/Kursovaya/Diplom/contracts/safe/safe_213_SAFE.sol:54:5: Warning: No visibility specified. Defaulting to "public". 
    function withdraw(uint amount, address beneficiary, uint vowID) returns (bool res) {
    ^ (Relevant source part starts here and spans across multiple lines).


Detector: unchecked-send
Vow.withdraw(uint256,address,uint256) (contracts/safe/safe_213_SAFE.sol#54-65) ignores return value by beneficiary.send(amount) (contracts/safe/safe_213_SAFE.sol#62)
Reference: https://github.com/crytic/slither/wiki/Detector-Documentation#unchecked-send

Detector: missing-zero-check
Vow.withdraw(uint256,address,uint256).beneficiary (contracts/safe/safe_213_SAFE.sol#54) lacks a zero-check on :
		- beneficiary.send(amount) (contracts/safe/safe_213_SAFE.sol#62)
Reference: https://github.com/crytic/slither/wiki/Detector-Documentation#missing-zero-address-validation

Detector: variable-scope
Variable 'Vow.withdraw(uint256,address,uint256).wc (contracts/safe/safe_213_SAFE.sol#60)' in Vow.withdraw(uint256,address,uint256) (contracts/safe/safe_213_SAFE.sol#54-65) potentially used before declaration: wc.balance < amount || amount == 0 (contracts/safe/safe_213_SAFE.sol#58)
Reference: https://github.com/crytic/slither/wiki/Detector-Documentation#pre-declaration-usage-of-local-variables

Detector: solc-version
solc-0.4.24 is an outdated solc version. Use a more recent version (at least 0.8.0), if possible.
Reference: https://github.com/crytic/slither/wiki/Detector-Documentation#incorrect-versions-of-solidity

Detector: naming-convention
Event Vow.depositFlag(address,uint256,uint256) (contracts/safe/safe_213_SAFE.sol#24) is not in CapWords
Event Vow.withdrawFlag(address,uint256,uint256) (contracts/safe/safe_213_SAFE.sol#25) is not in CapWords
Event Vow.newVowIdFlag(address,uint256,uint256) (contracts/safe/safe_213_SAFE.sol#26) is not in CapWords
Reference: https://github.com/crytic/slither/wiki/Detector-Documentation#conformance-to-solidity-naming-conventions

Detector: reentrancy-unlimited-gas
Reentrancy in Vow.withdraw(uint256,address,uint256) (contracts/safe/safe_213_SAFE.sol#54-65):
	External calls:
	- beneficiary.send(amount) (contracts/safe/safe_213_SAFE.sol#62)
	Event emitted after the call(s):
	- withdrawFlag(beneficiary,amount,wc.balance) (contracts/safe/safe_213_SAFE.sol#63)
Reference: https://github.com/crytic/slither/wiki/Detector-Documentation#reentrancy-vulnerabilities-5

Detector: unindexed-event-address
Event Vow.depositFlag(address,uint256,uint256) (contracts/safe/safe_213_SAFE.sol#24) has address parameters but no indexed parameters
Event Vow.withdrawFlag(address,uint256,uint256) (contracts/safe/safe_213_SAFE.sol#25) has address parameters but no indexed parameters
Event Vow.newVowIdFlag(address,uint256,uint256) (contracts/safe/safe_213_SAFE.sol#26) has address parameters but no indexed parameters
Reference: https://github.com/crytic/slither/wiki/Detector-Documentation#unindexed-event-address-parameters
/home/andrei/Рабочий стол/Kursovaya/Diplom/contracts/safe/safe_213_SAFE.sol analyzed (1 contracts with 101 detectors), 11 result(s) found
