'solc --version' running
'solc /home/andrei/Рабочий стол/Kursovaya/Diplom/contracts/safe/safe_200_SAFE.sol --combined-json abi,ast,bin,bin-runtime,srcmap,srcmap-runtime,userdoc,devdoc,hashes,compact-format --allow-paths .,/home/andrei/Рабочий стол/Kursovaya/Diplom/contracts/safe' running
Compilation warnings/errors on /home/andrei/Рабочий стол/Kursovaya/Diplom/contracts/safe/safe_200_SAFE.sol:
/home/andrei/Рабочий стол/Kursovaya/Diplom/contracts/safe/safe_200_SAFE.sol:12:5: Warning: Defining constructors as functions with the same name as the contract is deprecated. Use "constructor(...) { ... }" instead.
    function SmartMMM() public {
    ^ (Relevant source part starts here and spans across multiple lines).
/home/andrei/Рабочий стол/Kursovaya/Diplom/contracts/safe/safe_200_SAFE.sol:22:12: Warning: Using contract member "balance" inherited from the address type is deprecated. Convert the contract to "address" type to access the member, for example use "address(contract).balance" instead.
        if(this.balance < amountToInvestor) {
           ^----------^
/home/andrei/Рабочий стол/Kursovaya/Diplom/contracts/safe/safe_200_SAFE.sol:23:32: Warning: Using contract member "balance" inherited from the address type is deprecated. Convert the contract to "address" type to access the member, for example use "address(contract).balance" instead.
            amountToInvestor = this.balance;
                               ^----------^


Detector: divide-before-multiply
SmartMMM.withdraw() (contracts/safe/safe_200_SAFE.sol#16-28) performs a multiplication on the result of a division:
	- countWeeks = (now - investorDate[msg.sender]) / 604800 (contracts/safe/safe_200_SAFE.sol#19)
	- amountToInvestor = investorAmount[msg.sender] + investorAmount[msg.sender] / 100 * 10 * countWeeks (contracts/safe/safe_200_SAFE.sol#20)
SmartMMM.fallback() (contracts/safe/safe_200_SAFE.sol#30-37) performs a multiplication on the result of a division:
	- amountToOwner = investorAmount[msg.sender] / 1000 * 45 (contracts/safe/safe_200_SAFE.sol#33)
SmartMMM.fallback() (contracts/safe/safe_200_SAFE.sol#30-37) performs a multiplication on the result of a division:
	- amountToOwner2 = investorAmount[msg.sender] / 1000 * 5 (contracts/safe/safe_200_SAFE.sol#34)
Reference: https://github.com/crytic/slither/wiki/Detector-Documentation#divide-before-multiply

Detector: incorrect-equality
SmartMMM.withdraw() (contracts/safe/safe_200_SAFE.sol#16-28) uses a dangerous strict equality:
	- msg.sender.send(amountToInvestor) == false (contracts/safe/safe_200_SAFE.sol#25)
Reference: https://github.com/crytic/slither/wiki/Detector-Documentation#dangerous-strict-equalities

Detector: timestamp
SmartMMM.withdraw() (contracts/safe/safe_200_SAFE.sol#16-28) uses timestamp for comparisons
	Dangerous comparisons:
	- require(bool)(now >= investorDate[msg.sender] + 604800) (contracts/safe/safe_200_SAFE.sol#18)
	- this.balance < amountToInvestor (contracts/safe/safe_200_SAFE.sol#22)
	- msg.sender.send(amountToInvestor) == false (contracts/safe/safe_200_SAFE.sol#25)
Reference: https://github.com/crytic/slither/wiki/Detector-Documentation#block-timestamp

Detector: boolean-equal
SmartMMM.withdraw() (contracts/safe/safe_200_SAFE.sol#16-28) compares to a boolean constant:
	-msg.sender.send(amountToInvestor) == false (contracts/safe/safe_200_SAFE.sol#25)
Reference: https://github.com/crytic/slither/wiki/Detector-Documentation#boolean-equality

Detector: solc-version
Version constraint ^0.4 is too complex.
It is used by:
	- ^0.4 (contracts/safe/safe_200_SAFE.sol#1)
solc-0.4.24 is an outdated solc version. Use a more recent version (at least 0.8.0), if possible.
Reference: https://github.com/crytic/slither/wiki/Detector-Documentation#incorrect-versions-of-solidity

Detector: constable-states
SmartMMM.owner2 (contracts/safe/safe_200_SAFE.sol#7) should be constant 
Reference: https://github.com/crytic/slither/wiki/Detector-Documentation#state-variables-that-could-be-declared-constant
/home/andrei/Рабочий стол/Kursovaya/Diplom/contracts/safe/safe_200_SAFE.sol analyzed (1 contracts with 101 detectors), 9 result(s) found
