'solc --version' running
'solc /home/andrei/Рабочий стол/Kursovaya/Diplom/contracts/safe/safe_239_SAFE.sol --combined-json abi,ast,bin,bin-runtime,srcmap,srcmap-runtime,userdoc,devdoc,hashes,compact-format --allow-paths .,/home/andrei/Рабочий стол/Kursovaya/Diplom/contracts/safe' running
Compilation warnings/errors on /home/andrei/Рабочий стол/Kursovaya/Diplom/contracts/safe/safe_239_SAFE.sol:
/home/andrei/Рабочий стол/Kursovaya/Diplom/contracts/safe/safe_239_SAFE.sol:10:5: Warning: No visibility specified. Defaulting to "public".
    function Set(address dataBase, uint256 limit)
    ^
Spanning multiple lines.
/home/andrei/Рабочий стол/Kursovaya/Diplom/contracts/safe/safe_239_SAFE.sol:17:5: Warning: No visibility specified. Defaulting to "public".
    function()payable{}
    ^-----------------^
/home/andrei/Рабочий стол/Kursovaya/Diplom/contracts/safe/safe_239_SAFE.sol:19:5: Warning: No visibility specified. Defaulting to "public".
    function transfer(address adr)
    ^
Spanning multiple lines.
/home/andrei/Рабочий стол/Kursovaya/Diplom/contracts/safe/safe_239_SAFE.sol:24:42: Warning: "sha3" has been deprecated in favour of "keccak256"
            DataBase.delegatecall(bytes4(sha3("AddToDB(address)")),msg.sender);
                                         ^----------------------^
/home/andrei/Рабочий стол/Kursovaya/Diplom/contracts/safe/safe_239_SAFE.sol:24:13: Warning: Return value of low-level calls not used.
            DataBase.delegatecall(bytes4(sha3("AddToDB(address)")),msg.sender);
            ^----------------------------------------------------------------^


Detector: arbitrary-send-eth
Router.transfer(address) (contracts/safe/safe_239_SAFE.sol#19-27) sends eth to arbitrary user
	Dangerous calls:
	- adr.transfer(this.balance) (contracts/safe/safe_239_SAFE.sol#25)
Reference: https://github.com/crytic/slither/wiki/Detector-Documentation#functions-that-send-ether-to-arbitrary-destinations

Detector: controlled-delegatecall
Router.transfer(address) (contracts/safe/safe_239_SAFE.sol#19-27) uses delegatecall to a input-controlled function id
	- DataBase.delegatecall(bytes4(sha3()(AddToDB(address))),msg.sender) (contracts/safe/safe_239_SAFE.sol#24)
Reference: https://github.com/crytic/slither/wiki/Detector-Documentation#controlled-delegatecall

Detector: unchecked-lowlevel
Router.transfer(address) (contracts/safe/safe_239_SAFE.sol#19-27) ignores return value by DataBase.delegatecall(bytes4(sha3()(AddToDB(address))),msg.sender) (contracts/safe/safe_239_SAFE.sol#24)
Reference: https://github.com/crytic/slither/wiki/Detector-Documentation#unchecked-low-level-calls

Detector: events-maths
Router.Set(address,uint256) (contracts/safe/safe_239_SAFE.sol#10-15) should emit an event for: 
	- Limit = limit (contracts/safe/safe_239_SAFE.sol#13) 
Reference: https://github.com/crytic/slither/wiki/Detector-Documentation#missing-events-arithmetic

Detector: missing-zero-check
Router.Set(address,uint256).dataBase (contracts/safe/safe_239_SAFE.sol#10) lacks a zero-check on :
		- DataBase = dataBase (contracts/safe/safe_239_SAFE.sol#14)
Router.transfer(address).adr (contracts/safe/safe_239_SAFE.sol#19) lacks a zero-check on :
		- adr.transfer(this.balance) (contracts/safe/safe_239_SAFE.sol#25)
Reference: https://github.com/crytic/slither/wiki/Detector-Documentation#missing-zero-address-validation

Detector: deprecated-standards
Deprecated standard detected DataBase.delegatecall(bytes4(sha3()(AddToDB(address))),msg.sender) (contracts/safe/safe_239_SAFE.sol#24):
	- Usage of "sha3()" should be replaced with "keccak256()"
Reference: https://github.com/crytic/slither/wiki/Detector-Documentation#deprecated-standards

Detector: solc-version
Version constraint ^0.4.18 contains known severe issues (https://solidity.readthedocs.io/en/latest/bugs.html)
	- DirtyBytesArrayToStorage
	- ABIDecodeTwoDimensionalArrayMemory
	- KeccakCaching
	- EmptyByteArrayCopy
	- DynamicArrayCleanup
	- ImplicitConstructorCallvalueCheck
	- TupleAssignmentMultiStackSlotComponents
	- MemoryArrayCreationOverflow
	- privateCanBeOverridden
	- SignedArrayStorageCopy
	- ABIEncoderV2StorageArrayWithMultiSlotElement
	- DynamicConstructorArgumentsClippedABIV2
	- UninitializedFunctionPointerInConstructor_0.4.x
	- IncorrectEventSignatureInLibraries_0.4.x
	- ExpExponentCleanup
	- EventStructWrongData
	- NestedArrayFunctionCallDecoder.
It is used by:
	- ^0.4.18 (contracts/safe/safe_239_SAFE.sol#1)
solc-0.4.18 is an outdated solc version. Use a more recent version (at least 0.8.0), if possible.
Reference: https://github.com/crytic/slither/wiki/Detector-Documentation#incorrect-versions-of-solidity

Detector: low-level-calls
Low level call in Router.transfer(address) (contracts/safe/safe_239_SAFE.sol#19-27):
	- DataBase.delegatecall(bytes4(sha3()(AddToDB(address))),msg.sender) (contracts/safe/safe_239_SAFE.sol#24)
Reference: https://github.com/crytic/slither/wiki/Detector-Documentation#low-level-calls

Detector: naming-convention
Function Router.Set(address,uint256) (contracts/safe/safe_239_SAFE.sol#10-15) is not in mixedCase
Variable Router.Owner (contracts/safe/safe_239_SAFE.sol#5) is not in mixedCase
Variable Router.DataBase (contracts/safe/safe_239_SAFE.sol#6) is not in mixedCase
Variable Router.Limit (contracts/safe/safe_239_SAFE.sol#7) is not in mixedCase
Reference: https://github.com/crytic/slither/wiki/Detector-Documentation#conformance-to-solidity-naming-conventions
/home/andrei/Рабочий стол/Kursovaya/Diplom/contracts/safe/safe_239_SAFE.sol analyzed (1 contracts with 101 detectors), 14 result(s) found
