'solc --version' running
'solc /home/andrei/Рабочий стол/Kursovaya/Diplom/contracts/safe/safe_285_SAFE.sol --combined-json abi,ast,bin,bin-runtime,srcmap,srcmap-runtime,userdoc,devdoc,hashes,compact-format --allow-paths .,/home/andrei/Рабочий стол/Kursovaya/Diplom/contracts/safe' running
Compilation warnings/errors on /home/andrei/Рабочий стол/Kursovaya/Diplom/contracts/safe/safe_285_SAFE.sol:
/home/andrei/Рабочий стол/Kursovaya/Diplom/contracts/safe/safe_285_SAFE.sol:457:7: Warning: Failure condition of 'send' ignored. Consider using 'transfer' instead.
      _beneficiary.send(left);
      ^---------------------^
/home/andrei/Рабочий стол/Kursovaya/Diplom/contracts/safe/safe_285_SAFE.sol:617:5: Warning: Failure condition of 'send' ignored. Consider using 'transfer' instead.
    msg.sender.send(investment);
    ^-------------------------^
/home/andrei/Рабочий стол/Kursovaya/Diplom/contracts/safe/safe_285_SAFE.sol:690:34: Warning: Using contract member "balance" inherited from the address type is deprecated. Convert the contract to "address" type to access the member, for example use "address(contract).balance" instead.
    uint256 value = approved.mul(this.balance).div(inCirculation);
                                 ^----------^
/home/andrei/Рабочий стол/Kursovaya/Diplom/contracts/safe/safe_285_SAFE.sol:693:5: Warning: Failure condition of 'send' ignored. Consider using 'transfer' instead.
    msg.sender.send(value);
    ^--------------------^
/home/andrei/Рабочий стол/Kursovaya/Diplom/contracts/safe/safe_285_SAFE.sol:502:5: Warning: Unused function parameter. Remove or comment out the variable name to silence this warning.
    address _beneficiary,
    ^------------------^
/home/andrei/Рабочий стол/Kursovaya/Diplom/contracts/safe/safe_285_SAFE.sol:503:5: Warning: Unused function parameter. Remove or comment out the variable name to silence this warning.
    uint256 _weiAmount
    ^----------------^
/home/andrei/Рабочий стол/Kursovaya/Diplom/contracts/safe/safe_285_SAFE.sol:540:5: Warning: Unused function parameter. Remove or comment out the variable name to silence this warning.
    address _beneficiary,
    ^------------------^
/home/andrei/Рабочий стол/Kursovaya/Diplom/contracts/safe/safe_285_SAFE.sol:541:5: Warning: Unused function parameter. Remove or comment out the variable name to silence this warning.
    uint256 _weiAmount,
    ^----------------^
/home/andrei/Рабочий стол/Kursovaya/Diplom/contracts/safe/safe_285_SAFE.sol:542:5: Warning: Unused function parameter. Remove or comment out the variable name to silence this warning.
    uint256 _tokens
    ^-------------^
/home/andrei/Рабочий стол/Kursovaya/Diplom/contracts/safe/safe_285_SAFE.sol:486:3: Warning: Function state mutability can be restricted to pure
  function _preValidatePurchase(
  ^ (Relevant source part starts here and spans across multiple lines).
/home/andrei/Рабочий стол/Kursovaya/Diplom/contracts/safe/safe_285_SAFE.sol:501:3: Warning: Function state mutability can be restricted to pure
  function _postValidatePurchase(
  ^ (Relevant source part starts here and spans across multiple lines).
/home/andrei/Рабочий стол/Kursovaya/Diplom/contracts/safe/safe_285_SAFE.sol:539:3: Warning: Function state mutability can be restricted to pure
  function _updatePurchasingState(
  ^ (Relevant source part starts here and spans across multiple lines).


Detector: arbitrary-send-erc20
SafeERC20.safeTransferFrom(ERC20,address,address,uint256) (contracts/safe/safe_285_SAFE.sol#49-58) uses arbitrary from in transferFrom: require(bool)(token.transferFrom(from,to,value)) (contracts/safe/safe_285_SAFE.sol#57)
Reference: https://github.com/crytic/slither/wiki/Detector-Documentation#arbitrary-from-in-transferfrom

Detector: arbitrary-send-eth
DaonomicCrowdsale.buyTokens(address) (contracts/safe/safe_285_SAFE.sol#446-475) sends eth to arbitrary user
	Dangerous calls:
	- _beneficiary.send(left) (contracts/safe/safe_285_SAFE.sol#457)
WgdSale.buyback() (contracts/safe/safe_285_SAFE.sol#685-695) sends eth to arbitrary user
	Dangerous calls:
	- msg.sender.send(value) (contracts/safe/safe_285_SAFE.sol#693)
Reference: https://github.com/crytic/slither/wiki/Detector-Documentation#functions-that-send-ether-to-arbitrary-destinations

Detector: unchecked-send
RefundableDaonomicCrowdsale.claimRefund() (contracts/safe/safe_285_SAFE.sol#610-619) ignores return value by msg.sender.send(investment) (contracts/safe/safe_285_SAFE.sol#617)
DaonomicCrowdsale.buyTokens(address) (contracts/safe/safe_285_SAFE.sol#446-475) ignores return value by _beneficiary.send(left) (contracts/safe/safe_285_SAFE.sol#457)
WgdSale.buyback() (contracts/safe/safe_285_SAFE.sol#685-695) ignores return value by msg.sender.send(value) (contracts/safe/safe_285_SAFE.sol#693)
Reference: https://github.com/crytic/slither/wiki/Detector-Documentation#unchecked-send

Detector: missing-zero-check
DaonomicCrowdsale.buyTokens(address)._beneficiary (contracts/safe/safe_285_SAFE.sol#446) lacks a zero-check on :
		- _beneficiary.send(left) (contracts/safe/safe_285_SAFE.sol#457)
Reference: https://github.com/crytic/slither/wiki/Detector-Documentation#missing-zero-address-validation

Detector: calls-loop
WhitelistDaonomicCrowdsale.canBuy(address) (contracts/safe/safe_285_SAFE.sol#587-594) has external calls inside a loop: whitelists[i].isInWhitelist(_beneficiary) (contracts/safe/safe_285_SAFE.sol#589)
	Calls stack containing the loop:
		DaonomicCrowdsale.fallback()
		DaonomicCrowdsale.buyTokens(address)
		WgdSale._preValidatePurchase(address,uint256)
		WhitelistDaonomicCrowdsale._preValidatePurchase(address,uint256)
WhitelistDaonomicCrowdsale.canBuy(address) (contracts/safe/safe_285_SAFE.sol#587-594) has external calls inside a loop: whitelists[i].isInWhitelist(_beneficiary) (contracts/safe/safe_285_SAFE.sol#589)
	Calls stack containing the loop:
		DaonomicCrowdsale.buyTokens(address)
		WgdSale._preValidatePurchase(address,uint256)
		WhitelistDaonomicCrowdsale._preValidatePurchase(address,uint256)
WhitelistDaonomicCrowdsale.canBuy(address) (contracts/safe/safe_285_SAFE.sol#587-594) has external calls inside a loop: whitelists[i].isInWhitelist(_beneficiary) (contracts/safe/safe_285_SAFE.sol#589)
Reference: https://github.com/crytic/slither/wiki/Detector-Documentation/#calls-inside-a-loop

Detector: reentrancy-events
Reentrancy in WgdSale.buyback() (contracts/safe/safe_285_SAFE.sol#685-695):
	External calls:
	- approved = token.allowance(msg.sender,this) (contracts/safe/safe_285_SAFE.sol#688)
	- inCirculation = token.totalSupply().sub(token.balanceOf(this)) (contracts/safe/safe_285_SAFE.sol#689)
	- token.burnFrom(msg.sender,approved) (contracts/safe/safe_285_SAFE.sol#692)
	External calls sending eth:
	- msg.sender.send(value) (contracts/safe/safe_285_SAFE.sol#693)
	Event emitted after the call(s):
	- Buyback(msg.sender,approved,value) (contracts/safe/safe_285_SAFE.sol#694)
Reference: https://github.com/crytic/slither/wiki/Detector-Documentation#reentrancy-vulnerabilities-4

Detector: timestamp
WgdSale.getTokensForStage(uint256,uint256) (contracts/safe/safe_285_SAFE.sol#749-767) uses timestamp for comparisons
	Dangerous comparisons:
	- stage == 0 && now > end (contracts/safe/safe_285_SAFE.sol#754)
WgdSale.isRefundable() (contracts/safe/safe_285_SAFE.sol#788-790) uses timestamp for comparisons
	Dangerous comparisons:
	- now > end && getStage(sold) == 0 (contracts/safe/safe_285_SAFE.sol#789)
Reference: https://github.com/crytic/slither/wiki/Detector-Documentation#block-timestamp

Detector: solc-version
Version constraint ^0.4.24 contains known severe issues (https://solidity.readthedocs.io/en/latest/bugs.html)
	- DirtyBytesArrayToStorage
	- ABIDecodeTwoDimensionalArrayMemory
	- KeccakCaching
	- EmptyByteArrayCopy
	- DynamicArrayCleanup
	- ImplicitConstructorCallvalueCheck
	- TupleAssignmentMultiStackSlotComponents
	- MemoryArrayCreationOverflow
	- privateCanBeOverridden
	- SignedArrayStorageCopy
	- ABIEncoderV2StorageArrayWithMultiSlotElement
	- DynamicConstructorArgumentsClippedABIV2
	- UninitializedFunctionPointerInConstructor_0.4.x
	- IncorrectEventSignatureInLibraries_0.4.x
	- ABIEncoderV2PackedStorage_0.4.x
	- ExpExponentCleanup
	- EventStructWrongData.
It is used by:
	- ^0.4.24 (contracts/safe/safe_285_SAFE.sol#1)
solc-0.4.24 is an outdated solc version. Use a more recent version (at least 0.8.0), if possible.
Reference: https://github.com/crytic/slither/wiki/Detector-Documentation#incorrect-versions-of-solidity

Detector: naming-convention
Parameter BasicToken.transfer(address,uint256)._to (contracts/safe/safe_285_SAFE.sol#138) is not in mixedCase
Parameter BasicToken.transfer(address,uint256)._value (contracts/safe/safe_285_SAFE.sol#138) is not in mixedCase
Parameter BasicToken.balanceOf(address)._owner (contracts/safe/safe_285_SAFE.sol#153) is not in mixedCase
Parameter BurnableToken.burn(uint256)._value (contracts/safe/safe_285_SAFE.sol#171) is not in mixedCase
Parameter StandardToken.transferFrom(address,address,uint256)._from (contracts/safe/safe_285_SAFE.sol#206) is not in mixedCase
Parameter StandardToken.transferFrom(address,address,uint256)._to (contracts/safe/safe_285_SAFE.sol#207) is not in mixedCase
Parameter StandardToken.transferFrom(address,address,uint256)._value (contracts/safe/safe_285_SAFE.sol#208) is not in mixedCase
Parameter StandardToken.approve(address,uint256)._spender (contracts/safe/safe_285_SAFE.sol#233) is not in mixedCase
Parameter StandardToken.approve(address,uint256)._value (contracts/safe/safe_285_SAFE.sol#233) is not in mixedCase
Parameter StandardToken.allowance(address,address)._owner (contracts/safe/safe_285_SAFE.sol#246) is not in mixedCase
Parameter StandardToken.allowance(address,address)._spender (contracts/safe/safe_285_SAFE.sol#247) is not in mixedCase
Parameter StandardToken.increaseApproval(address,uint256)._spender (contracts/safe/safe_285_SAFE.sol#266) is not in mixedCase
Parameter StandardToken.increaseApproval(address,uint256)._addedValue (contracts/safe/safe_285_SAFE.sol#267) is not in mixedCase
Parameter StandardToken.decreaseApproval(address,uint256)._spender (contracts/safe/safe_285_SAFE.sol#288) is not in mixedCase
Parameter StandardToken.decreaseApproval(address,uint256)._subtractedValue (contracts/safe/safe_285_SAFE.sol#289) is not in mixedCase
Parameter StandardBurnableToken.burnFrom(address,uint256)._from (contracts/safe/safe_285_SAFE.sol#317) is not in mixedCase
Parameter StandardBurnableToken.burnFrom(address,uint256)._value (contracts/safe/safe_285_SAFE.sol#317) is not in mixedCase
Parameter Ownable.transferOwnership(address)._newOwner (contracts/safe/safe_285_SAFE.sol#385) is not in mixedCase
Parameter DaonomicCrowdsale.buyTokens(address)._beneficiary (contracts/safe/safe_285_SAFE.sol#446) is not in mixedCase
Parameter WhitelistDaonomicCrowdsale.setWhitelists(Whitelist[])._whitelists (contracts/safe/safe_285_SAFE.sol#571) is not in mixedCase
Parameter WhitelistDaonomicCrowdsale.canBuy(address)._beneficiary (contracts/safe/safe_285_SAFE.sol#587) is not in mixedCase
Parameter WgdSale.getRate(address)._token (contracts/safe/safe_285_SAFE.sol#668) is not in mixedCase
Parameter WgdSale.getRealAmountBonus(uint256,uint256,uint256)._forSale (contracts/safe/safe_285_SAFE.sol#708) is not in mixedCase
Parameter WgdSale.getRealAmountBonus(uint256,uint256,uint256)._sold (contracts/safe/safe_285_SAFE.sol#708) is not in mixedCase
Parameter WgdSale.getRealAmountBonus(uint256,uint256,uint256)._tokens (contracts/safe/safe_285_SAFE.sol#708) is not in mixedCase
Parameter WgdSale.getAmountBonus(uint256)._tokens (contracts/safe/safe_285_SAFE.sol#718) is not in mixedCase
Parameter WgdSale.getTokenAmount(uint256,uint256)._sold (contracts/safe/safe_285_SAFE.sol#733) is not in mixedCase
Parameter WgdSale.getTokenAmount(uint256,uint256)._weiAmount (contracts/safe/safe_285_SAFE.sol#733) is not in mixedCase
Parameter WgdSale.getTokensForStage(uint256,uint256)._sold (contracts/safe/safe_285_SAFE.sol#749) is not in mixedCase
Parameter WgdSale.getTokensForStage(uint256,uint256)._weiAmount (contracts/safe/safe_285_SAFE.sol#749) is not in mixedCase
Parameter WgdSale.getStage(uint256)._sold (contracts/safe/safe_285_SAFE.sol#769) is not in mixedCase
Reference: https://github.com/crytic/slither/wiki/Detector-Documentation#conformance-to-solidity-naming-conventions

Detector: reentrancy-unlimited-gas
Reentrancy in DaonomicCrowdsale.buyTokens(address) (contracts/safe/safe_285_SAFE.sol#446-475):
	External calls:
	- _beneficiary.send(left) (contracts/safe/safe_285_SAFE.sol#457)
	State variables written after the call(s):
	- weiRaised = weiRaised.add(weiEarned) (contracts/safe/safe_285_SAFE.sol#461)
	Event emitted after the call(s):
	- Purchase(_beneficiary,address(0),weiEarned,tokens,bonus,) (contracts/safe/safe_285_SAFE.sol#464-471)
Reentrancy in WgdSale.buyback() (contracts/safe/safe_285_SAFE.sol#685-695):
	External calls:
	- msg.sender.send(value) (contracts/safe/safe_285_SAFE.sol#693)
	Event emitted after the call(s):
	- Buyback(msg.sender,approved,value) (contracts/safe/safe_285_SAFE.sol#694)
Reentrancy in RefundableDaonomicCrowdsale.claimRefund() (contracts/safe/safe_285_SAFE.sol#610-619):
	External calls:
	- msg.sender.send(investment) (contracts/safe/safe_285_SAFE.sol#617)
	Event emitted after the call(s):
	- Refund(msg.sender,investment) (contracts/safe/safe_285_SAFE.sol#618)
Reference: https://github.com/crytic/slither/wiki/Detector-Documentation#reentrancy-vulnerabilities-5

Detector: unindexed-event-address
Event DaonomicCrowdsale.RateAdd(address) (contracts/safe/safe_285_SAFE.sol#425) has address parameters but no indexed parameters
Event DaonomicCrowdsale.RateRemove(address) (contracts/safe/safe_285_SAFE.sol#429) has address parameters but no indexed parameters
Event RefundableDaonomicCrowdsale.Refund(address,uint256) (contracts/safe/safe_285_SAFE.sol#598) has address parameters but no indexed parameters
Reference: https://github.com/crytic/slither/wiki/Detector-Documentation#unindexed-event-address-parameters

Detector: cache-array-length
Loop condition i < bonuses.length (contracts/safe/safe_285_SAFE.sol#720) should use cached array length instead of referencing `length` member of the storage array.
 Loop condition i < stages.length (contracts/safe/safe_285_SAFE.sol#770) should use cached array length instead of referencing `length` member of the storage array.
 Loop condition i < whitelists.length (contracts/safe/safe_285_SAFE.sol#588) should use cached array length instead of referencing `length` member of the storage array.
 Reference: https://github.com/crytic/slither/wiki/Detector-Documentation#cache-array-length

Detector: external-function
setWhitelists(Whitelist[]) should be declared external:
	- WhitelistDaonomicCrowdsale.setWhitelists(Whitelist[]) (contracts/safe/safe_285_SAFE.sol#571-573)
Reference: https://github.com/crytic/slither/wiki/Detector-Documentation#public-function-that-could-be-declared-external
/home/andrei/Рабочий стол/Kursovaya/Diplom/contracts/safe/safe_285_SAFE.sol analyzed (15 contracts with 101 detectors), 56 result(s) found
