'solc --version' running
'solc /home/andrei/Рабочий стол/Kursovaya/Diplom/contracts/safe/safe_292_SAFE.sol --combined-json abi,ast,bin,bin-runtime,srcmap,srcmap-runtime,userdoc,devdoc,hashes,compact-format --allow-paths .,/home/andrei/Рабочий стол/Kursovaya/Diplom/contracts/safe' running
Compilation warnings/errors on /home/andrei/Рабочий стол/Kursovaya/Diplom/contracts/safe/safe_292_SAFE.sol:
/home/andrei/Рабочий стол/Kursovaya/Diplom/contracts/safe/safe_292_SAFE.sol:19:5: Warning: Defining constructors as functions with the same name as the contract is deprecated. Use "constructor(...) { ... }" instead.
    function EthPledge() {
    ^ (Relevant source part starts here and spans across multiple lines).
/home/andrei/Рабочий стол/Kursovaya/Diplom/contracts/safe/safe_292_SAFE.sol:19:5: Warning: No visibility specified. Defaulting to "public". 
    function EthPledge() {
    ^ (Relevant source part starts here and spans across multiple lines).
/home/andrei/Рабочий стол/Kursovaya/Diplom/contracts/safe/safe_292_SAFE.sol:68:5: Warning: No visibility specified. Defaulting to "public". 
    function createCampaign (address charity, uint multiplier, bytes32 descriptionPart1, bytes32 descriptionPart2, bytes32 descriptionPart3, bytes32 descriptionPart4) payable {
    ^ (Relevant source part starts here and spans across multiple lines).
/home/andrei/Рабочий стол/Kursovaya/Diplom/contracts/safe/safe_292_SAFE.sol:86:5: Warning: No visibility specified. Defaulting to "public". 
    function cancelCampaign (uint campaignID) {
    ^ (Relevant source part starts here and spans across multiple lines).
/home/andrei/Рабочий стол/Kursovaya/Diplom/contracts/safe/safe_292_SAFE.sol:100:5: Warning: No visibility specified. Defaulting to "public". 
    function contributeToCampaign (uint campaignID) payable {
    ^ (Relevant source part starts here and spans across multiple lines).
/home/andrei/Рабочий стол/Kursovaya/Diplom/contracts/safe/safe_292_SAFE.sol:122:5: Warning: No visibility specified. Defaulting to "public". 
    function adjustMinimumPledgeAmount (uint newMinimum) onlyOwner {
    ^ (Relevant source part starts here and spans across multiple lines).
/home/andrei/Рабочий стол/Kursovaya/Diplom/contracts/safe/safe_292_SAFE.sol:129:5: Warning: No visibility specified. Defaulting to "public". 
    function returnHowMuchMoreETHNeeded (uint campaignID) view returns (uint) {
    ^ (Relevant source part starts here and spans across multiple lines).
/home/andrei/Рабочий стол/Kursovaya/Diplom/contracts/safe/safe_292_SAFE.sol:133:5: Warning: No visibility specified. Defaulting to "public". 
    function generalInfo() view returns (uint, uint, uint) {
    ^ (Relevant source part starts here and spans across multiple lines).
/home/andrei/Рабочий стол/Kursovaya/Diplom/contracts/safe/safe_292_SAFE.sol:137:5: Warning: No visibility specified. Defaulting to "public". 
    function lookupDonation (uint campaignID, uint donationNumber) view returns (address, uint, uint) {
    ^ (Relevant source part starts here and spans across multiple lines).
/home/andrei/Рабочий стол/Kursovaya/Diplom/contracts/safe/safe_292_SAFE.sol:143:5: Warning: No visibility specified. Defaulting to "public". 
    function lookupCampaignPart1 (uint campaignID) view returns (address, address, uint, uint, uint, bytes32, bytes32) {
    ^ (Relevant source part starts here and spans across multiple lines).
/home/andrei/Рабочий стол/Kursovaya/Diplom/contracts/safe/safe_292_SAFE.sol:147:5: Warning: No visibility specified. Defaulting to "public". 
    function lookupCampaignPart2 (uint campaignID) view returns (uint, bool, bool, uint, bytes32, bytes32) {
    ^ (Relevant source part starts here and spans across multiple lines).
/home/andrei/Рабочий стол/Kursovaya/Diplom/contracts/safe/safe_292_SAFE.sol:153:5: Warning: No visibility specified. Defaulting to "public". 
    function lookupUserDonationHistoryByCampaignID (address user) view returns (uint[]) {
    ^ (Relevant source part starts here and spans across multiple lines).
/home/andrei/Рабочий стол/Kursovaya/Diplom/contracts/safe/safe_292_SAFE.sol:157:5: Warning: No visibility specified. Defaulting to "public". 
    function lookupAmountUserDonatedToCampaign (address user, uint campaignID) view returns (uint) {
    ^ (Relevant source part starts here and spans across multiple lines).


Detector: controlled-array-length
EthPledge (contracts/safe/safe_292_SAFE.sol#15-162) contract sets array length with a user-controlled value:
	- campaignIDsDonatedToByUser[msg.sender].push(campaignID) (contracts/safe/safe_292_SAFE.sol#103)
Reference: https://github.com/crytic/slither/wiki/Detector-Documentation#array-length-assignment

Detector: events-maths
EthPledge.adjustMinimumPledgeAmount(uint256) (contracts/safe/safe_292_SAFE.sol#122-125) should emit an event for: 
	- minimumPledgeAmount = newMinimum (contracts/safe/safe_292_SAFE.sol#124) 
Reference: https://github.com/crytic/slither/wiki/Detector-Documentation#missing-events-arithmetic

Detector: boolean-equal
EthPledge.cancelCampaign(uint256) (contracts/safe/safe_292_SAFE.sol#86-98) compares to a boolean constant:
	-require(bool)(campaign[campaignID].active == true) (contracts/safe/safe_292_SAFE.sol#91)
EthPledge.contributeToCampaign(uint256) (contracts/safe/safe_292_SAFE.sol#100-120) compares to a boolean constant:
	-require(bool)(campaign[campaignID].active == true) (contracts/safe/safe_292_SAFE.sol#102)
Reference: https://github.com/crytic/slither/wiki/Detector-Documentation#boolean-equality

Detector: solc-version
Version constraint ^0.4.2 contains known severe issues (https://solidity.readthedocs.io/en/latest/bugs.html)
	- DirtyBytesArrayToStorage
	- KeccakCaching
	- EmptyByteArrayCopy
	- DynamicArrayCleanup
	- TupleAssignmentMultiStackSlotComponents
	- MemoryArrayCreationOverflow
	- privateCanBeOverridden
	- IncorrectEventSignatureInLibraries_0.4.x
	- ExpExponentCleanup
	- NestedArrayFunctionCallDecoder
	- ZeroFunctionSelector
	- DelegateCallReturnValue
	- ECRecoverMalformedInput
	- SkipEmptyStringLiteral
	- ConstantOptimizerSubtraction
	- IdentityPrecompileReturnIgnored
	- HighOrderByteCleanStorage
	- OptimizerStaleKnowledgeAboutSHA3.
It is used by:
	- ^0.4.2 (contracts/safe/safe_292_SAFE.sol#1)
solc-0.4.24 is an outdated solc version. Use a more recent version (at least 0.8.0), if possible.
Reference: https://github.com/crytic/slither/wiki/Detector-Documentation#incorrect-versions-of-solidity
/home/andrei/Рабочий стол/Kursovaya/Diplom/contracts/safe/safe_292_SAFE.sol analyzed (1 contracts with 101 detectors), 6 result(s) found
