'solc --version' running
'solc /home/andrei/Рабочий стол/Kursovaya/Diplom/contracts/safe/safe_240_SAFE.sol --combined-json abi,ast,bin,bin-runtime,srcmap,srcmap-runtime,userdoc,devdoc,hashes,compact-format --allow-paths .,/home/andrei/Рабочий стол/Kursovaya/Diplom/contracts/safe' running
Compilation warnings/errors on /home/andrei/Рабочий стол/Kursovaya/Diplom/contracts/safe/safe_240_SAFE.sol:
/home/andrei/Рабочий стол/Kursovaya/Diplom/contracts/safe/safe_240_SAFE.sol:27:5: Warning: Defining constructors as functions with the same name as the contract is deprecated. Use "constructor(...) { ... }" instead.
    function AYA(
    ^ (Relevant source part starts here and spans across multiple lines).
/home/andrei/Рабочий стол/Kursovaya/Diplom/contracts/safe/safe_240_SAFE.sol:3:28: Warning: Functions in interfaces should be declared external.
interface tokenRecipient { function receiveApproval(address _from, uint256 _value, address _token, bytes _extraData) public; }
                           ^-----------------------------------------------------------------------------------------------^
/home/andrei/Рабочий стол/Kursovaya/Diplom/contracts/safe/safe_240_SAFE.sol:51:9: Warning: Invoking events without "emit" prefix is deprecated.
        Transfer(_from, _to, _value);
        ^--------------------------^
/home/andrei/Рабочий стол/Kursovaya/Diplom/contracts/safe/safe_240_SAFE.sol:128:9: Warning: Invoking events without "emit" prefix is deprecated.
        Burn(msg.sender, _value);
        ^----------------------^
/home/andrei/Рабочий стол/Kursovaya/Diplom/contracts/safe/safe_240_SAFE.sol:146:9: Warning: Invoking events without "emit" prefix is deprecated.
        Burn(_from, _value);
        ^-----------------^


Detector: erc20-interface
AYA (contracts/safe/safe_240_SAFE.sol#5-150) has incorrect ERC20 function interface:AYA.transfer(address,uint256) (contracts/safe/safe_240_SAFE.sol#64-66)
Reference: https://github.com/crytic/slither/wiki/Detector-Documentation#incorrect-erc20-interface

Detector: solc-version
Version constraint ^0.4.24 contains known severe issues (https://solidity.readthedocs.io/en/latest/bugs.html)
	- DirtyBytesArrayToStorage
	- ABIDecodeTwoDimensionalArrayMemory
	- KeccakCaching
	- EmptyByteArrayCopy
	- DynamicArrayCleanup
	- ImplicitConstructorCallvalueCheck
	- TupleAssignmentMultiStackSlotComponents
	- MemoryArrayCreationOverflow
	- privateCanBeOverridden
	- SignedArrayStorageCopy
	- ABIEncoderV2StorageArrayWithMultiSlotElement
	- DynamicConstructorArgumentsClippedABIV2
	- UninitializedFunctionPointerInConstructor_0.4.x
	- IncorrectEventSignatureInLibraries_0.4.x
	- ABIEncoderV2PackedStorage_0.4.x
	- ExpExponentCleanup
	- EventStructWrongData.
It is used by:
	- ^0.4.24 (contracts/safe/safe_240_SAFE.sol#1)
solc-0.4.24 is an outdated solc version. Use a more recent version (at least 0.8.0), if possible.
Reference: https://github.com/crytic/slither/wiki/Detector-Documentation#incorrect-versions-of-solidity

Detector: naming-convention
Contract tokenRecipient (contracts/safe/safe_240_SAFE.sol#3) is not in CapWords
Parameter AYA.transfer(address,uint256)._to (contracts/safe/safe_240_SAFE.sol#64) is not in mixedCase
Parameter AYA.transfer(address,uint256)._value (contracts/safe/safe_240_SAFE.sol#64) is not in mixedCase
Parameter AYA.transferFrom(address,address,uint256)._from (contracts/safe/safe_240_SAFE.sol#77) is not in mixedCase
Parameter AYA.transferFrom(address,address,uint256)._to (contracts/safe/safe_240_SAFE.sol#77) is not in mixedCase
Parameter AYA.transferFrom(address,address,uint256)._value (contracts/safe/safe_240_SAFE.sol#77) is not in mixedCase
Parameter AYA.approve(address,uint256)._spender (contracts/safe/safe_240_SAFE.sol#92) is not in mixedCase
Parameter AYA.approve(address,uint256)._value (contracts/safe/safe_240_SAFE.sol#92) is not in mixedCase
Parameter AYA.approveAndCall(address,uint256,bytes)._spender (contracts/safe/safe_240_SAFE.sol#107) is not in mixedCase
Parameter AYA.approveAndCall(address,uint256,bytes)._value (contracts/safe/safe_240_SAFE.sol#107) is not in mixedCase
Parameter AYA.approveAndCall(address,uint256,bytes)._extraData (contracts/safe/safe_240_SAFE.sol#107) is not in mixedCase
Parameter AYA.burn(uint256)._value (contracts/safe/safe_240_SAFE.sol#124) is not in mixedCase
Parameter AYA.burnFrom(address,uint256)._from (contracts/safe/safe_240_SAFE.sol#140) is not in mixedCase
Parameter AYA.burnFrom(address,uint256)._value (contracts/safe/safe_240_SAFE.sol#140) is not in mixedCase
Reference: https://github.com/crytic/slither/wiki/Detector-Documentation#conformance-to-solidity-naming-conventions

Detector: too-many-digits
AYA.AYA() (contracts/safe/safe_240_SAFE.sol#27-33) uses literals with too many digits:
	- totalSupply = 100000000000000000000000000 (contracts/safe/safe_240_SAFE.sol#29)
AYA.AYA() (contracts/safe/safe_240_SAFE.sol#27-33) uses literals with too many digits:
	- balanceOf[msg.sender] = 100000000000000000000000000 (contracts/safe/safe_240_SAFE.sol#30)
Reference: https://github.com/crytic/slither/wiki/Detector-Documentation#too-many-digits

Detector: constable-states
AYA.decimals (contracts/safe/safe_240_SAFE.sol#9) should be constant 
Reference: https://github.com/crytic/slither/wiki/Detector-Documentation#state-variables-that-could-be-declared-constant

Detector: external-function
receiveApproval(address,uint256,address,bytes) should be declared external:
	- tokenRecipient.receiveApproval(address,uint256,address,bytes) (contracts/safe/safe_240_SAFE.sol#3)
approveAndCall(address,uint256,bytes) should be declared external:
	- AYA.approveAndCall(address,uint256,bytes) (contracts/safe/safe_240_SAFE.sol#107-115)
Reference: https://github.com/crytic/slither/wiki/Detector-Documentation#public-function-that-could-be-declared-external
/home/andrei/Рабочий стол/Kursovaya/Diplom/contracts/safe/safe_240_SAFE.sol analyzed (2 contracts with 101 detectors), 22 result(s) found
