'solc --version' running
'solc /home/andrei/Рабочий стол/Kursovaya/Diplom/contracts/safe/safe_206_SAFE.sol --combined-json abi,ast,bin,bin-runtime,srcmap,srcmap-runtime,userdoc,devdoc,hashes,compact-format --allow-paths .,/home/andrei/Рабочий стол/Kursovaya/Diplom/contracts/safe' running
Compilation warnings/errors on /home/andrei/Рабочий стол/Kursovaya/Diplom/contracts/safe/safe_206_SAFE.sol:
/home/andrei/Рабочий стол/Kursovaya/Diplom/contracts/safe/safe_206_SAFE.sol:440:3: Warning: No visibility specified. Defaulting to "public". 
  constructor() {
  ^ (Relevant source part starts here and spans across multiple lines).
/home/andrei/Рабочий стол/Kursovaya/Diplom/contracts/safe/safe_206_SAFE.sol:10:5: Warning: Function state mutability can be restricted to pure
    function owner() public view returns (address) {}
    ^-----------------------------------------------^
/home/andrei/Рабочий стол/Kursovaya/Diplom/contracts/safe/safe_206_SAFE.sol:70:5: Warning: Function state mutability can be restricted to pure
    function name() public view returns (string) {}
    ^---------------------------------------------^
/home/andrei/Рабочий стол/Kursovaya/Diplom/contracts/safe/safe_206_SAFE.sol:71:5: Warning: Function state mutability can be restricted to pure
    function symbol() public view returns (string) {}
    ^-----------------------------------------------^
/home/andrei/Рабочий стол/Kursovaya/Diplom/contracts/safe/safe_206_SAFE.sol:72:5: Warning: Function state mutability can be restricted to pure
    function decimals() public view returns (uint8) {}
    ^------------------------------------------------^
/home/andrei/Рабочий стол/Kursovaya/Diplom/contracts/safe/safe_206_SAFE.sol:73:5: Warning: Function state mutability can be restricted to pure
    function totalSupply() public view returns (uint256) {}
    ^-----------------------------------------------------^
/home/andrei/Рабочий стол/Kursovaya/Diplom/contracts/safe/safe_206_SAFE.sol:74:5: Warning: Function state mutability can be restricted to pure
    function balanceOf(address _owner) public view returns (uint256) { _owner; }
    ^--------------------------------------------------------------------------^
/home/andrei/Рабочий стол/Kursovaya/Diplom/contracts/safe/safe_206_SAFE.sol:75:5: Warning: Function state mutability can be restricted to pure
    function allowance(address _owner, address _spender) public view returns (uint256) { _owner; _spender; }
    ^------------------------------------------------------------------------------------------------------^


Detector: assert-state-change
SmartToken.transfer(address,uint256) (contracts/safe/safe_206_SAFE.sol#411-414) has an assert() call which possibly changes state.
	-assert(bool)(super.transfer(_to,_value)) (contracts/safe/safe_206_SAFE.sol#412)
Consider using require() or change the invariant to not modify the state.
SmartToken.transferFrom(address,address,uint256) (contracts/safe/safe_206_SAFE.sol#427-430) has an assert() call which possibly changes state.
	-assert(bool)(super.transferFrom(_from,_to,_value)) (contracts/safe/safe_206_SAFE.sol#428)
Consider using require() or change the invariant to not modify the state.
Reference: https://github.com/crytic/slither/wiki/Detector-Documentation#assert-state-change

Detector: dead-code
Utils.safeMul(uint256,uint256) (contracts/safe/safe_206_SAFE.sol#149-153) is never used and should be removed
Reference: https://github.com/crytic/slither/wiki/Detector-Documentation#dead-code

Detector: solc-version
Version constraint ^0.4.24 contains known severe issues (https://solidity.readthedocs.io/en/latest/bugs.html)
	- DirtyBytesArrayToStorage
	- ABIDecodeTwoDimensionalArrayMemory
	- KeccakCaching
	- EmptyByteArrayCopy
	- DynamicArrayCleanup
	- ImplicitConstructorCallvalueCheck
	- TupleAssignmentMultiStackSlotComponents
	- MemoryArrayCreationOverflow
	- privateCanBeOverridden
	- SignedArrayStorageCopy
	- ABIEncoderV2StorageArrayWithMultiSlotElement
	- DynamicConstructorArgumentsClippedABIV2
	- UninitializedFunctionPointerInConstructor_0.4.x
	- IncorrectEventSignatureInLibraries_0.4.x
	- ABIEncoderV2PackedStorage_0.4.x
	- ExpExponentCleanup
	- EventStructWrongData.
It is used by:
	- ^0.4.24 (contracts/safe/safe_206_SAFE.sol#1)
solc-0.4.24 is an outdated solc version. Use a more recent version (at least 0.8.0), if possible.
Reference: https://github.com/crytic/slither/wiki/Detector-Documentation#incorrect-versions-of-solidity

Detector: naming-convention
Parameter Owned.transferOwnership(address)._newOwner (contracts/safe/safe_206_SAFE.sol#47) is not in mixedCase
Parameter Utils.safeAdd(uint256,uint256)._x (contracts/safe/safe_206_SAFE.sol#122) is not in mixedCase
Parameter Utils.safeAdd(uint256,uint256)._y (contracts/safe/safe_206_SAFE.sol#122) is not in mixedCase
Parameter Utils.safeSub(uint256,uint256)._x (contracts/safe/safe_206_SAFE.sol#136) is not in mixedCase
Parameter Utils.safeSub(uint256,uint256)._y (contracts/safe/safe_206_SAFE.sol#136) is not in mixedCase
Parameter Utils.safeMul(uint256,uint256)._x (contracts/safe/safe_206_SAFE.sol#149) is not in mixedCase
Parameter Utils.safeMul(uint256,uint256)._y (contracts/safe/safe_206_SAFE.sol#149) is not in mixedCase
Parameter TokenHolder.withdrawTokens(IERC20Token,address,uint256)._token (contracts/safe/safe_206_SAFE.sol#189) is not in mixedCase
Parameter TokenHolder.withdrawTokens(IERC20Token,address,uint256)._to (contracts/safe/safe_206_SAFE.sol#189) is not in mixedCase
Parameter TokenHolder.withdrawTokens(IERC20Token,address,uint256)._amount (contracts/safe/safe_206_SAFE.sol#189) is not in mixedCase
Parameter ERC20Token.transfer(address,uint256)._to (contracts/safe/safe_206_SAFE.sol#241) is not in mixedCase
Parameter ERC20Token.transfer(address,uint256)._value (contracts/safe/safe_206_SAFE.sol#241) is not in mixedCase
Parameter ERC20Token.transferFrom(address,address,uint256)._from (contracts/safe/safe_206_SAFE.sol#262) is not in mixedCase
Parameter ERC20Token.transferFrom(address,address,uint256)._to (contracts/safe/safe_206_SAFE.sol#262) is not in mixedCase
Parameter ERC20Token.transferFrom(address,address,uint256)._value (contracts/safe/safe_206_SAFE.sol#262) is not in mixedCase
Parameter ERC20Token.approve(address,uint256)._spender (contracts/safe/safe_206_SAFE.sol#288) is not in mixedCase
Parameter ERC20Token.approve(address,uint256)._value (contracts/safe/safe_206_SAFE.sol#288) is not in mixedCase
Parameter SmartToken.disableTransfers(bool)._disable (contracts/safe/safe_206_SAFE.sol#358) is not in mixedCase
Parameter SmartToken.issue(address,uint256)._to (contracts/safe/safe_206_SAFE.sol#369) is not in mixedCase
Parameter SmartToken.issue(address,uint256)._amount (contracts/safe/safe_206_SAFE.sol#369) is not in mixedCase
Parameter SmartToken.destroy(address,uint256)._from (contracts/safe/safe_206_SAFE.sol#389) is not in mixedCase
Parameter SmartToken.destroy(address,uint256)._amount (contracts/safe/safe_206_SAFE.sol#389) is not in mixedCase
Parameter SmartToken.transfer(address,uint256)._to (contracts/safe/safe_206_SAFE.sol#411) is not in mixedCase
Parameter SmartToken.transfer(address,uint256)._value (contracts/safe/safe_206_SAFE.sol#411) is not in mixedCase
Parameter SmartToken.transferFrom(address,address,uint256)._from (contracts/safe/safe_206_SAFE.sol#427) is not in mixedCase
Parameter SmartToken.transferFrom(address,address,uint256)._to (contracts/safe/safe_206_SAFE.sol#427) is not in mixedCase
Parameter SmartToken.transferFrom(address,address,uint256)._value (contracts/safe/safe_206_SAFE.sol#427) is not in mixedCase
Reference: https://github.com/crytic/slither/wiki/Detector-Documentation#conformance-to-solidity-naming-conventions

Detector: redundant-statements
Redundant expression "_owner (contracts/safe/safe_206_SAFE.sol#74)" inIERC20Token (contracts/safe/safe_206_SAFE.sol#68-80)
Redundant expression "_owner (contracts/safe/safe_206_SAFE.sol#75)" inIERC20Token (contracts/safe/safe_206_SAFE.sol#68-80)
Redundant expression "_spender (contracts/safe/safe_206_SAFE.sol#75)" inIERC20Token (contracts/safe/safe_206_SAFE.sol#68-80)
Reference: https://github.com/crytic/slither/wiki/Detector-Documentation#redundant-statements

Detector: unindexed-event-address
Event SmartToken.NewSmartToken(address) (contracts/safe/safe_206_SAFE.sol#326) has address parameters but no indexed parameters
Reference: https://github.com/crytic/slither/wiki/Detector-Documentation#unindexed-event-address-parameters

Detector: constable-states
ERC20Token.standard (contracts/safe/safe_206_SAFE.sol#206) should be constant 
SmartToken.version (contracts/safe/safe_206_SAFE.sol#321) should be constant 
Reference: https://github.com/crytic/slither/wiki/Detector-Documentation#state-variables-that-could-be-declared-constant
/home/andrei/Рабочий стол/Kursovaya/Diplom/contracts/safe/safe_206_SAFE.sol analyzed (10 contracts with 101 detectors), 38 result(s) found
