'solc --version' running
'solc /home/andrei/Рабочий стол/Kursovaya/Diplom/contracts/safe/safe_201_SAFE.sol --combined-json abi,ast,bin,bin-runtime,srcmap,srcmap-runtime,userdoc,devdoc,hashes,compact-format --allow-paths .,/home/andrei/Рабочий стол/Kursovaya/Diplom/contracts/safe' running

Detector: erc20-interface
CenterCoin (contracts/safe/safe_201_SAFE.sol#62-165) has incorrect ERC20 function interface:CenterCoin.transfer(address,uint256) (contracts/safe/safe_201_SAFE.sol#109-111)
Reference: https://github.com/crytic/slither/wiki/Detector-Documentation#incorrect-erc20-interface

Detector: events-access
owned.transferOwnership(address) (contracts/safe/safe_201_SAFE.sol#55-57) should emit an event for: 
	- owner = newOwner (contracts/safe/safe_201_SAFE.sol#56) 
Reference: https://github.com/crytic/slither/wiki/Detector-Documentation#missing-events-access-control

Detector: missing-zero-check
owned.transferOwnership(address).newOwner (contracts/safe/safe_201_SAFE.sol#55) lacks a zero-check on :
		- owner = newOwner (contracts/safe/safe_201_SAFE.sol#56)
Reference: https://github.com/crytic/slither/wiki/Detector-Documentation#missing-zero-address-validation

Detector: solc-version
Version constraint ^0.4.16 contains known severe issues (https://solidity.readthedocs.io/en/latest/bugs.html)
	- DirtyBytesArrayToStorage
	- ABIDecodeTwoDimensionalArrayMemory
	- KeccakCaching
	- EmptyByteArrayCopy
	- DynamicArrayCleanup
	- ImplicitConstructorCallvalueCheck
	- TupleAssignmentMultiStackSlotComponents
	- MemoryArrayCreationOverflow
	- privateCanBeOverridden
	- SignedArrayStorageCopy
	- ABIEncoderV2StorageArrayWithMultiSlotElement
	- DynamicConstructorArgumentsClippedABIV2
	- UninitializedFunctionPointerInConstructor_0.4.x
	- IncorrectEventSignatureInLibraries_0.4.x
	- ExpExponentCleanup
	- NestedArrayFunctionCallDecoder
	- ZeroFunctionSelector.
It is used by:
	- ^0.4.16 (contracts/safe/safe_201_SAFE.sol#1)
solc-0.4.16 is an outdated solc version. Use a more recent version (at least 0.8.0), if possible.
Reference: https://github.com/crytic/slither/wiki/Detector-Documentation#incorrect-versions-of-solidity

Detector: naming-convention
Contract owned (contracts/safe/safe_201_SAFE.sol#43-58) is not in CapWords
Contract tokenRecipient (contracts/safe/safe_201_SAFE.sol#60) is not in CapWords
Parameter CenterCoin.transfer(address,uint256)._to (contracts/safe/safe_201_SAFE.sol#109) is not in mixedCase
Parameter CenterCoin.transfer(address,uint256)._value (contracts/safe/safe_201_SAFE.sol#109) is not in mixedCase
Parameter CenterCoin.transferFrom(address,address,uint256)._from (contracts/safe/safe_201_SAFE.sol#114) is not in mixedCase
Parameter CenterCoin.transferFrom(address,address,uint256)._to (contracts/safe/safe_201_SAFE.sol#114) is not in mixedCase
Parameter CenterCoin.transferFrom(address,address,uint256)._value (contracts/safe/safe_201_SAFE.sol#114) is not in mixedCase
Parameter CenterCoin.approve(address,uint256)._spender (contracts/safe/safe_201_SAFE.sol#121) is not in mixedCase
Parameter CenterCoin.approve(address,uint256)._value (contracts/safe/safe_201_SAFE.sol#121) is not in mixedCase
Parameter CenterCoin.approveAndCall(address,uint256,bytes)._spender (contracts/safe/safe_201_SAFE.sol#136) is not in mixedCase
Parameter CenterCoin.approveAndCall(address,uint256,bytes)._value (contracts/safe/safe_201_SAFE.sol#136) is not in mixedCase
Parameter CenterCoin.approveAndCall(address,uint256,bytes)._extraData (contracts/safe/safe_201_SAFE.sol#136) is not in mixedCase
Parameter CenterCoin.burn(uint256)._value (contracts/safe/safe_201_SAFE.sol#146) is not in mixedCase
Parameter CenterCoin.burnFrom(address,uint256)._from (contracts/safe/safe_201_SAFE.sol#155) is not in mixedCase
Parameter CenterCoin.burnFrom(address,uint256)._value (contracts/safe/safe_201_SAFE.sol#155) is not in mixedCase
Reference: https://github.com/crytic/slither/wiki/Detector-Documentation#conformance-to-solidity-naming-conventions

Detector: constable-states
CenterCoin.decimals (contracts/safe/safe_201_SAFE.sol#65) should be constant 
Reference: https://github.com/crytic/slither/wiki/Detector-Documentation#state-variables-that-could-be-declared-constant

Detector: external-function
receiveApproval(address,uint256,address,bytes) should be declared external:
	- tokenRecipient.receiveApproval(address,uint256,address,bytes) (contracts/safe/safe_201_SAFE.sol#60)
approveAndCall(address,uint256,bytes) should be declared external:
	- CenterCoin.approveAndCall(address,uint256,bytes) (contracts/safe/safe_201_SAFE.sol#136-144)
Reference: https://github.com/crytic/slither/wiki/Detector-Documentation#public-function-that-could-be-declared-external
/home/andrei/Рабочий стол/Kursovaya/Diplom/contracts/safe/safe_201_SAFE.sol analyzed (3 contracts with 101 detectors), 23 result(s) found
