'solc --version' running
'solc /home/andrei/Рабочий стол/Kursovaya/Diplom/contracts/safe/safe_243_SAFE.sol --combined-json abi,ast,bin,bin-runtime,srcmap,srcmap-runtime,userdoc,devdoc,hashes,compact-format --allow-paths .,/home/andrei/Рабочий стол/Kursovaya/Diplom/contracts/safe' running

Detector: uninitialized-state
BasicToken.totalSupply_ (contracts/safe/safe_243_SAFE.sol#118) is never initialized. It is used in:
	- BasicToken.totalSupply() (contracts/safe/safe_243_SAFE.sol#123-125)
Reference: https://github.com/crytic/slither/wiki/Detector-Documentation#uninitialized-state-variables

Detector: solc-version
Version constraint ^0.4.19 contains known severe issues (https://solidity.readthedocs.io/en/latest/bugs.html)
	- DirtyBytesArrayToStorage
	- ABIDecodeTwoDimensionalArrayMemory
	- KeccakCaching
	- EmptyByteArrayCopy
	- DynamicArrayCleanup
	- ImplicitConstructorCallvalueCheck
	- TupleAssignmentMultiStackSlotComponents
	- MemoryArrayCreationOverflow
	- privateCanBeOverridden
	- SignedArrayStorageCopy
	- ABIEncoderV2StorageArrayWithMultiSlotElement
	- DynamicConstructorArgumentsClippedABIV2
	- UninitializedFunctionPointerInConstructor_0.4.x
	- IncorrectEventSignatureInLibraries_0.4.x
	- ABIEncoderV2PackedStorage_0.4.x
	- ExpExponentCleanup
	- EventStructWrongData
	- NestedArrayFunctionCallDecoder.
It is used by:
	- ^0.4.19 (contracts/safe/safe_243_SAFE.sol#1)
solc-0.4.19 is an outdated solc version. Use a more recent version (at least 0.8.0), if possible.
Reference: https://github.com/crytic/slither/wiki/Detector-Documentation#incorrect-versions-of-solidity

Detector: naming-convention
Parameter BasicToken.transfer(address,uint256)._to (contracts/safe/safe_243_SAFE.sol#132) is not in mixedCase
Parameter BasicToken.transfer(address,uint256)._value (contracts/safe/safe_243_SAFE.sol#132) is not in mixedCase
Parameter BasicToken.balanceOf(address)._owner (contracts/safe/safe_243_SAFE.sol#148) is not in mixedCase
Parameter StandardToken.transferFrom(address,address,uint256)._from (contracts/safe/safe_243_SAFE.sol#187) is not in mixedCase
Parameter StandardToken.transferFrom(address,address,uint256)._to (contracts/safe/safe_243_SAFE.sol#187) is not in mixedCase
Parameter StandardToken.transferFrom(address,address,uint256)._value (contracts/safe/safe_243_SAFE.sol#187) is not in mixedCase
Parameter StandardToken.approve(address,uint256)._spender (contracts/safe/safe_243_SAFE.sol#209) is not in mixedCase
Parameter StandardToken.approve(address,uint256)._value (contracts/safe/safe_243_SAFE.sol#209) is not in mixedCase
Parameter StandardToken.allowance(address,address)._owner (contracts/safe/safe_243_SAFE.sol#221) is not in mixedCase
Parameter StandardToken.allowance(address,address)._spender (contracts/safe/safe_243_SAFE.sol#221) is not in mixedCase
Parameter StandardToken.increaseApproval(address,uint256)._spender (contracts/safe/safe_243_SAFE.sol#235) is not in mixedCase
Parameter StandardToken.increaseApproval(address,uint256)._addedValue (contracts/safe/safe_243_SAFE.sol#235) is not in mixedCase
Parameter StandardToken.decreaseApproval(address,uint256)._spender (contracts/safe/safe_243_SAFE.sol#251) is not in mixedCase
Parameter StandardToken.decreaseApproval(address,uint256)._subtractedValue (contracts/safe/safe_243_SAFE.sol#251) is not in mixedCase
Parameter IpsxToken.setCrowdsaleAddress(address)._addr (contracts/safe/safe_243_SAFE.sol#334) is not in mixedCase
Parameter IpsxToken.transfer(address,uint256)._to (contracts/safe/safe_243_SAFE.sol#345) is not in mixedCase
Parameter IpsxToken.transfer(address,uint256)._value (contracts/safe/safe_243_SAFE.sol#345) is not in mixedCase
Parameter IpsxToken.transferFrom(address,address,uint256)._from (contracts/safe/safe_243_SAFE.sol#355) is not in mixedCase
Parameter IpsxToken.transferFrom(address,address,uint256)._to (contracts/safe/safe_243_SAFE.sol#355) is not in mixedCase
Parameter IpsxToken.transferFrom(address,address,uint256)._value (contracts/safe/safe_243_SAFE.sol#355) is not in mixedCase
Parameter IpsxToken.burn(uint256)._value (contracts/safe/safe_243_SAFE.sol#363) is not in mixedCase
Reference: https://github.com/crytic/slither/wiki/Detector-Documentation#conformance-to-solidity-naming-conventions

Detector: too-many-digits
IpsxToken.slitherConstructorVariables() (contracts/safe/safe_243_SAFE.sol#270-370) uses literals with too many digits:
	- totalSupply = 1800000000e18 (contracts/safe/safe_243_SAFE.sol#300)
Reference: https://github.com/crytic/slither/wiki/Detector-Documentation#too-many-digits

Detector: constable-states
BasicToken.totalSupply_ (contracts/safe/safe_243_SAFE.sol#118) should be constant 
IpsxToken.decimals (contracts/safe/safe_243_SAFE.sol#295) should be constant 
IpsxToken.name (contracts/safe/safe_243_SAFE.sol#294) should be constant 
IpsxToken.symbol (contracts/safe/safe_243_SAFE.sol#296) should be constant 
Reference: https://github.com/crytic/slither/wiki/Detector-Documentation#state-variables-that-could-be-declared-constant
/home/andrei/Рабочий стол/Kursovaya/Diplom/contracts/safe/safe_243_SAFE.sol analyzed (7 contracts with 101 detectors), 29 result(s) found
