'solc --version' running
'solc /home/andrei/Рабочий стол/Kursovaya/Diplom/contracts/safe/safe_209_SAFE.sol --combined-json abi,ast,bin,bin-runtime,srcmap,srcmap-runtime,userdoc,devdoc,hashes,compact-format --allow-paths .,/home/andrei/Рабочий стол/Kursovaya/Diplom/contracts/safe' running

Detector: unchecked-transfer
lockEtherPay.release() (contracts/safe/safe_209_SAFE.sol#100-108) ignores return value by token_reward.transfer(beneficiary,token_amount) (contracts/safe/safe_209_SAFE.sol#105)
Reference: https://github.com/crytic/slither/wiki/Detector-Documentation#unchecked-transfer

Detector: reentrancy-no-eth
Reentrancy in lockEtherPay.lock() (contracts/safe/safe_209_SAFE.sol#87-93):
	External calls:
	- require(bool)(tokenBalance() > 0) (contracts/safe/safe_209_SAFE.sol#89)
		- token_reward.balanceOf(this) (contracts/safe/safe_209_SAFE.sol#84)
	State variables written after the call(s):
	- isLocked = true (contracts/safe/safe_209_SAFE.sol#92)
	lockEtherPay.isLocked (contracts/safe/safe_209_SAFE.sol#70) can be used in cross function reentrancies:
	- lockEtherPay.isLocked (contracts/safe/safe_209_SAFE.sol#70)
	- lockEtherPay.lock() (contracts/safe/safe_209_SAFE.sol#87-93)
	- lockEtherPay.release() (contracts/safe/safe_209_SAFE.sol#100-108)
Reentrancy in lockEtherPay.release() (contracts/safe/safe_209_SAFE.sol#100-108):
	External calls:
	- token_amount = tokenBalance() (contracts/safe/safe_209_SAFE.sol#104)
		- token_reward.balanceOf(this) (contracts/safe/safe_209_SAFE.sol#84)
	- token_reward.transfer(beneficiary,token_amount) (contracts/safe/safe_209_SAFE.sol#105)
	State variables written after the call(s):
	- isReleased = true (contracts/safe/safe_209_SAFE.sol#107)
	lockEtherPay.isReleased (contracts/safe/safe_209_SAFE.sol#71) can be used in cross function reentrancies:
	- lockEtherPay.isReleased (contracts/safe/safe_209_SAFE.sol#71)
	- lockEtherPay.release() (contracts/safe/safe_209_SAFE.sol#100-108)
Reference: https://github.com/crytic/slither/wiki/Detector-Documentation#reentrancy-vulnerabilities-2

Detector: reentrancy-benign
Reentrancy in lockEtherPay.lock() (contracts/safe/safe_209_SAFE.sol#87-93):
	External calls:
	- require(bool)(tokenBalance() > 0) (contracts/safe/safe_209_SAFE.sol#89)
		- token_reward.balanceOf(this) (contracts/safe/safe_209_SAFE.sol#84)
	State variables written after the call(s):
	- end_time = start_time.add(fifty_two_weeks) (contracts/safe/safe_209_SAFE.sol#91)
	- start_time = now (contracts/safe/safe_209_SAFE.sol#90)
Reference: https://github.com/crytic/slither/wiki/Detector-Documentation#reentrancy-vulnerabilities-3

Detector: reentrancy-events
Reentrancy in lockEtherPay.release() (contracts/safe/safe_209_SAFE.sol#100-108):
	External calls:
	- token_amount = tokenBalance() (contracts/safe/safe_209_SAFE.sol#104)
		- token_reward.balanceOf(this) (contracts/safe/safe_209_SAFE.sol#84)
	- token_reward.transfer(beneficiary,token_amount) (contracts/safe/safe_209_SAFE.sol#105)
	Event emitted after the call(s):
	- TokenReleased(beneficiary,token_amount) (contracts/safe/safe_209_SAFE.sol#106)
Reference: https://github.com/crytic/slither/wiki/Detector-Documentation#reentrancy-vulnerabilities-4

Detector: timestamp
lockEtherPay.lockOver() (contracts/safe/safe_209_SAFE.sol#95-98) uses timestamp for comparisons
	Dangerous comparisons:
	- current_time > end_time (contracts/safe/safe_209_SAFE.sol#97)
Reference: https://github.com/crytic/slither/wiki/Detector-Documentation#block-timestamp

Detector: solc-version
Version constraint ^0.4.18 contains known severe issues (https://solidity.readthedocs.io/en/latest/bugs.html)
	- DirtyBytesArrayToStorage
	- ABIDecodeTwoDimensionalArrayMemory
	- KeccakCaching
	- EmptyByteArrayCopy
	- DynamicArrayCleanup
	- ImplicitConstructorCallvalueCheck
	- TupleAssignmentMultiStackSlotComponents
	- MemoryArrayCreationOverflow
	- privateCanBeOverridden
	- SignedArrayStorageCopy
	- ABIEncoderV2StorageArrayWithMultiSlotElement
	- DynamicConstructorArgumentsClippedABIV2
	- UninitializedFunctionPointerInConstructor_0.4.x
	- IncorrectEventSignatureInLibraries_0.4.x
	- ExpExponentCleanup
	- EventStructWrongData
	- NestedArrayFunctionCallDecoder.
It is used by:
	- ^0.4.18 (contracts/safe/safe_209_SAFE.sol#1)
solc-0.4.24 is an outdated solc version. Use a more recent version (at least 0.8.0), if possible.
Reference: https://github.com/crytic/slither/wiki/Detector-Documentation#incorrect-versions-of-solidity

Detector: naming-convention
Contract token (contracts/safe/safe_209_SAFE.sol#30-35) is not in CapWords
Contract lockEtherPay (contracts/safe/safe_209_SAFE.sol#65-110) is not in CapWords
Variable lockEtherPay.token_reward (contracts/safe/safe_209_SAFE.sol#68) is not in mixedCase
Variable lockEtherPay.start_time (contracts/safe/safe_209_SAFE.sol#72) is not in mixedCase
Variable lockEtherPay.end_time (contracts/safe/safe_209_SAFE.sol#73) is not in mixedCase
Variable lockEtherPay.fifty_two_weeks (contracts/safe/safe_209_SAFE.sol#74) is not in mixedCase
Reference: https://github.com/crytic/slither/wiki/Detector-Documentation#conformance-to-solidity-naming-conventions

Detector: unindexed-event-address
Event lockEtherPay.TokenReleased(address,uint256) (contracts/safe/safe_209_SAFE.sol#76) has address parameters but no indexed parameters
Reference: https://github.com/crytic/slither/wiki/Detector-Documentation#unindexed-event-address-parameters

Detector: constable-states
lockEtherPay.fifty_two_weeks (contracts/safe/safe_209_SAFE.sol#74) should be constant 
Reference: https://github.com/crytic/slither/wiki/Detector-Documentation#state-variables-that-could-be-declared-constant
/home/andrei/Рабочий стол/Kursovaya/Diplom/contracts/safe/safe_209_SAFE.sol analyzed (4 contracts with 101 detectors), 16 result(s) found
