'solc --version' running
'solc /home/andrei/Рабочий стол/Kursovaya/Diplom/contracts/safe/safe_276_SAFE.sol --combined-json abi,ast,bin,bin-runtime,srcmap,srcmap-runtime,userdoc,devdoc,hashes,compact-format --allow-paths .,/home/andrei/Рабочий стол/Kursovaya/Diplom/contracts/safe' running

Detector: arbitrary-send-eth
DecentralandToken.changeOwner(address) (contracts/safe/safe_276_SAFE.sol#47-55) sends eth to arbitrary user
	Dangerous calls:
	- owner.transfer(this.balance) (contracts/safe/safe_276_SAFE.sol#52)
Reference: https://github.com/crytic/slither/wiki/Detector-Documentation#functions-that-send-ether-to-arbitrary-destinations

Detector: divide-before-multiply
DecentralandToken.fallback() (contracts/safe/safe_276_SAFE.sol#132-149) performs a multiplication on the result of a division:
	- numTokens = msg.value * (1000.0 / totalTokens) (contracts/safe/safe_276_SAFE.sol#141)
Reference: https://github.com/crytic/slither/wiki/Detector-Documentation#divide-before-multiply

Detector: missing-zero-check
DecentralandToken.changeOwner(address)._newowner (contracts/safe/safe_276_SAFE.sol#47) lacks a zero-check on :
		- owner = _newowner (contracts/safe/safe_276_SAFE.sol#53)
Reference: https://github.com/crytic/slither/wiki/Detector-Documentation#missing-zero-address-validation

Detector: solc-version
Version constraint ^0.4.19 contains known severe issues (https://solidity.readthedocs.io/en/latest/bugs.html)
	- DirtyBytesArrayToStorage
	- ABIDecodeTwoDimensionalArrayMemory
	- KeccakCaching
	- EmptyByteArrayCopy
	- DynamicArrayCleanup
	- ImplicitConstructorCallvalueCheck
	- TupleAssignmentMultiStackSlotComponents
	- MemoryArrayCreationOverflow
	- privateCanBeOverridden
	- SignedArrayStorageCopy
	- ABIEncoderV2StorageArrayWithMultiSlotElement
	- DynamicConstructorArgumentsClippedABIV2
	- UninitializedFunctionPointerInConstructor_0.4.x
	- IncorrectEventSignatureInLibraries_0.4.x
	- ABIEncoderV2PackedStorage_0.4.x
	- ExpExponentCleanup
	- EventStructWrongData
	- NestedArrayFunctionCallDecoder.
It is used by:
	- ^0.4.19 (contracts/safe/safe_276_SAFE.sol#1)
solc-0.4.19 is an outdated solc version. Use a more recent version (at least 0.8.0), if possible.
Reference: https://github.com/crytic/slither/wiki/Detector-Documentation#incorrect-versions-of-solidity

Detector: naming-convention
Parameter DecentralandToken.changeNameSymbol(string,string)._name (contracts/safe/safe_276_SAFE.sol#37) is not in mixedCase
Parameter DecentralandToken.changeNameSymbol(string,string)._symbol (contracts/safe/safe_276_SAFE.sol#37) is not in mixedCase
Parameter DecentralandToken.changeOwner(address)._newowner (contracts/safe/safe_276_SAFE.sol#47) is not in mixedCase
Parameter DecentralandToken.transfer(address,uint256)._to (contracts/safe/safe_276_SAFE.sol#71) is not in mixedCase
Parameter DecentralandToken.transfer(address,uint256)._value (contracts/safe/safe_276_SAFE.sol#71) is not in mixedCase
Parameter DecentralandToken.mintTo(address,uint256)._to (contracts/safe/safe_276_SAFE.sol#85) is not in mixedCase
Parameter DecentralandToken.mintTo(address,uint256)._value (contracts/safe/safe_276_SAFE.sol#85) is not in mixedCase
Parameter DecentralandToken.balanceOf(address)._owner (contracts/safe/safe_276_SAFE.sol#98) is not in mixedCase
Parameter DecentralandToken.transferFrom(address,address,uint256)._from (contracts/safe/safe_276_SAFE.sol#104) is not in mixedCase
Parameter DecentralandToken.transferFrom(address,address,uint256)._to (contracts/safe/safe_276_SAFE.sol#105) is not in mixedCase
Parameter DecentralandToken.transferFrom(address,address,uint256)._amount (contracts/safe/safe_276_SAFE.sol#106) is not in mixedCase
Parameter DecentralandToken.approve(address,uint256)._spender (contracts/safe/safe_276_SAFE.sol#121) is not in mixedCase
Parameter DecentralandToken.approve(address,uint256)._amount (contracts/safe/safe_276_SAFE.sol#121) is not in mixedCase
Reference: https://github.com/crytic/slither/wiki/Detector-Documentation#conformance-to-solidity-naming-conventions

Detector: reentrancy-unlimited-gas
Reentrancy in DecentralandToken.changeOwner(address) (contracts/safe/safe_276_SAFE.sol#47-55):
	External calls:
	- owner.transfer(msg.value) (contracts/safe/safe_276_SAFE.sol#51)
	- owner.transfer(this.balance) (contracts/safe/safe_276_SAFE.sol#52)
	State variables written after the call(s):
	- owner = _newowner (contracts/safe/safe_276_SAFE.sol#53)
Reference: https://github.com/crytic/slither/wiki/Detector-Documentation#reentrancy-vulnerabilities-5

Detector: constable-states
DecentralandToken.funding (contracts/safe/safe_276_SAFE.sol#19) should be constant 
Reference: https://github.com/crytic/slither/wiki/Detector-Documentation#state-variables-that-could-be-declared-constant
/home/andrei/Рабочий стол/Kursovaya/Diplom/contracts/safe/safe_276_SAFE.sol analyzed (1 contracts with 101 detectors), 20 result(s) found
