'solc --version' running
'solc /home/andrei/Рабочий стол/Kursovaya/Diplom/contracts/safe/safe_195_SAFE.sol --combined-json abi,ast,bin,bin-runtime,srcmap,srcmap-runtime,userdoc,devdoc,hashes,compact-format --allow-paths .,/home/andrei/Рабочий стол/Kursovaya/Diplom/contracts/safe' running
Compilation warnings/errors on /home/andrei/Рабочий стол/Kursovaya/Diplom/contracts/safe/safe_195_SAFE.sol:
/home/andrei/Рабочий стол/Kursovaya/Diplom/contracts/safe/safe_195_SAFE.sol:282:3: Warning: Defining constructors as functions with the same name as the contract is deprecated. Use "constructor(...) { ... }" instead.
  function LCAP() public {
  ^ (Relevant source part starts here and spans across multiple lines).


Detector: solc-version
Version constraint ^0.4.23 contains known severe issues (https://solidity.readthedocs.io/en/latest/bugs.html)
	- DirtyBytesArrayToStorage
	- ABIDecodeTwoDimensionalArrayMemory
	- KeccakCaching
	- EmptyByteArrayCopy
	- DynamicArrayCleanup
	- ImplicitConstructorCallvalueCheck
	- TupleAssignmentMultiStackSlotComponents
	- MemoryArrayCreationOverflow
	- privateCanBeOverridden
	- SignedArrayStorageCopy
	- ABIEncoderV2StorageArrayWithMultiSlotElement
	- DynamicConstructorArgumentsClippedABIV2
	- UninitializedFunctionPointerInConstructor_0.4.x
	- IncorrectEventSignatureInLibraries_0.4.x
	- ABIEncoderV2PackedStorage_0.4.x
	- ExpExponentCleanup
	- EventStructWrongData.
It is used by:
	- ^0.4.23 (contracts/safe/safe_195_SAFE.sol#1)
solc-0.4.23 is an outdated solc version. Use a more recent version (at least 0.8.0), if possible.
Reference: https://github.com/crytic/slither/wiki/Detector-Documentation#incorrect-versions-of-solidity

Detector: naming-convention
Parameter BasicToken.transfer(address,uint256)._to (contracts/safe/safe_195_SAFE.sol#90) is not in mixedCase
Parameter BasicToken.transfer(address,uint256)._value (contracts/safe/safe_195_SAFE.sol#90) is not in mixedCase
Parameter BasicToken.balanceOf(address)._owner (contracts/safe/safe_195_SAFE.sol#105) is not in mixedCase
Parameter BurnableToken.burn(uint256)._value (contracts/safe/safe_195_SAFE.sol#125) is not in mixedCase
Parameter StandardToken.transferFrom(address,address,uint256)._from (contracts/safe/safe_195_SAFE.sol#174) is not in mixedCase
Parameter StandardToken.transferFrom(address,address,uint256)._to (contracts/safe/safe_195_SAFE.sol#174) is not in mixedCase
Parameter StandardToken.transferFrom(address,address,uint256)._value (contracts/safe/safe_195_SAFE.sol#174) is not in mixedCase
Parameter StandardToken.approve(address,uint256)._spender (contracts/safe/safe_195_SAFE.sol#196) is not in mixedCase
Parameter StandardToken.approve(address,uint256)._value (contracts/safe/safe_195_SAFE.sol#196) is not in mixedCase
Parameter StandardToken.allowance(address,address)._owner (contracts/safe/safe_195_SAFE.sol#208) is not in mixedCase
Parameter StandardToken.allowance(address,address)._spender (contracts/safe/safe_195_SAFE.sol#208) is not in mixedCase
Parameter StandardToken.increaseApproval(address,uint256)._spender (contracts/safe/safe_195_SAFE.sol#222) is not in mixedCase
Parameter StandardToken.increaseApproval(address,uint256)._addedValue (contracts/safe/safe_195_SAFE.sol#222) is not in mixedCase
Parameter StandardToken.decreaseApproval(address,uint256)._spender (contracts/safe/safe_195_SAFE.sol#238) is not in mixedCase
Parameter StandardToken.decreaseApproval(address,uint256)._subtractedValue (contracts/safe/safe_195_SAFE.sol#238) is not in mixedCase
Parameter StandardBurnableToken.burnFrom(address,uint256)._from (contracts/safe/safe_195_SAFE.sol#264) is not in mixedCase
Parameter StandardBurnableToken.burnFrom(address,uint256)._value (contracts/safe/safe_195_SAFE.sol#264) is not in mixedCase
Reference: https://github.com/crytic/slither/wiki/Detector-Documentation#conformance-to-solidity-naming-conventions

Detector: too-many-digits
LCAP.slitherConstructorConstantVariables() (contracts/safe/safe_195_SAFE.sol#274-289) uses literals with too many digits:
	- INITIAL_SUPPLY = 25000000 * (10 ** uint256(decimals)) (contracts/safe/safe_195_SAFE.sol#280)
Reference: https://github.com/crytic/slither/wiki/Detector-Documentation#too-many-digits
/home/andrei/Рабочий стол/Kursovaya/Diplom/contracts/safe/safe_195_SAFE.sol analyzed (8 contracts with 101 detectors), 20 result(s) found
