'solc --version' running
'solc /home/andrei/Рабочий стол/Kursovaya/Diplom/contracts/safe/safe_210_SAFE.sol --combined-json abi,ast,bin,bin-runtime,srcmap,srcmap-runtime,userdoc,devdoc' running

Detector: deprecated-standards
Deprecated standard detected THROW ():
	- Usage of "throw" should be replaced with "revert()"
Deprecated standard detected ! _spender.call(bytes4(bytes32(sha3()(receiveApproval(address,uint256,address,bytes)))),msg.sender,_value,this,_extraData) ():
	- Usage of "sha3()" should be replaced with "keccak256()"
Reference: https://github.com/crytic/slither/wiki/Detector-Documentation#deprecated-standards

Detector: solc-version
Version constraint ^0.4.4 contains known severe issues (https://solidity.readthedocs.io/en/latest/bugs.html)
	- DirtyBytesArrayToStorage
	- KeccakCaching
	- EmptyByteArrayCopy
	- DynamicArrayCleanup
	- TupleAssignmentMultiStackSlotComponents
	- MemoryArrayCreationOverflow
	- privateCanBeOverridden
	- IncorrectEventSignatureInLibraries_0.4.x
	- ExpExponentCleanup
	- NestedArrayFunctionCallDecoder
	- ZeroFunctionSelector
	- DelegateCallReturnValue
	- ECRecoverMalformedInput
	- SkipEmptyStringLiteral
	- ConstantOptimizerSubtraction
	- IdentityPrecompileReturnIgnored.
It is used by:
	- ^0.4.4 ()
solc-0.4.4 is an outdated solc version. Use a more recent version (at least 0.8.0), if possible.
Reference: https://github.com/crytic/slither/wiki/Detector-Documentation#incorrect-versions-of-solidity

Detector: low-level-calls
Low level call in StoneToken.approveAndCall(address,uint256,bytes) ():
	- ! _spender.call(bytes4(bytes32(sha3()(receiveApproval(address,uint256,address,bytes)))),msg.sender,_value,this,_extraData) ()
Reference: https://github.com/crytic/slither/wiki/Detector-Documentation#low-level-calls

Detector: naming-convention
Parameter StandardToken.transfer(address,uint256)._to () is not in mixedCase
Parameter StandardToken.transfer(address,uint256)._value () is not in mixedCase
Parameter StandardToken.transferFrom(address,address,uint256)._from () is not in mixedCase
Parameter StandardToken.transferFrom(address,address,uint256)._to () is not in mixedCase
Parameter StandardToken.transferFrom(address,address,uint256)._value () is not in mixedCase
Parameter StandardToken.balanceOf(address)._owner () is not in mixedCase
Parameter StandardToken.approve(address,uint256)._spender () is not in mixedCase
Parameter StandardToken.approve(address,uint256)._value () is not in mixedCase
Parameter StandardToken.allowance(address,address)._owner () is not in mixedCase
Parameter StandardToken.allowance(address,address)._spender () is not in mixedCase
Parameter StoneToken.approveAndCall(address,uint256,bytes)._spender () is not in mixedCase
Parameter StoneToken.approveAndCall(address,uint256,bytes)._value () is not in mixedCase
Parameter StoneToken.approveAndCall(address,uint256,bytes)._extraData () is not in mixedCase
Reference: https://github.com/crytic/slither/wiki/Detector-Documentation#conformance-to-solidity-naming-conventions

Detector: too-many-digits
StoneToken.StoneToken() () uses literals with too many digits:
	- balances[msg.sender] = 110000000000000000000000000 ()
StoneToken.StoneToken() () uses literals with too many digits:
	- totalSupply = 110000000000000000000000000 ()
Reference: https://github.com/crytic/slither/wiki/Detector-Documentation#too-many-digits

Detector: erc20-indexed
ERC20 event Token.Transfer(address,address,uint256) ()does not index parameter _from
ERC20 event Token.Transfer(address,address,uint256) ()does not index parameter _to
ERC20 event Token.Approval(address,address,uint256) ()does not index parameter _owner
ERC20 event Token.Approval(address,address,uint256) ()does not index parameter _spender
Reference: https://github.com/crytic/slither/wiki/Detector-Documentation#unindexed-erc20-event-parameters

Detector: unindexed-event-address
Event Token.Transfer(address,address,uint256) () has address parameters but no indexed parameters
Event Token.Approval(address,address,uint256) () has address parameters but no indexed parameters
Reference: https://github.com/crytic/slither/wiki/Detector-Documentation#unindexed-event-address-parameters

Detector: unused-state
StoneToken.version () is never used in StoneToken ()
Reference: https://github.com/crytic/slither/wiki/Detector-Documentation#unused-state-variable

Detector: constable-states
StoneToken.version () should be constant 
Reference: https://github.com/crytic/slither/wiki/Detector-Documentation#state-variables-that-could-be-declared-constant

Detector: external-function
approveAndCall(address,uint256,bytes) should be declared external:
	- StoneToken.approveAndCall(address,uint256,bytes) ()
Reference: https://github.com/crytic/slither/wiki/Detector-Documentation#public-function-that-could-be-declared-external
/home/andrei/Рабочий стол/Kursovaya/Diplom/contracts/safe/safe_210_SAFE.sol analyzed (3 contracts with 101 detectors), 29 result(s) found
