'solc --version' running
'solc /home/andrei/Рабочий стол/Kursovaya/Diplom/contracts/safe/safe_198_SAFE.sol --combined-json abi,ast,bin,bin-runtime,srcmap,srcmap-runtime,userdoc,devdoc,hashes,compact-format --allow-paths .,/home/andrei/Рабочий стол/Kursovaya/Diplom/contracts/safe' running
Compilation warnings/errors on /home/andrei/Рабочий стол/Kursovaya/Diplom/contracts/safe/safe_198_SAFE.sol:
/home/andrei/Рабочий стол/Kursovaya/Diplom/contracts/safe/safe_198_SAFE.sol:1169:9: Warning: Return value of low-level calls not used.
        flushDivs.call.value(_POOH)(bytes4(keccak256("donate()")));  
        ^--------------------------------------------------------^
/home/andrei/Рабочий стол/Kursovaya/Diplom/contracts/safe/safe_198_SAFE.sol:1279:13: Warning: Return value of low-level calls not used.
            flushDivs.call.value(_POOH)(bytes4(keccak256("donate()")));
            ^--------------------------------------------------------^


Detector: arbitrary-send-eth
POOHMO.endRound(POOHMODatasets.EventReturns) (contracts/safe/safe_198_SAFE.sol#1131-1193) sends eth to arbitrary user
	Dangerous calls:
	- flushDivs.call.value(_POOH)(bytes4(keccak256()(donate()))) (contracts/safe/safe_198_SAFE.sol#1169)
Reference: https://github.com/crytic/slither/wiki/Detector-Documentation#functions-that-send-ether-to-arbitrary-destinations

Detector: weak-prng
POOHMO.determineNextRoundLength() (contracts/safe/safe_198_SAFE.sol#1195-1199) uses a weak PRNG: "roundTime = uint256(keccak256()(abi.encodePacked(blockhash(uint256)(block.number - 1)))) % 6 (contracts/safe/safe_198_SAFE.sol#1197)" 
Reference: https://github.com/crytic/slither/wiki/Detector-Documentation#weak-PRNG

Detector: reentrancy-eth
Reentrancy in POOHMO.buyCore(uint256,uint256,POOHMODatasets.EventReturns) (contracts/safe/safe_198_SAFE.sol#810-858):
	External calls:
	- _eventData_ = endRound(_eventData_) (contracts/safe/safe_198_SAFE.sol#832)
		- flushDivs.call.value(_POOH)(bytes4(keccak256()(donate()))) (contracts/safe/safe_198_SAFE.sol#1169)
	External calls sending eth:
	- _eventData_ = endRound(_eventData_) (contracts/safe/safe_198_SAFE.sol#832)
		- admin.transfer(_dev) (contracts/safe/safe_198_SAFE.sol#1167)
		- flushDivs.call.value(_POOH)(bytes4(keccak256()(donate()))) (contracts/safe/safe_198_SAFE.sol#1169)
	State variables written after the call(s):
	- plyr_[_pID].gen = plyr_[_pID].gen.add(msg.value) (contracts/safe/safe_198_SAFE.sol#856)
	POOHMO.plyr_ (contracts/safe/safe_198_SAFE.sol#151) can be used in cross function reentrancies:
	- POOHMO.buyCore(uint256,uint256,POOHMODatasets.EventReturns) (contracts/safe/safe_198_SAFE.sol#810-858)
	- POOHMO.buyXaddr(address) (contracts/safe/safe_198_SAFE.sol#277-312)
	- POOHMO.buyXid(uint256) (contracts/safe/safe_198_SAFE.sol#247-275)
	- POOHMO.buyXname(bytes32) (contracts/safe/safe_198_SAFE.sol#314-350)
	- POOHMO.core(uint256,uint256,uint256,uint256,uint256,POOHMODatasets.EventReturns) (contracts/safe/safe_198_SAFE.sol#915-969)
	- POOHMO.determinePID(POOHMODatasets.EventReturns) (contracts/safe/safe_198_SAFE.sol#1071-1102)
	- POOHMO.distributeExternal(uint256,uint256,uint256,uint256,uint256,POOHMODatasets.EventReturns) (contracts/safe/safe_198_SAFE.sol#1245-1288)
	- POOHMO.endRound(POOHMODatasets.EventReturns) (contracts/safe/safe_198_SAFE.sol#1131-1193)
	- POOHMO.endTx(uint256,uint256,uint256,uint256,POOHMODatasets.EventReturns) (contracts/safe/safe_198_SAFE.sol#1389-1411)
	- POOHMO.fallback() (contracts/safe/safe_198_SAFE.sol#223-238)
	- POOHMO.getCurrentRoundInfo() (contracts/safe/safe_198_SAFE.sol#736-761)
	- POOHMO.getPlayerInfoByAddress(address) (contracts/safe/safe_198_SAFE.sol#776-800)
	- POOHMO.getPlayerVaults(uint256) (contracts/safe/safe_198_SAFE.sol#667-706)
	- POOHMO.managePlayer(uint256,POOHMODatasets.EventReturns) (contracts/safe/safe_198_SAFE.sol#1110-1126)
	- POOHMO.plyr_ (contracts/safe/safe_198_SAFE.sol#151)
	- POOHMO.reLoadCore(uint256,uint256,uint256,POOHMODatasets.EventReturns) (contracts/safe/safe_198_SAFE.sol#864-909)
	- POOHMO.reLoadXaddr(address,uint256) (contracts/safe/safe_198_SAFE.sol#390-425)
	- POOHMO.reLoadXid(uint256,uint256) (contracts/safe/safe_198_SAFE.sol#361-388)
	- POOHMO.reLoadXname(bytes32,uint256) (contracts/safe/safe_198_SAFE.sol#427-462)
	- POOHMO.receivePlayerInfo(uint256,address,bytes32,uint256) (contracts/safe/safe_198_SAFE.sol#1038-1054)
	- POOHMO.registerNameXID(string,uint256,bool) (contracts/safe/safe_198_SAFE.sol#560-574)
	- POOHMO.registerNameXaddr(string,address,bool) (contracts/safe/safe_198_SAFE.sol#576-590)
	- POOHMO.registerNameXname(string,bytes32,bool) (contracts/safe/safe_198_SAFE.sol#592-606)
	- POOHMO.updateGenVault(uint256,uint256) (contracts/safe/safe_198_SAFE.sol#1205-1216)
	- POOHMO.withdraw() (contracts/safe/safe_198_SAFE.sol#468-534)
	- POOHMO.withdrawEarnings(uint256) (contracts/safe/safe_198_SAFE.sol#1367-1384)
Reentrancy in POOHMO.core(uint256,uint256,uint256,uint256,uint256,POOHMODatasets.EventReturns) (contracts/safe/safe_198_SAFE.sol#915-969):
	External calls:
	- _eventData_ = distributeExternal(_rID,_pID,_eth,_affID,0,_eventData_) (contracts/safe/safe_198_SAFE.sol#963)
		- ! address(admin).call.value(_dev)() (contracts/safe/safe_198_SAFE.sol#1253)
		- flushDivs.call.value(_POOH)(bytes4(keccak256()(donate()))) (contracts/safe/safe_198_SAFE.sol#1279)
	State variables written after the call(s):
	- _eventData_ = distributeInternal(_rID,_pID,_eth,0,_keys,_eventData_) (contracts/safe/safe_198_SAFE.sol#964)
		- plyrRnds_[_pID][_rID].mask = (((round_[_rID].mask.mul(_keys)) / (1000000000000000000)).sub(_pearn)).add(plyrRnds_[_pID][_rID].mask) (contracts/safe/safe_198_SAFE.sol#1357)
	POOHMO.plyrRnds_ (contracts/safe/safe_198_SAFE.sol#152) can be used in cross function reentrancies:
	- POOHMO.calcUnMaskedEarnings(uint256,uint256) (contracts/safe/safe_198_SAFE.sol#978-984)
	- POOHMO.core(uint256,uint256,uint256,uint256,uint256,POOHMODatasets.EventReturns) (contracts/safe/safe_198_SAFE.sol#915-969)
	- POOHMO.getPlayerInfoByAddress(address) (contracts/safe/safe_198_SAFE.sol#776-800)
	- POOHMO.getPlayerVaults(uint256) (contracts/safe/safe_198_SAFE.sol#667-706)
	- POOHMO.getPlayerVaultsHelper(uint256,uint256) (contracts/safe/safe_198_SAFE.sol#711-717)
	- POOHMO.plyrRnds_ (contracts/safe/safe_198_SAFE.sol#152)
	- POOHMO.updateGenVault(uint256,uint256) (contracts/safe/safe_198_SAFE.sol#1205-1216)
	- POOHMO.updateMasks(uint256,uint256,uint256,uint256) (contracts/safe/safe_198_SAFE.sol#1335-1361)
	- _eventData_ = distributeInternal(_rID,_pID,_eth,0,_keys,_eventData_) (contracts/safe/safe_198_SAFE.sol#964)
		- round_[_rID].mask = _ppt.add(round_[_rID].mask) (contracts/safe/safe_198_SAFE.sol#1352)
		- round_[_rID].pot = _pot.add(_dust).add(round_[_rID].pot) (contracts/safe/safe_198_SAFE.sol#1322)
	POOHMO.round_ (contracts/safe/safe_198_SAFE.sol#157) can be used in cross function reentrancies:
	- POOHMO.activate() (contracts/safe/safe_198_SAFE.sol#1420-1437)
	- POOHMO.buyCore(uint256,uint256,POOHMODatasets.EventReturns) (contracts/safe/safe_198_SAFE.sol#810-858)
	- POOHMO.calcKeysReceived(uint256,uint256) (contracts/safe/safe_198_SAFE.sol#993-1006)
	- POOHMO.calcUnMaskedEarnings(uint256,uint256) (contracts/safe/safe_198_SAFE.sol#978-984)
	- POOHMO.core(uint256,uint256,uint256,uint256,uint256,POOHMODatasets.EventReturns) (contracts/safe/safe_198_SAFE.sol#915-969)
	- POOHMO.distributeInternal(uint256,uint256,uint256,uint256,uint256,POOHMODatasets.EventReturns) (contracts/safe/safe_198_SAFE.sol#1301-1329)
	- POOHMO.endRound(POOHMODatasets.EventReturns) (contracts/safe/safe_198_SAFE.sol#1131-1193)
	- POOHMO.getBuyPrice() (contracts/safe/safe_198_SAFE.sol#616-632)
	- POOHMO.getCurrentRoundInfo() (contracts/safe/safe_198_SAFE.sol#736-761)
	- POOHMO.getPlayerVaults(uint256) (contracts/safe/safe_198_SAFE.sol#667-706)
	- POOHMO.getPlayerVaultsHelper(uint256,uint256) (contracts/safe/safe_198_SAFE.sol#711-717)
	- POOHMO.getTimeLeft() (contracts/safe/safe_198_SAFE.sol#640-658)
	- POOHMO.iWantXKeys(uint256) (contracts/safe/safe_198_SAFE.sol#1014-1030)
	- POOHMO.reLoadCore(uint256,uint256,uint256,POOHMODatasets.EventReturns) (contracts/safe/safe_198_SAFE.sol#864-909)
	- POOHMO.round_ (contracts/safe/safe_198_SAFE.sol#157)
	- POOHMO.updateMasks(uint256,uint256,uint256,uint256) (contracts/safe/safe_198_SAFE.sol#1335-1361)
	- POOHMO.updateTimer(uint256,uint256) (contracts/safe/safe_198_SAFE.sol#1221-1239)
	- POOHMO.withdraw() (contracts/safe/safe_198_SAFE.sol#468-534)
Reentrancy in POOHMO.endRound(POOHMODatasets.EventReturns) (contracts/safe/safe_198_SAFE.sol#1131-1193):
	External calls:
	- flushDivs.call.value(_POOH)(bytes4(keccak256()(donate()))) (contracts/safe/safe_198_SAFE.sol#1169)
	External calls sending eth:
	- admin.transfer(_dev) (contracts/safe/safe_198_SAFE.sol#1167)
	- flushDivs.call.value(_POOH)(bytes4(keccak256()(donate()))) (contracts/safe/safe_198_SAFE.sol#1169)
	State variables written after the call(s):
	- rID_ ++ (contracts/safe/safe_198_SAFE.sol#1185)
	POOHMO.rID_ (contracts/safe/safe_198_SAFE.sol#145) can be used in cross function reentrancies:
	- POOHMO.activate() (contracts/safe/safe_198_SAFE.sol#1420-1437)
	- POOHMO.buyCore(uint256,uint256,POOHMODatasets.EventReturns) (contracts/safe/safe_198_SAFE.sol#810-858)
	- POOHMO.endRound(POOHMODatasets.EventReturns) (contracts/safe/safe_198_SAFE.sol#1131-1193)
	- POOHMO.endTx(uint256,uint256,uint256,uint256,POOHMODatasets.EventReturns) (contracts/safe/safe_198_SAFE.sol#1389-1411)
	- POOHMO.getBuyPrice() (contracts/safe/safe_198_SAFE.sol#616-632)
	- POOHMO.getCurrentRoundInfo() (contracts/safe/safe_198_SAFE.sol#736-761)
	- POOHMO.getPlayerInfoByAddress(address) (contracts/safe/safe_198_SAFE.sol#776-800)
	- POOHMO.getPlayerVaults(uint256) (contracts/safe/safe_198_SAFE.sol#667-706)
	- POOHMO.getTimeLeft() (contracts/safe/safe_198_SAFE.sol#640-658)
	- POOHMO.iWantXKeys(uint256) (contracts/safe/safe_198_SAFE.sol#1014-1030)
	- POOHMO.managePlayer(uint256,POOHMODatasets.EventReturns) (contracts/safe/safe_198_SAFE.sol#1110-1126)
	- POOHMO.rID_ (contracts/safe/safe_198_SAFE.sol#145)
	- POOHMO.reLoadCore(uint256,uint256,uint256,POOHMODatasets.EventReturns) (contracts/safe/safe_198_SAFE.sol#864-909)
	- POOHMO.withdraw() (contracts/safe/safe_198_SAFE.sol#468-534)
	- round_[_rID].mask = _ppt.add(round_[_rID].mask) (contracts/safe/safe_198_SAFE.sol#1172)
	POOHMO.round_ (contracts/safe/safe_198_SAFE.sol#157) can be used in cross function reentrancies:
	- POOHMO.activate() (contracts/safe/safe_198_SAFE.sol#1420-1437)
	- POOHMO.buyCore(uint256,uint256,POOHMODatasets.EventReturns) (contracts/safe/safe_198_SAFE.sol#810-858)
	- POOHMO.calcKeysReceived(uint256,uint256) (contracts/safe/safe_198_SAFE.sol#993-1006)
	- POOHMO.calcUnMaskedEarnings(uint256,uint256) (contracts/safe/safe_198_SAFE.sol#978-984)
	- POOHMO.core(uint256,uint256,uint256,uint256,uint256,POOHMODatasets.EventReturns) (contracts/safe/safe_198_SAFE.sol#915-969)
	- POOHMO.distributeInternal(uint256,uint256,uint256,uint256,uint256,POOHMODatasets.EventReturns) (contracts/safe/safe_198_SAFE.sol#1301-1329)
	- POOHMO.endRound(POOHMODatasets.EventReturns) (contracts/safe/safe_198_SAFE.sol#1131-1193)
	- POOHMO.getBuyPrice() (contracts/safe/safe_198_SAFE.sol#616-632)
	- POOHMO.getCurrentRoundInfo() (contracts/safe/safe_198_SAFE.sol#736-761)
	- POOHMO.getPlayerVaults(uint256) (contracts/safe/safe_198_SAFE.sol#667-706)
	- POOHMO.getPlayerVaultsHelper(uint256,uint256) (contracts/safe/safe_198_SAFE.sol#711-717)
	- POOHMO.getTimeLeft() (contracts/safe/safe_198_SAFE.sol#640-658)
	- POOHMO.iWantXKeys(uint256) (contracts/safe/safe_198_SAFE.sol#1014-1030)
	- POOHMO.reLoadCore(uint256,uint256,uint256,POOHMODatasets.EventReturns) (contracts/safe/safe_198_SAFE.sol#864-909)
	- POOHMO.round_ (contracts/safe/safe_198_SAFE.sol#157)
	- POOHMO.updateMasks(uint256,uint256,uint256,uint256) (contracts/safe/safe_198_SAFE.sol#1335-1361)
	- POOHMO.updateTimer(uint256,uint256) (contracts/safe/safe_198_SAFE.sol#1221-1239)
	- POOHMO.withdraw() (contracts/safe/safe_198_SAFE.sol#468-534)
	- round_[_rID].strt = now (contracts/safe/safe_198_SAFE.sol#1187)
	POOHMO.round_ (contracts/safe/safe_198_SAFE.sol#157) can be used in cross function reentrancies:
	- POOHMO.activate() (contracts/safe/safe_198_SAFE.sol#1420-1437)
	- POOHMO.buyCore(uint256,uint256,POOHMODatasets.EventReturns) (contracts/safe/safe_198_SAFE.sol#810-858)
	- POOHMO.calcKeysReceived(uint256,uint256) (contracts/safe/safe_198_SAFE.sol#993-1006)
	- POOHMO.calcUnMaskedEarnings(uint256,uint256) (contracts/safe/safe_198_SAFE.sol#978-984)
	- POOHMO.core(uint256,uint256,uint256,uint256,uint256,POOHMODatasets.EventReturns) (contracts/safe/safe_198_SAFE.sol#915-969)
	- POOHMO.distributeInternal(uint256,uint256,uint256,uint256,uint256,POOHMODatasets.EventReturns) (contracts/safe/safe_198_SAFE.sol#1301-1329)
	- POOHMO.endRound(POOHMODatasets.EventReturns) (contracts/safe/safe_198_SAFE.sol#1131-1193)
	- POOHMO.getBuyPrice() (contracts/safe/safe_198_SAFE.sol#616-632)
	- POOHMO.getCurrentRoundInfo() (contracts/safe/safe_198_SAFE.sol#736-761)
	- POOHMO.getPlayerVaults(uint256) (contracts/safe/safe_198_SAFE.sol#667-706)
	- POOHMO.getPlayerVaultsHelper(uint256,uint256) (contracts/safe/safe_198_SAFE.sol#711-717)
	- POOHMO.getTimeLeft() (contracts/safe/safe_198_SAFE.sol#640-658)
	- POOHMO.iWantXKeys(uint256) (contracts/safe/safe_198_SAFE.sol#1014-1030)
	- POOHMO.reLoadCore(uint256,uint256,uint256,POOHMODatasets.EventReturns) (contracts/safe/safe_198_SAFE.sol#864-909)
	- POOHMO.round_ (contracts/safe/safe_198_SAFE.sol#157)
	- POOHMO.updateMasks(uint256,uint256,uint256,uint256) (contracts/safe/safe_198_SAFE.sol#1335-1361)
	- POOHMO.updateTimer(uint256,uint256) (contracts/safe/safe_198_SAFE.sol#1221-1239)
	- POOHMO.withdraw() (contracts/safe/safe_198_SAFE.sol#468-534)
	- round_[_rID].end = now.add(rndMax_) (contracts/safe/safe_198_SAFE.sol#1189)
	POOHMO.round_ (contracts/safe/safe_198_SAFE.sol#157) can be used in cross function reentrancies:
	- POOHMO.activate() (contracts/safe/safe_198_SAFE.sol#1420-1437)
	- POOHMO.buyCore(uint256,uint256,POOHMODatasets.EventReturns) (contracts/safe/safe_198_SAFE.sol#810-858)
	- POOHMO.calcKeysReceived(uint256,uint256) (contracts/safe/safe_198_SAFE.sol#993-1006)
	- POOHMO.calcUnMaskedEarnings(uint256,uint256) (contracts/safe/safe_198_SAFE.sol#978-984)
	- POOHMO.core(uint256,uint256,uint256,uint256,uint256,POOHMODatasets.EventReturns) (contracts/safe/safe_198_SAFE.sol#915-969)
	- POOHMO.distributeInternal(uint256,uint256,uint256,uint256,uint256,POOHMODatasets.EventReturns) (contracts/safe/safe_198_SAFE.sol#1301-1329)
	- POOHMO.endRound(POOHMODatasets.EventReturns) (contracts/safe/safe_198_SAFE.sol#1131-1193)
	- POOHMO.getBuyPrice() (contracts/safe/safe_198_SAFE.sol#616-632)
	- POOHMO.getCurrentRoundInfo() (contracts/safe/safe_198_SAFE.sol#736-761)
	- POOHMO.getPlayerVaults(uint256) (contracts/safe/safe_198_SAFE.sol#667-706)
	- POOHMO.getPlayerVaultsHelper(uint256,uint256) (contracts/safe/safe_198_SAFE.sol#711-717)
	- POOHMO.getTimeLeft() (contracts/safe/safe_198_SAFE.sol#640-658)
	- POOHMO.iWantXKeys(uint256) (contracts/safe/safe_198_SAFE.sol#1014-1030)
	- POOHMO.reLoadCore(uint256,uint256,uint256,POOHMODatasets.EventReturns) (contracts/safe/safe_198_SAFE.sol#864-909)
	- POOHMO.round_ (contracts/safe/safe_198_SAFE.sol#157)
	- POOHMO.updateMasks(uint256,uint256,uint256,uint256) (contracts/safe/safe_198_SAFE.sol#1335-1361)
	- POOHMO.updateTimer(uint256,uint256) (contracts/safe/safe_198_SAFE.sol#1221-1239)
	- POOHMO.withdraw() (contracts/safe/safe_198_SAFE.sol#468-534)
	- round_[_rID].pot = _res (contracts/safe/safe_198_SAFE.sol#1190)
	POOHMO.round_ (contracts/safe/safe_198_SAFE.sol#157) can be used in cross function reentrancies:
	- POOHMO.activate() (contracts/safe/safe_198_SAFE.sol#1420-1437)
	- POOHMO.buyCore(uint256,uint256,POOHMODatasets.EventReturns) (contracts/safe/safe_198_SAFE.sol#810-858)
	- POOHMO.calcKeysReceived(uint256,uint256) (contracts/safe/safe_198_SAFE.sol#993-1006)
	- POOHMO.calcUnMaskedEarnings(uint256,uint256) (contracts/safe/safe_198_SAFE.sol#978-984)
	- POOHMO.core(uint256,uint256,uint256,uint256,uint256,POOHMODatasets.EventReturns) (contracts/safe/safe_198_SAFE.sol#915-969)
	- POOHMO.distributeInternal(uint256,uint256,uint256,uint256,uint256,POOHMODatasets.EventReturns) (contracts/safe/safe_198_SAFE.sol#1301-1329)
	- POOHMO.endRound(POOHMODatasets.EventReturns) (contracts/safe/safe_198_SAFE.sol#1131-1193)
	- POOHMO.getBuyPrice() (contracts/safe/safe_198_SAFE.sol#616-632)
	- POOHMO.getCurrentRoundInfo() (contracts/safe/safe_198_SAFE.sol#736-761)
	- POOHMO.getPlayerVaults(uint256) (contracts/safe/safe_198_SAFE.sol#667-706)
	- POOHMO.getPlayerVaultsHelper(uint256,uint256) (contracts/safe/safe_198_SAFE.sol#711-717)
	- POOHMO.getTimeLeft() (contracts/safe/safe_198_SAFE.sol#640-658)
	- POOHMO.iWantXKeys(uint256) (contracts/safe/safe_198_SAFE.sol#1014-1030)
	- POOHMO.reLoadCore(uint256,uint256,uint256,POOHMODatasets.EventReturns) (contracts/safe/safe_198_SAFE.sol#864-909)
	- POOHMO.round_ (contracts/safe/safe_198_SAFE.sol#157)
	- POOHMO.updateMasks(uint256,uint256,uint256,uint256) (contracts/safe/safe_198_SAFE.sol#1335-1361)
	- POOHMO.updateTimer(uint256,uint256) (contracts/safe/safe_198_SAFE.sol#1221-1239)
	- POOHMO.withdraw() (contracts/safe/safe_198_SAFE.sol#468-534)
Reentrancy in POOHMO.withdraw() (contracts/safe/safe_198_SAFE.sol#468-534):
	External calls:
	- _eventData_ = endRound(_eventData_) (contracts/safe/safe_198_SAFE.sol#493)
		- flushDivs.call.value(_POOH)(bytes4(keccak256()(donate()))) (contracts/safe/safe_198_SAFE.sol#1169)
	External calls sending eth:
	- _eventData_ = endRound(_eventData_) (contracts/safe/safe_198_SAFE.sol#493)
		- admin.transfer(_dev) (contracts/safe/safe_198_SAFE.sol#1167)
		- flushDivs.call.value(_POOH)(bytes4(keccak256()(donate()))) (contracts/safe/safe_198_SAFE.sol#1169)
	State variables written after the call(s):
	- _eth = withdrawEarnings(_pID) (contracts/safe/safe_198_SAFE.sol#496)
		- plyr_[_pID].gen = _earnings.add(plyr_[_pID].gen) (contracts/safe/safe_198_SAFE.sol#1212)
		- plyr_[_pID].win = 0 (contracts/safe/safe_198_SAFE.sol#1378)
		- plyr_[_pID].gen = 0 (contracts/safe/safe_198_SAFE.sol#1379)
		- plyr_[_pID].aff = 0 (contracts/safe/safe_198_SAFE.sol#1380)
	POOHMO.plyr_ (contracts/safe/safe_198_SAFE.sol#151) can be used in cross function reentrancies:
	- POOHMO.buyCore(uint256,uint256,POOHMODatasets.EventReturns) (contracts/safe/safe_198_SAFE.sol#810-858)
	- POOHMO.buyXaddr(address) (contracts/safe/safe_198_SAFE.sol#277-312)
	- POOHMO.buyXid(uint256) (contracts/safe/safe_198_SAFE.sol#247-275)
	- POOHMO.buyXname(bytes32) (contracts/safe/safe_198_SAFE.sol#314-350)
	- POOHMO.core(uint256,uint256,uint256,uint256,uint256,POOHMODatasets.EventReturns) (contracts/safe/safe_198_SAFE.sol#915-969)
	- POOHMO.determinePID(POOHMODatasets.EventReturns) (contracts/safe/safe_198_SAFE.sol#1071-1102)
	- POOHMO.distributeExternal(uint256,uint256,uint256,uint256,uint256,POOHMODatasets.EventReturns) (contracts/safe/safe_198_SAFE.sol#1245-1288)
	- POOHMO.endRound(POOHMODatasets.EventReturns) (contracts/safe/safe_198_SAFE.sol#1131-1193)
	- POOHMO.endTx(uint256,uint256,uint256,uint256,POOHMODatasets.EventReturns) (contracts/safe/safe_198_SAFE.sol#1389-1411)
	- POOHMO.fallback() (contracts/safe/safe_198_SAFE.sol#223-238)
	- POOHMO.getCurrentRoundInfo() (contracts/safe/safe_198_SAFE.sol#736-761)
	- POOHMO.getPlayerInfoByAddress(address) (contracts/safe/safe_198_SAFE.sol#776-800)
	- POOHMO.getPlayerVaults(uint256) (contracts/safe/safe_198_SAFE.sol#667-706)
	- POOHMO.managePlayer(uint256,POOHMODatasets.EventReturns) (contracts/safe/safe_198_SAFE.sol#1110-1126)
	- POOHMO.plyr_ (contracts/safe/safe_198_SAFE.sol#151)
	- POOHMO.reLoadCore(uint256,uint256,uint256,POOHMODatasets.EventReturns) (contracts/safe/safe_198_SAFE.sol#864-909)
	- POOHMO.reLoadXaddr(address,uint256) (contracts/safe/safe_198_SAFE.sol#390-425)
	- POOHMO.reLoadXid(uint256,uint256) (contracts/safe/safe_198_SAFE.sol#361-388)
	- POOHMO.reLoadXname(bytes32,uint256) (contracts/safe/safe_198_SAFE.sol#427-462)
	- POOHMO.receivePlayerInfo(uint256,address,bytes32,uint256) (contracts/safe/safe_198_SAFE.sol#1038-1054)
	- POOHMO.registerNameXID(string,uint256,bool) (contracts/safe/safe_198_SAFE.sol#560-574)
	- POOHMO.registerNameXaddr(string,address,bool) (contracts/safe/safe_198_SAFE.sol#576-590)
	- POOHMO.registerNameXname(string,bytes32,bool) (contracts/safe/safe_198_SAFE.sol#592-606)
	- POOHMO.updateGenVault(uint256,uint256) (contracts/safe/safe_198_SAFE.sol#1205-1216)
	- POOHMO.withdraw() (contracts/safe/safe_198_SAFE.sol#468-534)
	- POOHMO.withdrawEarnings(uint256) (contracts/safe/safe_198_SAFE.sol#1367-1384)
Reference: https://github.com/crytic/slither/wiki/Detector-Documentation#reentrancy-vulnerabilities-1

Detector: constant-function-asm
NameFilter.nameFilter(string) (contracts/safe/safe_198_SAFE.sol#1585-1645) is declared view but contains assembly code
Reference: https://github.com/crytic/slither/wiki/Detector-Documentation#constant-functions-using-assembly-code

Detector: divide-before-multiply
POOHMO.getPlayerVaultsHelper(uint256,uint256) (contracts/safe/safe_198_SAFE.sol#711-717) performs a multiplication on the result of a division:
	- (((((round_[_rID].mask).add(((((round_[_rID].pot).mul(potSplit_[round_[_rID].team].gen)) / 100).mul(1000000000000000000)) / (round_[_rID].keys))).mul(plyrRnds_[_pID][_rID].keys)) / 1000000000000000000)) (contracts/safe/safe_198_SAFE.sol#716)
POOHMO.endRound(POOHMODatasets.EventReturns) (contracts/safe/safe_198_SAFE.sol#1131-1193) performs a multiplication on the result of a division:
	- _gen = (_pot.mul(potSplit_[_winTID].gen)) / 100 (contracts/safe/safe_198_SAFE.sol#1149)
	- _ppt = (_gen.mul(1000000000000000000)) / (round_[_rID].keys) (contracts/safe/safe_198_SAFE.sol#1154)
POOHMO.endRound(POOHMODatasets.EventReturns) (contracts/safe/safe_198_SAFE.sol#1131-1193) performs a multiplication on the result of a division:
	- _ppt = (_gen.mul(1000000000000000000)) / (round_[_rID].keys) (contracts/safe/safe_198_SAFE.sol#1154)
	- _dust = _gen.sub((_ppt.mul(round_[_rID].keys)) / 1000000000000000000) (contracts/safe/safe_198_SAFE.sol#1155)
POOHMO.updateTimer(uint256,uint256) (contracts/safe/safe_198_SAFE.sol#1221-1239) performs a multiplication on the result of a division:
	- _newTime = (((_keys) / (1000000000000000000)).mul(rndInc_)).add(round_[_rID].end) (contracts/safe/safe_198_SAFE.sol#1232)
POOHMO.updateTimer(uint256,uint256) (contracts/safe/safe_198_SAFE.sol#1221-1239) performs a multiplication on the result of a division:
	- _newTime = (((_keys) / (1000000000000000000)).mul(rndInc_)).add(_now) (contracts/safe/safe_198_SAFE.sol#1230)
POOHMO.updateMasks(uint256,uint256,uint256,uint256) (contracts/safe/safe_198_SAFE.sol#1335-1361) performs a multiplication on the result of a division:
	- _ppt = (_gen.mul(1000000000000000000)) / (round_[_rID].keys) (contracts/safe/safe_198_SAFE.sol#1351)
	- _pearn = (_ppt.mul(_keys)) / (1000000000000000000) (contracts/safe/safe_198_SAFE.sol#1356)
POOHMO.updateMasks(uint256,uint256,uint256,uint256) (contracts/safe/safe_198_SAFE.sol#1335-1361) performs a multiplication on the result of a division:
	- _ppt = (_gen.mul(1000000000000000000)) / (round_[_rID].keys) (contracts/safe/safe_198_SAFE.sol#1351)
	- (_gen.sub((_ppt.mul(round_[_rID].keys)) / (1000000000000000000))) (contracts/safe/safe_198_SAFE.sol#1360)
Reference: https://github.com/crytic/slither/wiki/Detector-Documentation#divide-before-multiply

Detector: reentrancy-no-eth
Reentrancy in POOHMO.buyXaddr(address) (contracts/safe/safe_198_SAFE.sol#277-312):
	External calls:
	- _eventData_ = determinePID(_eventData_) (contracts/safe/safe_198_SAFE.sol#285)
		- _pID = PlayerBook.getPlayerID(msg.sender) (contracts/safe/safe_198_SAFE.sol#1080)
		- _name = PlayerBook.getPlayerName(_pID) (contracts/safe/safe_198_SAFE.sol#1081)
		- _laff = PlayerBook.getPlayerLAff(_pID) (contracts/safe/safe_198_SAFE.sol#1082)
	State variables written after the call(s):
	- plyr_[_pID].laff = _affID (contracts/safe/safe_198_SAFE.sol#307)
	POOHMO.plyr_ (contracts/safe/safe_198_SAFE.sol#151) can be used in cross function reentrancies:
	- POOHMO.buyCore(uint256,uint256,POOHMODatasets.EventReturns) (contracts/safe/safe_198_SAFE.sol#810-858)
	- POOHMO.buyXaddr(address) (contracts/safe/safe_198_SAFE.sol#277-312)
	- POOHMO.buyXid(uint256) (contracts/safe/safe_198_SAFE.sol#247-275)
	- POOHMO.buyXname(bytes32) (contracts/safe/safe_198_SAFE.sol#314-350)
	- POOHMO.core(uint256,uint256,uint256,uint256,uint256,POOHMODatasets.EventReturns) (contracts/safe/safe_198_SAFE.sol#915-969)
	- POOHMO.determinePID(POOHMODatasets.EventReturns) (contracts/safe/safe_198_SAFE.sol#1071-1102)
	- POOHMO.distributeExternal(uint256,uint256,uint256,uint256,uint256,POOHMODatasets.EventReturns) (contracts/safe/safe_198_SAFE.sol#1245-1288)
	- POOHMO.endRound(POOHMODatasets.EventReturns) (contracts/safe/safe_198_SAFE.sol#1131-1193)
	- POOHMO.endTx(uint256,uint256,uint256,uint256,POOHMODatasets.EventReturns) (contracts/safe/safe_198_SAFE.sol#1389-1411)
	- POOHMO.fallback() (contracts/safe/safe_198_SAFE.sol#223-238)
	- POOHMO.getCurrentRoundInfo() (contracts/safe/safe_198_SAFE.sol#736-761)
	- POOHMO.getPlayerInfoByAddress(address) (contracts/safe/safe_198_SAFE.sol#776-800)
	- POOHMO.getPlayerVaults(uint256) (contracts/safe/safe_198_SAFE.sol#667-706)
	- POOHMO.managePlayer(uint256,POOHMODatasets.EventReturns) (contracts/safe/safe_198_SAFE.sol#1110-1126)
	- POOHMO.plyr_ (contracts/safe/safe_198_SAFE.sol#151)
	- POOHMO.reLoadCore(uint256,uint256,uint256,POOHMODatasets.EventReturns) (contracts/safe/safe_198_SAFE.sol#864-909)
	- POOHMO.reLoadXaddr(address,uint256) (contracts/safe/safe_198_SAFE.sol#390-425)
	- POOHMO.reLoadXid(uint256,uint256) (contracts/safe/safe_198_SAFE.sol#361-388)
	- POOHMO.reLoadXname(bytes32,uint256) (contracts/safe/safe_198_SAFE.sol#427-462)
	- POOHMO.receivePlayerInfo(uint256,address,bytes32,uint256) (contracts/safe/safe_198_SAFE.sol#1038-1054)
	- POOHMO.registerNameXID(string,uint256,bool) (contracts/safe/safe_198_SAFE.sol#560-574)
	- POOHMO.registerNameXaddr(string,address,bool) (contracts/safe/safe_198_SAFE.sol#576-590)
	- POOHMO.registerNameXname(string,bytes32,bool) (contracts/safe/safe_198_SAFE.sol#592-606)
	- POOHMO.updateGenVault(uint256,uint256) (contracts/safe/safe_198_SAFE.sol#1205-1216)
	- POOHMO.withdraw() (contracts/safe/safe_198_SAFE.sol#468-534)
	- POOHMO.withdrawEarnings(uint256) (contracts/safe/safe_198_SAFE.sol#1367-1384)
Reentrancy in POOHMO.buyXid(uint256) (contracts/safe/safe_198_SAFE.sol#247-275):
	External calls:
	- _eventData_ = determinePID(_eventData_) (contracts/safe/safe_198_SAFE.sol#255)
		- _pID = PlayerBook.getPlayerID(msg.sender) (contracts/safe/safe_198_SAFE.sol#1080)
		- _name = PlayerBook.getPlayerName(_pID) (contracts/safe/safe_198_SAFE.sol#1081)
		- _laff = PlayerBook.getPlayerLAff(_pID) (contracts/safe/safe_198_SAFE.sol#1082)
	State variables written after the call(s):
	- plyr_[_pID].laff = _affCode (contracts/safe/safe_198_SAFE.sol#270)
	POOHMO.plyr_ (contracts/safe/safe_198_SAFE.sol#151) can be used in cross function reentrancies:
	- POOHMO.buyCore(uint256,uint256,POOHMODatasets.EventReturns) (contracts/safe/safe_198_SAFE.sol#810-858)
	- POOHMO.buyXaddr(address) (contracts/safe/safe_198_SAFE.sol#277-312)
	- POOHMO.buyXid(uint256) (contracts/safe/safe_198_SAFE.sol#247-275)
	- POOHMO.buyXname(bytes32) (contracts/safe/safe_198_SAFE.sol#314-350)
	- POOHMO.core(uint256,uint256,uint256,uint256,uint256,POOHMODatasets.EventReturns) (contracts/safe/safe_198_SAFE.sol#915-969)
	- POOHMO.determinePID(POOHMODatasets.EventReturns) (contracts/safe/safe_198_SAFE.sol#1071-1102)
	- POOHMO.distributeExternal(uint256,uint256,uint256,uint256,uint256,POOHMODatasets.EventReturns) (contracts/safe/safe_198_SAFE.sol#1245-1288)
	- POOHMO.endRound(POOHMODatasets.EventReturns) (contracts/safe/safe_198_SAFE.sol#1131-1193)
	- POOHMO.endTx(uint256,uint256,uint256,uint256,POOHMODatasets.EventReturns) (contracts/safe/safe_198_SAFE.sol#1389-1411)
	- POOHMO.fallback() (contracts/safe/safe_198_SAFE.sol#223-238)
	- POOHMO.getCurrentRoundInfo() (contracts/safe/safe_198_SAFE.sol#736-761)
	- POOHMO.getPlayerInfoByAddress(address) (contracts/safe/safe_198_SAFE.sol#776-800)
	- POOHMO.getPlayerVaults(uint256) (contracts/safe/safe_198_SAFE.sol#667-706)
	- POOHMO.managePlayer(uint256,POOHMODatasets.EventReturns) (contracts/safe/safe_198_SAFE.sol#1110-1126)
	- POOHMO.plyr_ (contracts/safe/safe_198_SAFE.sol#151)
	- POOHMO.reLoadCore(uint256,uint256,uint256,POOHMODatasets.EventReturns) (contracts/safe/safe_198_SAFE.sol#864-909)
	- POOHMO.reLoadXaddr(address,uint256) (contracts/safe/safe_198_SAFE.sol#390-425)
	- POOHMO.reLoadXid(uint256,uint256) (contracts/safe/safe_198_SAFE.sol#361-388)
	- POOHMO.reLoadXname(bytes32,uint256) (contracts/safe/safe_198_SAFE.sol#427-462)
	- POOHMO.receivePlayerInfo(uint256,address,bytes32,uint256) (contracts/safe/safe_198_SAFE.sol#1038-1054)
	- POOHMO.registerNameXID(string,uint256,bool) (contracts/safe/safe_198_SAFE.sol#560-574)
	- POOHMO.registerNameXaddr(string,address,bool) (contracts/safe/safe_198_SAFE.sol#576-590)
	- POOHMO.registerNameXname(string,bytes32,bool) (contracts/safe/safe_198_SAFE.sol#592-606)
	- POOHMO.updateGenVault(uint256,uint256) (contracts/safe/safe_198_SAFE.sol#1205-1216)
	- POOHMO.withdraw() (contracts/safe/safe_198_SAFE.sol#468-534)
	- POOHMO.withdrawEarnings(uint256) (contracts/safe/safe_198_SAFE.sol#1367-1384)
Reentrancy in POOHMO.buyXname(bytes32) (contracts/safe/safe_198_SAFE.sol#314-350):
	External calls:
	- _eventData_ = determinePID(_eventData_) (contracts/safe/safe_198_SAFE.sol#322)
		- _pID = PlayerBook.getPlayerID(msg.sender) (contracts/safe/safe_198_SAFE.sol#1080)
		- _name = PlayerBook.getPlayerName(_pID) (contracts/safe/safe_198_SAFE.sol#1081)
		- _laff = PlayerBook.getPlayerLAff(_pID) (contracts/safe/safe_198_SAFE.sol#1082)
	State variables written after the call(s):
	- plyr_[_pID].laff = _affID (contracts/safe/safe_198_SAFE.sol#344)
	POOHMO.plyr_ (contracts/safe/safe_198_SAFE.sol#151) can be used in cross function reentrancies:
	- POOHMO.buyCore(uint256,uint256,POOHMODatasets.EventReturns) (contracts/safe/safe_198_SAFE.sol#810-858)
	- POOHMO.buyXaddr(address) (contracts/safe/safe_198_SAFE.sol#277-312)
	- POOHMO.buyXid(uint256) (contracts/safe/safe_198_SAFE.sol#247-275)
	- POOHMO.buyXname(bytes32) (contracts/safe/safe_198_SAFE.sol#314-350)
	- POOHMO.core(uint256,uint256,uint256,uint256,uint256,POOHMODatasets.EventReturns) (contracts/safe/safe_198_SAFE.sol#915-969)
	- POOHMO.determinePID(POOHMODatasets.EventReturns) (contracts/safe/safe_198_SAFE.sol#1071-1102)
	- POOHMO.distributeExternal(uint256,uint256,uint256,uint256,uint256,POOHMODatasets.EventReturns) (contracts/safe/safe_198_SAFE.sol#1245-1288)
	- POOHMO.endRound(POOHMODatasets.EventReturns) (contracts/safe/safe_198_SAFE.sol#1131-1193)
	- POOHMO.endTx(uint256,uint256,uint256,uint256,POOHMODatasets.EventReturns) (contracts/safe/safe_198_SAFE.sol#1389-1411)
	- POOHMO.fallback() (contracts/safe/safe_198_SAFE.sol#223-238)
	- POOHMO.getCurrentRoundInfo() (contracts/safe/safe_198_SAFE.sol#736-761)
	- POOHMO.getPlayerInfoByAddress(address) (contracts/safe/safe_198_SAFE.sol#776-800)
	- POOHMO.getPlayerVaults(uint256) (contracts/safe/safe_198_SAFE.sol#667-706)
	- POOHMO.managePlayer(uint256,POOHMODatasets.EventReturns) (contracts/safe/safe_198_SAFE.sol#1110-1126)
	- POOHMO.plyr_ (contracts/safe/safe_198_SAFE.sol#151)
	- POOHMO.reLoadCore(uint256,uint256,uint256,POOHMODatasets.EventReturns) (contracts/safe/safe_198_SAFE.sol#864-909)
	- POOHMO.reLoadXaddr(address,uint256) (contracts/safe/safe_198_SAFE.sol#390-425)
	- POOHMO.reLoadXid(uint256,uint256) (contracts/safe/safe_198_SAFE.sol#361-388)
	- POOHMO.reLoadXname(bytes32,uint256) (contracts/safe/safe_198_SAFE.sol#427-462)
	- POOHMO.receivePlayerInfo(uint256,address,bytes32,uint256) (contracts/safe/safe_198_SAFE.sol#1038-1054)
	- POOHMO.registerNameXID(string,uint256,bool) (contracts/safe/safe_198_SAFE.sol#560-574)
	- POOHMO.registerNameXaddr(string,address,bool) (contracts/safe/safe_198_SAFE.sol#576-590)
	- POOHMO.registerNameXname(string,bytes32,bool) (contracts/safe/safe_198_SAFE.sol#592-606)
	- POOHMO.updateGenVault(uint256,uint256) (contracts/safe/safe_198_SAFE.sol#1205-1216)
	- POOHMO.withdraw() (contracts/safe/safe_198_SAFE.sol#468-534)
	- POOHMO.withdrawEarnings(uint256) (contracts/safe/safe_198_SAFE.sol#1367-1384)
Reentrancy in POOHMO.determinePID(POOHMODatasets.EventReturns) (contracts/safe/safe_198_SAFE.sol#1071-1102):
	External calls:
	- _pID = PlayerBook.getPlayerID(msg.sender) (contracts/safe/safe_198_SAFE.sol#1080)
	- _name = PlayerBook.getPlayerName(_pID) (contracts/safe/safe_198_SAFE.sol#1081)
	- _laff = PlayerBook.getPlayerLAff(_pID) (contracts/safe/safe_198_SAFE.sol#1082)
	State variables written after the call(s):
	- pIDxAddr_[msg.sender] = _pID (contracts/safe/safe_198_SAFE.sol#1085)
	POOHMO.pIDxAddr_ (contracts/safe/safe_198_SAFE.sol#149) can be used in cross function reentrancies:
	- POOHMO.buyXaddr(address) (contracts/safe/safe_198_SAFE.sol#277-312)
	- POOHMO.buyXid(uint256) (contracts/safe/safe_198_SAFE.sol#247-275)
	- POOHMO.buyXname(bytes32) (contracts/safe/safe_198_SAFE.sol#314-350)
	- POOHMO.determinePID(POOHMODatasets.EventReturns) (contracts/safe/safe_198_SAFE.sol#1071-1102)
	- POOHMO.fallback() (contracts/safe/safe_198_SAFE.sol#223-238)
	- POOHMO.getPlayerInfoByAddress(address) (contracts/safe/safe_198_SAFE.sol#776-800)
	- POOHMO.pIDxAddr_ (contracts/safe/safe_198_SAFE.sol#149)
	- POOHMO.reLoadXaddr(address,uint256) (contracts/safe/safe_198_SAFE.sol#390-425)
	- POOHMO.reLoadXid(uint256,uint256) (contracts/safe/safe_198_SAFE.sol#361-388)
	- POOHMO.reLoadXname(bytes32,uint256) (contracts/safe/safe_198_SAFE.sol#427-462)
	- POOHMO.receivePlayerInfo(uint256,address,bytes32,uint256) (contracts/safe/safe_198_SAFE.sol#1038-1054)
	- POOHMO.registerNameXID(string,uint256,bool) (contracts/safe/safe_198_SAFE.sol#560-574)
	- POOHMO.registerNameXaddr(string,address,bool) (contracts/safe/safe_198_SAFE.sol#576-590)
	- POOHMO.registerNameXname(string,bytes32,bool) (contracts/safe/safe_198_SAFE.sol#592-606)
	- POOHMO.withdraw() (contracts/safe/safe_198_SAFE.sol#468-534)
Reference: https://github.com/crytic/slither/wiki/Detector-Documentation#reentrancy-vulnerabilities-2

Detector: unchecked-lowlevel
POOHMO.endRound(POOHMODatasets.EventReturns) (contracts/safe/safe_198_SAFE.sol#1131-1193) ignores return value by flushDivs.call.value(_POOH)(bytes4(keccak256()(donate()))) (contracts/safe/safe_198_SAFE.sol#1169)
POOHMO.distributeExternal(uint256,uint256,uint256,uint256,uint256,POOHMODatasets.EventReturns) (contracts/safe/safe_198_SAFE.sol#1245-1288) ignores return value by flushDivs.call.value(_POOH)(bytes4(keccak256()(donate()))) (contracts/safe/safe_198_SAFE.sol#1279)
Reference: https://github.com/crytic/slither/wiki/Detector-Documentation#unchecked-low-level-calls

Detector: uninitialized-local
POOHMO.withdraw()._eventData_ (contracts/safe/safe_198_SAFE.sol#489) is a local variable never initialized
POOHMO.reLoadXid(uint256,uint256)._eventData_ (contracts/safe/safe_198_SAFE.sol#368) is a local variable never initialized
POOHMO.reLoadXaddr(address,uint256)._eventData_ (contracts/safe/safe_198_SAFE.sol#397) is a local variable never initialized
POOHMO.reLoadXname(bytes32,uint256)._eventData_ (contracts/safe/safe_198_SAFE.sol#434) is a local variable never initialized
Reference: https://github.com/crytic/slither/wiki/Detector-Documentation#uninitialized-local-variables

Detector: missing-zero-check
POOHMO.constructor(address,address).whaleContract (contracts/safe/safe_198_SAFE.sol#168) lacks a zero-check on :
		- flushDivs = whaleContract (contracts/safe/safe_198_SAFE.sol#171)
Reference: https://github.com/crytic/slither/wiki/Detector-Documentation#missing-zero-address-validation

Detector: reentrancy-benign
Reentrancy in POOHMO.determinePID(POOHMODatasets.EventReturns) (contracts/safe/safe_198_SAFE.sol#1071-1102):
	External calls:
	- _pID = PlayerBook.getPlayerID(msg.sender) (contracts/safe/safe_198_SAFE.sol#1080)
	- _name = PlayerBook.getPlayerName(_pID) (contracts/safe/safe_198_SAFE.sol#1081)
	- _laff = PlayerBook.getPlayerLAff(_pID) (contracts/safe/safe_198_SAFE.sol#1082)
	State variables written after the call(s):
	- pIDxName_[_name] = _pID (contracts/safe/safe_198_SAFE.sol#1090)
	- plyrNames_[_pID][_name] = true (contracts/safe/safe_198_SAFE.sol#1092)
	- plyr_[_pID].addr = msg.sender (contracts/safe/safe_198_SAFE.sol#1086)
	- plyr_[_pID].name = _name (contracts/safe/safe_198_SAFE.sol#1091)
	- plyr_[_pID].laff = _laff (contracts/safe/safe_198_SAFE.sol#1096)
Reentrancy in POOHMO.distributeExternal(uint256,uint256,uint256,uint256,uint256,POOHMODatasets.EventReturns) (contracts/safe/safe_198_SAFE.sol#1245-1288):
	External calls:
	- ! address(admin).call.value(_dev)() (contracts/safe/safe_198_SAFE.sol#1253)
	State variables written after the call(s):
	- plyr_[_affID].aff = _aff.add(plyr_[_affID].aff) (contracts/safe/safe_198_SAFE.sol#1266)
Reentrancy in POOHMO.endRound(POOHMODatasets.EventReturns) (contracts/safe/safe_198_SAFE.sol#1131-1193):
	External calls:
	- flushDivs.call.value(_POOH)(bytes4(keccak256()(donate()))) (contracts/safe/safe_198_SAFE.sol#1169)
	External calls sending eth:
	- admin.transfer(_dev) (contracts/safe/safe_198_SAFE.sol#1167)
	- flushDivs.call.value(_POOH)(bytes4(keccak256()(donate()))) (contracts/safe/safe_198_SAFE.sol#1169)
	State variables written after the call(s):
	- rndMax_ = timerLengths[determineNextRoundLength()] (contracts/safe/safe_198_SAFE.sol#1188)
Reentrancy in POOHMO.withdraw() (contracts/safe/safe_198_SAFE.sol#468-534):
	External calls:
	- _eventData_ = endRound(_eventData_) (contracts/safe/safe_198_SAFE.sol#493)
		- flushDivs.call.value(_POOH)(bytes4(keccak256()(donate()))) (contracts/safe/safe_198_SAFE.sol#1169)
	External calls sending eth:
	- _eventData_ = endRound(_eventData_) (contracts/safe/safe_198_SAFE.sol#493)
		- admin.transfer(_dev) (contracts/safe/safe_198_SAFE.sol#1167)
		- flushDivs.call.value(_POOH)(bytes4(keccak256()(donate()))) (contracts/safe/safe_198_SAFE.sol#1169)
	State variables written after the call(s):
	- _eth = withdrawEarnings(_pID) (contracts/safe/safe_198_SAFE.sol#496)
		- plyrRnds_[_pID][_rIDlast].mask = _earnings.add(plyrRnds_[_pID][_rIDlast].mask) (contracts/safe/safe_198_SAFE.sol#1214)
Reference: https://github.com/crytic/slither/wiki/Detector-Documentation#reentrancy-vulnerabilities-3

Detector: reentrancy-events
Reentrancy in POOHMO.buyCore(uint256,uint256,POOHMODatasets.EventReturns) (contracts/safe/safe_198_SAFE.sol#810-858):
	External calls:
	- _eventData_ = endRound(_eventData_) (contracts/safe/safe_198_SAFE.sol#832)
		- flushDivs.call.value(_POOH)(bytes4(keccak256()(donate()))) (contracts/safe/safe_198_SAFE.sol#1169)
	External calls sending eth:
	- _eventData_ = endRound(_eventData_) (contracts/safe/safe_198_SAFE.sol#832)
		- admin.transfer(_dev) (contracts/safe/safe_198_SAFE.sol#1167)
		- flushDivs.call.value(_POOH)(bytes4(keccak256()(donate()))) (contracts/safe/safe_198_SAFE.sol#1169)
	Event emitted after the call(s):
	- POOHMOevents.onBuyAndDistribute(msg.sender,plyr_[_pID].name,msg.value,_eventData_.compressedData,_eventData_.compressedIDs,_eventData_.winnerAddr,_eventData_.winnerName,_eventData_.amountWon,_eventData_.newPot,_eventData_.POOHAmount,_eventData_.genAmount) (contracts/safe/safe_198_SAFE.sol#839-852)
Reentrancy in POOHMO.buyXaddr(address) (contracts/safe/safe_198_SAFE.sol#277-312):
	External calls:
	- _eventData_ = determinePID(_eventData_) (contracts/safe/safe_198_SAFE.sol#285)
		- _pID = PlayerBook.getPlayerID(msg.sender) (contracts/safe/safe_198_SAFE.sol#1080)
		- _name = PlayerBook.getPlayerName(_pID) (contracts/safe/safe_198_SAFE.sol#1081)
		- _laff = PlayerBook.getPlayerLAff(_pID) (contracts/safe/safe_198_SAFE.sol#1082)
	- buyCore(_pID,_affID,_eventData_) (contracts/safe/safe_198_SAFE.sol#311)
		- ! address(admin).call.value(_dev)() (contracts/safe/safe_198_SAFE.sol#1253)
		- flushDivs.call.value(_POOH)(bytes4(keccak256()(donate()))) (contracts/safe/safe_198_SAFE.sol#1279)
		- flushDivs.call.value(_POOH)(bytes4(keccak256()(donate()))) (contracts/safe/safe_198_SAFE.sol#1169)
	External calls sending eth:
	- buyCore(_pID,_affID,_eventData_) (contracts/safe/safe_198_SAFE.sol#311)
		- ! address(admin).call.value(_dev)() (contracts/safe/safe_198_SAFE.sol#1253)
		- flushDivs.call.value(_POOH)(bytes4(keccak256()(donate()))) (contracts/safe/safe_198_SAFE.sol#1279)
		- admin.transfer(_dev) (contracts/safe/safe_198_SAFE.sol#1167)
		- flushDivs.call.value(_POOH)(bytes4(keccak256()(donate()))) (contracts/safe/safe_198_SAFE.sol#1169)
	Event emitted after the call(s):
	- POOHMOevents.onAffiliatePayout(_affID,plyr_[_affID].addr,plyr_[_affID].name,_rID,_pID,_aff,now) (contracts/safe/safe_198_SAFE.sol#1267)
		- buyCore(_pID,_affID,_eventData_) (contracts/safe/safe_198_SAFE.sol#311)
	- POOHMOevents.onBuyAndDistribute(msg.sender,plyr_[_pID].name,msg.value,_eventData_.compressedData,_eventData_.compressedIDs,_eventData_.winnerAddr,_eventData_.winnerName,_eventData_.amountWon,_eventData_.newPot,_eventData_.POOHAmount,_eventData_.genAmount) (contracts/safe/safe_198_SAFE.sol#839-852)
		- buyCore(_pID,_affID,_eventData_) (contracts/safe/safe_198_SAFE.sol#311)
	- POOHMOevents.onEndTx(_eventData_.compressedData,_eventData_.compressedIDs,plyr_[_pID].name,msg.sender,_eth,_keys,_eventData_.winnerAddr,_eventData_.winnerName,_eventData_.amountWon,_eventData_.newPot,_eventData_.POOHAmount,_eventData_.genAmount,_eventData_.potAmount) (contracts/safe/safe_198_SAFE.sol#1395-1410)
		- buyCore(_pID,_affID,_eventData_) (contracts/safe/safe_198_SAFE.sol#311)
Reentrancy in POOHMO.buyXid(uint256) (contracts/safe/safe_198_SAFE.sol#247-275):
	External calls:
	- _eventData_ = determinePID(_eventData_) (contracts/safe/safe_198_SAFE.sol#255)
		- _pID = PlayerBook.getPlayerID(msg.sender) (contracts/safe/safe_198_SAFE.sol#1080)
		- _name = PlayerBook.getPlayerName(_pID) (contracts/safe/safe_198_SAFE.sol#1081)
		- _laff = PlayerBook.getPlayerLAff(_pID) (contracts/safe/safe_198_SAFE.sol#1082)
	- buyCore(_pID,_affCode,_eventData_) (contracts/safe/safe_198_SAFE.sol#274)
		- ! address(admin).call.value(_dev)() (contracts/safe/safe_198_SAFE.sol#1253)
		- flushDivs.call.value(_POOH)(bytes4(keccak256()(donate()))) (contracts/safe/safe_198_SAFE.sol#1279)
		- flushDivs.call.value(_POOH)(bytes4(keccak256()(donate()))) (contracts/safe/safe_198_SAFE.sol#1169)
	External calls sending eth:
	- buyCore(_pID,_affCode,_eventData_) (contracts/safe/safe_198_SAFE.sol#274)
		- ! address(admin).call.value(_dev)() (contracts/safe/safe_198_SAFE.sol#1253)
		- flushDivs.call.value(_POOH)(bytes4(keccak256()(donate()))) (contracts/safe/safe_198_SAFE.sol#1279)
		- admin.transfer(_dev) (contracts/safe/safe_198_SAFE.sol#1167)
		- flushDivs.call.value(_POOH)(bytes4(keccak256()(donate()))) (contracts/safe/safe_198_SAFE.sol#1169)
	Event emitted after the call(s):
	- POOHMOevents.onAffiliatePayout(_affID,plyr_[_affID].addr,plyr_[_affID].name,_rID,_pID,_aff,now) (contracts/safe/safe_198_SAFE.sol#1267)
		- buyCore(_pID,_affCode,_eventData_) (contracts/safe/safe_198_SAFE.sol#274)
	- POOHMOevents.onBuyAndDistribute(msg.sender,plyr_[_pID].name,msg.value,_eventData_.compressedData,_eventData_.compressedIDs,_eventData_.winnerAddr,_eventData_.winnerName,_eventData_.amountWon,_eventData_.newPot,_eventData_.POOHAmount,_eventData_.genAmount) (contracts/safe/safe_198_SAFE.sol#839-852)
		- buyCore(_pID,_affCode,_eventData_) (contracts/safe/safe_198_SAFE.sol#274)
	- POOHMOevents.onEndTx(_eventData_.compressedData,_eventData_.compressedIDs,plyr_[_pID].name,msg.sender,_eth,_keys,_eventData_.winnerAddr,_eventData_.winnerName,_eventData_.amountWon,_eventData_.newPot,_eventData_.POOHAmount,_eventData_.genAmount,_eventData_.potAmount) (contracts/safe/safe_198_SAFE.sol#1395-1410)
		- buyCore(_pID,_affCode,_eventData_) (contracts/safe/safe_198_SAFE.sol#274)
Reentrancy in POOHMO.buyXname(bytes32) (contracts/safe/safe_198_SAFE.sol#314-350):
	External calls:
	- _eventData_ = determinePID(_eventData_) (contracts/safe/safe_198_SAFE.sol#322)
		- _pID = PlayerBook.getPlayerID(msg.sender) (contracts/safe/safe_198_SAFE.sol#1080)
		- _name = PlayerBook.getPlayerName(_pID) (contracts/safe/safe_198_SAFE.sol#1081)
		- _laff = PlayerBook.getPlayerLAff(_pID) (contracts/safe/safe_198_SAFE.sol#1082)
	- buyCore(_pID,_affID,_eventData_) (contracts/safe/safe_198_SAFE.sol#349)
		- ! address(admin).call.value(_dev)() (contracts/safe/safe_198_SAFE.sol#1253)
		- flushDivs.call.value(_POOH)(bytes4(keccak256()(donate()))) (contracts/safe/safe_198_SAFE.sol#1279)
		- flushDivs.call.value(_POOH)(bytes4(keccak256()(donate()))) (contracts/safe/safe_198_SAFE.sol#1169)
	External calls sending eth:
	- buyCore(_pID,_affID,_eventData_) (contracts/safe/safe_198_SAFE.sol#349)
		- ! address(admin).call.value(_dev)() (contracts/safe/safe_198_SAFE.sol#1253)
		- flushDivs.call.value(_POOH)(bytes4(keccak256()(donate()))) (contracts/safe/safe_198_SAFE.sol#1279)
		- admin.transfer(_dev) (contracts/safe/safe_198_SAFE.sol#1167)
		- flushDivs.call.value(_POOH)(bytes4(keccak256()(donate()))) (contracts/safe/safe_198_SAFE.sol#1169)
	Event emitted after the call(s):
	- POOHMOevents.onAffiliatePayout(_affID,plyr_[_affID].addr,plyr_[_affID].name,_rID,_pID,_aff,now) (contracts/safe/safe_198_SAFE.sol#1267)
		- buyCore(_pID,_affID,_eventData_) (contracts/safe/safe_198_SAFE.sol#349)
	- POOHMOevents.onBuyAndDistribute(msg.sender,plyr_[_pID].name,msg.value,_eventData_.compressedData,_eventData_.compressedIDs,_eventData_.winnerAddr,_eventData_.winnerName,_eventData_.amountWon,_eventData_.newPot,_eventData_.POOHAmount,_eventData_.genAmount) (contracts/safe/safe_198_SAFE.sol#839-852)
		- buyCore(_pID,_affID,_eventData_) (contracts/safe/safe_198_SAFE.sol#349)
	- POOHMOevents.onEndTx(_eventData_.compressedData,_eventData_.compressedIDs,plyr_[_pID].name,msg.sender,_eth,_keys,_eventData_.winnerAddr,_eventData_.winnerName,_eventData_.amountWon,_eventData_.newPot,_eventData_.POOHAmount,_eventData_.genAmount,_eventData_.potAmount) (contracts/safe/safe_198_SAFE.sol#1395-1410)
		- buyCore(_pID,_affID,_eventData_) (contracts/safe/safe_198_SAFE.sol#349)
Reentrancy in POOHMO.core(uint256,uint256,uint256,uint256,uint256,POOHMODatasets.EventReturns) (contracts/safe/safe_198_SAFE.sol#915-969):
	External calls:
	- _eventData_ = distributeExternal(_rID,_pID,_eth,_affID,0,_eventData_) (contracts/safe/safe_198_SAFE.sol#963)
		- ! address(admin).call.value(_dev)() (contracts/safe/safe_198_SAFE.sol#1253)
		- flushDivs.call.value(_POOH)(bytes4(keccak256()(donate()))) (contracts/safe/safe_198_SAFE.sol#1279)
	Event emitted after the call(s):
	- POOHMOevents.onEndTx(_eventData_.compressedData,_eventData_.compressedIDs,plyr_[_pID].name,msg.sender,_eth,_keys,_eventData_.winnerAddr,_eventData_.winnerName,_eventData_.amountWon,_eventData_.newPot,_eventData_.POOHAmount,_eventData_.genAmount,_eventData_.potAmount) (contracts/safe/safe_198_SAFE.sol#1395-1410)
		- endTx(_pID,0,_eth,_keys,_eventData_) (contracts/safe/safe_198_SAFE.sol#967)
Reentrancy in POOHMO.distributeExternal(uint256,uint256,uint256,uint256,uint256,POOHMODatasets.EventReturns) (contracts/safe/safe_198_SAFE.sol#1245-1288):
	External calls:
	- ! address(admin).call.value(_dev)() (contracts/safe/safe_198_SAFE.sol#1253)
	Event emitted after the call(s):
	- POOHMOevents.onAffiliatePayout(_affID,plyr_[_affID].addr,plyr_[_affID].name,_rID,_pID,_aff,now) (contracts/safe/safe_198_SAFE.sol#1267)
Reentrancy in POOHMO.fallback() (contracts/safe/safe_198_SAFE.sol#223-238):
	External calls:
	- _eventData_ = determinePID(_eventData_) (contracts/safe/safe_198_SAFE.sol#231)
		- _pID = PlayerBook.getPlayerID(msg.sender) (contracts/safe/safe_198_SAFE.sol#1080)
		- _name = PlayerBook.getPlayerName(_pID) (contracts/safe/safe_198_SAFE.sol#1081)
		- _laff = PlayerBook.getPlayerLAff(_pID) (contracts/safe/safe_198_SAFE.sol#1082)
	- buyCore(_pID,plyr_[_pID].laff,_eventData_) (contracts/safe/safe_198_SAFE.sol#237)
		- ! address(admin).call.value(_dev)() (contracts/safe/safe_198_SAFE.sol#1253)
		- flushDivs.call.value(_POOH)(bytes4(keccak256()(donate()))) (contracts/safe/safe_198_SAFE.sol#1279)
		- flushDivs.call.value(_POOH)(bytes4(keccak256()(donate()))) (contracts/safe/safe_198_SAFE.sol#1169)
	External calls sending eth:
	- buyCore(_pID,plyr_[_pID].laff,_eventData_) (contracts/safe/safe_198_SAFE.sol#237)
		- ! address(admin).call.value(_dev)() (contracts/safe/safe_198_SAFE.sol#1253)
		- flushDivs.call.value(_POOH)(bytes4(keccak256()(donate()))) (contracts/safe/safe_198_SAFE.sol#1279)
		- admin.transfer(_dev) (contracts/safe/safe_198_SAFE.sol#1167)
		- flushDivs.call.value(_POOH)(bytes4(keccak256()(donate()))) (contracts/safe/safe_198_SAFE.sol#1169)
	Event emitted after the call(s):
	- POOHMOevents.onAffiliatePayout(_affID,plyr_[_affID].addr,plyr_[_affID].name,_rID,_pID,_aff,now) (contracts/safe/safe_198_SAFE.sol#1267)
		- buyCore(_pID,plyr_[_pID].laff,_eventData_) (contracts/safe/safe_198_SAFE.sol#237)
	- POOHMOevents.onBuyAndDistribute(msg.sender,plyr_[_pID].name,msg.value,_eventData_.compressedData,_eventData_.compressedIDs,_eventData_.winnerAddr,_eventData_.winnerName,_eventData_.amountWon,_eventData_.newPot,_eventData_.POOHAmount,_eventData_.genAmount) (contracts/safe/safe_198_SAFE.sol#839-852)
		- buyCore(_pID,plyr_[_pID].laff,_eventData_) (contracts/safe/safe_198_SAFE.sol#237)
	- POOHMOevents.onEndTx(_eventData_.compressedData,_eventData_.compressedIDs,plyr_[_pID].name,msg.sender,_eth,_keys,_eventData_.winnerAddr,_eventData_.winnerName,_eventData_.amountWon,_eventData_.newPot,_eventData_.POOHAmount,_eventData_.genAmount,_eventData_.potAmount) (contracts/safe/safe_198_SAFE.sol#1395-1410)
		- buyCore(_pID,plyr_[_pID].laff,_eventData_) (contracts/safe/safe_198_SAFE.sol#237)
Reentrancy in POOHMO.reLoadCore(uint256,uint256,uint256,POOHMODatasets.EventReturns) (contracts/safe/safe_198_SAFE.sol#864-909):
	External calls:
	- _eventData_ = endRound(_eventData_) (contracts/safe/safe_198_SAFE.sol#888)
		- flushDivs.call.value(_POOH)(bytes4(keccak256()(donate()))) (contracts/safe/safe_198_SAFE.sol#1169)
	External calls sending eth:
	- _eventData_ = endRound(_eventData_) (contracts/safe/safe_198_SAFE.sol#888)
		- admin.transfer(_dev) (contracts/safe/safe_198_SAFE.sol#1167)
		- flushDivs.call.value(_POOH)(bytes4(keccak256()(donate()))) (contracts/safe/safe_198_SAFE.sol#1169)
	Event emitted after the call(s):
	- POOHMOevents.onReLoadAndDistribute(msg.sender,plyr_[_pID].name,_eventData_.compressedData,_eventData_.compressedIDs,_eventData_.winnerAddr,_eventData_.winnerName,_eventData_.amountWon,_eventData_.newPot,_eventData_.POOHAmount,_eventData_.genAmount) (contracts/safe/safe_198_SAFE.sol#895-907)
Reentrancy in POOHMO.registerNameXID(string,uint256,bool) (contracts/safe/safe_198_SAFE.sol#560-574):
	External calls:
	- (_isNewPlayer,_affID) = PlayerBook.registerNameXIDFromDapp.value(_paid)(_addr,_name,_affCode,_all) (contracts/safe/safe_198_SAFE.sol#568)
	Event emitted after the call(s):
	- POOHMOevents.onNewName(_pID,_addr,_name,_isNewPlayer,_affID,plyr_[_affID].addr,plyr_[_affID].name,_paid,now) (contracts/safe/safe_198_SAFE.sol#573)
Reentrancy in POOHMO.registerNameXaddr(string,address,bool) (contracts/safe/safe_198_SAFE.sol#576-590):
	External calls:
	- (_isNewPlayer,_affID) = PlayerBook.registerNameXaddrFromDapp.value(msg.value)(msg.sender,_name,_affCode,_all) (contracts/safe/safe_198_SAFE.sol#584)
	Event emitted after the call(s):
	- POOHMOevents.onNewName(_pID,_addr,_name,_isNewPlayer,_affID,plyr_[_affID].addr,plyr_[_affID].name,_paid,now) (contracts/safe/safe_198_SAFE.sol#589)
Reentrancy in POOHMO.registerNameXname(string,bytes32,bool) (contracts/safe/safe_198_SAFE.sol#592-606):
	External calls:
	- (_isNewPlayer,_affID) = PlayerBook.registerNameXnameFromDapp.value(msg.value)(msg.sender,_name,_affCode,_all) (contracts/safe/safe_198_SAFE.sol#600)
	Event emitted after the call(s):
	- POOHMOevents.onNewName(_pID,_addr,_name,_isNewPlayer,_affID,plyr_[_affID].addr,plyr_[_affID].name,_paid,now) (contracts/safe/safe_198_SAFE.sol#605)
Reentrancy in POOHMO.withdraw() (contracts/safe/safe_198_SAFE.sol#468-534):
	External calls:
	- _eventData_ = endRound(_eventData_) (contracts/safe/safe_198_SAFE.sol#493)
		- flushDivs.call.value(_POOH)(bytes4(keccak256()(donate()))) (contracts/safe/safe_198_SAFE.sol#1169)
	External calls sending eth:
	- _eventData_ = endRound(_eventData_) (contracts/safe/safe_198_SAFE.sol#493)
		- admin.transfer(_dev) (contracts/safe/safe_198_SAFE.sol#1167)
		- flushDivs.call.value(_POOH)(bytes4(keccak256()(donate()))) (contracts/safe/safe_198_SAFE.sol#1169)
	- plyr_[_pID].addr.transfer(_eth) (contracts/safe/safe_198_SAFE.sol#500)
	Event emitted after the call(s):
	- POOHMOevents.onWithdrawAndDistribute(msg.sender,plyr_[_pID].name,_eth,_eventData_.compressedData,_eventData_.compressedIDs,_eventData_.winnerAddr,_eventData_.winnerName,_eventData_.amountWon,_eventData_.newPot,_eventData_.POOHAmount,_eventData_.genAmount) (contracts/safe/safe_198_SAFE.sol#507-520)
Reference: https://github.com/crytic/slither/wiki/Detector-Documentation#reentrancy-vulnerabilities-4

Detector: timestamp
POOHMO.withdraw() (contracts/safe/safe_198_SAFE.sol#468-534) uses timestamp for comparisons
	Dangerous comparisons:
	- _now > round_[_rID].end && round_[_rID].ended == false && round_[_rID].plyr != 0 (contracts/safe/safe_198_SAFE.sol#486)
POOHMO.getBuyPrice() (contracts/safe/safe_198_SAFE.sol#616-632) uses timestamp for comparisons
	Dangerous comparisons:
	- _now > round_[_rID].strt + rndGap_ && (_now <= round_[_rID].end || (_now > round_[_rID].end && round_[_rID].plyr == 0)) (contracts/safe/safe_198_SAFE.sol#628)
POOHMO.getTimeLeft() (contracts/safe/safe_198_SAFE.sol#640-658) uses timestamp for comparisons
	Dangerous comparisons:
	- _now < round_[_rID].end (contracts/safe/safe_198_SAFE.sol#651)
	- _now > round_[_rID].strt + rndGap_ (contracts/safe/safe_198_SAFE.sol#652)
POOHMO.getPlayerVaults(uint256) (contracts/safe/safe_198_SAFE.sol#667-706) uses timestamp for comparisons
	Dangerous comparisons:
	- now > round_[_rID].end && round_[_rID].ended == false && round_[_rID].plyr != 0 (contracts/safe/safe_198_SAFE.sol#676)
POOHMO.buyCore(uint256,uint256,POOHMODatasets.EventReturns) (contracts/safe/safe_198_SAFE.sol#810-858) uses timestamp for comparisons
	Dangerous comparisons:
	- _now > round_[_rID].strt + rndGap_ && (_now <= round_[_rID].end || (_now > round_[_rID].end && round_[_rID].plyr == 0)) (contracts/safe/safe_198_SAFE.sol#820)
	- _now > round_[_rID].end && round_[_rID].ended == false (contracts/safe/safe_198_SAFE.sol#828)
POOHMO.reLoadCore(uint256,uint256,uint256,POOHMODatasets.EventReturns) (contracts/safe/safe_198_SAFE.sol#864-909) uses timestamp for comparisons
	Dangerous comparisons:
	- _now > round_[_rID].strt + rndGap_ && (_now <= round_[_rID].end || (_now > round_[_rID].end && round_[_rID].plyr == 0)) (contracts/safe/safe_198_SAFE.sol#874)
	- _now > round_[_rID].end && round_[_rID].ended == false (contracts/safe/safe_198_SAFE.sol#885)
POOHMO.calcKeysReceived(uint256,uint256) (contracts/safe/safe_198_SAFE.sol#993-1006) uses timestamp for comparisons
	Dangerous comparisons:
	- _now > round_[_rID].strt + rndGap_ && (_now <= round_[_rID].end || (_now > round_[_rID].end && round_[_rID].plyr == 0)) (contracts/safe/safe_198_SAFE.sol#1002)
POOHMO.iWantXKeys(uint256) (contracts/safe/safe_198_SAFE.sol#1014-1030) uses timestamp for comparisons
	Dangerous comparisons:
	- _now > round_[_rID].strt + rndGap_ && (_now <= round_[_rID].end || (_now > round_[_rID].end && round_[_rID].plyr == 0)) (contracts/safe/safe_198_SAFE.sol#1026)
POOHMO.updateTimer(uint256,uint256) (contracts/safe/safe_198_SAFE.sol#1221-1239) uses timestamp for comparisons
	Dangerous comparisons:
	- _now > round_[_rID].end && round_[_rID].plyr == 0 (contracts/safe/safe_198_SAFE.sol#1229)
	- _newTime < (rndMax_).add(_now) (contracts/safe/safe_198_SAFE.sol#1235)
Reference: https://github.com/crytic/slither/wiki/Detector-Documentation#block-timestamp

Detector: assembly
NameFilter.nameFilter(string) (contracts/safe/safe_198_SAFE.sol#1585-1645) uses assembly
	- INLINE ASM (contracts/safe/safe_198_SAFE.sol#1641-1644)
Reference: https://github.com/crytic/slither/wiki/Detector-Documentation#assembly-usage

Detector: boolean-equal
POOHMO.withdraw() (contracts/safe/safe_198_SAFE.sol#468-534) compares to a boolean constant:
	-_now > round_[_rID].end && round_[_rID].ended == false && round_[_rID].plyr != 0 (contracts/safe/safe_198_SAFE.sol#486)
POOHMO.getPlayerVaults(uint256) (contracts/safe/safe_198_SAFE.sol#667-706) compares to a boolean constant:
	-now > round_[_rID].end && round_[_rID].ended == false && round_[_rID].plyr != 0 (contracts/safe/safe_198_SAFE.sol#676)
POOHMO.buyCore(uint256,uint256,POOHMODatasets.EventReturns) (contracts/safe/safe_198_SAFE.sol#810-858) compares to a boolean constant:
	-_now > round_[_rID].end && round_[_rID].ended == false (contracts/safe/safe_198_SAFE.sol#828)
POOHMO.reLoadCore(uint256,uint256,uint256,POOHMODatasets.EventReturns) (contracts/safe/safe_198_SAFE.sol#864-909) compares to a boolean constant:
	-_now > round_[_rID].end && round_[_rID].ended == false (contracts/safe/safe_198_SAFE.sol#885)
POOHMO.receivePlayerInfo(uint256,address,bytes32,uint256) (contracts/safe/safe_198_SAFE.sol#1038-1054) compares to a boolean constant:
	-plyrNames_[_pID][_name] == false (contracts/safe/safe_198_SAFE.sol#1052)
POOHMO.receivePlayerNameList(uint256,bytes32) (contracts/safe/safe_198_SAFE.sol#1059-1065) compares to a boolean constant:
	-plyrNames_[_pID][_name] == false (contracts/safe/safe_198_SAFE.sol#1063)
POOHMO.activate() (contracts/safe/safe_198_SAFE.sol#1420-1437) compares to a boolean constant:
	-require(bool)(activated_ == false) (contracts/safe/safe_198_SAFE.sol#1428)
POOHMO.isActivated() (contracts/safe/safe_198_SAFE.sol#189-192) compares to a boolean constant:
	-require(bool)(activated_ == true) (contracts/safe/safe_198_SAFE.sol#190)
NameFilter.nameFilter(string) (contracts/safe/safe_198_SAFE.sol#1585-1645) compares to a boolean constant:
	-_hasNonNumber == false (contracts/safe/safe_198_SAFE.sol#1617)
NameFilter.nameFilter(string) (contracts/safe/safe_198_SAFE.sol#1585-1645) compares to a boolean constant:
	-_hasNonNumber == false && (_temp[i] < 0x30 || _temp[i] > 0x39) (contracts/safe/safe_198_SAFE.sol#1633)
NameFilter.nameFilter(string) (contracts/safe/safe_198_SAFE.sol#1585-1645) compares to a boolean constant:
	-require(bool)(_hasNonNumber == true) (contracts/safe/safe_198_SAFE.sol#1638)
Reference: https://github.com/crytic/slither/wiki/Detector-Documentation#boolean-equality

Detector: solc-version
Version constraint ^0.4.24 contains known severe issues (https://solidity.readthedocs.io/en/latest/bugs.html)
	- DirtyBytesArrayToStorage
	- ABIDecodeTwoDimensionalArrayMemory
	- KeccakCaching
	- EmptyByteArrayCopy
	- DynamicArrayCleanup
	- ImplicitConstructorCallvalueCheck
	- TupleAssignmentMultiStackSlotComponents
	- MemoryArrayCreationOverflow
	- privateCanBeOverridden
	- SignedArrayStorageCopy
	- ABIEncoderV2StorageArrayWithMultiSlotElement
	- DynamicConstructorArgumentsClippedABIV2
	- UninitializedFunctionPointerInConstructor_0.4.x
	- IncorrectEventSignatureInLibraries_0.4.x
	- ABIEncoderV2PackedStorage_0.4.x
	- ExpExponentCleanup
	- EventStructWrongData.
It is used by:
	- ^0.4.24 (contracts/safe/safe_198_SAFE.sol#1)
solc-0.4.24 is an outdated solc version. Use a more recent version (at least 0.8.0), if possible.
Reference: https://github.com/crytic/slither/wiki/Detector-Documentation#incorrect-versions-of-solidity

Detector: low-level-calls
Low level call in POOHMO.endRound(POOHMODatasets.EventReturns) (contracts/safe/safe_198_SAFE.sol#1131-1193):
	- flushDivs.call.value(_POOH)(bytes4(keccak256()(donate()))) (contracts/safe/safe_198_SAFE.sol#1169)
Low level call in POOHMO.distributeExternal(uint256,uint256,uint256,uint256,uint256,POOHMODatasets.EventReturns) (contracts/safe/safe_198_SAFE.sol#1245-1288):
	- ! address(admin).call.value(_dev)() (contracts/safe/safe_198_SAFE.sol#1253)
	- flushDivs.call.value(_POOH)(bytes4(keccak256()(donate()))) (contracts/safe/safe_198_SAFE.sol#1279)
Reference: https://github.com/crytic/slither/wiki/Detector-Documentation#low-level-calls

Detector: naming-convention
Event POOHMOevents.onNewName(uint256,address,bytes32,bool,uint256,address,bytes32,uint256,uint256) (contracts/safe/safe_198_SAFE.sol#5-16) is not in CapWords
Event POOHMOevents.onEndTx(uint256,uint256,bytes32,address,uint256,uint256,address,bytes32,uint256,uint256,uint256,uint256,uint256) (contracts/safe/safe_198_SAFE.sol#19-34) is not in CapWords
Event POOHMOevents.onWithdraw(uint256,address,bytes32,uint256,uint256) (contracts/safe/safe_198_SAFE.sol#37-44) is not in CapWords
Event POOHMOevents.onWithdrawAndDistribute(address,bytes32,uint256,uint256,uint256,address,bytes32,uint256,uint256,uint256,uint256) (contracts/safe/safe_198_SAFE.sol#47-60) is not in CapWords
Event POOHMOevents.onBuyAndDistribute(address,bytes32,uint256,uint256,uint256,address,bytes32,uint256,uint256,uint256,uint256) (contracts/safe/safe_198_SAFE.sol#64-77) is not in CapWords
Event POOHMOevents.onReLoadAndDistribute(address,bytes32,uint256,uint256,address,bytes32,uint256,uint256,uint256,uint256) (contracts/safe/safe_198_SAFE.sol#81-93) is not in CapWords
Event POOHMOevents.onAffiliatePayout(uint256,address,bytes32,uint256,uint256,uint256,uint256) (contracts/safe/safe_198_SAFE.sol#96-105) is not in CapWords
Event POOHMOevents.onPotSwapDeposit(uint256,uint256) (contracts/safe/safe_198_SAFE.sol#108-112) is not in CapWords
Parameter POOHMO.buyXid(uint256)._affCode (contracts/safe/safe_198_SAFE.sol#247) is not in mixedCase
Parameter POOHMO.buyXaddr(address)._affCode (contracts/safe/safe_198_SAFE.sol#277) is not in mixedCase
Parameter POOHMO.buyXname(bytes32)._affCode (contracts/safe/safe_198_SAFE.sol#314) is not in mixedCase
Parameter POOHMO.reLoadXid(uint256,uint256)._affCode (contracts/safe/safe_198_SAFE.sol#361) is not in mixedCase
Parameter POOHMO.reLoadXid(uint256,uint256)._eth (contracts/safe/safe_198_SAFE.sol#361) is not in mixedCase
Parameter POOHMO.reLoadXaddr(address,uint256)._affCode (contracts/safe/safe_198_SAFE.sol#390) is not in mixedCase
Parameter POOHMO.reLoadXaddr(address,uint256)._eth (contracts/safe/safe_198_SAFE.sol#390) is not in mixedCase
Parameter POOHMO.reLoadXname(bytes32,uint256)._affCode (contracts/safe/safe_198_SAFE.sol#427) is not in mixedCase
Parameter POOHMO.reLoadXname(bytes32,uint256)._eth (contracts/safe/safe_198_SAFE.sol#427) is not in mixedCase
Parameter POOHMO.registerNameXID(string,uint256,bool)._nameString (contracts/safe/safe_198_SAFE.sol#560) is not in mixedCase
Parameter POOHMO.registerNameXID(string,uint256,bool)._affCode (contracts/safe/safe_198_SAFE.sol#560) is not in mixedCase
Parameter POOHMO.registerNameXID(string,uint256,bool)._all (contracts/safe/safe_198_SAFE.sol#560) is not in mixedCase
Parameter POOHMO.registerNameXaddr(string,address,bool)._nameString (contracts/safe/safe_198_SAFE.sol#576) is not in mixedCase
Parameter POOHMO.registerNameXaddr(string,address,bool)._affCode (contracts/safe/safe_198_SAFE.sol#576) is not in mixedCase
Parameter POOHMO.registerNameXaddr(string,address,bool)._all (contracts/safe/safe_198_SAFE.sol#576) is not in mixedCase
Parameter POOHMO.registerNameXname(string,bytes32,bool)._nameString (contracts/safe/safe_198_SAFE.sol#592) is not in mixedCase
Parameter POOHMO.registerNameXname(string,bytes32,bool)._affCode (contracts/safe/safe_198_SAFE.sol#592) is not in mixedCase
Parameter POOHMO.registerNameXname(string,bytes32,bool)._all (contracts/safe/safe_198_SAFE.sol#592) is not in mixedCase
Parameter POOHMO.getPlayerVaults(uint256)._pID (contracts/safe/safe_198_SAFE.sol#667) is not in mixedCase
Parameter POOHMO.getPlayerVaultsHelper(uint256,uint256)._pID (contracts/safe/safe_198_SAFE.sol#711) is not in mixedCase
Parameter POOHMO.getPlayerVaultsHelper(uint256,uint256)._rID (contracts/safe/safe_198_SAFE.sol#711) is not in mixedCase
Parameter POOHMO.getPlayerInfoByAddress(address)._addr (contracts/safe/safe_198_SAFE.sol#776) is not in mixedCase
Parameter POOHMO.buyCore(uint256,uint256,POOHMODatasets.EventReturns)._pID (contracts/safe/safe_198_SAFE.sol#810) is not in mixedCase
Parameter POOHMO.buyCore(uint256,uint256,POOHMODatasets.EventReturns)._affID (contracts/safe/safe_198_SAFE.sol#810) is not in mixedCase
Parameter POOHMO.buyCore(uint256,uint256,POOHMODatasets.EventReturns)._eventData_ (contracts/safe/safe_198_SAFE.sol#810) is not in mixedCase
Parameter POOHMO.reLoadCore(uint256,uint256,uint256,POOHMODatasets.EventReturns)._pID (contracts/safe/safe_198_SAFE.sol#864) is not in mixedCase
Parameter POOHMO.reLoadCore(uint256,uint256,uint256,POOHMODatasets.EventReturns)._affID (contracts/safe/safe_198_SAFE.sol#864) is not in mixedCase
Parameter POOHMO.reLoadCore(uint256,uint256,uint256,POOHMODatasets.EventReturns)._eth (contracts/safe/safe_198_SAFE.sol#864) is not in mixedCase
Parameter POOHMO.reLoadCore(uint256,uint256,uint256,POOHMODatasets.EventReturns)._eventData_ (contracts/safe/safe_198_SAFE.sol#864) is not in mixedCase
Parameter POOHMO.core(uint256,uint256,uint256,uint256,uint256,POOHMODatasets.EventReturns)._rID (contracts/safe/safe_198_SAFE.sol#915) is not in mixedCase
Parameter POOHMO.core(uint256,uint256,uint256,uint256,uint256,POOHMODatasets.EventReturns)._pID (contracts/safe/safe_198_SAFE.sol#915) is not in mixedCase
Parameter POOHMO.core(uint256,uint256,uint256,uint256,uint256,POOHMODatasets.EventReturns)._eth (contracts/safe/safe_198_SAFE.sol#915) is not in mixedCase
Parameter POOHMO.core(uint256,uint256,uint256,uint256,uint256,POOHMODatasets.EventReturns)._affID (contracts/safe/safe_198_SAFE.sol#915) is not in mixedCase
Parameter POOHMO.core(uint256,uint256,uint256,uint256,uint256,POOHMODatasets.EventReturns)._team (contracts/safe/safe_198_SAFE.sol#915) is not in mixedCase
Parameter POOHMO.core(uint256,uint256,uint256,uint256,uint256,POOHMODatasets.EventReturns)._eventData_ (contracts/safe/safe_198_SAFE.sol#915) is not in mixedCase
Parameter POOHMO.calcUnMaskedEarnings(uint256,uint256)._pID (contracts/safe/safe_198_SAFE.sol#978) is not in mixedCase
Parameter POOHMO.calcUnMaskedEarnings(uint256,uint256)._rIDlast (contracts/safe/safe_198_SAFE.sol#978) is not in mixedCase
Parameter POOHMO.calcKeysReceived(uint256,uint256)._rID (contracts/safe/safe_198_SAFE.sol#993) is not in mixedCase
Parameter POOHMO.calcKeysReceived(uint256,uint256)._eth (contracts/safe/safe_198_SAFE.sol#993) is not in mixedCase
Parameter POOHMO.iWantXKeys(uint256)._keys (contracts/safe/safe_198_SAFE.sol#1014) is not in mixedCase
Parameter POOHMO.receivePlayerInfo(uint256,address,bytes32,uint256)._pID (contracts/safe/safe_198_SAFE.sol#1038) is not in mixedCase
Parameter POOHMO.receivePlayerInfo(uint256,address,bytes32,uint256)._addr (contracts/safe/safe_198_SAFE.sol#1038) is not in mixedCase
Parameter POOHMO.receivePlayerInfo(uint256,address,bytes32,uint256)._name (contracts/safe/safe_198_SAFE.sol#1038) is not in mixedCase
Parameter POOHMO.receivePlayerInfo(uint256,address,bytes32,uint256)._laff (contracts/safe/safe_198_SAFE.sol#1038) is not in mixedCase
Parameter POOHMO.receivePlayerNameList(uint256,bytes32)._pID (contracts/safe/safe_198_SAFE.sol#1059) is not in mixedCase
Parameter POOHMO.receivePlayerNameList(uint256,bytes32)._name (contracts/safe/safe_198_SAFE.sol#1059) is not in mixedCase
Parameter POOHMO.determinePID(POOHMODatasets.EventReturns)._eventData_ (contracts/safe/safe_198_SAFE.sol#1071) is not in mixedCase
Parameter POOHMO.managePlayer(uint256,POOHMODatasets.EventReturns)._pID (contracts/safe/safe_198_SAFE.sol#1110) is not in mixedCase
Parameter POOHMO.managePlayer(uint256,POOHMODatasets.EventReturns)._eventData_ (contracts/safe/safe_198_SAFE.sol#1110) is not in mixedCase
Parameter POOHMO.endRound(POOHMODatasets.EventReturns)._eventData_ (contracts/safe/safe_198_SAFE.sol#1131) is not in mixedCase
Parameter POOHMO.updateGenVault(uint256,uint256)._pID (contracts/safe/safe_198_SAFE.sol#1205) is not in mixedCase
Parameter POOHMO.updateGenVault(uint256,uint256)._rIDlast (contracts/safe/safe_198_SAFE.sol#1205) is not in mixedCase
Parameter POOHMO.updateTimer(uint256,uint256)._keys (contracts/safe/safe_198_SAFE.sol#1221) is not in mixedCase
Parameter POOHMO.updateTimer(uint256,uint256)._rID (contracts/safe/safe_198_SAFE.sol#1221) is not in mixedCase
Parameter POOHMO.distributeExternal(uint256,uint256,uint256,uint256,uint256,POOHMODatasets.EventReturns)._rID (contracts/safe/safe_198_SAFE.sol#1245) is not in mixedCase
Parameter POOHMO.distributeExternal(uint256,uint256,uint256,uint256,uint256,POOHMODatasets.EventReturns)._pID (contracts/safe/safe_198_SAFE.sol#1245) is not in mixedCase
Parameter POOHMO.distributeExternal(uint256,uint256,uint256,uint256,uint256,POOHMODatasets.EventReturns)._eth (contracts/safe/safe_198_SAFE.sol#1245) is not in mixedCase
Parameter POOHMO.distributeExternal(uint256,uint256,uint256,uint256,uint256,POOHMODatasets.EventReturns)._affID (contracts/safe/safe_198_SAFE.sol#1245) is not in mixedCase
Parameter POOHMO.distributeExternal(uint256,uint256,uint256,uint256,uint256,POOHMODatasets.EventReturns)._team (contracts/safe/safe_198_SAFE.sol#1245) is not in mixedCase
Parameter POOHMO.distributeExternal(uint256,uint256,uint256,uint256,uint256,POOHMODatasets.EventReturns)._eventData_ (contracts/safe/safe_198_SAFE.sol#1245) is not in mixedCase
Parameter POOHMO.distributeInternal(uint256,uint256,uint256,uint256,uint256,POOHMODatasets.EventReturns)._rID (contracts/safe/safe_198_SAFE.sol#1301) is not in mixedCase
Parameter POOHMO.distributeInternal(uint256,uint256,uint256,uint256,uint256,POOHMODatasets.EventReturns)._pID (contracts/safe/safe_198_SAFE.sol#1301) is not in mixedCase
Parameter POOHMO.distributeInternal(uint256,uint256,uint256,uint256,uint256,POOHMODatasets.EventReturns)._eth (contracts/safe/safe_198_SAFE.sol#1301) is not in mixedCase
Parameter POOHMO.distributeInternal(uint256,uint256,uint256,uint256,uint256,POOHMODatasets.EventReturns)._team (contracts/safe/safe_198_SAFE.sol#1301) is not in mixedCase
Parameter POOHMO.distributeInternal(uint256,uint256,uint256,uint256,uint256,POOHMODatasets.EventReturns)._keys (contracts/safe/safe_198_SAFE.sol#1301) is not in mixedCase
Parameter POOHMO.distributeInternal(uint256,uint256,uint256,uint256,uint256,POOHMODatasets.EventReturns)._eventData_ (contracts/safe/safe_198_SAFE.sol#1301) is not in mixedCase
Parameter POOHMO.updateMasks(uint256,uint256,uint256,uint256)._rID (contracts/safe/safe_198_SAFE.sol#1335) is not in mixedCase
Parameter POOHMO.updateMasks(uint256,uint256,uint256,uint256)._pID (contracts/safe/safe_198_SAFE.sol#1335) is not in mixedCase
Parameter POOHMO.updateMasks(uint256,uint256,uint256,uint256)._gen (contracts/safe/safe_198_SAFE.sol#1335) is not in mixedCase
Parameter POOHMO.updateMasks(uint256,uint256,uint256,uint256)._keys (contracts/safe/safe_198_SAFE.sol#1335) is not in mixedCase
Parameter POOHMO.withdrawEarnings(uint256)._pID (contracts/safe/safe_198_SAFE.sol#1367) is not in mixedCase
Parameter POOHMO.endTx(uint256,uint256,uint256,uint256,POOHMODatasets.EventReturns)._pID (contracts/safe/safe_198_SAFE.sol#1389) is not in mixedCase
Parameter POOHMO.endTx(uint256,uint256,uint256,uint256,POOHMODatasets.EventReturns)._team (contracts/safe/safe_198_SAFE.sol#1389) is not in mixedCase
Parameter POOHMO.endTx(uint256,uint256,uint256,uint256,POOHMODatasets.EventReturns)._eth (contracts/safe/safe_198_SAFE.sol#1389) is not in mixedCase
Parameter POOHMO.endTx(uint256,uint256,uint256,uint256,POOHMODatasets.EventReturns)._keys (contracts/safe/safe_198_SAFE.sol#1389) is not in mixedCase
Parameter POOHMO.endTx(uint256,uint256,uint256,uint256,POOHMODatasets.EventReturns)._eventData_ (contracts/safe/safe_198_SAFE.sol#1389) is not in mixedCase
Variable POOHMO.PlayerBook (contracts/safe/safe_198_SAFE.sol#125) is not in mixedCase
Constant POOHMO.rndInc_ (contracts/safe/safe_198_SAFE.sol#138) is not in UPPER_CASE_WITH_UNDERSCORES
Parameter KeysCalc.keysRec(uint256,uint256)._curEth (contracts/safe/safe_198_SAFE.sol#1508) is not in mixedCase
Parameter KeysCalc.keysRec(uint256,uint256)._newEth (contracts/safe/safe_198_SAFE.sol#1508) is not in mixedCase
Parameter KeysCalc.ethRec(uint256,uint256)._curKeys (contracts/safe/safe_198_SAFE.sol#1522) is not in mixedCase
Parameter KeysCalc.ethRec(uint256,uint256)._sellKeys (contracts/safe/safe_198_SAFE.sol#1522) is not in mixedCase
Parameter KeysCalc.keys(uint256)._eth (contracts/safe/safe_198_SAFE.sol#1535) is not in mixedCase
Parameter KeysCalc.eth(uint256)._keys (contracts/safe/safe_198_SAFE.sol#1548) is not in mixedCase
Parameter NameFilter.nameFilter(string)._input (contracts/safe/safe_198_SAFE.sol#1585) is not in mixedCase
Reference: https://github.com/crytic/slither/wiki/Detector-Documentation#conformance-to-solidity-naming-conventions

Detector: reentrancy-unlimited-gas
Reentrancy in POOHMO.buyCore(uint256,uint256,POOHMODatasets.EventReturns) (contracts/safe/safe_198_SAFE.sol#810-858):
	External calls:
	- _eventData_ = endRound(_eventData_) (contracts/safe/safe_198_SAFE.sol#832)
		- admin.transfer(_dev) (contracts/safe/safe_198_SAFE.sol#1167)
	External calls sending eth:
	- _eventData_ = endRound(_eventData_) (contracts/safe/safe_198_SAFE.sol#832)
		- admin.transfer(_dev) (contracts/safe/safe_198_SAFE.sol#1167)
		- flushDivs.call.value(_POOH)(bytes4(keccak256()(donate()))) (contracts/safe/safe_198_SAFE.sol#1169)
	State variables written after the call(s):
	- plyr_[_pID].gen = plyr_[_pID].gen.add(msg.value) (contracts/safe/safe_198_SAFE.sol#856)
	Event emitted after the call(s):
	- POOHMOevents.onBuyAndDistribute(msg.sender,plyr_[_pID].name,msg.value,_eventData_.compressedData,_eventData_.compressedIDs,_eventData_.winnerAddr,_eventData_.winnerName,_eventData_.amountWon,_eventData_.newPot,_eventData_.POOHAmount,_eventData_.genAmount) (contracts/safe/safe_198_SAFE.sol#839-852)
Reentrancy in POOHMO.endRound(POOHMODatasets.EventReturns) (contracts/safe/safe_198_SAFE.sol#1131-1193):
	External calls:
	- admin.transfer(_dev) (contracts/safe/safe_198_SAFE.sol#1167)
	External calls sending eth:
	- admin.transfer(_dev) (contracts/safe/safe_198_SAFE.sol#1167)
	- flushDivs.call.value(_POOH)(bytes4(keccak256()(donate()))) (contracts/safe/safe_198_SAFE.sol#1169)
	State variables written after the call(s):
	- rID_ ++ (contracts/safe/safe_198_SAFE.sol#1185)
	- rndMax_ = timerLengths[determineNextRoundLength()] (contracts/safe/safe_198_SAFE.sol#1188)
	- round_[_rID].mask = _ppt.add(round_[_rID].mask) (contracts/safe/safe_198_SAFE.sol#1172)
	- round_[_rID].strt = now (contracts/safe/safe_198_SAFE.sol#1187)
	- round_[_rID].end = now.add(rndMax_) (contracts/safe/safe_198_SAFE.sol#1189)
	- round_[_rID].pot = _res (contracts/safe/safe_198_SAFE.sol#1190)
Reentrancy in POOHMO.reLoadCore(uint256,uint256,uint256,POOHMODatasets.EventReturns) (contracts/safe/safe_198_SAFE.sol#864-909):
	External calls:
	- _eventData_ = endRound(_eventData_) (contracts/safe/safe_198_SAFE.sol#888)
		- admin.transfer(_dev) (contracts/safe/safe_198_SAFE.sol#1167)
	External calls sending eth:
	- _eventData_ = endRound(_eventData_) (contracts/safe/safe_198_SAFE.sol#888)
		- admin.transfer(_dev) (contracts/safe/safe_198_SAFE.sol#1167)
		- flushDivs.call.value(_POOH)(bytes4(keccak256()(donate()))) (contracts/safe/safe_198_SAFE.sol#1169)
	Event emitted after the call(s):
	- POOHMOevents.onReLoadAndDistribute(msg.sender,plyr_[_pID].name,_eventData_.compressedData,_eventData_.compressedIDs,_eventData_.winnerAddr,_eventData_.winnerName,_eventData_.amountWon,_eventData_.newPot,_eventData_.POOHAmount,_eventData_.genAmount) (contracts/safe/safe_198_SAFE.sol#895-907)
Reentrancy in POOHMO.withdraw() (contracts/safe/safe_198_SAFE.sol#468-534):
	External calls:
	- _eventData_ = endRound(_eventData_) (contracts/safe/safe_198_SAFE.sol#493)
		- admin.transfer(_dev) (contracts/safe/safe_198_SAFE.sol#1167)
	External calls sending eth:
	- _eventData_ = endRound(_eventData_) (contracts/safe/safe_198_SAFE.sol#493)
		- admin.transfer(_dev) (contracts/safe/safe_198_SAFE.sol#1167)
		- flushDivs.call.value(_POOH)(bytes4(keccak256()(donate()))) (contracts/safe/safe_198_SAFE.sol#1169)
	State variables written after the call(s):
	- _eth = withdrawEarnings(_pID) (contracts/safe/safe_198_SAFE.sol#496)
		- plyrRnds_[_pID][_rIDlast].mask = _earnings.add(plyrRnds_[_pID][_rIDlast].mask) (contracts/safe/safe_198_SAFE.sol#1214)
	- _eth = withdrawEarnings(_pID) (contracts/safe/safe_198_SAFE.sol#496)
		- plyr_[_pID].gen = _earnings.add(plyr_[_pID].gen) (contracts/safe/safe_198_SAFE.sol#1212)
		- plyr_[_pID].win = 0 (contracts/safe/safe_198_SAFE.sol#1378)
		- plyr_[_pID].gen = 0 (contracts/safe/safe_198_SAFE.sol#1379)
		- plyr_[_pID].aff = 0 (contracts/safe/safe_198_SAFE.sol#1380)
Reentrancy in POOHMO.withdraw() (contracts/safe/safe_198_SAFE.sol#468-534):
	External calls:
	- _eventData_ = endRound(_eventData_) (contracts/safe/safe_198_SAFE.sol#493)
		- admin.transfer(_dev) (contracts/safe/safe_198_SAFE.sol#1167)
	- plyr_[_pID].addr.transfer(_eth) (contracts/safe/safe_198_SAFE.sol#500)
	External calls sending eth:
	- _eventData_ = endRound(_eventData_) (contracts/safe/safe_198_SAFE.sol#493)
		- admin.transfer(_dev) (contracts/safe/safe_198_SAFE.sol#1167)
		- flushDivs.call.value(_POOH)(bytes4(keccak256()(donate()))) (contracts/safe/safe_198_SAFE.sol#1169)
	- plyr_[_pID].addr.transfer(_eth) (contracts/safe/safe_198_SAFE.sol#500)
	Event emitted after the call(s):
	- POOHMOevents.onWithdrawAndDistribute(msg.sender,plyr_[_pID].name,_eth,_eventData_.compressedData,_eventData_.compressedIDs,_eventData_.winnerAddr,_eventData_.winnerName,_eventData_.amountWon,_eventData_.newPot,_eventData_.POOHAmount,_eventData_.genAmount) (contracts/safe/safe_198_SAFE.sol#507-520)
Reentrancy in POOHMO.withdraw() (contracts/safe/safe_198_SAFE.sol#468-534):
	External calls:
	- plyr_[_pID].addr.transfer(_eth) (contracts/safe/safe_198_SAFE.sol#529)
	Event emitted after the call(s):
	- POOHMOevents.onWithdraw(_pID,msg.sender,plyr_[_pID].name,_eth,_now) (contracts/safe/safe_198_SAFE.sol#532)
Reference: https://github.com/crytic/slither/wiki/Detector-Documentation#reentrancy-vulnerabilities-5

Detector: too-many-digits
POOHMO.withdraw() (contracts/safe/safe_198_SAFE.sol#468-534) uses literals with too many digits:
	- _eventData_.compressedData = _eventData_.compressedData + (_now * 1000000000000000000) (contracts/safe/safe_198_SAFE.sol#503)
POOHMO.getBuyPrice() (contracts/safe/safe_198_SAFE.sol#616-632) uses literals with too many digits:
	- ((round_[_rID].keys.add(1000000000000000000)).ethRec(1000000000000000000)) (contracts/safe/safe_198_SAFE.sol#629)
POOHMO.getBuyPrice() (contracts/safe/safe_198_SAFE.sol#616-632) uses literals with too many digits:
	- (75000000000000) (contracts/safe/safe_198_SAFE.sol#631)
POOHMO.getPlayerVaultsHelper(uint256,uint256) (contracts/safe/safe_198_SAFE.sol#711-717) uses literals with too many digits:
	- (((((round_[_rID].mask).add(((((round_[_rID].pot).mul(potSplit_[round_[_rID].team].gen)) / 100).mul(1000000000000000000)) / (round_[_rID].keys))).mul(plyrRnds_[_pID][_rID].keys)) / 1000000000000000000)) (contracts/safe/safe_198_SAFE.sol#716)
POOHMO.buyCore(uint256,uint256,POOHMODatasets.EventReturns) (contracts/safe/safe_198_SAFE.sol#810-858) uses literals with too many digits:
	- _eventData_.compressedData = _eventData_.compressedData + (_now * 1000000000000000000) (contracts/safe/safe_198_SAFE.sol#835)
POOHMO.reLoadCore(uint256,uint256,uint256,POOHMODatasets.EventReturns) (contracts/safe/safe_198_SAFE.sol#864-909) uses literals with too many digits:
	- _eventData_.compressedData = _eventData_.compressedData + (_now * 1000000000000000000) (contracts/safe/safe_198_SAFE.sol#891)
POOHMO.core(uint256,uint256,uint256,uint256,uint256,POOHMODatasets.EventReturns) (contracts/safe/safe_198_SAFE.sol#915-969) uses literals with too many digits:
	- round_[_rID].eth < 100000000000000000000 && plyrRnds_[_pID][_rID].eth.add(_eth) > 5000000000000000000 (contracts/safe/safe_198_SAFE.sol#923)
POOHMO.core(uint256,uint256,uint256,uint256,uint256,POOHMODatasets.EventReturns) (contracts/safe/safe_198_SAFE.sol#915-969) uses literals with too many digits:
	- _availableLimit = (5000000000000000000).sub(plyrRnds_[_pID][_rID].eth) (contracts/safe/safe_198_SAFE.sol#925)
POOHMO.core(uint256,uint256,uint256,uint256,uint256,POOHMODatasets.EventReturns) (contracts/safe/safe_198_SAFE.sol#915-969) uses literals with too many digits:
	- _eth > 1000000000 (contracts/safe/safe_198_SAFE.sol#932)
POOHMO.core(uint256,uint256,uint256,uint256,uint256,POOHMODatasets.EventReturns) (contracts/safe/safe_198_SAFE.sol#915-969) uses literals with too many digits:
	- _keys >= 1000000000000000000 (contracts/safe/safe_198_SAFE.sol#939)
POOHMO.calcUnMaskedEarnings(uint256,uint256) (contracts/safe/safe_198_SAFE.sol#978-984) uses literals with too many digits:
	- ((((round_[_rIDlast].mask).mul(plyrRnds_[_pID][_rIDlast].keys)) / (1000000000000000000)).sub(plyrRnds_[_pID][_rIDlast].mask)) (contracts/safe/safe_198_SAFE.sol#983)
POOHMO.endRound(POOHMODatasets.EventReturns) (contracts/safe/safe_198_SAFE.sol#1131-1193) uses literals with too many digits:
	- _ppt = (_gen.mul(1000000000000000000)) / (round_[_rID].keys) (contracts/safe/safe_198_SAFE.sol#1154)
POOHMO.endRound(POOHMODatasets.EventReturns) (contracts/safe/safe_198_SAFE.sol#1131-1193) uses literals with too many digits:
	- _dust = _gen.sub((_ppt.mul(round_[_rID].keys)) / 1000000000000000000) (contracts/safe/safe_198_SAFE.sol#1155)
POOHMO.endRound(POOHMODatasets.EventReturns) (contracts/safe/safe_198_SAFE.sol#1131-1193) uses literals with too many digits:
	- _eventData_.compressedData = _eventData_.compressedData + (round_[_rID].end * 1000000) (contracts/safe/safe_198_SAFE.sol#1175)
POOHMO.endRound(POOHMODatasets.EventReturns) (contracts/safe/safe_198_SAFE.sol#1131-1193) uses literals with too many digits:
	- _eventData_.compressedIDs = _eventData_.compressedIDs + (_winPID * 100000000000000000000000000) + (_winTID * 100000000000000000) (contracts/safe/safe_198_SAFE.sol#1176)
POOHMO.updateTimer(uint256,uint256) (contracts/safe/safe_198_SAFE.sol#1221-1239) uses literals with too many digits:
	- _newTime = (((_keys) / (1000000000000000000)).mul(rndInc_)).add(_now) (contracts/safe/safe_198_SAFE.sol#1230)
POOHMO.updateTimer(uint256,uint256) (contracts/safe/safe_198_SAFE.sol#1221-1239) uses literals with too many digits:
	- _newTime = (((_keys) / (1000000000000000000)).mul(rndInc_)).add(round_[_rID].end) (contracts/safe/safe_198_SAFE.sol#1232)
POOHMO.updateMasks(uint256,uint256,uint256,uint256) (contracts/safe/safe_198_SAFE.sol#1335-1361) uses literals with too many digits:
	- _ppt = (_gen.mul(1000000000000000000)) / (round_[_rID].keys) (contracts/safe/safe_198_SAFE.sol#1351)
POOHMO.updateMasks(uint256,uint256,uint256,uint256) (contracts/safe/safe_198_SAFE.sol#1335-1361) uses literals with too many digits:
	- _pearn = (_ppt.mul(_keys)) / (1000000000000000000) (contracts/safe/safe_198_SAFE.sol#1356)
POOHMO.updateMasks(uint256,uint256,uint256,uint256) (contracts/safe/safe_198_SAFE.sol#1335-1361) uses literals with too many digits:
	- plyrRnds_[_pID][_rID].mask = (((round_[_rID].mask.mul(_keys)) / (1000000000000000000)).sub(_pearn)).add(plyrRnds_[_pID][_rID].mask) (contracts/safe/safe_198_SAFE.sol#1357)
POOHMO.updateMasks(uint256,uint256,uint256,uint256) (contracts/safe/safe_198_SAFE.sol#1335-1361) uses literals with too many digits:
	- (_gen.sub((_ppt.mul(round_[_rID].keys)) / (1000000000000000000))) (contracts/safe/safe_198_SAFE.sol#1360)
POOHMO.endTx(uint256,uint256,uint256,uint256,POOHMODatasets.EventReturns) (contracts/safe/safe_198_SAFE.sol#1389-1411) uses literals with too many digits:
	- _eventData_.compressedData = _eventData_.compressedData + (now * 1000000000000000000) + (_team * 100000000000000000000000000000) (contracts/safe/safe_198_SAFE.sol#1392)
POOHMO.endTx(uint256,uint256,uint256,uint256,POOHMODatasets.EventReturns) (contracts/safe/safe_198_SAFE.sol#1389-1411) uses literals with too many digits:
	- _eventData_.compressedIDs = _eventData_.compressedIDs + _pID + (rID_ * 10000000000000000000000000000000000000000000000000000) (contracts/safe/safe_198_SAFE.sol#1393)
KeysCalc.keys(uint256) (contracts/safe/safe_198_SAFE.sol#1535-1541) uses literals with too many digits:
	- ((((((_eth).mul(1000000000000000000)).mul(312500000000000000000000000)).add(5624988281256103515625000000000000000000000000000000000000000000)).sqrt()).sub(74999921875000000000000000000000)) / (156250000) (contracts/safe/safe_198_SAFE.sol#1540)
KeysCalc.eth(uint256) (contracts/safe/safe_198_SAFE.sol#1548-1554) uses literals with too many digits:
	- ((78125000).mul(_keys.sq()).add(((149999843750000).mul(_keys.mul(1000000000000000000))) / (2))) / ((1000000000000000000).sq()) (contracts/safe/safe_198_SAFE.sol#1553)
Reference: https://github.com/crytic/slither/wiki/Detector-Documentation#too-many-digits

Detector: unindexed-event-address
Event POOHMOevents.onEndTx(uint256,uint256,bytes32,address,uint256,uint256,address,bytes32,uint256,uint256,uint256,uint256,uint256) (contracts/safe/safe_198_SAFE.sol#19-34) has address parameters but no indexed parameters
Event POOHMOevents.onWithdrawAndDistribute(address,bytes32,uint256,uint256,uint256,address,bytes32,uint256,uint256,uint256,uint256) (contracts/safe/safe_198_SAFE.sol#47-60) has address parameters but no indexed parameters
Event POOHMOevents.onBuyAndDistribute(address,bytes32,uint256,uint256,uint256,address,bytes32,uint256,uint256,uint256,uint256) (contracts/safe/safe_198_SAFE.sol#64-77) has address parameters but no indexed parameters
Event POOHMOevents.onReLoadAndDistribute(address,bytes32,uint256,uint256,address,bytes32,uint256,uint256,uint256,uint256) (contracts/safe/safe_198_SAFE.sol#81-93) has address parameters but no indexed parameters
Reference: https://github.com/crytic/slither/wiki/Detector-Documentation#unindexed-event-address-parameters

Detector: constable-states
POOHMO.rndExtra_ (contracts/safe/safe_198_SAFE.sol#135) should be constant 
POOHMO.rndGap_ (contracts/safe/safe_198_SAFE.sol#136) should be constant 
POOHMO.rndInit_ (contracts/safe/safe_198_SAFE.sol#137) should be constant 
Reference: https://github.com/crytic/slither/wiki/Detector-Documentation#state-variables-that-could-be-declared-constant

Detector: external-function
registerNameXID(string,uint256,bool) should be declared external:
	- POOHMO.registerNameXID(string,uint256,bool) (contracts/safe/safe_198_SAFE.sol#560-574)
registerNameXaddr(string,address,bool) should be declared external:
	- POOHMO.registerNameXaddr(string,address,bool) (contracts/safe/safe_198_SAFE.sol#576-590)
registerNameXname(string,bytes32,bool) should be declared external:
	- POOHMO.registerNameXname(string,bytes32,bool) (contracts/safe/safe_198_SAFE.sol#592-606)
Reference: https://github.com/crytic/slither/wiki/Detector-Documentation#public-function-that-could-be-declared-external
/home/andrei/Рабочий стол/Kursovaya/Diplom/contracts/safe/safe_198_SAFE.sol analyzed (7 contracts with 101 detectors), 200 result(s) found
