'solc --version' running
'solc /home/andrei/Рабочий стол/Kursovaya/Diplom/contracts/safe/safe_288_SAFE.sol --combined-json abi,ast,bin,bin-runtime,srcmap,srcmap-runtime,userdoc,devdoc,hashes,compact-format --allow-paths .,/home/andrei/Рабочий стол/Kursovaya/Diplom/contracts/safe' running

Detector: arbitrary-send-eth
Crowdsale._forwardFunds() (contracts/safe/safe_288_SAFE.sol#400-402) sends eth to arbitrary user
	Dangerous calls:
	- wallet.transfer(address(this).balance) (contracts/safe/safe_288_SAFE.sol#401)
Reference: https://github.com/crytic/slither/wiki/Detector-Documentation#functions-that-send-ether-to-arbitrary-destinations

Detector: missing-zero-check
Crowdsale.constructor(uint256,address,address,Token)._newOwner (contracts/safe/safe_288_SAFE.sol#198) lacks a zero-check on :
		- owner = _newOwner (contracts/safe/safe_288_SAFE.sol#202)
Reference: https://github.com/crytic/slither/wiki/Detector-Documentation#missing-zero-address-validation

Detector: reentrancy-events
Reentrancy in Crowdsale.buyTokens(address) (contracts/safe/safe_288_SAFE.sol#264-293):
	External calls:
	- _processPurchase(_beneficiary,tokens) (contracts/safe/safe_288_SAFE.sol#285)
		- require(bool)(token.transfer(_beneficiary,_tokenAmount)) (contracts/safe/safe_288_SAFE.sol#331)
	Event emitted after the call(s):
	- TokenPurchase(msg.sender,_beneficiary,weiAmount,tokens) (contracts/safe/safe_288_SAFE.sol#286-291)
Reference: https://github.com/crytic/slither/wiki/Detector-Documentation#reentrancy-vulnerabilities-4

Detector: timestamp
Crowdsale._getStageIndex() (contracts/safe/safe_288_SAFE.sol#230-240) uses timestamp for comparisons
	Dangerous comparisons:
	- now < round1StartTime (contracts/safe/safe_288_SAFE.sol#231)
	- now <= round1EndTime (contracts/safe/safe_288_SAFE.sol#232)
	- now < round2StartTime (contracts/safe/safe_288_SAFE.sol#233)
	- now <= round2EndTime (contracts/safe/safe_288_SAFE.sol#234)
	- now < round3StartTime (contracts/safe/safe_288_SAFE.sol#235)
	- now <= round3EndTime (contracts/safe/safe_288_SAFE.sol#236)
	- now < round4StartTime (contracts/safe/safe_288_SAFE.sol#237)
	- now <= round4EndTime (contracts/safe/safe_288_SAFE.sol#238)
Crowdsale.refund() (contracts/safe/safe_288_SAFE.sol#386-395) uses timestamp for comparisons
	Dangerous comparisons:
	- require(bool)(now > round4EndTime) (contracts/safe/safe_288_SAFE.sol#387)
Reference: https://github.com/crytic/slither/wiki/Detector-Documentation#block-timestamp

Detector: solc-version
Version constraint ^0.4.23 contains known severe issues (https://solidity.readthedocs.io/en/latest/bugs.html)
	- DirtyBytesArrayToStorage
	- ABIDecodeTwoDimensionalArrayMemory
	- KeccakCaching
	- EmptyByteArrayCopy
	- DynamicArrayCleanup
	- ImplicitConstructorCallvalueCheck
	- TupleAssignmentMultiStackSlotComponents
	- MemoryArrayCreationOverflow
	- privateCanBeOverridden
	- SignedArrayStorageCopy
	- ABIEncoderV2StorageArrayWithMultiSlotElement
	- DynamicConstructorArgumentsClippedABIV2
	- UninitializedFunctionPointerInConstructor_0.4.x
	- IncorrectEventSignatureInLibraries_0.4.x
	- ABIEncoderV2PackedStorage_0.4.x
	- ExpExponentCleanup
	- EventStructWrongData.
It is used by:
	- ^0.4.23 (contracts/safe/safe_288_SAFE.sol#1)
solc-0.4.23 is an outdated solc version. Use a more recent version (at least 0.8.0), if possible.
Reference: https://github.com/crytic/slither/wiki/Detector-Documentation#incorrect-versions-of-solidity

Detector: naming-convention
Parameter Crowdsale.buyTokens(address)._beneficiary (contracts/safe/safe_288_SAFE.sol#264) is not in mixedCase
Parameter Crowdsale.transferSoldTokens(address,uint256)._beneficiary (contracts/safe/safe_288_SAFE.sol#404) is not in mixedCase
Parameter Crowdsale.transferSoldTokens(address,uint256)._tokenAmount (contracts/safe/safe_288_SAFE.sol#404) is not in mixedCase
Reference: https://github.com/crytic/slither/wiki/Detector-Documentation#conformance-to-solidity-naming-conventions

Detector: constable-states
Crowdsale.hardCap (contracts/safe/safe_288_SAFE.sol#163) should be constant 
Crowdsale.minContribution (contracts/safe/safe_288_SAFE.sol#145) should be constant 
Crowdsale.round1Bonus (contracts/safe/safe_288_SAFE.sol#140) should be constant 
Crowdsale.round1Cap (contracts/safe/safe_288_SAFE.sol#148) should be constant 
Crowdsale.round2Bonus (contracts/safe/safe_288_SAFE.sol#141) should be constant 
Crowdsale.round2Cap (contracts/safe/safe_288_SAFE.sol#149) should be constant 
Crowdsale.round3Bonus (contracts/safe/safe_288_SAFE.sol#142) should be constant 
Crowdsale.round3Cap (contracts/safe/safe_288_SAFE.sol#150) should be constant 
Crowdsale.round4Cap (contracts/safe/safe_288_SAFE.sol#151) should be constant 
Crowdsale.softCap (contracts/safe/safe_288_SAFE.sol#165) should be constant 
Reference: https://github.com/crytic/slither/wiki/Detector-Documentation#state-variables-that-could-be-declared-constant
/home/andrei/Рабочий стол/Kursovaya/Diplom/contracts/safe/safe_288_SAFE.sol analyzed (4 contracts with 101 detectors), 20 result(s) found
