'solc --version' running
'solc /home/andrei/Рабочий стол/Kursovaya/Diplom/contracts/safe/safe_159_SAFE.sol --combined-json abi,ast,bin,bin-runtime,srcmap,srcmap-runtime,userdoc,devdoc,hashes,compact-format --allow-paths .,/home/andrei/Рабочий стол/Kursovaya/Diplom/contracts/safe' running

Detector: controlled-array-length
ERC721Token (contracts/safe/safe_159_SAFE.sol#191-395) contract sets array length with a user-controlled value:
	- ownedTokens[_to].push(_tokenId) (contracts/safe/safe_159_SAFE.sol#366)
Reference: https://github.com/crytic/slither/wiki/Detector-Documentation#array-length-assignment

Detector: weak-prng
CryptoSagaHero.random(uint32,uint32) (contracts/safe/safe_159_SAFE.sol#1321-1329) uses a weak PRNG: "seed % (_upper - _lower) + _lower (contracts/safe/safe_159_SAFE.sol#1328)" 
CryptoSagaDungeonVer1.random(uint32,uint32) (contracts/safe/safe_159_SAFE.sol#2078-2086) uses a weak PRNG: "seed = seed % uint32(1103515245) + 12345 (contracts/safe/safe_159_SAFE.sol#2084)" 
CryptoSagaDungeonVer1.random(uint32,uint32) (contracts/safe/safe_159_SAFE.sol#2078-2086) uses a weak PRNG: "seed % (_upper - _lower) + _lower (contracts/safe/safe_159_SAFE.sol#2085)" 
Reference: https://github.com/crytic/slither/wiki/Detector-Documentation#weak-PRNG

Detector: constant-function-state
CryptoSagaDungeonVer1.getEnemyCombinationOfAddress(address) (contracts/safe/safe_159_SAFE.sol#1557-1569) is declared view but changes state variables:
	- CryptoSagaDungeonVer1.initialEnemyCombination (contracts/safe/safe_159_SAFE.sol#1543)
Reference: https://github.com/crytic/slither/wiki/Detector-Documentation#constant-functions-changing-the-state

Detector: divide-before-multiply
CryptoSagaDungeonVer1.enterDungeon(uint256[4],uint32) (contracts/safe/safe_159_SAFE.sol#1713-1996) performs a multiplication on the result of a division:
	- _damage = _damage * 150 / 100 (contracts/safe/safe_159_SAFE.sol#1918)
	- _damage = _damage * 150 / 100 (contracts/safe/safe_159_SAFE.sol#1920)
CryptoSagaDungeonVer1.enterDungeon(uint256[4],uint32) (contracts/safe/safe_159_SAFE.sol#1713-1996) performs a multiplication on the result of a division:
	- _damage = _damage * 150 / 100 (contracts/safe/safe_159_SAFE.sol#1916)
	- _damage = _damage * 150 / 100 (contracts/safe/safe_159_SAFE.sol#1918)
CryptoSagaDungeonVer1.enterDungeon(uint256[4],uint32) (contracts/safe/safe_159_SAFE.sol#1713-1996) performs a multiplication on the result of a division:
	- _damage = _damage * 150 / 100 (contracts/safe/safe_159_SAFE.sol#1914)
	- _damage = _damage * 150 / 100 (contracts/safe/safe_159_SAFE.sol#1916)
CryptoSagaDungeonVer1.enterDungeon(uint256[4],uint32) (contracts/safe/safe_159_SAFE.sol#1713-1996) performs a multiplication on the result of a division:
	- _damage = _damage * 150 / 100 (contracts/safe/safe_159_SAFE.sol#1912)
	- _damage = _damage * 150 / 100 (contracts/safe/safe_159_SAFE.sol#1914)
CryptoSagaDungeonVer1.enterDungeon(uint256[4],uint32) (contracts/safe/safe_159_SAFE.sol#1713-1996) performs a multiplication on the result of a division:
	- _damage = _damage * 125 / 100 (contracts/safe/safe_159_SAFE.sol#1908)
	- _damage = _damage * 150 / 100 (contracts/safe/safe_159_SAFE.sol#1912)
CryptoSagaDungeonVer1.enterDungeon(uint256[4],uint32) (contracts/safe/safe_159_SAFE.sol#1713-1996) performs a multiplication on the result of a division:
	- _damage = _damage * 125 / 100 (contracts/safe/safe_159_SAFE.sol#1906)
	- _damage = _damage * 125 / 100 (contracts/safe/safe_159_SAFE.sol#1908)
CryptoSagaDungeonVer1.enterDungeon(uint256[4],uint32) (contracts/safe/safe_159_SAFE.sol#1713-1996) performs a multiplication on the result of a division:
	- _damage = _damage * 125 / 100 (contracts/safe/safe_159_SAFE.sol#1904)
	- _damage = _damage * 125 / 100 (contracts/safe/safe_159_SAFE.sol#1906)
CryptoSagaDungeonVer1.enterDungeon(uint256[4],uint32) (contracts/safe/safe_159_SAFE.sol#1713-1996) performs a multiplication on the result of a division:
	- _damage = _damage * 150 / 100 (contracts/safe/safe_159_SAFE.sol#1899)
	- _damage = _damage * 125 / 100 (contracts/safe/safe_159_SAFE.sol#1904)
CryptoSagaDungeonVer1.enterDungeon(uint256[4],uint32) (contracts/safe/safe_159_SAFE.sol#1713-1996) performs a multiplication on the result of a division:
	- _damage = _damage * 150 / 100 (contracts/safe/safe_159_SAFE.sol#1895)
	- _damage = _damage * 150 / 100 (contracts/safe/safe_159_SAFE.sol#1899)
CryptoSagaDungeonVer1.enterDungeon(uint256[4],uint32) (contracts/safe/safe_159_SAFE.sol#1713-1996) performs a multiplication on the result of a division:
	- _damage = _damage * 0 (contracts/safe/safe_159_SAFE.sol#1889)
	- _damage = _damage * 150 / 100 (contracts/safe/safe_159_SAFE.sol#1895)
CryptoSagaDungeonVer1.enterDungeon(uint256[4],uint32) (contracts/safe/safe_159_SAFE.sol#1713-1996) performs a multiplication on the result of a division:
	- _damage = _damage * 0 (contracts/safe/safe_159_SAFE.sol#1885)
	- _damage = _damage * 150 / 100 (contracts/safe/safe_159_SAFE.sol#1895)
CryptoSagaDungeonVer1.giveReward(uint256[4],uint32,uint8,bool,uint32[4]) (contracts/safe/safe_159_SAFE.sol#2040-2075) performs a multiplication on the result of a division:
	- _goldRewardGiven = goldReward / 5 * sqrt(_progress) (contracts/safe/safe_159_SAFE.sol#2053)
CryptoSagaDungeonVer1.giveReward(uint256[4],uint32,uint8,bool,uint32[4]) (contracts/safe/safe_159_SAFE.sol#2040-2075) performs a multiplication on the result of a division:
	- _goldRewardGiven = goldReward / 25 * sqrt(_progress) (contracts/safe/safe_159_SAFE.sol#2049)
Reference: https://github.com/crytic/slither/wiki/Detector-Documentation#divide-before-multiply

Detector: reentrancy-no-eth
Reentrancy in CryptoSagaDungeonVer1.enterDungeon(uint256[4],uint32) (contracts/safe/safe_159_SAFE.sol#1713-1996):
	External calls:
	- require(bool)(progressContract.getProgressOfAddressAndId(msg.sender,previousDungeonId) >= requiredProgressOfPreviousDungeon) (contracts/safe/safe_159_SAFE.sol#1725)
	- require(bool)(_tryingProgress <= progressContract.getProgressOfAddressAndId(msg.sender,locationId) + 1) (contracts/safe/safe_159_SAFE.sol#1732)
	- require(bool)(checkOwnershipAndAvailability(msg.sender,_tokenIds)) (contracts/safe/safe_159_SAFE.sol#1738)
		- (_tokenIds[0] == 0 || heroContract.ownerOf(_tokenIds[0]) == _playerAddress) && (_tokenIds[1] == 0 || heroContract.ownerOf(_tokenIds[1]) == _playerAddress) && (_tokenIds[2] == 0 || heroContract.ownerOf(_tokenIds[2]) == _playerAddress) && (_tokenIds[3] == 0 || heroContract.ownerOf(_tokenIds[3]) == _playerAddress) (contracts/safe/safe_159_SAFE.sol#2003)
		- (None,None,None,None,None,_heroAvailAts[0],None,None,None) = heroContract.getHeroInfo(_tokenIds[0]) (contracts/safe/safe_159_SAFE.sol#2008)
		- (None,None,None,None,None,_heroAvailAts[1],None,None,None) = heroContract.getHeroInfo(_tokenIds[1]) (contracts/safe/safe_159_SAFE.sol#2010)
		- (None,None,None,None,None,_heroAvailAts[2],None,None,None) = heroContract.getHeroInfo(_tokenIds[2]) (contracts/safe/safe_159_SAFE.sol#2012)
		- (None,None,None,None,None,_heroAvailAts[3],None,None,None) = heroContract.getHeroInfo(_tokenIds[3]) (contracts/safe/safe_159_SAFE.sol#2014)
	State variables written after the call(s):
	- addressToPlayRecordDateTime[msg.sender] = now (contracts/safe/safe_159_SAFE.sol#1741)
	CryptoSagaDungeonVer1.addressToPlayRecordDateTime (contracts/safe/safe_159_SAFE.sol#1530) can be used in cross function reentrancies:
	- CryptoSagaDungeonVer1.addressToPlayRecordDateTime (contracts/safe/safe_159_SAFE.sol#1530)
	- CryptoSagaDungeonVer1.enterDungeon(uint256[4],uint32) (contracts/safe/safe_159_SAFE.sol#1713-1996)
	- CryptoSagaDungeonVer1.getLastPlayDateTime(address) (contracts/safe/safe_159_SAFE.sol#1580-1585)
Reentrancy in CryptoSagaDungeonVer1.enterDungeon(uint256[4],uint32) (contracts/safe/safe_159_SAFE.sol#1713-1996):
	External calls:
	- require(bool)(progressContract.getProgressOfAddressAndId(msg.sender,previousDungeonId) >= requiredProgressOfPreviousDungeon) (contracts/safe/safe_159_SAFE.sol#1725)
	- require(bool)(_tryingProgress <= progressContract.getProgressOfAddressAndId(msg.sender,locationId) + 1) (contracts/safe/safe_159_SAFE.sol#1732)
	- require(bool)(checkOwnershipAndAvailability(msg.sender,_tokenIds)) (contracts/safe/safe_159_SAFE.sol#1738)
		- (_tokenIds[0] == 0 || heroContract.ownerOf(_tokenIds[0]) == _playerAddress) && (_tokenIds[1] == 0 || heroContract.ownerOf(_tokenIds[1]) == _playerAddress) && (_tokenIds[2] == 0 || heroContract.ownerOf(_tokenIds[2]) == _playerAddress) && (_tokenIds[3] == 0 || heroContract.ownerOf(_tokenIds[3]) == _playerAddress) (contracts/safe/safe_159_SAFE.sol#2003)
		- (None,None,None,None,None,_heroAvailAts[0],None,None,None) = heroContract.getHeroInfo(_tokenIds[0]) (contracts/safe/safe_159_SAFE.sol#2008)
		- (None,None,None,None,None,_heroAvailAts[1],None,None,None) = heroContract.getHeroInfo(_tokenIds[1]) (contracts/safe/safe_159_SAFE.sol#2010)
		- (None,None,None,None,None,_heroAvailAts[2],None,None,None) = heroContract.getHeroInfo(_tokenIds[2]) (contracts/safe/safe_159_SAFE.sol#2012)
		- (None,None,None,None,None,_heroAvailAts[3],None,None,None) = heroContract.getHeroInfo(_tokenIds[3]) (contracts/safe/safe_159_SAFE.sol#2014)
	- _playRecord.unitClassIds[0] = heroContract.getHeroClassId(_tokenIds[0]) (contracts/safe/safe_159_SAFE.sol#1765)
	- (_playRecord.unitLevels[0],_turnInfo.originalExps[0],_unitStats[0],None,None) = correctedHeroContract.getCorrectedStats(_tokenIds[0]) (contracts/safe/safe_159_SAFE.sol#1766)
	- (None,None,None,None,_unitTypesAuras[0][0],None,_unitTypesAuras[0][1],None,None,None) = heroContract.getClassInfo(_playRecord.unitClassIds[0]) (contracts/safe/safe_159_SAFE.sol#1767)
	- _playRecord.unitClassIds[1] = heroContract.getHeroClassId(_tokenIds[1]) (contracts/safe/safe_159_SAFE.sol#1770)
	- (_playRecord.unitLevels[1],_turnInfo.originalExps[1],_unitStats[1],None,None) = correctedHeroContract.getCorrectedStats(_tokenIds[1]) (contracts/safe/safe_159_SAFE.sol#1771)
	- (None,None,None,None,_unitTypesAuras[1][0],None,_unitTypesAuras[1][1],None,None,None) = heroContract.getClassInfo(_playRecord.unitClassIds[1]) (contracts/safe/safe_159_SAFE.sol#1772)
	- _playRecord.unitClassIds[2] = heroContract.getHeroClassId(_tokenIds[2]) (contracts/safe/safe_159_SAFE.sol#1775)
	- (_playRecord.unitLevels[2],_turnInfo.originalExps[2],_unitStats[2],None,None) = correctedHeroContract.getCorrectedStats(_tokenIds[2]) (contracts/safe/safe_159_SAFE.sol#1776)
	- (None,None,None,None,_unitTypesAuras[2][0],None,_unitTypesAuras[2][1],None,None,None) = heroContract.getClassInfo(_playRecord.unitClassIds[2]) (contracts/safe/safe_159_SAFE.sol#1777)
	- _playRecord.unitClassIds[3] = heroContract.getHeroClassId(_tokenIds[3]) (contracts/safe/safe_159_SAFE.sol#1780)
	- (_playRecord.unitLevels[3],_turnInfo.originalExps[3],_unitStats[3],None,None) = correctedHeroContract.getCorrectedStats(_tokenIds[3]) (contracts/safe/safe_159_SAFE.sol#1781)
	- (None,None,None,None,_unitTypesAuras[3][0],None,_unitTypesAuras[3][1],None,None,None) = heroContract.getClassInfo(_playRecord.unitClassIds[3]) (contracts/safe/safe_159_SAFE.sol#1782)
	- (None,None,None,None,_unitTypesAuras[4][0],None,_unitTypesAuras[4][1],_tmpEnemyBaseStatsAndIVs[0],_tmpEnemyBaseStatsAndIVs[4],None) = heroContract.getClassInfo(_enemyCombination.enemySlotClassIds[0]) (contracts/safe/safe_159_SAFE.sol#1796)
	- (None,None,None,None,_unitTypesAuras[5][0],None,_unitTypesAuras[5][1],_tmpEnemyBaseStatsAndIVs[1],_tmpEnemyBaseStatsAndIVs[5],None) = heroContract.getClassInfo(_enemyCombination.enemySlotClassIds[1]) (contracts/safe/safe_159_SAFE.sol#1797)
	- (None,None,None,None,_unitTypesAuras[6][0],None,_unitTypesAuras[6][1],_tmpEnemyBaseStatsAndIVs[2],_tmpEnemyBaseStatsAndIVs[6],None) = heroContract.getClassInfo(_enemyCombination.enemySlotClassIds[2]) (contracts/safe/safe_159_SAFE.sol#1798)
	- (None,None,None,None,_unitTypesAuras[7][0],None,_unitTypesAuras[7][1],_tmpEnemyBaseStatsAndIVs[3],_tmpEnemyBaseStatsAndIVs[7],None) = heroContract.getClassInfo(_enemyCombination.enemySlotClassIds[3]) (contracts/safe/safe_159_SAFE.sol#1799)
	State variables written after the call(s):
	- min(max(((_unitStats[_slotId][3] * 150 / 100) - _unitStats[_targetSlotId][2]),75),99) <= random(100,0) (contracts/safe/safe_159_SAFE.sol#1884)
		- seed = seed % uint32(1103515245) + 12345 (contracts/safe/safe_159_SAFE.sol#2084)
	CryptoSagaDungeonVer1.seed (contracts/safe/safe_159_SAFE.sol#1546) can be used in cross function reentrancies:
	- CryptoSagaDungeonVer1.enterDungeon(uint256[4],uint32) (contracts/safe/safe_159_SAFE.sol#1713-1996)
	- CryptoSagaDungeonVer1.random(uint32,uint32) (contracts/safe/safe_159_SAFE.sol#2078-2086)
	- 75 <= random(100,0) (contracts/safe/safe_159_SAFE.sol#1888)
		- seed = seed % uint32(1103515245) + 12345 (contracts/safe/safe_159_SAFE.sol#2084)
	CryptoSagaDungeonVer1.seed (contracts/safe/safe_159_SAFE.sol#1546) can be used in cross function reentrancies:
	- CryptoSagaDungeonVer1.enterDungeon(uint256[4],uint32) (contracts/safe/safe_159_SAFE.sol#1713-1996)
	- CryptoSagaDungeonVer1.random(uint32,uint32) (contracts/safe/safe_159_SAFE.sol#2078-2086)
	- min(max((_unitStats[_slotId][3] - _unitStats[_targetSlotId][3]),5),75) > random(100,0) (contracts/safe/safe_159_SAFE.sol#1894)
		- seed = seed % uint32(1103515245) + 12345 (contracts/safe/safe_159_SAFE.sol#2084)
	CryptoSagaDungeonVer1.seed (contracts/safe/safe_159_SAFE.sol#1546) can be used in cross function reentrancies:
	- CryptoSagaDungeonVer1.enterDungeon(uint256[4],uint32) (contracts/safe/safe_159_SAFE.sol#1713-1996)
	- CryptoSagaDungeonVer1.random(uint32,uint32) (contracts/safe/safe_159_SAFE.sol#2078-2086)
	- 5 > random(100,0) (contracts/safe/safe_159_SAFE.sol#1898)
		- seed = seed % uint32(1103515245) + 12345 (contracts/safe/safe_159_SAFE.sol#2084)
	CryptoSagaDungeonVer1.seed (contracts/safe/safe_159_SAFE.sol#1546) can be used in cross function reentrancies:
	- CryptoSagaDungeonVer1.enterDungeon(uint256[4],uint32) (contracts/safe/safe_159_SAFE.sol#1713-1996)
	- CryptoSagaDungeonVer1.random(uint32,uint32) (contracts/safe/safe_159_SAFE.sol#2078-2086)
Reentrancy in CryptoSagaDungeonVer1.enterDungeon(uint256[4],uint32) (contracts/safe/safe_159_SAFE.sol#1713-1996):
	External calls:
	- require(bool)(progressContract.getProgressOfAddressAndId(msg.sender,previousDungeonId) >= requiredProgressOfPreviousDungeon) (contracts/safe/safe_159_SAFE.sol#1725)
	- require(bool)(_tryingProgress <= progressContract.getProgressOfAddressAndId(msg.sender,locationId) + 1) (contracts/safe/safe_159_SAFE.sol#1732)
	- require(bool)(checkOwnershipAndAvailability(msg.sender,_tokenIds)) (contracts/safe/safe_159_SAFE.sol#1738)
		- (_tokenIds[0] == 0 || heroContract.ownerOf(_tokenIds[0]) == _playerAddress) && (_tokenIds[1] == 0 || heroContract.ownerOf(_tokenIds[1]) == _playerAddress) && (_tokenIds[2] == 0 || heroContract.ownerOf(_tokenIds[2]) == _playerAddress) && (_tokenIds[3] == 0 || heroContract.ownerOf(_tokenIds[3]) == _playerAddress) (contracts/safe/safe_159_SAFE.sol#2003)
		- (None,None,None,None,None,_heroAvailAts[0],None,None,None) = heroContract.getHeroInfo(_tokenIds[0]) (contracts/safe/safe_159_SAFE.sol#2008)
		- (None,None,None,None,None,_heroAvailAts[1],None,None,None) = heroContract.getHeroInfo(_tokenIds[1]) (contracts/safe/safe_159_SAFE.sol#2010)
		- (None,None,None,None,None,_heroAvailAts[2],None,None,None) = heroContract.getHeroInfo(_tokenIds[2]) (contracts/safe/safe_159_SAFE.sol#2012)
		- (None,None,None,None,None,_heroAvailAts[3],None,None,None) = heroContract.getHeroInfo(_tokenIds[3]) (contracts/safe/safe_159_SAFE.sol#2014)
	- _playRecord.unitClassIds[0] = heroContract.getHeroClassId(_tokenIds[0]) (contracts/safe/safe_159_SAFE.sol#1765)
	- (_playRecord.unitLevels[0],_turnInfo.originalExps[0],_unitStats[0],None,None) = correctedHeroContract.getCorrectedStats(_tokenIds[0]) (contracts/safe/safe_159_SAFE.sol#1766)
	- (None,None,None,None,_unitTypesAuras[0][0],None,_unitTypesAuras[0][1],None,None,None) = heroContract.getClassInfo(_playRecord.unitClassIds[0]) (contracts/safe/safe_159_SAFE.sol#1767)
	- _playRecord.unitClassIds[1] = heroContract.getHeroClassId(_tokenIds[1]) (contracts/safe/safe_159_SAFE.sol#1770)
	- (_playRecord.unitLevels[1],_turnInfo.originalExps[1],_unitStats[1],None,None) = correctedHeroContract.getCorrectedStats(_tokenIds[1]) (contracts/safe/safe_159_SAFE.sol#1771)
	- (None,None,None,None,_unitTypesAuras[1][0],None,_unitTypesAuras[1][1],None,None,None) = heroContract.getClassInfo(_playRecord.unitClassIds[1]) (contracts/safe/safe_159_SAFE.sol#1772)
	- _playRecord.unitClassIds[2] = heroContract.getHeroClassId(_tokenIds[2]) (contracts/safe/safe_159_SAFE.sol#1775)
	- (_playRecord.unitLevels[2],_turnInfo.originalExps[2],_unitStats[2],None,None) = correctedHeroContract.getCorrectedStats(_tokenIds[2]) (contracts/safe/safe_159_SAFE.sol#1776)
	- (None,None,None,None,_unitTypesAuras[2][0],None,_unitTypesAuras[2][1],None,None,None) = heroContract.getClassInfo(_playRecord.unitClassIds[2]) (contracts/safe/safe_159_SAFE.sol#1777)
	- _playRecord.unitClassIds[3] = heroContract.getHeroClassId(_tokenIds[3]) (contracts/safe/safe_159_SAFE.sol#1780)
	- (_playRecord.unitLevels[3],_turnInfo.originalExps[3],_unitStats[3],None,None) = correctedHeroContract.getCorrectedStats(_tokenIds[3]) (contracts/safe/safe_159_SAFE.sol#1781)
	- (None,None,None,None,_unitTypesAuras[3][0],None,_unitTypesAuras[3][1],None,None,None) = heroContract.getClassInfo(_playRecord.unitClassIds[3]) (contracts/safe/safe_159_SAFE.sol#1782)
	- (None,None,None,None,_unitTypesAuras[4][0],None,_unitTypesAuras[4][1],_tmpEnemyBaseStatsAndIVs[0],_tmpEnemyBaseStatsAndIVs[4],None) = heroContract.getClassInfo(_enemyCombination.enemySlotClassIds[0]) (contracts/safe/safe_159_SAFE.sol#1796)
	- (None,None,None,None,_unitTypesAuras[5][0],None,_unitTypesAuras[5][1],_tmpEnemyBaseStatsAndIVs[1],_tmpEnemyBaseStatsAndIVs[5],None) = heroContract.getClassInfo(_enemyCombination.enemySlotClassIds[1]) (contracts/safe/safe_159_SAFE.sol#1797)
	- (None,None,None,None,_unitTypesAuras[6][0],None,_unitTypesAuras[6][1],_tmpEnemyBaseStatsAndIVs[2],_tmpEnemyBaseStatsAndIVs[6],None) = heroContract.getClassInfo(_enemyCombination.enemySlotClassIds[2]) (contracts/safe/safe_159_SAFE.sol#1798)
	- (None,None,None,None,_unitTypesAuras[7][0],None,_unitTypesAuras[7][1],_tmpEnemyBaseStatsAndIVs[3],_tmpEnemyBaseStatsAndIVs[7],None) = heroContract.getClassInfo(_enemyCombination.enemySlotClassIds[3]) (contracts/safe/safe_159_SAFE.sol#1799)
	- heroContract.deploy(_tokenIds[0],locationId,coolHero) (contracts/safe/safe_159_SAFE.sol#1937)
	- heroContract.deploy(_tokenIds[1],locationId,coolHero) (contracts/safe/safe_159_SAFE.sol#1939)
	- heroContract.deploy(_tokenIds[2],locationId,coolHero) (contracts/safe/safe_159_SAFE.sol#1941)
	- heroContract.deploy(_tokenIds[3],locationId,coolHero) (contracts/safe/safe_159_SAFE.sol#1943)
	- TryDungeon(msg.sender,_tryingProgress,progressContract.getProgressOfAddressAndId(msg.sender,locationId),true) (contracts/safe/safe_159_SAFE.sol#1959)
	- _tryingProgress == progressContract.getProgressOfAddressAndId(msg.sender,locationId) + 1 (contracts/safe/safe_159_SAFE.sol#1962)
	- progressContract.incrementProgressOfAddressAndId(msg.sender,locationId) (contracts/safe/safe_159_SAFE.sol#1964)
	- (_playRecord.expReward,_playRecord.goldReward) = giveReward(_tokenIds,_tryingProgress,_deadEnemies,false,_turnInfo.originalExps) (contracts/safe/safe_159_SAFE.sol#1966)
		- goldContract.mint(msg.sender,_goldRewardGiven) (contracts/safe/safe_159_SAFE.sol#2062)
		- heroContract.addExp(_heroes[0],uint32(2) ** 32 - _originalExps[0] + _expRewardGiven) (contracts/safe/safe_159_SAFE.sol#2066)
		- heroContract.addExp(_heroes[1],uint32(2) ** 32 - _originalExps[1] + _expRewardGiven) (contracts/safe/safe_159_SAFE.sol#2068)
		- heroContract.addExp(_heroes[2],uint32(2) ** 32 - _originalExps[2] + _expRewardGiven) (contracts/safe/safe_159_SAFE.sol#2070)
		- heroContract.addExp(_heroes[3],uint32(2) ** 32 - _originalExps[3] + _expRewardGiven) (contracts/safe/safe_159_SAFE.sol#2072)
	- cardContract.mint(msg.sender,1,3) (contracts/safe/safe_159_SAFE.sol#1969)
	- (_playRecord.expReward,_playRecord.goldReward) = giveReward(_tokenIds,_tryingProgress,_deadEnemies,true,_turnInfo.originalExps) (contracts/safe/safe_159_SAFE.sol#1973)
		- goldContract.mint(msg.sender,_goldRewardGiven) (contracts/safe/safe_159_SAFE.sol#2062)
		- heroContract.addExp(_heroes[0],uint32(2) ** 32 - _originalExps[0] + _expRewardGiven) (contracts/safe/safe_159_SAFE.sol#2066)
		- heroContract.addExp(_heroes[1],uint32(2) ** 32 - _originalExps[1] + _expRewardGiven) (contracts/safe/safe_159_SAFE.sol#2068)
		- heroContract.addExp(_heroes[2],uint32(2) ** 32 - _originalExps[2] + _expRewardGiven) (contracts/safe/safe_159_SAFE.sol#2070)
		- heroContract.addExp(_heroes[3],uint32(2) ** 32 - _originalExps[3] + _expRewardGiven) (contracts/safe/safe_159_SAFE.sol#2072)
	State variables written after the call(s):
	- createNewCombination(msg.sender) (contracts/safe/safe_159_SAFE.sol#1977)
		- addressToEnemyCombination[_playerAddress] = _newCombination (contracts/safe/safe_159_SAFE.sol#2036)
	CryptoSagaDungeonVer1.addressToEnemyCombination (contracts/safe/safe_159_SAFE.sol#1527) can be used in cross function reentrancies:
	- CryptoSagaDungeonVer1.addressToEnemyCombination (contracts/safe/safe_159_SAFE.sol#1527)
	- CryptoSagaDungeonVer1.createNewCombination(address) (contracts/safe/safe_159_SAFE.sol#2028-2037)
	- CryptoSagaDungeonVer1.enterDungeon(uint256[4],uint32) (contracts/safe/safe_159_SAFE.sol#1713-1996)
	- CryptoSagaDungeonVer1.getEnemyCombinationOfAddress(address) (contracts/safe/safe_159_SAFE.sol#1557-1569)
	- createNewCombination(msg.sender) (contracts/safe/safe_159_SAFE.sol#1977)
		- seed = seed % uint32(1103515245) + 12345 (contracts/safe/safe_159_SAFE.sol#2084)
	CryptoSagaDungeonVer1.seed (contracts/safe/safe_159_SAFE.sol#1546) can be used in cross function reentrancies:
	- CryptoSagaDungeonVer1.enterDungeon(uint256[4],uint32) (contracts/safe/safe_159_SAFE.sol#1713-1996)
	- CryptoSagaDungeonVer1.random(uint32,uint32) (contracts/safe/safe_159_SAFE.sol#2078-2086)
Reentrancy in CryptoSagaCard.swap(uint256) (contracts/safe/safe_159_SAFE.sol#749-761):
	External calls:
	- _rewardId = swapContract.swapCardForReward(this,_rank) (contracts/safe/safe_159_SAFE.sol#757)
	State variables written after the call(s):
	- _burn(_tokenId) (contracts/safe/safe_159_SAFE.sol#759)
		- tokenOwner[_tokenId] = 0 (contracts/safe/safe_159_SAFE.sol#383)
	ERC721Token.tokenOwner (contracts/safe/safe_159_SAFE.sol#198) can be used in cross function reentrancies:
	- ERC721Token.addToken(address,uint256) (contracts/safe/safe_159_SAFE.sol#362-369)
	- ERC721Token.ownerOf(uint256) (contracts/safe/safe_159_SAFE.sol#249-253)
	- ERC721Token.removeToken(address,uint256) (contracts/safe/safe_159_SAFE.sol#376-394)
Reentrancy in CryptoSagaHero.withdrawDeposit(uint256) (contracts/safe/safe_159_SAFE.sol#1308-1318):
	External calls:
	- goldContract.transfer(msg.sender,_amount) (contracts/safe/safe_159_SAFE.sol#1314)
	State variables written after the call(s):
	- addressToGoldDeposit[msg.sender] -= _amount (contracts/safe/safe_159_SAFE.sol#1316)
	CryptoSagaHero.addressToGoldDeposit (contracts/safe/safe_159_SAFE.sol#891) can be used in cross function reentrancies:
	- CryptoSagaHero.addDeposit(address,uint256) (contracts/safe/safe_159_SAFE.sol#1233-1239)
	- CryptoSagaHero.addressToGoldDeposit (contracts/safe/safe_159_SAFE.sol#891)
	- CryptoSagaHero.getGoldDepositOfAddress(address) (contracts/safe/safe_159_SAFE.sol#1027-1032)
	- CryptoSagaHero.levelUp(uint256) (contracts/safe/safe_159_SAFE.sol#1243-1291)
	- CryptoSagaHero.transferDeposit(uint256) (contracts/safe/safe_159_SAFE.sol#1294-1305)
	- CryptoSagaHero.withdrawDeposit(uint256) (contracts/safe/safe_159_SAFE.sol#1308-1318)
Reference: https://github.com/crytic/slither/wiki/Detector-Documentation#reentrancy-vulnerabilities-2

Detector: uninitialized-local
CryptoSagaHero.mint(address,uint32)._initialStats (contracts/safe/safe_159_SAFE.sol#1157) is a local variable never initialized
CryptoSagaDungeonVer1.checkOwnershipAndAvailability(address,uint256[4])._heroAvailAts (contracts/safe/safe_159_SAFE.sol#2006) is a local variable never initialized
CryptoSagaDungeonVer1.enterDungeon(uint256[4],uint32)._unitAGLs (contracts/safe/safe_159_SAFE.sol#1823) is a local variable never initialized
CryptoSagaDungeonVer1.createNewCombination(address)._newCombination (contracts/safe/safe_159_SAFE.sol#2031) is a local variable never initialized
CryptoSagaDungeonVer1.enterDungeon(uint256[4],uint32)._playRecord (contracts/safe/safe_159_SAFE.sol#1747) is a local variable never initialized
CryptoSagaDungeonVer1.enterDungeon(uint256[4],uint32)._unitStats (contracts/safe/safe_159_SAFE.sol#1760) is a local variable never initialized
CryptoSagaHero.mint(address,uint32)._ivForStats (contracts/safe/safe_159_SAFE.sol#1156) is a local variable never initialized
CryptoSagaDungeonVer1.enterDungeon(uint256[4],uint32)._turnInfo (contracts/safe/safe_159_SAFE.sol#1756) is a local variable never initialized
Reference: https://github.com/crytic/slither/wiki/Detector-Documentation#uninitialized-local-variables

Detector: unused-return
CryptoSagaCorrectedHeroStats.getCorrectedStats(uint256) (contracts/safe/safe_159_SAFE.sol#1351-1365) ignores return value by (None,None,_currentLevel,_currentExp,None,None,_currentStats,_ivs,None) = heroContract.getHeroInfo(_tokenId) (contracts/safe/safe_159_SAFE.sol#1355)
CryptoSagaCorrectedHeroStats.getCorrectedTotalBPOfAddress(address) (contracts/safe/safe_159_SAFE.sol#1368-1387) ignores return value by (None,None,_currentLevel,None,None,None,_currentStats,_ivs,None) = heroContract.getHeroInfo(heroContract.getTokenIdOfAddressAndIndex(_address,i)) (contracts/safe/safe_159_SAFE.sol#1377)
CryptoSagaCorrectedHeroStats.getCorrectedTotalBPOfTokens(uint256[]) (contracts/safe/safe_159_SAFE.sol#1390-1407) ignores return value by (None,None,_currentLevel,None,None,None,_currentStats,_ivs,None) = heroContract.getHeroInfo(_tokens[i]) (contracts/safe/safe_159_SAFE.sol#1397)
CryptoSagaDungeonVer1.enterDungeon(uint256[4],uint32) (contracts/safe/safe_159_SAFE.sol#1713-1996) ignores return value by (_playRecord.unitLevels[0],_turnInfo.originalExps[0],_unitStats[0],None,None) = correctedHeroContract.getCorrectedStats(_tokenIds[0]) (contracts/safe/safe_159_SAFE.sol#1766)
CryptoSagaDungeonVer1.enterDungeon(uint256[4],uint32) (contracts/safe/safe_159_SAFE.sol#1713-1996) ignores return value by (None,None,None,None,_unitTypesAuras[0][0],None,_unitTypesAuras[0][1],None,None,None) = heroContract.getClassInfo(_playRecord.unitClassIds[0]) (contracts/safe/safe_159_SAFE.sol#1767)
CryptoSagaDungeonVer1.enterDungeon(uint256[4],uint32) (contracts/safe/safe_159_SAFE.sol#1713-1996) ignores return value by (_playRecord.unitLevels[1],_turnInfo.originalExps[1],_unitStats[1],None,None) = correctedHeroContract.getCorrectedStats(_tokenIds[1]) (contracts/safe/safe_159_SAFE.sol#1771)
CryptoSagaDungeonVer1.enterDungeon(uint256[4],uint32) (contracts/safe/safe_159_SAFE.sol#1713-1996) ignores return value by (None,None,None,None,_unitTypesAuras[1][0],None,_unitTypesAuras[1][1],None,None,None) = heroContract.getClassInfo(_playRecord.unitClassIds[1]) (contracts/safe/safe_159_SAFE.sol#1772)
CryptoSagaDungeonVer1.enterDungeon(uint256[4],uint32) (contracts/safe/safe_159_SAFE.sol#1713-1996) ignores return value by (_playRecord.unitLevels[2],_turnInfo.originalExps[2],_unitStats[2],None,None) = correctedHeroContract.getCorrectedStats(_tokenIds[2]) (contracts/safe/safe_159_SAFE.sol#1776)
CryptoSagaDungeonVer1.enterDungeon(uint256[4],uint32) (contracts/safe/safe_159_SAFE.sol#1713-1996) ignores return value by (None,None,None,None,_unitTypesAuras[2][0],None,_unitTypesAuras[2][1],None,None,None) = heroContract.getClassInfo(_playRecord.unitClassIds[2]) (contracts/safe/safe_159_SAFE.sol#1777)
CryptoSagaDungeonVer1.enterDungeon(uint256[4],uint32) (contracts/safe/safe_159_SAFE.sol#1713-1996) ignores return value by (_playRecord.unitLevels[3],_turnInfo.originalExps[3],_unitStats[3],None,None) = correctedHeroContract.getCorrectedStats(_tokenIds[3]) (contracts/safe/safe_159_SAFE.sol#1781)
CryptoSagaDungeonVer1.enterDungeon(uint256[4],uint32) (contracts/safe/safe_159_SAFE.sol#1713-1996) ignores return value by (None,None,None,None,_unitTypesAuras[3][0],None,_unitTypesAuras[3][1],None,None,None) = heroContract.getClassInfo(_playRecord.unitClassIds[3]) (contracts/safe/safe_159_SAFE.sol#1782)
CryptoSagaDungeonVer1.enterDungeon(uint256[4],uint32) (contracts/safe/safe_159_SAFE.sol#1713-1996) ignores return value by (None,None,None,None,_unitTypesAuras[4][0],None,_unitTypesAuras[4][1],_tmpEnemyBaseStatsAndIVs[0],_tmpEnemyBaseStatsAndIVs[4],None) = heroContract.getClassInfo(_enemyCombination.enemySlotClassIds[0]) (contracts/safe/safe_159_SAFE.sol#1796)
CryptoSagaDungeonVer1.enterDungeon(uint256[4],uint32) (contracts/safe/safe_159_SAFE.sol#1713-1996) ignores return value by (None,None,None,None,_unitTypesAuras[5][0],None,_unitTypesAuras[5][1],_tmpEnemyBaseStatsAndIVs[1],_tmpEnemyBaseStatsAndIVs[5],None) = heroContract.getClassInfo(_enemyCombination.enemySlotClassIds[1]) (contracts/safe/safe_159_SAFE.sol#1797)
CryptoSagaDungeonVer1.enterDungeon(uint256[4],uint32) (contracts/safe/safe_159_SAFE.sol#1713-1996) ignores return value by (None,None,None,None,_unitTypesAuras[6][0],None,_unitTypesAuras[6][1],_tmpEnemyBaseStatsAndIVs[2],_tmpEnemyBaseStatsAndIVs[6],None) = heroContract.getClassInfo(_enemyCombination.enemySlotClassIds[2]) (contracts/safe/safe_159_SAFE.sol#1798)
CryptoSagaDungeonVer1.enterDungeon(uint256[4],uint32) (contracts/safe/safe_159_SAFE.sol#1713-1996) ignores return value by (None,None,None,None,_unitTypesAuras[7][0],None,_unitTypesAuras[7][1],_tmpEnemyBaseStatsAndIVs[3],_tmpEnemyBaseStatsAndIVs[7],None) = heroContract.getClassInfo(_enemyCombination.enemySlotClassIds[3]) (contracts/safe/safe_159_SAFE.sol#1799)
CryptoSagaDungeonVer1.enterDungeon(uint256[4],uint32) (contracts/safe/safe_159_SAFE.sol#1713-1996) ignores return value by heroContract.deploy(_tokenIds[0],locationId,coolHero) (contracts/safe/safe_159_SAFE.sol#1937)
CryptoSagaDungeonVer1.enterDungeon(uint256[4],uint32) (contracts/safe/safe_159_SAFE.sol#1713-1996) ignores return value by heroContract.deploy(_tokenIds[1],locationId,coolHero) (contracts/safe/safe_159_SAFE.sol#1939)
CryptoSagaDungeonVer1.enterDungeon(uint256[4],uint32) (contracts/safe/safe_159_SAFE.sol#1713-1996) ignores return value by heroContract.deploy(_tokenIds[2],locationId,coolHero) (contracts/safe/safe_159_SAFE.sol#1941)
CryptoSagaDungeonVer1.enterDungeon(uint256[4],uint32) (contracts/safe/safe_159_SAFE.sol#1713-1996) ignores return value by heroContract.deploy(_tokenIds[3],locationId,coolHero) (contracts/safe/safe_159_SAFE.sol#1943)
CryptoSagaDungeonVer1.checkOwnershipAndAvailability(address,uint256[4]) (contracts/safe/safe_159_SAFE.sol#1999-2024) ignores return value by (None,None,None,None,None,_heroAvailAts[0],None,None,None) = heroContract.getHeroInfo(_tokenIds[0]) (contracts/safe/safe_159_SAFE.sol#2008)
CryptoSagaDungeonVer1.checkOwnershipAndAvailability(address,uint256[4]) (contracts/safe/safe_159_SAFE.sol#1999-2024) ignores return value by (None,None,None,None,None,_heroAvailAts[1],None,None,None) = heroContract.getHeroInfo(_tokenIds[1]) (contracts/safe/safe_159_SAFE.sol#2010)
CryptoSagaDungeonVer1.checkOwnershipAndAvailability(address,uint256[4]) (contracts/safe/safe_159_SAFE.sol#1999-2024) ignores return value by (None,None,None,None,None,_heroAvailAts[2],None,None,None) = heroContract.getHeroInfo(_tokenIds[2]) (contracts/safe/safe_159_SAFE.sol#2012)
CryptoSagaDungeonVer1.checkOwnershipAndAvailability(address,uint256[4]) (contracts/safe/safe_159_SAFE.sol#1999-2024) ignores return value by (None,None,None,None,None,_heroAvailAts[3],None,None,None) = heroContract.getHeroInfo(_tokenIds[3]) (contracts/safe/safe_159_SAFE.sol#2014)
CryptoSagaDungeonVer1.giveReward(uint256[4],uint32,uint8,bool,uint32[4]) (contracts/safe/safe_159_SAFE.sol#2040-2075) ignores return value by goldContract.mint(msg.sender,_goldRewardGiven) (contracts/safe/safe_159_SAFE.sol#2062)
CryptoSagaDungeonVer1.giveReward(uint256[4],uint32,uint8,bool,uint32[4]) (contracts/safe/safe_159_SAFE.sol#2040-2075) ignores return value by heroContract.addExp(_heroes[0],uint32(2) ** 32 - _originalExps[0] + _expRewardGiven) (contracts/safe/safe_159_SAFE.sol#2066)
CryptoSagaDungeonVer1.giveReward(uint256[4],uint32,uint8,bool,uint32[4]) (contracts/safe/safe_159_SAFE.sol#2040-2075) ignores return value by heroContract.addExp(_heroes[1],uint32(2) ** 32 - _originalExps[1] + _expRewardGiven) (contracts/safe/safe_159_SAFE.sol#2068)
CryptoSagaDungeonVer1.giveReward(uint256[4],uint32,uint8,bool,uint32[4]) (contracts/safe/safe_159_SAFE.sol#2040-2075) ignores return value by heroContract.addExp(_heroes[2],uint32(2) ** 32 - _originalExps[2] + _expRewardGiven) (contracts/safe/safe_159_SAFE.sol#2070)
CryptoSagaDungeonVer1.giveReward(uint256[4],uint32,uint8,bool,uint32[4]) (contracts/safe/safe_159_SAFE.sol#2040-2075) ignores return value by heroContract.addExp(_heroes[3],uint32(2) ** 32 - _originalExps[3] + _expRewardGiven) (contracts/safe/safe_159_SAFE.sol#2072)
Reference: https://github.com/crytic/slither/wiki/Detector-Documentation#unused-return

Detector: events-access
Claimable.transferOwnership(address) (contracts/safe/safe_159_SAFE.sol#111-113) should emit an event for: 
	- pendingOwner = newOwner (contracts/safe/safe_159_SAFE.sol#112) 
CryptoSagaCardSwap.setCardContract(address) (contracts/safe/safe_159_SAFE.sol#783-788) should emit an event for: 
	- cardAddess = _contractAddress (contracts/safe/safe_159_SAFE.sol#787) 
Reference: https://github.com/crytic/slither/wiki/Detector-Documentation#missing-events-access-control

Detector: events-maths
CryptoSagaHero.setRequiredExpIncreaseFactor(uint32) (contracts/safe/safe_159_SAFE.sol#1072-1077) should emit an event for: 
	- requiredExpIncreaseFactor = _value (contracts/safe/safe_159_SAFE.sol#1076) 
CryptoSagaHero.setRequiredGoldIncreaseFactor(uint256) (contracts/safe/safe_159_SAFE.sol#1080-1085) should emit an event for: 
	- requiredGoldIncreaseFactor = _value (contracts/safe/safe_159_SAFE.sol#1084) 
CryptoSagaDungeonVer1.setExpReward(uint32) (contracts/safe/safe_159_SAFE.sol#1631-1636) should emit an event for: 
	- expReward = _value (contracts/safe/safe_159_SAFE.sol#1635) 
CryptoSagaDungeonVer1.setGoldReward(uint256) (contracts/safe/safe_159_SAFE.sol#1639-1644) should emit an event for: 
	- goldReward = _value (contracts/safe/safe_159_SAFE.sol#1643) 
Reference: https://github.com/crytic/slither/wiki/Detector-Documentation#missing-events-arithmetic

Detector: missing-zero-check
Claimable.transferOwnership(address).newOwner (contracts/safe/safe_159_SAFE.sol#111) lacks a zero-check on :
		- pendingOwner = newOwner (contracts/safe/safe_159_SAFE.sol#112)
CryptoSagaCardSwap.setCardContract(address)._contractAddress (contracts/safe/safe_159_SAFE.sol#783) lacks a zero-check on :
		- cardAddess = _contractAddress (contracts/safe/safe_159_SAFE.sol#787)
Reference: https://github.com/crytic/slither/wiki/Detector-Documentation#missing-zero-address-validation

Detector: calls-loop
CryptoSagaCorrectedHeroStats.getCorrectedTotalBPOfAddress(address) (contracts/safe/safe_159_SAFE.sol#1368-1387) has external calls inside a loop: (None,None,_currentLevel,None,None,None,_currentStats,_ivs,None) = heroContract.getHeroInfo(heroContract.getTokenIdOfAddressAndIndex(_address,i)) (contracts/safe/safe_159_SAFE.sol#1377)
CryptoSagaCorrectedHeroStats.getCorrectedTotalBPOfTokens(uint256[]) (contracts/safe/safe_159_SAFE.sol#1390-1407) has external calls inside a loop: (None,None,_currentLevel,None,None,None,_currentStats,_ivs,None) = heroContract.getHeroInfo(_tokens[i]) (contracts/safe/safe_159_SAFE.sol#1397)
Reference: https://github.com/crytic/slither/wiki/Detector-Documentation/#calls-inside-a-loop

Detector: reentrancy-benign
Reentrancy in CryptoSagaDungeonVer1.enterDungeon(uint256[4],uint32) (contracts/safe/safe_159_SAFE.sol#1713-1996):
	External calls:
	- require(bool)(progressContract.getProgressOfAddressAndId(msg.sender,previousDungeonId) >= requiredProgressOfPreviousDungeon) (contracts/safe/safe_159_SAFE.sol#1725)
	- require(bool)(_tryingProgress <= progressContract.getProgressOfAddressAndId(msg.sender,locationId) + 1) (contracts/safe/safe_159_SAFE.sol#1732)
	- require(bool)(checkOwnershipAndAvailability(msg.sender,_tokenIds)) (contracts/safe/safe_159_SAFE.sol#1738)
		- (_tokenIds[0] == 0 || heroContract.ownerOf(_tokenIds[0]) == _playerAddress) && (_tokenIds[1] == 0 || heroContract.ownerOf(_tokenIds[1]) == _playerAddress) && (_tokenIds[2] == 0 || heroContract.ownerOf(_tokenIds[2]) == _playerAddress) && (_tokenIds[3] == 0 || heroContract.ownerOf(_tokenIds[3]) == _playerAddress) (contracts/safe/safe_159_SAFE.sol#2003)
		- (None,None,None,None,None,_heroAvailAts[0],None,None,None) = heroContract.getHeroInfo(_tokenIds[0]) (contracts/safe/safe_159_SAFE.sol#2008)
		- (None,None,None,None,None,_heroAvailAts[1],None,None,None) = heroContract.getHeroInfo(_tokenIds[1]) (contracts/safe/safe_159_SAFE.sol#2010)
		- (None,None,None,None,None,_heroAvailAts[2],None,None,None) = heroContract.getHeroInfo(_tokenIds[2]) (contracts/safe/safe_159_SAFE.sol#2012)
		- (None,None,None,None,None,_heroAvailAts[3],None,None,None) = heroContract.getHeroInfo(_tokenIds[3]) (contracts/safe/safe_159_SAFE.sol#2014)
	State variables written after the call(s):
	- seed += uint32(now) (contracts/safe/safe_159_SAFE.sol#1744)
Reentrancy in CryptoSagaDungeonVer1.enterDungeon(uint256[4],uint32) (contracts/safe/safe_159_SAFE.sol#1713-1996):
	External calls:
	- require(bool)(progressContract.getProgressOfAddressAndId(msg.sender,previousDungeonId) >= requiredProgressOfPreviousDungeon) (contracts/safe/safe_159_SAFE.sol#1725)
	- require(bool)(_tryingProgress <= progressContract.getProgressOfAddressAndId(msg.sender,locationId) + 1) (contracts/safe/safe_159_SAFE.sol#1732)
	- require(bool)(checkOwnershipAndAvailability(msg.sender,_tokenIds)) (contracts/safe/safe_159_SAFE.sol#1738)
		- (_tokenIds[0] == 0 || heroContract.ownerOf(_tokenIds[0]) == _playerAddress) && (_tokenIds[1] == 0 || heroContract.ownerOf(_tokenIds[1]) == _playerAddress) && (_tokenIds[2] == 0 || heroContract.ownerOf(_tokenIds[2]) == _playerAddress) && (_tokenIds[3] == 0 || heroContract.ownerOf(_tokenIds[3]) == _playerAddress) (contracts/safe/safe_159_SAFE.sol#2003)
		- (None,None,None,None,None,_heroAvailAts[0],None,None,None) = heroContract.getHeroInfo(_tokenIds[0]) (contracts/safe/safe_159_SAFE.sol#2008)
		- (None,None,None,None,None,_heroAvailAts[1],None,None,None) = heroContract.getHeroInfo(_tokenIds[1]) (contracts/safe/safe_159_SAFE.sol#2010)
		- (None,None,None,None,None,_heroAvailAts[2],None,None,None) = heroContract.getHeroInfo(_tokenIds[2]) (contracts/safe/safe_159_SAFE.sol#2012)
		- (None,None,None,None,None,_heroAvailAts[3],None,None,None) = heroContract.getHeroInfo(_tokenIds[3]) (contracts/safe/safe_159_SAFE.sol#2014)
	- _playRecord.unitClassIds[0] = heroContract.getHeroClassId(_tokenIds[0]) (contracts/safe/safe_159_SAFE.sol#1765)
	- (_playRecord.unitLevels[0],_turnInfo.originalExps[0],_unitStats[0],None,None) = correctedHeroContract.getCorrectedStats(_tokenIds[0]) (contracts/safe/safe_159_SAFE.sol#1766)
	- (None,None,None,None,_unitTypesAuras[0][0],None,_unitTypesAuras[0][1],None,None,None) = heroContract.getClassInfo(_playRecord.unitClassIds[0]) (contracts/safe/safe_159_SAFE.sol#1767)
	- _playRecord.unitClassIds[1] = heroContract.getHeroClassId(_tokenIds[1]) (contracts/safe/safe_159_SAFE.sol#1770)
	- (_playRecord.unitLevels[1],_turnInfo.originalExps[1],_unitStats[1],None,None) = correctedHeroContract.getCorrectedStats(_tokenIds[1]) (contracts/safe/safe_159_SAFE.sol#1771)
	- (None,None,None,None,_unitTypesAuras[1][0],None,_unitTypesAuras[1][1],None,None,None) = heroContract.getClassInfo(_playRecord.unitClassIds[1]) (contracts/safe/safe_159_SAFE.sol#1772)
	- _playRecord.unitClassIds[2] = heroContract.getHeroClassId(_tokenIds[2]) (contracts/safe/safe_159_SAFE.sol#1775)
	- (_playRecord.unitLevels[2],_turnInfo.originalExps[2],_unitStats[2],None,None) = correctedHeroContract.getCorrectedStats(_tokenIds[2]) (contracts/safe/safe_159_SAFE.sol#1776)
	- (None,None,None,None,_unitTypesAuras[2][0],None,_unitTypesAuras[2][1],None,None,None) = heroContract.getClassInfo(_playRecord.unitClassIds[2]) (contracts/safe/safe_159_SAFE.sol#1777)
	- _playRecord.unitClassIds[3] = heroContract.getHeroClassId(_tokenIds[3]) (contracts/safe/safe_159_SAFE.sol#1780)
	- (_playRecord.unitLevels[3],_turnInfo.originalExps[3],_unitStats[3],None,None) = correctedHeroContract.getCorrectedStats(_tokenIds[3]) (contracts/safe/safe_159_SAFE.sol#1781)
	- (None,None,None,None,_unitTypesAuras[3][0],None,_unitTypesAuras[3][1],None,None,None) = heroContract.getClassInfo(_playRecord.unitClassIds[3]) (contracts/safe/safe_159_SAFE.sol#1782)
	State variables written after the call(s):
	- _enemyCombination = initialEnemyCombination (contracts/safe/safe_159_SAFE.sol#1790)
Reentrancy in CryptoSagaDungeonVer1.enterDungeon(uint256[4],uint32) (contracts/safe/safe_159_SAFE.sol#1713-1996):
	External calls:
	- require(bool)(progressContract.getProgressOfAddressAndId(msg.sender,previousDungeonId) >= requiredProgressOfPreviousDungeon) (contracts/safe/safe_159_SAFE.sol#1725)
	- require(bool)(_tryingProgress <= progressContract.getProgressOfAddressAndId(msg.sender,locationId) + 1) (contracts/safe/safe_159_SAFE.sol#1732)
	- require(bool)(checkOwnershipAndAvailability(msg.sender,_tokenIds)) (contracts/safe/safe_159_SAFE.sol#1738)
		- (_tokenIds[0] == 0 || heroContract.ownerOf(_tokenIds[0]) == _playerAddress) && (_tokenIds[1] == 0 || heroContract.ownerOf(_tokenIds[1]) == _playerAddress) && (_tokenIds[2] == 0 || heroContract.ownerOf(_tokenIds[2]) == _playerAddress) && (_tokenIds[3] == 0 || heroContract.ownerOf(_tokenIds[3]) == _playerAddress) (contracts/safe/safe_159_SAFE.sol#2003)
		- (None,None,None,None,None,_heroAvailAts[0],None,None,None) = heroContract.getHeroInfo(_tokenIds[0]) (contracts/safe/safe_159_SAFE.sol#2008)
		- (None,None,None,None,None,_heroAvailAts[1],None,None,None) = heroContract.getHeroInfo(_tokenIds[1]) (contracts/safe/safe_159_SAFE.sol#2010)
		- (None,None,None,None,None,_heroAvailAts[2],None,None,None) = heroContract.getHeroInfo(_tokenIds[2]) (contracts/safe/safe_159_SAFE.sol#2012)
		- (None,None,None,None,None,_heroAvailAts[3],None,None,None) = heroContract.getHeroInfo(_tokenIds[3]) (contracts/safe/safe_159_SAFE.sol#2014)
	- _playRecord.unitClassIds[0] = heroContract.getHeroClassId(_tokenIds[0]) (contracts/safe/safe_159_SAFE.sol#1765)
	- (_playRecord.unitLevels[0],_turnInfo.originalExps[0],_unitStats[0],None,None) = correctedHeroContract.getCorrectedStats(_tokenIds[0]) (contracts/safe/safe_159_SAFE.sol#1766)
	- (None,None,None,None,_unitTypesAuras[0][0],None,_unitTypesAuras[0][1],None,None,None) = heroContract.getClassInfo(_playRecord.unitClassIds[0]) (contracts/safe/safe_159_SAFE.sol#1767)
	- _playRecord.unitClassIds[1] = heroContract.getHeroClassId(_tokenIds[1]) (contracts/safe/safe_159_SAFE.sol#1770)
	- (_playRecord.unitLevels[1],_turnInfo.originalExps[1],_unitStats[1],None,None) = correctedHeroContract.getCorrectedStats(_tokenIds[1]) (contracts/safe/safe_159_SAFE.sol#1771)
	- (None,None,None,None,_unitTypesAuras[1][0],None,_unitTypesAuras[1][1],None,None,None) = heroContract.getClassInfo(_playRecord.unitClassIds[1]) (contracts/safe/safe_159_SAFE.sol#1772)
	- _playRecord.unitClassIds[2] = heroContract.getHeroClassId(_tokenIds[2]) (contracts/safe/safe_159_SAFE.sol#1775)
	- (_playRecord.unitLevels[2],_turnInfo.originalExps[2],_unitStats[2],None,None) = correctedHeroContract.getCorrectedStats(_tokenIds[2]) (contracts/safe/safe_159_SAFE.sol#1776)
	- (None,None,None,None,_unitTypesAuras[2][0],None,_unitTypesAuras[2][1],None,None,None) = heroContract.getClassInfo(_playRecord.unitClassIds[2]) (contracts/safe/safe_159_SAFE.sol#1777)
	- _playRecord.unitClassIds[3] = heroContract.getHeroClassId(_tokenIds[3]) (contracts/safe/safe_159_SAFE.sol#1780)
	- (_playRecord.unitLevels[3],_turnInfo.originalExps[3],_unitStats[3],None,None) = correctedHeroContract.getCorrectedStats(_tokenIds[3]) (contracts/safe/safe_159_SAFE.sol#1781)
	- (None,None,None,None,_unitTypesAuras[3][0],None,_unitTypesAuras[3][1],None,None,None) = heroContract.getClassInfo(_playRecord.unitClassIds[3]) (contracts/safe/safe_159_SAFE.sol#1782)
	- (None,None,None,None,_unitTypesAuras[4][0],None,_unitTypesAuras[4][1],_tmpEnemyBaseStatsAndIVs[0],_tmpEnemyBaseStatsAndIVs[4],None) = heroContract.getClassInfo(_enemyCombination.enemySlotClassIds[0]) (contracts/safe/safe_159_SAFE.sol#1796)
	- (None,None,None,None,_unitTypesAuras[5][0],None,_unitTypesAuras[5][1],_tmpEnemyBaseStatsAndIVs[1],_tmpEnemyBaseStatsAndIVs[5],None) = heroContract.getClassInfo(_enemyCombination.enemySlotClassIds[1]) (contracts/safe/safe_159_SAFE.sol#1797)
	- (None,None,None,None,_unitTypesAuras[6][0],None,_unitTypesAuras[6][1],_tmpEnemyBaseStatsAndIVs[2],_tmpEnemyBaseStatsAndIVs[6],None) = heroContract.getClassInfo(_enemyCombination.enemySlotClassIds[2]) (contracts/safe/safe_159_SAFE.sol#1798)
	- (None,None,None,None,_unitTypesAuras[7][0],None,_unitTypesAuras[7][1],_tmpEnemyBaseStatsAndIVs[3],_tmpEnemyBaseStatsAndIVs[7],None) = heroContract.getClassInfo(_enemyCombination.enemySlotClassIds[3]) (contracts/safe/safe_159_SAFE.sol#1799)
	- heroContract.deploy(_tokenIds[0],locationId,coolHero) (contracts/safe/safe_159_SAFE.sol#1937)
	- heroContract.deploy(_tokenIds[1],locationId,coolHero) (contracts/safe/safe_159_SAFE.sol#1939)
	- heroContract.deploy(_tokenIds[2],locationId,coolHero) (contracts/safe/safe_159_SAFE.sol#1941)
	- heroContract.deploy(_tokenIds[3],locationId,coolHero) (contracts/safe/safe_159_SAFE.sol#1943)
	- TryDungeon(msg.sender,_tryingProgress,progressContract.getProgressOfAddressAndId(msg.sender,locationId),true) (contracts/safe/safe_159_SAFE.sol#1959)
	- _tryingProgress == progressContract.getProgressOfAddressAndId(msg.sender,locationId) + 1 (contracts/safe/safe_159_SAFE.sol#1962)
	- progressContract.incrementProgressOfAddressAndId(msg.sender,locationId) (contracts/safe/safe_159_SAFE.sol#1964)
	- (_playRecord.expReward,_playRecord.goldReward) = giveReward(_tokenIds,_tryingProgress,_deadEnemies,false,_turnInfo.originalExps) (contracts/safe/safe_159_SAFE.sol#1966)
		- goldContract.mint(msg.sender,_goldRewardGiven) (contracts/safe/safe_159_SAFE.sol#2062)
		- heroContract.addExp(_heroes[0],uint32(2) ** 32 - _originalExps[0] + _expRewardGiven) (contracts/safe/safe_159_SAFE.sol#2066)
		- heroContract.addExp(_heroes[1],uint32(2) ** 32 - _originalExps[1] + _expRewardGiven) (contracts/safe/safe_159_SAFE.sol#2068)
		- heroContract.addExp(_heroes[2],uint32(2) ** 32 - _originalExps[2] + _expRewardGiven) (contracts/safe/safe_159_SAFE.sol#2070)
		- heroContract.addExp(_heroes[3],uint32(2) ** 32 - _originalExps[3] + _expRewardGiven) (contracts/safe/safe_159_SAFE.sol#2072)
	- cardContract.mint(msg.sender,1,3) (contracts/safe/safe_159_SAFE.sol#1969)
	- (_playRecord.expReward,_playRecord.goldReward) = giveReward(_tokenIds,_tryingProgress,_deadEnemies,true,_turnInfo.originalExps) (contracts/safe/safe_159_SAFE.sol#1973)
		- goldContract.mint(msg.sender,_goldRewardGiven) (contracts/safe/safe_159_SAFE.sol#2062)
		- heroContract.addExp(_heroes[0],uint32(2) ** 32 - _originalExps[0] + _expRewardGiven) (contracts/safe/safe_159_SAFE.sol#2066)
		- heroContract.addExp(_heroes[1],uint32(2) ** 32 - _originalExps[1] + _expRewardGiven) (contracts/safe/safe_159_SAFE.sol#2068)
		- heroContract.addExp(_heroes[2],uint32(2) ** 32 - _originalExps[2] + _expRewardGiven) (contracts/safe/safe_159_SAFE.sol#2070)
		- heroContract.addExp(_heroes[3],uint32(2) ** 32 - _originalExps[3] + _expRewardGiven) (contracts/safe/safe_159_SAFE.sol#2072)
	- TryDungeon(msg.sender,_tryingProgress,progressContract.getProgressOfAddressAndId(msg.sender,locationId),false) (contracts/safe/safe_159_SAFE.sol#1981)
	- (_playRecord.expReward,_playRecord.goldReward) = giveReward(_tokenIds,_tryingProgress,_deadEnemies,false,_turnInfo.originalExps) (contracts/safe/safe_159_SAFE.sol#1984)
		- goldContract.mint(msg.sender,_goldRewardGiven) (contracts/safe/safe_159_SAFE.sol#2062)
		- heroContract.addExp(_heroes[0],uint32(2) ** 32 - _originalExps[0] + _expRewardGiven) (contracts/safe/safe_159_SAFE.sol#2066)
		- heroContract.addExp(_heroes[1],uint32(2) ** 32 - _originalExps[1] + _expRewardGiven) (contracts/safe/safe_159_SAFE.sol#2068)
		- heroContract.addExp(_heroes[2],uint32(2) ** 32 - _originalExps[2] + _expRewardGiven) (contracts/safe/safe_159_SAFE.sol#2070)
		- heroContract.addExp(_heroes[3],uint32(2) ** 32 - _originalExps[3] + _expRewardGiven) (contracts/safe/safe_159_SAFE.sol#2072)
	State variables written after the call(s):
	- addressToPlayRecord[msg.sender] = _playRecord (contracts/safe/safe_159_SAFE.sol#1988)
	- addressToTurnInfo[msg.sender] = _turnInfo (contracts/safe/safe_159_SAFE.sol#1994)
Reentrancy in CryptoSagaCard.swap(uint256) (contracts/safe/safe_159_SAFE.sol#749-761):
	External calls:
	- _rewardId = swapContract.swapCardForReward(this,_rank) (contracts/safe/safe_159_SAFE.sol#757)
	State variables written after the call(s):
	- _burn(_tokenId) (contracts/safe/safe_159_SAFE.sol#759)
		- ownedTokens[_from][tokenIndex] = lastToken (contracts/safe/safe_159_SAFE.sol#384)
		- ownedTokens[_from][lastTokenIndex] = 0 (contracts/safe/safe_159_SAFE.sol#385)
		- ownedTokens[_from].length -- (contracts/safe/safe_159_SAFE.sol#390)
	- _burn(_tokenId) (contracts/safe/safe_159_SAFE.sol#759)
		- ownedTokensIndex[_tokenId] = 0 (contracts/safe/safe_159_SAFE.sol#391)
		- ownedTokensIndex[lastToken] = tokenIndex (contracts/safe/safe_159_SAFE.sol#392)
	- _burn(_tokenId) (contracts/safe/safe_159_SAFE.sol#759)
		- tokenApprovals[_tokenId] = 0 (contracts/safe/safe_159_SAFE.sol#353)
	- _burn(_tokenId) (contracts/safe/safe_159_SAFE.sol#759)
		- totalTokens = totalTokens.sub(1) (contracts/safe/safe_159_SAFE.sol#393)
Reentrancy in CryptoSagaHero.transferDeposit(uint256) (contracts/safe/safe_159_SAFE.sol#1294-1305):
	External calls:
	- require(bool)(goldContract.allowance(msg.sender,this) >= _amount) (contracts/safe/safe_159_SAFE.sol#1298)
	- goldContract.transferFrom(msg.sender,this,_amount) (contracts/safe/safe_159_SAFE.sol#1301)
	State variables written after the call(s):
	- addressToGoldDeposit[msg.sender] += _amount (contracts/safe/safe_159_SAFE.sol#1303)
Reference: https://github.com/crytic/slither/wiki/Detector-Documentation#reentrancy-vulnerabilities-3

Detector: reentrancy-events
Reentrancy in CryptoSagaDungeonVer1.enterDungeon(uint256[4],uint32) (contracts/safe/safe_159_SAFE.sol#1713-1996):
	External calls:
	- require(bool)(progressContract.getProgressOfAddressAndId(msg.sender,previousDungeonId) >= requiredProgressOfPreviousDungeon) (contracts/safe/safe_159_SAFE.sol#1725)
	- require(bool)(_tryingProgress <= progressContract.getProgressOfAddressAndId(msg.sender,locationId) + 1) (contracts/safe/safe_159_SAFE.sol#1732)
	- require(bool)(checkOwnershipAndAvailability(msg.sender,_tokenIds)) (contracts/safe/safe_159_SAFE.sol#1738)
		- (_tokenIds[0] == 0 || heroContract.ownerOf(_tokenIds[0]) == _playerAddress) && (_tokenIds[1] == 0 || heroContract.ownerOf(_tokenIds[1]) == _playerAddress) && (_tokenIds[2] == 0 || heroContract.ownerOf(_tokenIds[2]) == _playerAddress) && (_tokenIds[3] == 0 || heroContract.ownerOf(_tokenIds[3]) == _playerAddress) (contracts/safe/safe_159_SAFE.sol#2003)
		- (None,None,None,None,None,_heroAvailAts[0],None,None,None) = heroContract.getHeroInfo(_tokenIds[0]) (contracts/safe/safe_159_SAFE.sol#2008)
		- (None,None,None,None,None,_heroAvailAts[1],None,None,None) = heroContract.getHeroInfo(_tokenIds[1]) (contracts/safe/safe_159_SAFE.sol#2010)
		- (None,None,None,None,None,_heroAvailAts[2],None,None,None) = heroContract.getHeroInfo(_tokenIds[2]) (contracts/safe/safe_159_SAFE.sol#2012)
		- (None,None,None,None,None,_heroAvailAts[3],None,None,None) = heroContract.getHeroInfo(_tokenIds[3]) (contracts/safe/safe_159_SAFE.sol#2014)
	- _playRecord.unitClassIds[0] = heroContract.getHeroClassId(_tokenIds[0]) (contracts/safe/safe_159_SAFE.sol#1765)
	- (_playRecord.unitLevels[0],_turnInfo.originalExps[0],_unitStats[0],None,None) = correctedHeroContract.getCorrectedStats(_tokenIds[0]) (contracts/safe/safe_159_SAFE.sol#1766)
	- (None,None,None,None,_unitTypesAuras[0][0],None,_unitTypesAuras[0][1],None,None,None) = heroContract.getClassInfo(_playRecord.unitClassIds[0]) (contracts/safe/safe_159_SAFE.sol#1767)
	- _playRecord.unitClassIds[1] = heroContract.getHeroClassId(_tokenIds[1]) (contracts/safe/safe_159_SAFE.sol#1770)
	- (_playRecord.unitLevels[1],_turnInfo.originalExps[1],_unitStats[1],None,None) = correctedHeroContract.getCorrectedStats(_tokenIds[1]) (contracts/safe/safe_159_SAFE.sol#1771)
	- (None,None,None,None,_unitTypesAuras[1][0],None,_unitTypesAuras[1][1],None,None,None) = heroContract.getClassInfo(_playRecord.unitClassIds[1]) (contracts/safe/safe_159_SAFE.sol#1772)
	- _playRecord.unitClassIds[2] = heroContract.getHeroClassId(_tokenIds[2]) (contracts/safe/safe_159_SAFE.sol#1775)
	- (_playRecord.unitLevels[2],_turnInfo.originalExps[2],_unitStats[2],None,None) = correctedHeroContract.getCorrectedStats(_tokenIds[2]) (contracts/safe/safe_159_SAFE.sol#1776)
	- (None,None,None,None,_unitTypesAuras[2][0],None,_unitTypesAuras[2][1],None,None,None) = heroContract.getClassInfo(_playRecord.unitClassIds[2]) (contracts/safe/safe_159_SAFE.sol#1777)
	- _playRecord.unitClassIds[3] = heroContract.getHeroClassId(_tokenIds[3]) (contracts/safe/safe_159_SAFE.sol#1780)
	- (_playRecord.unitLevels[3],_turnInfo.originalExps[3],_unitStats[3],None,None) = correctedHeroContract.getCorrectedStats(_tokenIds[3]) (contracts/safe/safe_159_SAFE.sol#1781)
	- (None,None,None,None,_unitTypesAuras[3][0],None,_unitTypesAuras[3][1],None,None,None) = heroContract.getClassInfo(_playRecord.unitClassIds[3]) (contracts/safe/safe_159_SAFE.sol#1782)
	- (None,None,None,None,_unitTypesAuras[4][0],None,_unitTypesAuras[4][1],_tmpEnemyBaseStatsAndIVs[0],_tmpEnemyBaseStatsAndIVs[4],None) = heroContract.getClassInfo(_enemyCombination.enemySlotClassIds[0]) (contracts/safe/safe_159_SAFE.sol#1796)
	- (None,None,None,None,_unitTypesAuras[5][0],None,_unitTypesAuras[5][1],_tmpEnemyBaseStatsAndIVs[1],_tmpEnemyBaseStatsAndIVs[5],None) = heroContract.getClassInfo(_enemyCombination.enemySlotClassIds[1]) (contracts/safe/safe_159_SAFE.sol#1797)
	- (None,None,None,None,_unitTypesAuras[6][0],None,_unitTypesAuras[6][1],_tmpEnemyBaseStatsAndIVs[2],_tmpEnemyBaseStatsAndIVs[6],None) = heroContract.getClassInfo(_enemyCombination.enemySlotClassIds[2]) (contracts/safe/safe_159_SAFE.sol#1798)
	- (None,None,None,None,_unitTypesAuras[7][0],None,_unitTypesAuras[7][1],_tmpEnemyBaseStatsAndIVs[3],_tmpEnemyBaseStatsAndIVs[7],None) = heroContract.getClassInfo(_enemyCombination.enemySlotClassIds[3]) (contracts/safe/safe_159_SAFE.sol#1799)
	- heroContract.deploy(_tokenIds[0],locationId,coolHero) (contracts/safe/safe_159_SAFE.sol#1937)
	- heroContract.deploy(_tokenIds[1],locationId,coolHero) (contracts/safe/safe_159_SAFE.sol#1939)
	- heroContract.deploy(_tokenIds[2],locationId,coolHero) (contracts/safe/safe_159_SAFE.sol#1941)
	- heroContract.deploy(_tokenIds[3],locationId,coolHero) (contracts/safe/safe_159_SAFE.sol#1943)
	- TryDungeon(msg.sender,_tryingProgress,progressContract.getProgressOfAddressAndId(msg.sender,locationId),true) (contracts/safe/safe_159_SAFE.sol#1959)
	Event emitted after the call(s):
	- TryDungeon(msg.sender,_tryingProgress,progressContract.getProgressOfAddressAndId(msg.sender,locationId),true) (contracts/safe/safe_159_SAFE.sol#1959)
Reentrancy in CryptoSagaDungeonVer1.enterDungeon(uint256[4],uint32) (contracts/safe/safe_159_SAFE.sol#1713-1996):
	External calls:
	- require(bool)(progressContract.getProgressOfAddressAndId(msg.sender,previousDungeonId) >= requiredProgressOfPreviousDungeon) (contracts/safe/safe_159_SAFE.sol#1725)
	- require(bool)(_tryingProgress <= progressContract.getProgressOfAddressAndId(msg.sender,locationId) + 1) (contracts/safe/safe_159_SAFE.sol#1732)
	- require(bool)(checkOwnershipAndAvailability(msg.sender,_tokenIds)) (contracts/safe/safe_159_SAFE.sol#1738)
		- (_tokenIds[0] == 0 || heroContract.ownerOf(_tokenIds[0]) == _playerAddress) && (_tokenIds[1] == 0 || heroContract.ownerOf(_tokenIds[1]) == _playerAddress) && (_tokenIds[2] == 0 || heroContract.ownerOf(_tokenIds[2]) == _playerAddress) && (_tokenIds[3] == 0 || heroContract.ownerOf(_tokenIds[3]) == _playerAddress) (contracts/safe/safe_159_SAFE.sol#2003)
		- (None,None,None,None,None,_heroAvailAts[0],None,None,None) = heroContract.getHeroInfo(_tokenIds[0]) (contracts/safe/safe_159_SAFE.sol#2008)
		- (None,None,None,None,None,_heroAvailAts[1],None,None,None) = heroContract.getHeroInfo(_tokenIds[1]) (contracts/safe/safe_159_SAFE.sol#2010)
		- (None,None,None,None,None,_heroAvailAts[2],None,None,None) = heroContract.getHeroInfo(_tokenIds[2]) (contracts/safe/safe_159_SAFE.sol#2012)
		- (None,None,None,None,None,_heroAvailAts[3],None,None,None) = heroContract.getHeroInfo(_tokenIds[3]) (contracts/safe/safe_159_SAFE.sol#2014)
	- _playRecord.unitClassIds[0] = heroContract.getHeroClassId(_tokenIds[0]) (contracts/safe/safe_159_SAFE.sol#1765)
	- (_playRecord.unitLevels[0],_turnInfo.originalExps[0],_unitStats[0],None,None) = correctedHeroContract.getCorrectedStats(_tokenIds[0]) (contracts/safe/safe_159_SAFE.sol#1766)
	- (None,None,None,None,_unitTypesAuras[0][0],None,_unitTypesAuras[0][1],None,None,None) = heroContract.getClassInfo(_playRecord.unitClassIds[0]) (contracts/safe/safe_159_SAFE.sol#1767)
	- _playRecord.unitClassIds[1] = heroContract.getHeroClassId(_tokenIds[1]) (contracts/safe/safe_159_SAFE.sol#1770)
	- (_playRecord.unitLevels[1],_turnInfo.originalExps[1],_unitStats[1],None,None) = correctedHeroContract.getCorrectedStats(_tokenIds[1]) (contracts/safe/safe_159_SAFE.sol#1771)
	- (None,None,None,None,_unitTypesAuras[1][0],None,_unitTypesAuras[1][1],None,None,None) = heroContract.getClassInfo(_playRecord.unitClassIds[1]) (contracts/safe/safe_159_SAFE.sol#1772)
	- _playRecord.unitClassIds[2] = heroContract.getHeroClassId(_tokenIds[2]) (contracts/safe/safe_159_SAFE.sol#1775)
	- (_playRecord.unitLevels[2],_turnInfo.originalExps[2],_unitStats[2],None,None) = correctedHeroContract.getCorrectedStats(_tokenIds[2]) (contracts/safe/safe_159_SAFE.sol#1776)
	- (None,None,None,None,_unitTypesAuras[2][0],None,_unitTypesAuras[2][1],None,None,None) = heroContract.getClassInfo(_playRecord.unitClassIds[2]) (contracts/safe/safe_159_SAFE.sol#1777)
	- _playRecord.unitClassIds[3] = heroContract.getHeroClassId(_tokenIds[3]) (contracts/safe/safe_159_SAFE.sol#1780)
	- (_playRecord.unitLevels[3],_turnInfo.originalExps[3],_unitStats[3],None,None) = correctedHeroContract.getCorrectedStats(_tokenIds[3]) (contracts/safe/safe_159_SAFE.sol#1781)
	- (None,None,None,None,_unitTypesAuras[3][0],None,_unitTypesAuras[3][1],None,None,None) = heroContract.getClassInfo(_playRecord.unitClassIds[3]) (contracts/safe/safe_159_SAFE.sol#1782)
	- (None,None,None,None,_unitTypesAuras[4][0],None,_unitTypesAuras[4][1],_tmpEnemyBaseStatsAndIVs[0],_tmpEnemyBaseStatsAndIVs[4],None) = heroContract.getClassInfo(_enemyCombination.enemySlotClassIds[0]) (contracts/safe/safe_159_SAFE.sol#1796)
	- (None,None,None,None,_unitTypesAuras[5][0],None,_unitTypesAuras[5][1],_tmpEnemyBaseStatsAndIVs[1],_tmpEnemyBaseStatsAndIVs[5],None) = heroContract.getClassInfo(_enemyCombination.enemySlotClassIds[1]) (contracts/safe/safe_159_SAFE.sol#1797)
	- (None,None,None,None,_unitTypesAuras[6][0],None,_unitTypesAuras[6][1],_tmpEnemyBaseStatsAndIVs[2],_tmpEnemyBaseStatsAndIVs[6],None) = heroContract.getClassInfo(_enemyCombination.enemySlotClassIds[2]) (contracts/safe/safe_159_SAFE.sol#1798)
	- (None,None,None,None,_unitTypesAuras[7][0],None,_unitTypesAuras[7][1],_tmpEnemyBaseStatsAndIVs[3],_tmpEnemyBaseStatsAndIVs[7],None) = heroContract.getClassInfo(_enemyCombination.enemySlotClassIds[3]) (contracts/safe/safe_159_SAFE.sol#1799)
	- heroContract.deploy(_tokenIds[0],locationId,coolHero) (contracts/safe/safe_159_SAFE.sol#1937)
	- heroContract.deploy(_tokenIds[1],locationId,coolHero) (contracts/safe/safe_159_SAFE.sol#1939)
	- heroContract.deploy(_tokenIds[2],locationId,coolHero) (contracts/safe/safe_159_SAFE.sol#1941)
	- heroContract.deploy(_tokenIds[3],locationId,coolHero) (contracts/safe/safe_159_SAFE.sol#1943)
	- TryDungeon(msg.sender,_tryingProgress,progressContract.getProgressOfAddressAndId(msg.sender,locationId),false) (contracts/safe/safe_159_SAFE.sol#1981)
	Event emitted after the call(s):
	- TryDungeon(msg.sender,_tryingProgress,progressContract.getProgressOfAddressAndId(msg.sender,locationId),false) (contracts/safe/safe_159_SAFE.sol#1981)
Reentrancy in CryptoSagaCard.swap(uint256) (contracts/safe/safe_159_SAFE.sol#749-761):
	External calls:
	- _rewardId = swapContract.swapCardForReward(this,_rank) (contracts/safe/safe_159_SAFE.sol#757)
	Event emitted after the call(s):
	- Approval(_owner,0,_tokenId) (contracts/safe/safe_159_SAFE.sol#354)
		- _burn(_tokenId) (contracts/safe/safe_159_SAFE.sol#759)
	- CardSwap(ownerOf(_tokenId),_tokenId,_rewardId) (contracts/safe/safe_159_SAFE.sol#758)
	- Transfer(msg.sender,0x0,_tokenId) (contracts/safe/safe_159_SAFE.sol#316)
		- _burn(_tokenId) (contracts/safe/safe_159_SAFE.sol#759)
Reference: https://github.com/crytic/slither/wiki/Detector-Documentation#reentrancy-vulnerabilities-4

Detector: timestamp
CryptoSagaHero.deploy(uint256,uint32,uint256) (contracts/safe/safe_159_SAFE.sol#1190-1208) uses timestamp for comparisons
	Dangerous comparisons:
	- require(bool)(_heroInstance.availableAt <= now) (contracts/safe/safe_159_SAFE.sol#1201)
CryptoSagaHero.levelUp(uint256) (contracts/safe/safe_159_SAFE.sol#1243-1291) uses timestamp for comparisons
	Dangerous comparisons:
	- require(bool)(_heroInstance.availableAt <= now) (contracts/safe/safe_159_SAFE.sol#1252)
	- require(bool)(_heroInstance.currentLevel < _heroClassInfo.maxLevel) (contracts/safe/safe_159_SAFE.sol#1258)
	- require(bool)(_heroInstance.currentExp >= requiredExp) (contracts/safe/safe_159_SAFE.sol#1264)
	- require(bool)(addressToGoldDeposit[_ownerOfToken] >= requiredGold) (contracts/safe/safe_159_SAFE.sol#1273)
CryptoSagaHero.withdrawDeposit(uint256) (contracts/safe/safe_159_SAFE.sol#1308-1318) uses timestamp for comparisons
	Dangerous comparisons:
	- require(bool)(addressToGoldDeposit[msg.sender] >= _amount) (contracts/safe/safe_159_SAFE.sol#1311)
CryptoSagaDungeonVer1.enterDungeon(uint256[4],uint32) (contracts/safe/safe_159_SAFE.sol#1713-1996) uses timestamp for comparisons
	Dangerous comparisons:
	- require(bool)(addressToPlayRecordDateTime[msg.sender] + coolDungeon <= now) (contracts/safe/safe_159_SAFE.sol#1735)
	- min(max(((_unitStats[_slotId][3] * 150 / 100) - _unitStats[_targetSlotId][2]),75),99) <= random(100,0) (contracts/safe/safe_159_SAFE.sol#1884)
	- 75 <= random(100,0) (contracts/safe/safe_159_SAFE.sol#1888)
	- min(max((_unitStats[_slotId][3] - _unitStats[_targetSlotId][3]),5),75) > random(100,0) (contracts/safe/safe_159_SAFE.sol#1894)
	- 5 > random(100,0) (contracts/safe/safe_159_SAFE.sol#1898)
CryptoSagaDungeonVer1.checkOwnershipAndAvailability(address,uint256[4]) (contracts/safe/safe_159_SAFE.sol#1999-2024) uses timestamp for comparisons
	Dangerous comparisons:
	- _heroAvailAts[0] <= now && _heroAvailAts[1] <= now && _heroAvailAts[2] <= now && _heroAvailAts[3] <= now (contracts/safe/safe_159_SAFE.sol#2016)
Reference: https://github.com/crytic/slither/wiki/Detector-Documentation#block-timestamp

Detector: boolean-equal
AccessDeposit.onlyAccessDeposit() (contracts/safe/safe_159_SAFE.sol#575-578) compares to a boolean constant:
	-require(bool)(msg.sender == owner || depositAccess[msg.sender] == true) (contracts/safe/safe_159_SAFE.sol#576)
AccessDeploy.onlyAccessDeploy() (contracts/safe/safe_159_SAFE.sol#609-612) compares to a boolean constant:
	-require(bool)(msg.sender == owner || deployAccess[msg.sender] == true) (contracts/safe/safe_159_SAFE.sol#610)
AccessMint.onlyAccessMint() (contracts/safe/safe_159_SAFE.sol#642-645) compares to a boolean constant:
	-require(bool)(msg.sender == owner || mintAccess[msg.sender] == true) (contracts/safe/safe_159_SAFE.sol#643)
CryptoSagaDungeonVer1.getEnemyCombinationOfAddress(address) (contracts/safe/safe_159_SAFE.sol#1557-1569) compares to a boolean constant:
	-_enemyCombination.isPersonalized == false (contracts/safe/safe_159_SAFE.sol#1564)
CryptoSagaDungeonVer1.enterDungeon(uint256[4],uint32) (contracts/safe/safe_159_SAFE.sol#1713-1996) compares to a boolean constant:
	-_enemyCombination.isPersonalized == false (contracts/safe/safe_159_SAFE.sol#1788)
CryptoSagaDungeonVer1.giveReward(uint256[4],uint32,uint8,bool,uint32[4]) (contracts/safe/safe_159_SAFE.sol#2040-2075) compares to a boolean constant:
	-_isClearedBefore == true (contracts/safe/safe_159_SAFE.sol#2051)
Reference: https://github.com/crytic/slither/wiki/Detector-Documentation#boolean-equality

Detector: costly-loop
ERC721Token.addToken(address,uint256) (contracts/safe/safe_159_SAFE.sol#362-369) has costly operations inside a loop:
	- totalTokens = totalTokens.add(1) (contracts/safe/safe_159_SAFE.sol#368)
	Calls stack containing the loop:
		CryptoSagaCard.mint(address,uint256,uint8)
		ERC721Token._mint(address,uint256)
CryptoSagaCard.mint(address,uint256,uint8) (contracts/safe/safe_159_SAFE.sol#736-745) has costly operations inside a loop:
	- numberOfTokenId ++ (contracts/safe/safe_159_SAFE.sol#743)
CryptoSagaHero.random(uint32,uint32) (contracts/safe/safe_159_SAFE.sol#1321-1329) has costly operations inside a loop:
	- seed = uint32(keccak256()(keccak256()(block.blockhash(block.number),seed),now)) (contracts/safe/safe_159_SAFE.sol#1327)
	Calls stack containing the loop:
		CryptoSagaHero.mint(address,uint32)
CryptoSagaDungeonVer1.random(uint32,uint32) (contracts/safe/safe_159_SAFE.sol#2078-2086) has costly operations inside a loop:
	- seed = seed % uint32(1103515245) + 12345 (contracts/safe/safe_159_SAFE.sol#2084)
	Calls stack containing the loop:
		CryptoSagaDungeonVer1.enterDungeon(uint256[4],uint32)
Reference: https://github.com/crytic/slither/wiki/Detector-Documentation#costly-operations-inside-a-loop

Detector: cyclomatic-complexity
CryptoSagaDungeonVer1.enterDungeon(uint256[4],uint32) (contracts/safe/safe_159_SAFE.sol#1713-1996) has a high cyclomatic complexity (51).
Reference: https://github.com/crytic/slither/wiki/Detector-Documentation#cyclomatic-complexity

Detector: deprecated-standards
Deprecated standard detected seed = uint32(keccak256()(keccak256()(block.blockhash(block.number),seed),now)) (contracts/safe/safe_159_SAFE.sol#1327):
	- Usage of "block.blockhash()" should be replaced with "blockhash()"
Reference: https://github.com/crytic/slither/wiki/Detector-Documentation#deprecated-standards

Detector: solc-version
Version constraint ^0.4.18 contains known severe issues (https://solidity.readthedocs.io/en/latest/bugs.html)
	- DirtyBytesArrayToStorage
	- ABIDecodeTwoDimensionalArrayMemory
	- KeccakCaching
	- EmptyByteArrayCopy
	- DynamicArrayCleanup
	- ImplicitConstructorCallvalueCheck
	- TupleAssignmentMultiStackSlotComponents
	- MemoryArrayCreationOverflow
	- privateCanBeOverridden
	- SignedArrayStorageCopy
	- ABIEncoderV2StorageArrayWithMultiSlotElement
	- DynamicConstructorArgumentsClippedABIV2
	- UninitializedFunctionPointerInConstructor_0.4.x
	- IncorrectEventSignatureInLibraries_0.4.x
	- ExpExponentCleanup
	- EventStructWrongData
	- NestedArrayFunctionCallDecoder.
It is used by:
	- ^0.4.18 (contracts/safe/safe_159_SAFE.sol#1)
solc-0.4.18 is an outdated solc version. Use a more recent version (at least 0.8.0), if possible.
Reference: https://github.com/crytic/slither/wiki/Detector-Documentation#incorrect-versions-of-solidity

Detector: naming-convention
Parameter ERC721Token.balanceOf(address)._owner (contracts/safe/safe_159_SAFE.sol#231) is not in mixedCase
Parameter ERC721Token.tokensOf(address)._owner (contracts/safe/safe_159_SAFE.sol#240) is not in mixedCase
Parameter ERC721Token.ownerOf(uint256)._tokenId (contracts/safe/safe_159_SAFE.sol#249) is not in mixedCase
Parameter ERC721Token.approvedFor(uint256)._tokenId (contracts/safe/safe_159_SAFE.sol#260) is not in mixedCase
Parameter ERC721Token.transfer(address,uint256)._to (contracts/safe/safe_159_SAFE.sol#269) is not in mixedCase
Parameter ERC721Token.transfer(address,uint256)._tokenId (contracts/safe/safe_159_SAFE.sol#269) is not in mixedCase
Parameter ERC721Token.approve(address,uint256)._to (contracts/safe/safe_159_SAFE.sol#278) is not in mixedCase
Parameter ERC721Token.approve(address,uint256)._tokenId (contracts/safe/safe_159_SAFE.sol#278) is not in mixedCase
Parameter ERC721Token.takeOwnership(uint256)._tokenId (contracts/safe/safe_159_SAFE.sol#291) is not in mixedCase
Parameter ERC721Token.isApprovedFor(address,uint256)._owner (contracts/safe/safe_159_SAFE.sol#326) is not in mixedCase
Parameter ERC721Token.isApprovedFor(address,uint256)._tokenId (contracts/safe/safe_159_SAFE.sol#326) is not in mixedCase
Parameter ERC721Token.clearApprovalAndTransfer(address,address,uint256)._from (contracts/safe/safe_159_SAFE.sol#336) is not in mixedCase
Parameter ERC721Token.clearApprovalAndTransfer(address,address,uint256)._to (contracts/safe/safe_159_SAFE.sol#336) is not in mixedCase
Parameter ERC721Token.clearApprovalAndTransfer(address,address,uint256)._tokenId (contracts/safe/safe_159_SAFE.sol#336) is not in mixedCase
Parameter ERC721Token.clearApproval(address,uint256)._owner (contracts/safe/safe_159_SAFE.sol#351) is not in mixedCase
Parameter ERC721Token.clearApproval(address,uint256)._tokenId (contracts/safe/safe_159_SAFE.sol#351) is not in mixedCase
Parameter ERC721Token.addToken(address,uint256)._to (contracts/safe/safe_159_SAFE.sol#362) is not in mixedCase
Parameter ERC721Token.addToken(address,uint256)._tokenId (contracts/safe/safe_159_SAFE.sol#362) is not in mixedCase
Parameter ERC721Token.removeToken(address,uint256)._from (contracts/safe/safe_159_SAFE.sol#376) is not in mixedCase
Parameter ERC721Token.removeToken(address,uint256)._tokenId (contracts/safe/safe_159_SAFE.sol#376) is not in mixedCase
Parameter BasicToken.transfer(address,uint256)._to (contracts/safe/safe_159_SAFE.sol#446) is not in mixedCase
Parameter BasicToken.transfer(address,uint256)._value (contracts/safe/safe_159_SAFE.sol#446) is not in mixedCase
Parameter BasicToken.balanceOf(address)._owner (contracts/safe/safe_159_SAFE.sol#462) is not in mixedCase
Parameter StandardToken.transferFrom(address,address,uint256)._from (contracts/safe/safe_159_SAFE.sol#487) is not in mixedCase
Parameter StandardToken.transferFrom(address,address,uint256)._to (contracts/safe/safe_159_SAFE.sol#487) is not in mixedCase
Parameter StandardToken.transferFrom(address,address,uint256)._value (contracts/safe/safe_159_SAFE.sol#487) is not in mixedCase
Parameter StandardToken.approve(address,uint256)._spender (contracts/safe/safe_159_SAFE.sol#509) is not in mixedCase
Parameter StandardToken.approve(address,uint256)._value (contracts/safe/safe_159_SAFE.sol#509) is not in mixedCase
Parameter StandardToken.allowance(address,address)._owner (contracts/safe/safe_159_SAFE.sol#521) is not in mixedCase
Parameter StandardToken.allowance(address,address)._spender (contracts/safe/safe_159_SAFE.sol#521) is not in mixedCase
Parameter StandardToken.increaseApproval(address,uint256)._spender (contracts/safe/safe_159_SAFE.sol#535) is not in mixedCase
Parameter StandardToken.increaseApproval(address,uint256)._addedValue (contracts/safe/safe_159_SAFE.sol#535) is not in mixedCase
Parameter StandardToken.decreaseApproval(address,uint256)._spender (contracts/safe/safe_159_SAFE.sol#551) is not in mixedCase
Parameter StandardToken.decreaseApproval(address,uint256)._subtractedValue (contracts/safe/safe_159_SAFE.sol#551) is not in mixedCase
Parameter AccessDeposit.grantAccessDeposit(address)._address (contracts/safe/safe_159_SAFE.sol#581) is not in mixedCase
Parameter AccessDeposit.revokeAccessDeposit(address)._address (contracts/safe/safe_159_SAFE.sol#589) is not in mixedCase
Parameter AccessDeploy.grantAccessDeploy(address)._address (contracts/safe/safe_159_SAFE.sol#615) is not in mixedCase
Parameter AccessDeploy.revokeAccessDeploy(address)._address (contracts/safe/safe_159_SAFE.sol#623) is not in mixedCase
Parameter AccessMint.grantAccessMint(address)._address (contracts/safe/safe_159_SAFE.sol#648) is not in mixedCase
Parameter AccessMint.revokeAccessMint(address)._address (contracts/safe/safe_159_SAFE.sol#656) is not in mixedCase
Parameter Gold.mint(address,uint256)._to (contracts/safe/safe_159_SAFE.sol#683) is not in mixedCase
Parameter Gold.mint(address,uint256)._amount (contracts/safe/safe_159_SAFE.sol#683) is not in mixedCase
Parameter CryptoSagaCard.setCryptoSagaCardSwapContract(address)._contractAddress (contracts/safe/safe_159_SAFE.sol#721) is not in mixedCase
Parameter CryptoSagaCard.rankOf(uint256)._tokenId (contracts/safe/safe_159_SAFE.sol#728) is not in mixedCase
Parameter CryptoSagaCard.mint(address,uint256,uint8)._beneficiary (contracts/safe/safe_159_SAFE.sol#736) is not in mixedCase
Parameter CryptoSagaCard.mint(address,uint256,uint8)._amount (contracts/safe/safe_159_SAFE.sol#736) is not in mixedCase
Parameter CryptoSagaCard.mint(address,uint256,uint8)._rank (contracts/safe/safe_159_SAFE.sol#736) is not in mixedCase
Parameter CryptoSagaCard.swap(uint256)._tokenId (contracts/safe/safe_159_SAFE.sol#749) is not in mixedCase
Parameter CryptoSagaCardSwap.setCardContract(address)._contractAddress (contracts/safe/safe_159_SAFE.sol#783) is not in mixedCase
Parameter CryptoSagaHero.getClassInfo(uint32)._classId (contracts/safe/safe_159_SAFE.sol#919) is not in mixedCase
Parameter CryptoSagaHero.getClassName(uint32)._classId (contracts/safe/safe_159_SAFE.sol#928) is not in mixedCase
Parameter CryptoSagaHero.getClassRank(uint32)._classId (contracts/safe/safe_159_SAFE.sol#936) is not in mixedCase
Parameter CryptoSagaHero.getClassMintCount(uint32)._classId (contracts/safe/safe_159_SAFE.sol#944) is not in mixedCase
Parameter CryptoSagaHero.getHeroInfo(uint256)._tokenId (contracts/safe/safe_159_SAFE.sol#952) is not in mixedCase
Parameter CryptoSagaHero.getHeroClassId(uint256)._tokenId (contracts/safe/safe_159_SAFE.sol#962) is not in mixedCase
Parameter CryptoSagaHero.getHeroName(uint256)._tokenId (contracts/safe/safe_159_SAFE.sol#970) is not in mixedCase
Parameter CryptoSagaHero.getHeroLevel(uint256)._tokenId (contracts/safe/safe_159_SAFE.sol#978) is not in mixedCase
Parameter CryptoSagaHero.getHeroLocation(uint256)._tokenId (contracts/safe/safe_159_SAFE.sol#986) is not in mixedCase
Parameter CryptoSagaHero.getHeroAvailableAt(uint256)._tokenId (contracts/safe/safe_159_SAFE.sol#994) is not in mixedCase
Parameter CryptoSagaHero.getHeroBP(uint256)._tokenId (contracts/safe/safe_159_SAFE.sol#1002) is not in mixedCase
Parameter CryptoSagaHero.getHeroRequiredGoldForLevelUp(uint256)._tokenId (contracts/safe/safe_159_SAFE.sol#1011) is not in mixedCase
Parameter CryptoSagaHero.getHeroRequiredExpForLevelUp(uint256)._tokenId (contracts/safe/safe_159_SAFE.sol#1019) is not in mixedCase
Parameter CryptoSagaHero.getGoldDepositOfAddress(address)._address (contracts/safe/safe_159_SAFE.sol#1027) is not in mixedCase
Parameter CryptoSagaHero.getTokenIdOfAddressAndIndex(address,uint256)._address (contracts/safe/safe_159_SAFE.sol#1035) is not in mixedCase
Parameter CryptoSagaHero.getTokenIdOfAddressAndIndex(address,uint256)._index (contracts/safe/safe_159_SAFE.sol#1035) is not in mixedCase
Parameter CryptoSagaHero.getTotalBPOfAddress(address)._address (contracts/safe/safe_159_SAFE.sol#1043) is not in mixedCase
Parameter CryptoSagaHero.setHeroName(uint256,string)._tokenId (contracts/safe/safe_159_SAFE.sol#1056) is not in mixedCase
Parameter CryptoSagaHero.setHeroName(uint256,string)._name (contracts/safe/safe_159_SAFE.sol#1056) is not in mixedCase
Parameter CryptoSagaHero.setGoldContract(address)._contractAddress (contracts/safe/safe_159_SAFE.sol#1064) is not in mixedCase
Parameter CryptoSagaHero.setRequiredExpIncreaseFactor(uint32)._value (contracts/safe/safe_159_SAFE.sol#1072) is not in mixedCase
Parameter CryptoSagaHero.setRequiredGoldIncreaseFactor(uint256)._value (contracts/safe/safe_159_SAFE.sol#1080) is not in mixedCase
Parameter CryptoSagaHero.defineType(string,uint8,uint8,uint32,uint8,uint32,uint8,uint32[5],uint32[5],uint32[5])._className (contracts/safe/safe_159_SAFE.sol#1106) is not in mixedCase
Parameter CryptoSagaHero.defineType(string,uint8,uint8,uint32,uint8,uint32,uint8,uint32[5],uint32[5],uint32[5])._classRank (contracts/safe/safe_159_SAFE.sol#1106) is not in mixedCase
Parameter CryptoSagaHero.defineType(string,uint8,uint8,uint32,uint8,uint32,uint8,uint32[5],uint32[5],uint32[5])._classRace (contracts/safe/safe_159_SAFE.sol#1106) is not in mixedCase
Parameter CryptoSagaHero.defineType(string,uint8,uint8,uint32,uint8,uint32,uint8,uint32[5],uint32[5],uint32[5])._classAge (contracts/safe/safe_159_SAFE.sol#1106) is not in mixedCase
Parameter CryptoSagaHero.defineType(string,uint8,uint8,uint32,uint8,uint32,uint8,uint32[5],uint32[5],uint32[5])._classType (contracts/safe/safe_159_SAFE.sol#1106) is not in mixedCase
Parameter CryptoSagaHero.defineType(string,uint8,uint8,uint32,uint8,uint32,uint8,uint32[5],uint32[5],uint32[5])._maxLevel (contracts/safe/safe_159_SAFE.sol#1106) is not in mixedCase
Parameter CryptoSagaHero.defineType(string,uint8,uint8,uint32,uint8,uint32,uint8,uint32[5],uint32[5],uint32[5])._aura (contracts/safe/safe_159_SAFE.sol#1106) is not in mixedCase
Parameter CryptoSagaHero.defineType(string,uint8,uint8,uint32,uint8,uint32,uint8,uint32[5],uint32[5],uint32[5])._baseStats (contracts/safe/safe_159_SAFE.sol#1106) is not in mixedCase
Parameter CryptoSagaHero.defineType(string,uint8,uint8,uint32,uint8,uint32,uint8,uint32[5],uint32[5],uint32[5])._minIVForStats (contracts/safe/safe_159_SAFE.sol#1106) is not in mixedCase
Parameter CryptoSagaHero.defineType(string,uint8,uint8,uint32,uint8,uint32,uint8,uint32[5],uint32[5],uint32[5])._maxIVForStats (contracts/safe/safe_159_SAFE.sol#1106) is not in mixedCase
Parameter CryptoSagaHero.mint(address,uint32)._owner (contracts/safe/safe_159_SAFE.sol#1141) is not in mixedCase
Parameter CryptoSagaHero.mint(address,uint32)._heroClassId (contracts/safe/safe_159_SAFE.sol#1141) is not in mixedCase
Parameter CryptoSagaHero.deploy(uint256,uint32,uint256)._tokenId (contracts/safe/safe_159_SAFE.sol#1190) is not in mixedCase
Parameter CryptoSagaHero.deploy(uint256,uint32,uint256)._locationId (contracts/safe/safe_159_SAFE.sol#1190) is not in mixedCase
Parameter CryptoSagaHero.deploy(uint256,uint32,uint256)._duration (contracts/safe/safe_159_SAFE.sol#1190) is not in mixedCase
Parameter CryptoSagaHero.addExp(uint256,uint32)._tokenId (contracts/safe/safe_159_SAFE.sol#1212) is not in mixedCase
Parameter CryptoSagaHero.addExp(uint256,uint32)._exp (contracts/safe/safe_159_SAFE.sol#1212) is not in mixedCase
Parameter CryptoSagaHero.addDeposit(address,uint256)._to (contracts/safe/safe_159_SAFE.sol#1233) is not in mixedCase
Parameter CryptoSagaHero.addDeposit(address,uint256)._amount (contracts/safe/safe_159_SAFE.sol#1233) is not in mixedCase
Parameter CryptoSagaHero.levelUp(uint256)._tokenId (contracts/safe/safe_159_SAFE.sol#1243) is not in mixedCase
Parameter CryptoSagaHero.transferDeposit(uint256)._amount (contracts/safe/safe_159_SAFE.sol#1294) is not in mixedCase
Parameter CryptoSagaHero.withdrawDeposit(uint256)._amount (contracts/safe/safe_159_SAFE.sol#1308) is not in mixedCase
Parameter CryptoSagaHero.random(uint32,uint32)._upper (contracts/safe/safe_159_SAFE.sol#1321) is not in mixedCase
Parameter CryptoSagaHero.random(uint32,uint32)._lower (contracts/safe/safe_159_SAFE.sol#1321) is not in mixedCase
Parameter CryptoSagaCorrectedHeroStats.getCorrectedStats(uint256)._tokenId (contracts/safe/safe_159_SAFE.sol#1351) is not in mixedCase
Parameter CryptoSagaCorrectedHeroStats.getCorrectedTotalBPOfAddress(address)._address (contracts/safe/safe_159_SAFE.sol#1368) is not in mixedCase
Parameter CryptoSagaCorrectedHeroStats.getCorrectedTotalBPOfTokens(uint256[])._tokens (contracts/safe/safe_159_SAFE.sol#1390) is not in mixedCase
Parameter CryptoSagaDungeonProgress.getProgressOfAddressAndId(address,uint32)._address (contracts/safe/safe_159_SAFE.sol#1421) is not in mixedCase
Parameter CryptoSagaDungeonProgress.getProgressOfAddressAndId(address,uint32)._id (contracts/safe/safe_159_SAFE.sol#1421) is not in mixedCase
Parameter CryptoSagaDungeonProgress.incrementProgressOfAddressAndId(address,uint32)._address (contracts/safe/safe_159_SAFE.sol#1430) is not in mixedCase
Parameter CryptoSagaDungeonProgress.incrementProgressOfAddressAndId(address,uint32)._id (contracts/safe/safe_159_SAFE.sol#1430) is not in mixedCase
Parameter CryptoSagaDungeonVer1.getEnemyCombinationOfAddress(address)._address (contracts/safe/safe_159_SAFE.sol#1557) is not in mixedCase
Parameter CryptoSagaDungeonVer1.getLastPlayDateTime(address)._address (contracts/safe/safe_159_SAFE.sol#1580) is not in mixedCase
Parameter CryptoSagaDungeonVer1.getPlayRecord(address)._address (contracts/safe/safe_159_SAFE.sol#1588) is not in mixedCase
Parameter CryptoSagaDungeonVer1.getPlayRecordNoTurnData(address)._address (contracts/safe/safe_159_SAFE.sol#1598) is not in mixedCase
Parameter CryptoSagaDungeonVer1.setLocationId(uint32)._value (contracts/safe/safe_159_SAFE.sol#1607) is not in mixedCase
Parameter CryptoSagaDungeonVer1.setCoolDungeon(uint32)._value (contracts/safe/safe_159_SAFE.sol#1615) is not in mixedCase
Parameter CryptoSagaDungeonVer1.setCoolHero(uint32)._value (contracts/safe/safe_159_SAFE.sol#1623) is not in mixedCase
Parameter CryptoSagaDungeonVer1.setExpReward(uint32)._value (contracts/safe/safe_159_SAFE.sol#1631) is not in mixedCase
Parameter CryptoSagaDungeonVer1.setGoldReward(uint256)._value (contracts/safe/safe_159_SAFE.sol#1639) is not in mixedCase
Parameter CryptoSagaDungeonVer1.setIsTurnDataSaved(bool)._value (contracts/safe/safe_159_SAFE.sol#1647) is not in mixedCase
Parameter CryptoSagaDungeonVer1.setInitialEnemyCombination(uint32[4])._enemySlotClassIds (contracts/safe/safe_159_SAFE.sol#1655) is not in mixedCase
Parameter CryptoSagaDungeonVer1.setPreviousDungeoonId(uint32)._dungeonId (contracts/safe/safe_159_SAFE.sol#1664) is not in mixedCase
Parameter CryptoSagaDungeonVer1.setRequiredProgressOfPreviousDungeon(uint32)._progress (contracts/safe/safe_159_SAFE.sol#1672) is not in mixedCase
Parameter CryptoSagaDungeonVer1.setPossibleMobs(uint32[])._classIds (contracts/safe/safe_159_SAFE.sol#1680) is not in mixedCase
Parameter CryptoSagaDungeonVer1.enterDungeon(uint256[4],uint32)._tokenIds (contracts/safe/safe_159_SAFE.sol#1713) is not in mixedCase
Parameter CryptoSagaDungeonVer1.enterDungeon(uint256[4],uint32)._tryingProgress (contracts/safe/safe_159_SAFE.sol#1713) is not in mixedCase
Parameter CryptoSagaDungeonVer1.checkOwnershipAndAvailability(address,uint256[4])._playerAddress (contracts/safe/safe_159_SAFE.sol#1999) is not in mixedCase
Parameter CryptoSagaDungeonVer1.checkOwnershipAndAvailability(address,uint256[4])._tokenIds (contracts/safe/safe_159_SAFE.sol#1999) is not in mixedCase
Parameter CryptoSagaDungeonVer1.createNewCombination(address)._playerAddress (contracts/safe/safe_159_SAFE.sol#2028) is not in mixedCase
Parameter CryptoSagaDungeonVer1.giveReward(uint256[4],uint32,uint8,bool,uint32[4])._heroes (contracts/safe/safe_159_SAFE.sol#2040) is not in mixedCase
Parameter CryptoSagaDungeonVer1.giveReward(uint256[4],uint32,uint8,bool,uint32[4])._progress (contracts/safe/safe_159_SAFE.sol#2040) is not in mixedCase
Parameter CryptoSagaDungeonVer1.giveReward(uint256[4],uint32,uint8,bool,uint32[4])._numberOfKilledEnemies (contracts/safe/safe_159_SAFE.sol#2040) is not in mixedCase
Parameter CryptoSagaDungeonVer1.giveReward(uint256[4],uint32,uint8,bool,uint32[4])._isClearedBefore (contracts/safe/safe_159_SAFE.sol#2040) is not in mixedCase
Parameter CryptoSagaDungeonVer1.giveReward(uint256[4],uint32,uint8,bool,uint32[4])._originalExps (contracts/safe/safe_159_SAFE.sol#2040) is not in mixedCase
Parameter CryptoSagaDungeonVer1.random(uint32,uint32)._upper (contracts/safe/safe_159_SAFE.sol#2078) is not in mixedCase
Parameter CryptoSagaDungeonVer1.random(uint32,uint32)._lower (contracts/safe/safe_159_SAFE.sol#2078) is not in mixedCase
Parameter CryptoSagaDungeonVer1.getOrder(uint32[8])._by (contracts/safe/safe_159_SAFE.sol#2089) is not in mixedCase
Parameter CryptoSagaDungeonVer1.max(uint32,uint32)._value1 (contracts/safe/safe_159_SAFE.sol#2110) is not in mixedCase
Parameter CryptoSagaDungeonVer1.max(uint32,uint32)._value2 (contracts/safe/safe_159_SAFE.sol#2110) is not in mixedCase
Parameter CryptoSagaDungeonVer1.min(uint32,uint32)._value1 (contracts/safe/safe_159_SAFE.sol#2121) is not in mixedCase
Parameter CryptoSagaDungeonVer1.min(uint32,uint32)._value2 (contracts/safe/safe_159_SAFE.sol#2121) is not in mixedCase
Parameter CryptoSagaDungeonVer1.sqrt(uint32)._value (contracts/safe/safe_159_SAFE.sol#2132) is not in mixedCase
Reference: https://github.com/crytic/slither/wiki/Detector-Documentation#conformance-to-solidity-naming-conventions

Detector: too-many-digits
CryptoSagaHero.slitherConstructorVariables() (contracts/safe/safe_159_SAFE.sol#806-1331) uses literals with too many digits:
	- requiredGoldIncreaseFactor = 1000000000000000000 (contracts/safe/safe_159_SAFE.sol#874)
CryptoSagaDungeonVer1.slitherConstructorVariables() (contracts/safe/safe_159_SAFE.sol#1445-2146) uses literals with too many digits:
	- goldReward = 1000000000000000000 (contracts/safe/safe_159_SAFE.sol#1515)
Reference: https://github.com/crytic/slither/wiki/Detector-Documentation#too-many-digits

Detector: unimplemented-functions
CryptoSagaCardSwap (contracts/safe/safe_159_SAFE.sol#771-797) does not implement functions:
	- CryptoSagaCardSwap.swapCardForReward(address,uint8) (contracts/safe/safe_159_SAFE.sol#792-795)
Reference: https://github.com/crytic/slither/wiki/Detector-Documentation#unimplemented-functions

Detector: external-function
setHeroName(uint256,string) should be declared external:
	- CryptoSagaHero.setHeroName(uint256,string) (contracts/safe/safe_159_SAFE.sol#1056-1061)
setInitialEnemyCombination(uint32[4]) should be declared external:
	- CryptoSagaDungeonVer1.setInitialEnemyCombination(uint32[4]) (contracts/safe/safe_159_SAFE.sol#1655-1661)
setPossibleMobs(uint32[]) should be declared external:
	- CryptoSagaDungeonVer1.setPossibleMobs(uint32[]) (contracts/safe/safe_159_SAFE.sol#1680-1685)
enterDungeon(uint256[4],uint32) should be declared external:
	- CryptoSagaDungeonVer1.enterDungeon(uint256[4],uint32) (contracts/safe/safe_159_SAFE.sol#1713-1996)
Reference: https://github.com/crytic/slither/wiki/Detector-Documentation#public-function-that-could-be-declared-external
/home/andrei/Рабочий стол/Kursovaya/Diplom/contracts/safe/safe_159_SAFE.sol analyzed (20 contracts with 101 detectors), 237 result(s) found
