'solc --version' running
'solc /home/andrei/Рабочий стол/Kursovaya/Diplom/contracts/safe/safe_157_SAFE.sol --combined-json abi,ast,bin,bin-runtime,srcmap,srcmap-runtime,userdoc,devdoc,hashes,compact-format --allow-paths .,/home/andrei/Рабочий стол/Kursovaya/Diplom/contracts/safe' running
Compilation warnings/errors on /home/andrei/Рабочий стол/Kursovaya/Diplom/contracts/safe/safe_157_SAFE.sol:
/home/andrei/Рабочий стол/Kursovaya/Diplom/contracts/safe/safe_157_SAFE.sol:138:17: Warning: Use of the "var" keyword is deprecated.
                var amountWith = this.balance - 10000000000000000;
                ^------------^
/home/andrei/Рабочий стол/Kursovaya/Diplom/contracts/safe/safe_157_SAFE.sol:151:17: Warning: Use of the "var" keyword is deprecated.
                var totalTokenToMint = tokensToMint * (10 ** 18);
                ^------------------^
/home/andrei/Рабочий стол/Kursovaya/Diplom/contracts/safe/safe_157_SAFE.sol:70:21: Warning: Invoking events without "emit" prefix is deprecated.
                    TransferSell(owner, rec_address, finalTokens,'Offline');
                    ^-----------------------------------------------------^
/home/andrei/Рабочий стол/Kursovaya/Diplom/contracts/safe/safe_157_SAFE.sol:91:16: Warning: Using contract member "balance" inherited from the address type is deprecated. Convert the contract to "address" type to access the member.
        return this.balance;
               ^----------^
/home/andrei/Рабочий стол/Kursovaya/Diplom/contracts/safe/safe_157_SAFE.sol:138:34: Warning: Using contract member "balance" inherited from the address type is deprecated. Convert the contract to "address" type to access the member.
                var amountWith = this.balance - 10000000000000000;
                                 ^----------^
/home/andrei/Рабочий стол/Kursovaya/Diplom/contracts/safe/safe_157_SAFE.sol:154:17: Warning: Invoking events without "emit" prefix is deprecated.
                Transfer(0, owner, totalTokenToMint);
                ^----------------------------------^
/home/andrei/Рабочий стол/Kursovaya/Diplom/contracts/safe/safe_157_SAFE.sol:169:13: Warning: Invoking events without "emit" prefix is deprecated.
            FrozenFunds(target, freeze);
            ^-------------------------^
/home/andrei/Рабочий стол/Kursovaya/Diplom/contracts/safe/safe_157_SAFE.sol:207:15: Warning: Invoking events without "emit" prefix is deprecated.
              Transfer(_from, _to, _value);                                     // raise event
              ^--------------------------^
/home/andrei/Рабочий стол/Kursovaya/Diplom/contracts/safe/safe_157_SAFE.sol:248:11: Warning: Invoking events without "emit" prefix is deprecated.
          Burn(msg.sender, _value);
          ^----------------------^
/home/andrei/Рабочий стол/Kursovaya/Diplom/contracts/safe/safe_157_SAFE.sol:259:11: Warning: Invoking events without "emit" prefix is deprecated.
          Burn(_from, _value);
          ^-----------------^


Detector: uninitialized-state
CERB_Coin.amountCollected (contracts/safe/safe_157_SAFE.sol#13) is never initialized. It is used in:
	- CERB_Coin.getCollectedAmount() (contracts/safe/safe_157_SAFE.sol#173-176)
Reference: https://github.com/crytic/slither/wiki/Detector-Documentation#uninitialized-state-variables

Detector: erc20-interface
CERB_Coin (contracts/safe/safe_157_SAFE.sol#3-262) has incorrect ERC20 function interface:CERB_Coin.transfer(address,uint256) (contracts/safe/safe_157_SAFE.sol#215-218)
Reference: https://github.com/crytic/slither/wiki/Detector-Documentation#incorrect-erc20-interface

Detector: events-access
CERB_Coin.transferOwnership(address) (contracts/safe/safe_157_SAFE.sol#189-194) should emit an event for: 
	- owner = newOwner (contracts/safe/safe_157_SAFE.sol#193) 
Reference: https://github.com/crytic/slither/wiki/Detector-Documentation#missing-events-access-control

Detector: events-maths
CERB_Coin.setTransferStatus(uint256) (contracts/safe/safe_157_SAFE.sol#111-114) should emit an event for: 
	- allowTransferToken = status (contracts/safe/safe_157_SAFE.sol#113) 
Reference: https://github.com/crytic/slither/wiki/Detector-Documentation#missing-events-arithmetic

Detector: missing-zero-check
CERB_Coin.transferOwnership(address).newOwner (contracts/safe/safe_157_SAFE.sol#189) lacks a zero-check on :
		- owner = newOwner (contracts/safe/safe_157_SAFE.sol#193)
Reference: https://github.com/crytic/slither/wiki/Detector-Documentation#missing-zero-address-validation

Detector: dead-code
CERB_Coin.totalSupply() (contracts/safe/safe_157_SAFE.sol#183-186) is never used and should be removed
Reference: https://github.com/crytic/slither/wiki/Detector-Documentation#dead-code

Detector: solc-version
Version constraint ^0.4.21 contains known severe issues (https://solidity.readthedocs.io/en/latest/bugs.html)
	- DirtyBytesArrayToStorage
	- ABIDecodeTwoDimensionalArrayMemory
	- KeccakCaching
	- EmptyByteArrayCopy
	- DynamicArrayCleanup
	- ImplicitConstructorCallvalueCheck
	- TupleAssignmentMultiStackSlotComponents
	- MemoryArrayCreationOverflow
	- privateCanBeOverridden
	- SignedArrayStorageCopy
	- ABIEncoderV2StorageArrayWithMultiSlotElement
	- DynamicConstructorArgumentsClippedABIV2
	- UninitializedFunctionPointerInConstructor_0.4.x
	- IncorrectEventSignatureInLibraries_0.4.x
	- ABIEncoderV2PackedStorage_0.4.x
	- ExpExponentCleanup
	- EventStructWrongData
	- NestedArrayFunctionCallDecoder.
It is used by:
	- ^0.4.21 (contracts/safe/safe_157_SAFE.sol#1)
solc-0.4.21 is an outdated solc version. Use a more recent version (at least 0.8.0), if possible.
Reference: https://github.com/crytic/slither/wiki/Detector-Documentation#incorrect-versions-of-solidity

Detector: naming-convention
Contract tokenRecipient (contracts/safe/safe_157_SAFE.sol#2) is not in CapWords
Contract CERB_Coin (contracts/safe/safe_157_SAFE.sol#3-262) is not in CapWords
Parameter CERB_Coin.sellOffline(address,uint256).rec_address (contracts/safe/safe_157_SAFE.sol#61) is not in mixedCase
Parameter CERB_Coin.sellOffline(address,uint256).token_amount (contracts/safe/safe_157_SAFE.sol#61) is not in mixedCase
Function CERB_Coin.withdraw_all() (contracts/safe/safe_157_SAFE.sol#134-145) is not in mixedCase
Function CERB_Coin.adm_trasfer(address,address,uint256) (contracts/safe/safe_157_SAFE.sol#160-163) is not in mixedCase
Parameter CERB_Coin.adm_trasfer(address,address,uint256)._from (contracts/safe/safe_157_SAFE.sol#160) is not in mixedCase
Parameter CERB_Coin.adm_trasfer(address,address,uint256)._to (contracts/safe/safe_157_SAFE.sol#160) is not in mixedCase
Parameter CERB_Coin.adm_trasfer(address,address,uint256)._value (contracts/safe/safe_157_SAFE.sol#160) is not in mixedCase
Parameter CERB_Coin.balanceOf(address)._owner (contracts/safe/safe_157_SAFE.sol#178) is not in mixedCase
Parameter CERB_Coin.transfer(address,uint256)._to (contracts/safe/safe_157_SAFE.sol#215) is not in mixedCase
Parameter CERB_Coin.transfer(address,uint256)._value (contracts/safe/safe_157_SAFE.sol#215) is not in mixedCase
Parameter CERB_Coin.transferFrom(address,address,uint256)._from (contracts/safe/safe_157_SAFE.sol#220) is not in mixedCase
Parameter CERB_Coin.transferFrom(address,address,uint256)._to (contracts/safe/safe_157_SAFE.sol#220) is not in mixedCase
Parameter CERB_Coin.transferFrom(address,address,uint256)._value (contracts/safe/safe_157_SAFE.sol#220) is not in mixedCase
Parameter CERB_Coin.approve(address,uint256)._spender (contracts/safe/safe_157_SAFE.sol#228) is not in mixedCase
Parameter CERB_Coin.approve(address,uint256)._value (contracts/safe/safe_157_SAFE.sol#228) is not in mixedCase
Parameter CERB_Coin.approveAndCall(address,uint256,bytes)._spender (contracts/safe/safe_157_SAFE.sol#234) is not in mixedCase
Parameter CERB_Coin.approveAndCall(address,uint256,bytes)._value (contracts/safe/safe_157_SAFE.sol#234) is not in mixedCase
Parameter CERB_Coin.approveAndCall(address,uint256,bytes)._extraData (contracts/safe/safe_157_SAFE.sol#234) is not in mixedCase
Parameter CERB_Coin.burn(uint256)._value (contracts/safe/safe_157_SAFE.sol#243) is not in mixedCase
Parameter CERB_Coin.burnFrom(address,uint256)._from (contracts/safe/safe_157_SAFE.sol#252) is not in mixedCase
Parameter CERB_Coin.burnFrom(address,uint256)._value (contracts/safe/safe_157_SAFE.sol#252) is not in mixedCase
Reference: https://github.com/crytic/slither/wiki/Detector-Documentation#conformance-to-solidity-naming-conventions

Detector: too-many-digits
CERB_Coin.CERB_Coin() (contracts/safe/safe_157_SAFE.sol#33-48) uses literals with too many digits:
	- totalSupply = 1000000000000000000000000000 (contracts/safe/safe_157_SAFE.sol#35)
CERB_Coin.withdraw_all() (contracts/safe/safe_157_SAFE.sol#134-145) uses literals with too many digits:
	- amountWith = this.balance - 10000000000000000 (contracts/safe/safe_157_SAFE.sol#138)
Reference: https://github.com/crytic/slither/wiki/Detector-Documentation#too-many-digits

Detector: unindexed-event-address
Event CERB_Coin.FrozenFunds(address,bool) (contracts/safe/safe_157_SAFE.sol#26) has address parameters but no indexed parameters
Reference: https://github.com/crytic/slither/wiki/Detector-Documentation#unindexed-event-address-parameters

Detector: constable-states
CERB_Coin.amountCollected (contracts/safe/safe_157_SAFE.sol#13) should be constant 
Reference: https://github.com/crytic/slither/wiki/Detector-Documentation#state-variables-that-could-be-declared-constant

Detector: external-function
receiveApproval(address,uint256,address,bytes) should be declared external:
	- tokenRecipient.receiveApproval(address,uint256,address,bytes) (contracts/safe/safe_157_SAFE.sol#2)
approveAndCall(address,uint256,bytes) should be declared external:
	- CERB_Coin.approveAndCall(address,uint256,bytes) (contracts/safe/safe_157_SAFE.sol#234-241)
Reference: https://github.com/crytic/slither/wiki/Detector-Documentation#public-function-that-could-be-declared-external
/home/andrei/Рабочий стол/Kursovaya/Diplom/contracts/safe/safe_157_SAFE.sol analyzed (2 contracts with 101 detectors), 37 result(s) found
