'solc --version' running
'solc /home/andrei/Рабочий стол/Kursovaya/Diplom/contracts/safe/safe_176_SAFE.sol --combined-json abi,ast,bin,bin-runtime,srcmap,srcmap-runtime,userdoc,devdoc,hashes,compact-format --allow-paths .,/home/andrei/Рабочий стол/Kursovaya/Diplom/contracts/safe' running
Compilation warnings/errors on /home/andrei/Рабочий стол/Kursovaya/Diplom/contracts/safe/safe_176_SAFE.sol:
/home/andrei/Рабочий стол/Kursovaya/Diplom/contracts/safe/safe_176_SAFE.sol:121:9: Warning: This declaration shadows an existing declaration.
        address owner
        ^-----------^
/home/andrei/Рабочий стол/Kursovaya/Diplom/contracts/safe/safe_176_SAFE.sol:43:5: The shadowed declaration is here:
    address public owner;
    ^------------------^

/home/andrei/Рабочий стол/Kursovaya/Diplom/contracts/safe/safe_176_SAFE.sol:829:13: Warning: Variable is shadowed in inline assembly by an instruction of the same name
            bytes8 timestamp = bytes8(timestampList[i]);
            ^--------------^
/home/andrei/Рабочий стол/Kursovaya/Diplom/contracts/safe/safe_176_SAFE.sol:573:9: Warning: Uninitialized storage pointer.
        Map storage devBalance;    
        ^--------------------^
/home/andrei/Рабочий стол/Kursovaya/Diplom/contracts/safe/safe_176_SAFE.sol:16:5: Warning: Function state mutability can be restricted to pure
    function convertCountryIndexToBytes(uint[] countries) internal returns (uint,uint,uint){
    ^ (Relevant source part starts here and spans across multiple lines).
/home/andrei/Рабочий стол/Kursovaya/Diplom/contracts/safe/safe_176_SAFE.sol:826:5: Warning: Function state mutability can be restricted to pure
    function areNoncesValid (bytes packageName,uint64[] timestampList, uint64[] nonces) internal returns(bool) {
    ^ (Relevant source part starts here and spans across multiple lines).
/home/andrei/Рабочий стол/Kursovaya/Diplom/contracts/safe/safe_176_SAFE.sol:871:5: Warning: Function state mutability can be restricted to pure
    function division(uint numerator, uint denominator) public view returns (uint) {
    ^ (Relevant source part starts here and spans across multiple lines).
/home/andrei/Рабочий стол/Kursovaya/Diplom/contracts/safe/safe_176_SAFE.sol:876:5: Warning: Function state mutability can be restricted to pure
    function uintToBytes (uint256 i) public view returns(bytes32 b) {
    ^ (Relevant source part starts here and spans across multiple lines).


Detector: controlled-array-length
Advertisement (contracts/safe/safe_176_SAFE.sol#515-881) contract sets array length with a user-controlled value:
	- bidIdList.push(campaign.bidId) (contracts/safe/safe_176_SAFE.sol#681)
Reference: https://github.com/crytic/slither/wiki/Detector-Documentation#array-length-assignment

Detector: unchecked-transfer
AdvertisementFinance.pay(address,address,uint256) (contracts/safe/safe_176_SAFE.sol#322-327) ignores return value by appc.transfer(_destination,_value) (contracts/safe/safe_176_SAFE.sol#325)
AdvertisementFinance.withdraw(address,uint256) (contracts/safe/safe_176_SAFE.sol#329-335) ignores return value by appc.transfer(_developer,_value) (contracts/safe/safe_176_SAFE.sol#333)
Advertisement.createCampaign(string,uint256[3],uint256[],uint256,uint256,uint256,uint256) (contracts/safe/safe_176_SAFE.sol#634-676) ignores return value by appc.transferFrom(msg.sender,address(advertisementFinance),budget) (contracts/safe/safe_176_SAFE.sol#659)
Reference: https://github.com/crytic/slither/wiki/Detector-Documentation#unchecked-transfer

Detector: uninitialized-storage
Advertisement.upgradeFinance(address).devBalance (contracts/safe/safe_176_SAFE.sol#573) is a storage variable never initialized
Reference: https://github.com/crytic/slither/wiki/Detector-Documentation#uninitialized-storage-variables

Detector: erc20-interface
AppCoins (contracts/safe/safe_176_SAFE.sol#356-507) has incorrect ERC20 function interface:ERC20Interface.transferFrom(address,address,uint256) (contracts/safe/safe_176_SAFE.sol#351)
AppCoins (contracts/safe/safe_176_SAFE.sol#356-507) has incorrect ERC20 function interface:AppCoins.transferFrom(address,address,uint256) (contracts/safe/safe_176_SAFE.sol#454-459)
Reference: https://github.com/crytic/slither/wiki/Detector-Documentation#incorrect-erc20-interface

Detector: reentrancy-no-eth
Reentrancy in AdvertisementFinance.setAdsContractAddress(address) (contracts/safe/safe_176_SAFE.sol#298-308):
	External calls:
	- adsStorage = adsContract.getAdvertisementStorageAddress() (contracts/safe/safe_176_SAFE.sol#302)
	State variables written after the call(s):
	- advertisementContract = _addrAdvert (contracts/safe/safe_176_SAFE.sol#307)
	AdvertisementFinance.advertisementContract (contracts/safe/safe_176_SAFE.sol#267) can be used in cross function reentrancies:
	- AdvertisementFinance.onlyAds() (contracts/safe/safe_176_SAFE.sol#276-279)
	- AdvertisementFinance.onlyOwnerOrAds() (contracts/safe/safe_176_SAFE.sol#281-284)
	- AdvertisementFinance.setAdsContractAddress(address) (contracts/safe/safe_176_SAFE.sol#298-308)
Reentrancy in Advertisement.upgradeFinance(address) (contracts/safe/safe_176_SAFE.sol#571-595):
	External calls:
	- dev = advertisementStorage.getCampaignOwnerById(bidIdList[i]) (contracts/safe/safe_176_SAFE.sol#576)
	- devBalance.balance[dev] += advertisementStorage.getCampaignBudgetById(bidIdList[i]) (contracts/safe/safe_176_SAFE.sol#582)
	- advertisementFinance.pay(devBalance.devs[i],address(newAdvFinance),devBalance.balance[devBalance.devs[i]]) (contracts/safe/safe_176_SAFE.sol#586)
	- newAdvFinance.increaseBalance(devBalance.devs[i],devBalance.balance[devBalance.devs[i]]) (contracts/safe/safe_176_SAFE.sol#587)
	- oldBalance = appc.balances(address(advertisementFinance)) (contracts/safe/safe_176_SAFE.sol#590)
	State variables written after the call(s):
	- advertisementFinance = newAdvFinance (contracts/safe/safe_176_SAFE.sol#594)
	Advertisement.advertisementFinance (contracts/safe/safe_176_SAFE.sol#531) can be used in cross function reentrancies:
	- Advertisement.Advertisement(address,address,address) (contracts/safe/safe_176_SAFE.sol#558-564)
	- Advertisement.cancelCampaign(bytes32) (contracts/safe/safe_176_SAFE.sol#747-758)
	- Advertisement.createCampaign(string,uint256[3],uint256[],uint256,uint256,uint256,uint256) (contracts/safe/safe_176_SAFE.sol#634-676)
	- Advertisement.getAdvertisementStorageAddress() (contracts/safe/safe_176_SAFE.sol#622-626)
	- Advertisement.payFromCampaign(bytes32,address,address) (contracts/safe/safe_176_SAFE.sol#797-824)
	- Advertisement.upgradeFinance(address) (contracts/safe/safe_176_SAFE.sol#571-595)
	- Advertisement.upgradeStorage(address) (contracts/safe/safe_176_SAFE.sol#605-613)
Reentrancy in Advertisement.upgradeStorage(address) (contracts/safe/safe_176_SAFE.sol#605-613):
	External calls:
	- cancelCampaign(bidIdList[i]) (contracts/safe/safe_176_SAFE.sol#607)
		- advertisementStorage.getCampaignBudgetById(bidId) (contracts/safe/safe_176_SAFE.sol#777)
		- advertisementStorage.getCampaignOwnerById(bidId) (contracts/safe/safe_176_SAFE.sol#781)
		- advertisementFinance.withdraw(campaignOwner,budget) (contracts/safe/safe_176_SAFE.sol#754)
		- advertisementStorage.setCampaignBudgetById(bidId,0) (contracts/safe/safe_176_SAFE.sol#756)
		- advertisementStorage.setCampaignValidById(bidId,false) (contracts/safe/safe_176_SAFE.sol#757)
	State variables written after the call(s):
	- delete bidIdList (contracts/safe/safe_176_SAFE.sol#609)
	Advertisement.bidIdList (contracts/safe/safe_176_SAFE.sol#528) can be used in cross function reentrancies:
	- Advertisement.addCampaign(CampaignLibrary.Campaign) (contracts/safe/safe_176_SAFE.sol#678-694)
	- Advertisement.createCampaign(string,uint256[3],uint256[],uint256,uint256,uint256,uint256) (contracts/safe/safe_176_SAFE.sol#634-676)
	- Advertisement.getBidIdList() (contracts/safe/safe_176_SAFE.sol#784-786)
	- Advertisement.upgradeFinance(address) (contracts/safe/safe_176_SAFE.sol#571-595)
	- Advertisement.upgradeStorage(address) (contracts/safe/safe_176_SAFE.sol#605-613)
Reentrancy in Advertisement.upgradeStorage(address) (contracts/safe/safe_176_SAFE.sol#605-613):
	External calls:
	- cancelCampaign(bidIdList[i]) (contracts/safe/safe_176_SAFE.sol#607)
		- advertisementStorage.getCampaignBudgetById(bidId) (contracts/safe/safe_176_SAFE.sol#777)
		- advertisementStorage.getCampaignOwnerById(bidId) (contracts/safe/safe_176_SAFE.sol#781)
		- advertisementFinance.withdraw(campaignOwner,budget) (contracts/safe/safe_176_SAFE.sol#754)
		- advertisementStorage.setCampaignBudgetById(bidId,0) (contracts/safe/safe_176_SAFE.sol#756)
		- advertisementStorage.setCampaignValidById(bidId,false) (contracts/safe/safe_176_SAFE.sol#757)
	- advertisementFinance.reset() (contracts/safe/safe_176_SAFE.sol#610)
	- advertisementFinance.setAdsStorageAddress(addrAdverStorage) (contracts/safe/safe_176_SAFE.sol#611)
	State variables written after the call(s):
	- advertisementStorage = AdvertisementStorage(addrAdverStorage) (contracts/safe/safe_176_SAFE.sol#612)
	Advertisement.advertisementStorage (contracts/safe/safe_176_SAFE.sol#530) can be used in cross function reentrancies:
	- Advertisement.Advertisement(address,address,address) (contracts/safe/safe_176_SAFE.sol#558-564)
	- Advertisement.addCampaign(CampaignLibrary.Campaign) (contracts/safe/safe_176_SAFE.sol#678-694)
	- Advertisement.cancelCampaign(bytes32) (contracts/safe/safe_176_SAFE.sol#747-758)
	- Advertisement.getAdvertisementStorageAddress() (contracts/safe/safe_176_SAFE.sol#622-626)
	- Advertisement.getBudgetOfCampaign(bytes32) (contracts/safe/safe_176_SAFE.sol#776-778)
	- Advertisement.getCampaignValidity(bytes32) (contracts/safe/safe_176_SAFE.sol#760-762)
	- Advertisement.getEndDateOfCampaign(bytes32) (contracts/safe/safe_176_SAFE.sol#772-774)
	- Advertisement.getOwnerOfCampaign(bytes32) (contracts/safe/safe_176_SAFE.sol#780-782)
	- Advertisement.getPriceOfCampaign(bytes32) (contracts/safe/safe_176_SAFE.sol#764-766)
	- Advertisement.getStartDateOfCampaign(bytes32) (contracts/safe/safe_176_SAFE.sol#768-770)
	- Advertisement.isCampaignValid(bytes32) (contracts/safe/safe_176_SAFE.sol#788-795)
	- Advertisement.payFromCampaign(bytes32,address,address) (contracts/safe/safe_176_SAFE.sol#797-824)
	- Advertisement.upgradeFinance(address) (contracts/safe/safe_176_SAFE.sol#571-595)
	- Advertisement.upgradeStorage(address) (contracts/safe/safe_176_SAFE.sol#605-613)
Reentrancy in AdvertisementFinance.withdraw(address,uint256) (contracts/safe/safe_176_SAFE.sol#329-335):
	External calls:
	- appc.transfer(_developer,_value) (contracts/safe/safe_176_SAFE.sol#333)
	State variables written after the call(s):
	- balanceDevelopers[_developer] -= _value (contracts/safe/safe_176_SAFE.sol#334)
	AdvertisementFinance.balanceDevelopers (contracts/safe/safe_176_SAFE.sol#262) can be used in cross function reentrancies:
	- AdvertisementFinance.increaseBalance(address,uint256) (contracts/safe/safe_176_SAFE.sol#311-320)
	- AdvertisementFinance.pay(address,address,uint256) (contracts/safe/safe_176_SAFE.sol#322-327)
	- AdvertisementFinance.reset() (contracts/safe/safe_176_SAFE.sol#337-341)
	- AdvertisementFinance.withdraw(address,uint256) (contracts/safe/safe_176_SAFE.sol#329-335)
Reference: https://github.com/crytic/slither/wiki/Detector-Documentation#reentrancy-vulnerabilities-2

Detector: uninitialized-local
Advertisement.createCampaign(string,uint256[3],uint256[],uint256,uint256,uint256,uint256).newCampaign (contracts/safe/safe_176_SAFE.sol#647) is a local variable never initialized
Reference: https://github.com/crytic/slither/wiki/Detector-Documentation#uninitialized-local-variables

Detector: shadowing-local
AdvertisementStorage.setCampaign(bytes32,uint256,uint256,uint256,uint256,bool,address).owner (contracts/safe/safe_176_SAFE.sol#121) shadows:
	- AdvertisementStorage.owner (contracts/safe/safe_176_SAFE.sol#43) (state variable)
Reference: https://github.com/crytic/slither/wiki/Detector-Documentation#local-variable-shadowing

Detector: events-access
AdvertisementFinance.setAdsContractAddress(address) (contracts/safe/safe_176_SAFE.sol#298-308) should emit an event for: 
	- advertisementContract = _addrAdvert (contracts/safe/safe_176_SAFE.sol#307) 
	- advertisementContract = _addrAdvert (contracts/safe/safe_176_SAFE.sol#307) 
Reference: https://github.com/crytic/slither/wiki/Detector-Documentation#missing-events-access-control

Detector: missing-zero-check
AdvertisementFinance.setAdsStorageAddress(address)._addrStorage (contracts/safe/safe_176_SAFE.sol#293) lacks a zero-check on :
		- advStorageContract = _addrStorage (contracts/safe/safe_176_SAFE.sol#295)
AdvertisementFinance.setAdsContractAddress(address)._addrAdvert (contracts/safe/safe_176_SAFE.sol#298) lacks a zero-check on :
		- advertisementContract = _addrAdvert (contracts/safe/safe_176_SAFE.sol#307)
Reference: https://github.com/crytic/slither/wiki/Detector-Documentation#missing-zero-address-validation

Detector: calls-loop
AdvertisementFinance.withdraw(address,uint256) (contracts/safe/safe_176_SAFE.sol#329-335) has external calls inside a loop: appc.transfer(_developer,_value) (contracts/safe/safe_176_SAFE.sol#333)
	Calls stack containing the loop:
		AdvertisementFinance.setAdsStorageAddress(address)
		AdvertisementFinance.reset()
AdvertisementFinance.withdraw(address,uint256) (contracts/safe/safe_176_SAFE.sol#329-335) has external calls inside a loop: appc.transfer(_developer,_value) (contracts/safe/safe_176_SAFE.sol#333)
	Calls stack containing the loop:
		AdvertisementFinance.reset()
Advertisement.upgradeFinance(address) (contracts/safe/safe_176_SAFE.sol#571-595) has external calls inside a loop: dev = advertisementStorage.getCampaignOwnerById(bidIdList[i]) (contracts/safe/safe_176_SAFE.sol#576)
Advertisement.upgradeFinance(address) (contracts/safe/safe_176_SAFE.sol#571-595) has external calls inside a loop: devBalance.balance[dev] += advertisementStorage.getCampaignBudgetById(bidIdList[i]) (contracts/safe/safe_176_SAFE.sol#582)
Advertisement.upgradeFinance(address) (contracts/safe/safe_176_SAFE.sol#571-595) has external calls inside a loop: advertisementFinance.pay(devBalance.devs[i],address(newAdvFinance),devBalance.balance[devBalance.devs[i]]) (contracts/safe/safe_176_SAFE.sol#586)
Advertisement.upgradeFinance(address) (contracts/safe/safe_176_SAFE.sol#571-595) has external calls inside a loop: newAdvFinance.increaseBalance(devBalance.devs[i],devBalance.balance[devBalance.devs[i]]) (contracts/safe/safe_176_SAFE.sol#587)
Advertisement.getOwnerOfCampaign(bytes32) (contracts/safe/safe_176_SAFE.sol#780-782) has external calls inside a loop: advertisementStorage.getCampaignOwnerById(bidId) (contracts/safe/safe_176_SAFE.sol#781)
	Calls stack containing the loop:
		Advertisement.upgradeStorage(address)
		Advertisement.cancelCampaign(bytes32)
Advertisement.getBudgetOfCampaign(bytes32) (contracts/safe/safe_176_SAFE.sol#776-778) has external calls inside a loop: advertisementStorage.getCampaignBudgetById(bidId) (contracts/safe/safe_176_SAFE.sol#777)
	Calls stack containing the loop:
		Advertisement.upgradeStorage(address)
		Advertisement.cancelCampaign(bytes32)
Advertisement.cancelCampaign(bytes32) (contracts/safe/safe_176_SAFE.sol#747-758) has external calls inside a loop: advertisementFinance.withdraw(campaignOwner,budget) (contracts/safe/safe_176_SAFE.sol#754)
	Calls stack containing the loop:
		Advertisement.upgradeStorage(address)
Advertisement.cancelCampaign(bytes32) (contracts/safe/safe_176_SAFE.sol#747-758) has external calls inside a loop: advertisementStorage.setCampaignBudgetById(bidId,0) (contracts/safe/safe_176_SAFE.sol#756)
	Calls stack containing the loop:
		Advertisement.upgradeStorage(address)
Advertisement.cancelCampaign(bytes32) (contracts/safe/safe_176_SAFE.sol#747-758) has external calls inside a loop: advertisementStorage.setCampaignValidById(bidId,false) (contracts/safe/safe_176_SAFE.sol#757)
	Calls stack containing the loop:
		Advertisement.upgradeStorage(address)
Reference: https://github.com/crytic/slither/wiki/Detector-Documentation/#calls-inside-a-loop

Detector: reentrancy-benign
Reentrancy in AdvertisementFinance.pay(address,address,uint256) (contracts/safe/safe_176_SAFE.sol#322-327):
	External calls:
	- appc.transfer(_destination,_value) (contracts/safe/safe_176_SAFE.sol#325)
	State variables written after the call(s):
	- balanceDevelopers[_developer] -= _value (contracts/safe/safe_176_SAFE.sol#326)
Reentrancy in Advertisement.registerPoA(string,bytes32,uint64[],uint64[],address,address,string,bytes2) (contracts/safe/safe_176_SAFE.sol#696-745):
	External calls:
	- ! isCampaignValid(bidId) (contracts/safe/safe_176_SAFE.sol#702)
		- startDate = advertisementStorage.getCampaignStartDateById(bidId) (contracts/safe/safe_176_SAFE.sol#789)
		- endDate = advertisementStorage.getCampaignEndDateById(bidId) (contracts/safe/safe_176_SAFE.sol#790)
		- valid = advertisementStorage.getCampaignValidById(bidId) (contracts/safe/safe_176_SAFE.sol#791)
	State variables written after the call(s):
	- userAttributions[msg.sender][bidId] = true (contracts/safe/safe_176_SAFE.sol#740)
Reentrancy in AdvertisementFinance.setAdsStorageAddress(address) (contracts/safe/safe_176_SAFE.sol#293-296):
	External calls:
	- reset() (contracts/safe/safe_176_SAFE.sol#294)
		- appc.transfer(_developer,_value) (contracts/safe/safe_176_SAFE.sol#333)
	State variables written after the call(s):
	- advStorageContract = _addrStorage (contracts/safe/safe_176_SAFE.sol#295)
Reference: https://github.com/crytic/slither/wiki/Detector-Documentation#reentrancy-vulnerabilities-3

Detector: reentrancy-events
Reentrancy in Advertisement.createCampaign(string,uint256[3],uint256[],uint256,uint256,uint256,uint256) (contracts/safe/safe_176_SAFE.sol#634-676):
	External calls:
	- appc.allowance(msg.sender,address(this)) < budget (contracts/safe/safe_176_SAFE.sol#654)
	Event emitted after the call(s):
	- Error(createCampaign,Not enough allowance) (contracts/safe/safe_176_SAFE.sol#655)
Reentrancy in Advertisement.createCampaign(string,uint256[3],uint256[],uint256,uint256,uint256,uint256) (contracts/safe/safe_176_SAFE.sol#634-676):
	External calls:
	- appc.transferFrom(msg.sender,address(advertisementFinance),budget) (contracts/safe/safe_176_SAFE.sol#659)
	- advertisementFinance.increaseBalance(msg.sender,budget) (contracts/safe/safe_176_SAFE.sol#661)
	- addCampaign(newCampaign) (contracts/safe/safe_176_SAFE.sol#667)
		- advertisementStorage.setCampaign(campaign.bidId,campaign.price,campaign.budget,campaign.startDate,campaign.endDate,campaign.valid,campaign.owner) (contracts/safe/safe_176_SAFE.sol#684-692)
	Event emitted after the call(s):
	- CampaignInformation(newCampaign.bidId,newCampaign.owner,,packageName,countries,vercodes) (contracts/safe/safe_176_SAFE.sol#669-675)
Reentrancy in Advertisement.registerPoA(string,bytes32,uint64[],uint64[],address,address,string,bytes2) (contracts/safe/safe_176_SAFE.sol#696-745):
	External calls:
	- ! isCampaignValid(bidId) (contracts/safe/safe_176_SAFE.sol#702)
		- startDate = advertisementStorage.getCampaignStartDateById(bidId) (contracts/safe/safe_176_SAFE.sol#789)
		- endDate = advertisementStorage.getCampaignEndDateById(bidId) (contracts/safe/safe_176_SAFE.sol#790)
		- valid = advertisementStorage.getCampaignValidById(bidId) (contracts/safe/safe_176_SAFE.sol#791)
	Event emitted after the call(s):
	- Error(registerPoA,Proof-of-attention should have exactly 12 proofs) (contracts/safe/safe_176_SAFE.sol#709)
	- Error(registerPoA,Nounce list and timestamp list must have same length) (contracts/safe/safe_176_SAFE.sol#714-715)
	- Error(registerPoA,Timestamps should be spaced exactly 10 secounds) (contracts/safe/safe_176_SAFE.sol#722-723)
	- Error(registerPoA,User already registered a proof of attention for this campaign) (contracts/safe/safe_176_SAFE.sol#735-736)
Reentrancy in Advertisement.registerPoA(string,bytes32,uint64[],uint64[],address,address,string,bytes2) (contracts/safe/safe_176_SAFE.sol#696-745):
	External calls:
	- ! isCampaignValid(bidId) (contracts/safe/safe_176_SAFE.sol#702)
		- startDate = advertisementStorage.getCampaignStartDateById(bidId) (contracts/safe/safe_176_SAFE.sol#789)
		- endDate = advertisementStorage.getCampaignEndDateById(bidId) (contracts/safe/safe_176_SAFE.sol#790)
		- valid = advertisementStorage.getCampaignValidById(bidId) (contracts/safe/safe_176_SAFE.sol#791)
	- payFromCampaign(bidId,appstore,oem) (contracts/safe/safe_176_SAFE.sol#742)
		- price = advertisementStorage.getCampaignPriceById(bidId) (contracts/safe/safe_176_SAFE.sol#803)
		- budget = advertisementStorage.getCampaignBudgetById(bidId) (contracts/safe/safe_176_SAFE.sol#804)
		- campaignOwner = advertisementStorage.getCampaignOwnerById(bidId) (contracts/safe/safe_176_SAFE.sol#805)
		- advertisementFinance.pay(campaignOwner,msg.sender,division(price * devShare,100)) (contracts/safe/safe_176_SAFE.sol#811)
		- advertisementFinance.pay(campaignOwner,appstore,division(price * appstoreShare,100)) (contracts/safe/safe_176_SAFE.sol#812)
		- advertisementFinance.pay(campaignOwner,oem,division(price * oemShare,100)) (contracts/safe/safe_176_SAFE.sol#813)
		- advertisementStorage.setCampaignBudgetById(bidId,newBudget) (contracts/safe/safe_176_SAFE.sol#818)
		- advertisementStorage.setCampaignValidById(bidId,false) (contracts/safe/safe_176_SAFE.sol#822)
	Event emitted after the call(s):
	- PoARegistered(bidId,packageName,timestampList,nonces,walletName,countryCode) (contracts/safe/safe_176_SAFE.sol#744)
Reference: https://github.com/crytic/slither/wiki/Detector-Documentation#reentrancy-vulnerabilities-4

Detector: timestamp
Advertisement.isCampaignValid(bytes32) (contracts/safe/safe_176_SAFE.sol#788-795) uses timestamp for comparisons
	Dangerous comparisons:
	- valid && startDate < nowInMilliseconds && endDate > nowInMilliseconds (contracts/safe/safe_176_SAFE.sol#794)
Reference: https://github.com/crytic/slither/wiki/Detector-Documentation#block-timestamp

Detector: assembly
Advertisement.areNoncesValid(bytes,uint64[],uint64[]) (contracts/safe/safe_176_SAFE.sol#826-868) uses assembly
	- INLINE ASM (contracts/safe/safe_176_SAFE.sol#858-862)
Reference: https://github.com/crytic/slither/wiki/Detector-Documentation#assembly-usage

Detector: boolean-equal
AdvertisementFinance.increaseBalance(address,uint256) (contracts/safe/safe_176_SAFE.sol#311-320) compares to a boolean constant:
	-developerExists[_developer] == false (contracts/safe/safe_176_SAFE.sol#314)
Reference: https://github.com/crytic/slither/wiki/Detector-Documentation#boolean-equality

Detector: dead-code
Advertisement.areNoncesValid(bytes,uint64[],uint64[]) (contracts/safe/safe_176_SAFE.sol#826-868) is never used and should be removed
Reference: https://github.com/crytic/slither/wiki/Detector-Documentation#dead-code

Detector: solc-version
Version constraint ^0.4.21 contains known severe issues (https://solidity.readthedocs.io/en/latest/bugs.html)
	- DirtyBytesArrayToStorage
	- ABIDecodeTwoDimensionalArrayMemory
	- KeccakCaching
	- EmptyByteArrayCopy
	- DynamicArrayCleanup
	- ImplicitConstructorCallvalueCheck
	- TupleAssignmentMultiStackSlotComponents
	- MemoryArrayCreationOverflow
	- privateCanBeOverridden
	- SignedArrayStorageCopy
	- ABIEncoderV2StorageArrayWithMultiSlotElement
	- DynamicConstructorArgumentsClippedABIV2
	- UninitializedFunctionPointerInConstructor_0.4.x
	- IncorrectEventSignatureInLibraries_0.4.x
	- ABIEncoderV2PackedStorage_0.4.x
	- ExpExponentCleanup
	- EventStructWrongData
	- NestedArrayFunctionCallDecoder.
It is used by:
	- ^0.4.21 (contracts/safe/safe_176_SAFE.sol#1)
solc-0.4.21 is an outdated solc version. Use a more recent version (at least 0.8.0), if possible.
Reference: https://github.com/crytic/slither/wiki/Detector-Documentation#incorrect-versions-of-solidity

Detector: naming-convention
Parameter AdvertisementFinance.setAdsStorageAddress(address)._addrStorage (contracts/safe/safe_176_SAFE.sol#293) is not in mixedCase
Parameter AdvertisementFinance.setAdsContractAddress(address)._addrAdvert (contracts/safe/safe_176_SAFE.sol#298) is not in mixedCase
Parameter AdvertisementFinance.increaseBalance(address,uint256)._developer (contracts/safe/safe_176_SAFE.sol#311) is not in mixedCase
Parameter AdvertisementFinance.increaseBalance(address,uint256)._value (contracts/safe/safe_176_SAFE.sol#311) is not in mixedCase
Parameter AdvertisementFinance.pay(address,address,uint256)._developer (contracts/safe/safe_176_SAFE.sol#322) is not in mixedCase
Parameter AdvertisementFinance.pay(address,address,uint256)._destination (contracts/safe/safe_176_SAFE.sol#322) is not in mixedCase
Parameter AdvertisementFinance.pay(address,address,uint256)._value (contracts/safe/safe_176_SAFE.sol#322) is not in mixedCase
Parameter AdvertisementFinance.withdraw(address,uint256)._developer (contracts/safe/safe_176_SAFE.sol#329) is not in mixedCase
Parameter AdvertisementFinance.withdraw(address,uint256)._value (contracts/safe/safe_176_SAFE.sol#329) is not in mixedCase
Parameter AppCoins.balanceOf(address)._owner (contracts/safe/safe_176_SAFE.sol#397) is not in mixedCase
Parameter AppCoins.transfer(address,uint256)._to (contracts/safe/safe_176_SAFE.sol#433) is not in mixedCase
Parameter AppCoins.transfer(address,uint256)._amount (contracts/safe/safe_176_SAFE.sol#433) is not in mixedCase
Parameter AppCoins.transferFrom(address,address,uint256)._from (contracts/safe/safe_176_SAFE.sol#454) is not in mixedCase
Parameter AppCoins.transferFrom(address,address,uint256)._to (contracts/safe/safe_176_SAFE.sol#454) is not in mixedCase
Parameter AppCoins.transferFrom(address,address,uint256)._value (contracts/safe/safe_176_SAFE.sol#454) is not in mixedCase
Parameter AppCoins.approve(address,uint256)._spender (contracts/safe/safe_176_SAFE.sol#469) is not in mixedCase
Parameter AppCoins.approve(address,uint256)._value (contracts/safe/safe_176_SAFE.sol#469) is not in mixedCase
Parameter AppCoins.burn(uint256)._value (contracts/safe/safe_176_SAFE.sol#482) is not in mixedCase
Parameter AppCoins.burnFrom(address,uint256)._from (contracts/safe/safe_176_SAFE.sol#498) is not in mixedCase
Parameter AppCoins.burnFrom(address,uint256)._value (contracts/safe/safe_176_SAFE.sol#498) is not in mixedCase
Variable AppCoins.token_name (contracts/safe/safe_176_SAFE.sol#359) is not in mixedCase
Variable AppCoins.token_symbol (contracts/safe/safe_176_SAFE.sol#360) is not in mixedCase
Constant Advertisement.expectedPoALength (contracts/safe/safe_176_SAFE.sol#525) is not in UPPER_CASE_WITH_UNDERSCORES
Reference: https://github.com/crytic/slither/wiki/Detector-Documentation#conformance-to-solidity-naming-conventions

Detector: too-many-digits
AppCoins.AppCoins() (contracts/safe/safe_176_SAFE.sol#380-387) uses literals with too many digits:
	- _totalSupply = 1000000 (contracts/safe/safe_176_SAFE.sol#384)
Reference: https://github.com/crytic/slither/wiki/Detector-Documentation#too-many-digits

Detector: unindexed-event-address
Event AdvertisementStorage.CampaignCreated(bytes32,uint256,uint256,uint256,uint256,bool,address) (contracts/safe/safe_176_SAFE.sol#55-64) has address parameters but no indexed parameters
Event AdvertisementStorage.CampaignUpdated(bytes32,uint256,uint256,uint256,uint256,bool,address) (contracts/safe/safe_176_SAFE.sol#66-75) has address parameters but no indexed parameters
Event Advertisement.CampaignInformation(bytes32,address,string,string,uint256[3],uint256[]) (contracts/safe/safe_176_SAFE.sol#543-551) has address parameters but no indexed parameters
Reference: https://github.com/crytic/slither/wiki/Detector-Documentation#unindexed-event-address-parameters

Detector: cache-array-length
Loop condition i < bidIdList.length (contracts/safe/safe_176_SAFE.sol#575) should use cached array length instead of referencing `length` member of the storage array.
 Reference: https://github.com/crytic/slither/wiki/Detector-Documentation#cache-array-length

Detector: constable-states
AppCoins.decimals (contracts/safe/safe_176_SAFE.sol#361) should be constant 
Reference: https://github.com/crytic/slither/wiki/Detector-Documentation#state-variables-that-could-be-declared-constant
/home/andrei/Рабочий стол/Kursovaya/Diplom/contracts/safe/safe_176_SAFE.sol analyzed (6 contracts with 101 detectors), 70 result(s) found
