'solc --version' running
'solc /home/andrei/Рабочий стол/Kursovaya/Diplom/contracts/safe/safe_250_SAFE.sol --combined-json abi,ast,bin,bin-runtime,srcmap,srcmap-runtime,userdoc,devdoc,hashes,compact-format --allow-paths .,/home/andrei/Рабочий стол/Kursovaya/Diplom/contracts/safe' running

Detector: events-access
MD.changeOwner(address) (contracts/safe/safe_250_SAFE.sol#145-148) should emit an event for: 
	- owner = _newowner (contracts/safe/safe_250_SAFE.sol#146) 
Reference: https://github.com/crytic/slither/wiki/Detector-Documentation#missing-events-access-control

Detector: missing-zero-check
MD.constructor(address)._owner (contracts/safe/safe_250_SAFE.sol#99) lacks a zero-check on :
		- owner = _owner (contracts/safe/safe_250_SAFE.sol#100)
MD.changeOwner(address)._newowner (contracts/safe/safe_250_SAFE.sol#145) lacks a zero-check on :
		- owner = _newowner (contracts/safe/safe_250_SAFE.sol#146)
Reference: https://github.com/crytic/slither/wiki/Detector-Documentation#missing-zero-address-validation

Detector: solc-version
Version constraint ^0.4.24 contains known severe issues (https://solidity.readthedocs.io/en/latest/bugs.html)
	- DirtyBytesArrayToStorage
	- ABIDecodeTwoDimensionalArrayMemory
	- KeccakCaching
	- EmptyByteArrayCopy
	- DynamicArrayCleanup
	- ImplicitConstructorCallvalueCheck
	- TupleAssignmentMultiStackSlotComponents
	- MemoryArrayCreationOverflow
	- privateCanBeOverridden
	- SignedArrayStorageCopy
	- ABIEncoderV2StorageArrayWithMultiSlotElement
	- DynamicConstructorArgumentsClippedABIV2
	- UninitializedFunctionPointerInConstructor_0.4.x
	- IncorrectEventSignatureInLibraries_0.4.x
	- ABIEncoderV2PackedStorage_0.4.x
	- ExpExponentCleanup
	- EventStructWrongData.
It is used by:
	- ^0.4.24 (contracts/safe/safe_250_SAFE.sol#1)
solc-0.4.24 is an outdated solc version. Use a more recent version (at least 0.8.0), if possible.
Reference: https://github.com/crytic/slither/wiki/Detector-Documentation#incorrect-versions-of-solidity

Detector: naming-convention
Parameter SafeMath.mul(uint256,uint256)._a (contracts/safe/safe_250_SAFE.sol#8) is not in mixedCase
Parameter SafeMath.mul(uint256,uint256)._b (contracts/safe/safe_250_SAFE.sol#8) is not in mixedCase
Parameter SafeMath.div(uint256,uint256)._a (contracts/safe/safe_250_SAFE.sol#24) is not in mixedCase
Parameter SafeMath.div(uint256,uint256)._b (contracts/safe/safe_250_SAFE.sol#24) is not in mixedCase
Parameter SafeMath.sub(uint256,uint256)._a (contracts/safe/safe_250_SAFE.sol#34) is not in mixedCase
Parameter SafeMath.sub(uint256,uint256)._b (contracts/safe/safe_250_SAFE.sol#34) is not in mixedCase
Parameter SafeMath.add(uint256,uint256)._a (contracts/safe/safe_250_SAFE.sol#42) is not in mixedCase
Parameter SafeMath.add(uint256,uint256)._b (contracts/safe/safe_250_SAFE.sol#42) is not in mixedCase
Parameter MD.balanceOf(address)._owner (contracts/safe/safe_250_SAFE.sol#81) is not in mixedCase
Parameter MD.approve(address,uint256)._spender (contracts/safe/safe_250_SAFE.sol#85) is not in mixedCase
Parameter MD.approve(address,uint256)._value (contracts/safe/safe_250_SAFE.sol#85) is not in mixedCase
Parameter MD.allowance(address,address)._owner (contracts/safe/safe_250_SAFE.sol#91) is not in mixedCase
Parameter MD.allowance(address,address)._spender (contracts/safe/safe_250_SAFE.sol#91) is not in mixedCase
Parameter MD.transfer(address,uint256)._to (contracts/safe/safe_250_SAFE.sol#110) is not in mixedCase
Parameter MD.transfer(address,uint256)._value (contracts/safe/safe_250_SAFE.sol#110) is not in mixedCase
Parameter MD.transferFrom(address,address,uint256)._from (contracts/safe/safe_250_SAFE.sol#129) is not in mixedCase
Parameter MD.transferFrom(address,address,uint256)._to (contracts/safe/safe_250_SAFE.sol#129) is not in mixedCase
Parameter MD.transferFrom(address,address,uint256)._value (contracts/safe/safe_250_SAFE.sol#129) is not in mixedCase
Parameter MD.changeOwner(address)._newowner (contracts/safe/safe_250_SAFE.sol#145) is not in mixedCase
Reference: https://github.com/crytic/slither/wiki/Detector-Documentation#conformance-to-solidity-naming-conventions

Detector: too-many-digits
MD.slitherConstructorVariables() (contracts/safe/safe_250_SAFE.sol#53-155) uses literals with too many digits:
	- _totalSupply = 3500000000 * 10 ** decimals (contracts/safe/safe_250_SAFE.sol#62)
Reference: https://github.com/crytic/slither/wiki/Detector-Documentation#too-many-digits

Detector: constable-states
MD._totalSupply (contracts/safe/safe_250_SAFE.sol#62) should be constant 
Reference: https://github.com/crytic/slither/wiki/Detector-Documentation#state-variables-that-could-be-declared-constant
/home/andrei/Рабочий стол/Kursovaya/Diplom/contracts/safe/safe_250_SAFE.sol analyzed (2 contracts with 101 detectors), 26 result(s) found
