'solc --version' running
'solc /home/andrei/Рабочий стол/Kursovaya/Diplom/contracts/safe/safe_211_SAFE.sol --combined-json abi,ast,bin,bin-runtime,srcmap,srcmap-runtime,userdoc,devdoc,hashes,compact-format --allow-paths .,/home/andrei/Рабочий стол/Kursovaya/Diplom/contracts/safe' running

Detector: events-access
Ownable.transferOwnership(address) (contracts/safe/safe_211_SAFE.sol#32-35) should emit an event for: 
	- owner = newOwner (contracts/safe/safe_211_SAFE.sol#34) 
	- owner = newOwner (contracts/safe/safe_211_SAFE.sol#34) 
Reference: https://github.com/crytic/slither/wiki/Detector-Documentation#missing-events-access-control

Detector: solc-version
Version constraint ^0.4.16 contains known severe issues (https://solidity.readthedocs.io/en/latest/bugs.html)
	- DirtyBytesArrayToStorage
	- ABIDecodeTwoDimensionalArrayMemory
	- KeccakCaching
	- EmptyByteArrayCopy
	- DynamicArrayCleanup
	- ImplicitConstructorCallvalueCheck
	- TupleAssignmentMultiStackSlotComponents
	- MemoryArrayCreationOverflow
	- privateCanBeOverridden
	- SignedArrayStorageCopy
	- ABIEncoderV2StorageArrayWithMultiSlotElement
	- DynamicConstructorArgumentsClippedABIV2
	- UninitializedFunctionPointerInConstructor_0.4.x
	- IncorrectEventSignatureInLibraries_0.4.x
	- ExpExponentCleanup
	- NestedArrayFunctionCallDecoder
	- ZeroFunctionSelector.
It is used by:
	- ^0.4.16 (contracts/safe/safe_211_SAFE.sol#1)
solc-0.4.16 is an outdated solc version. Use a more recent version (at least 0.8.0), if possible.
Reference: https://github.com/crytic/slither/wiki/Detector-Documentation#incorrect-versions-of-solidity

Detector: naming-convention
Parameter SOLToken.transfer(address,uint256)._to (contracts/safe/safe_211_SAFE.sol#73) is not in mixedCase
Parameter SOLToken.transfer(address,uint256)._value (contracts/safe/safe_211_SAFE.sol#73) is not in mixedCase
Parameter SOLToken.balanceOf(address)._owner (contracts/safe/safe_211_SAFE.sol#84) is not in mixedCase
Parameter SOLToken.transferFrom(address,address,uint256)._from (contracts/safe/safe_211_SAFE.sol#88) is not in mixedCase
Parameter SOLToken.transferFrom(address,address,uint256)._to (contracts/safe/safe_211_SAFE.sol#88) is not in mixedCase
Parameter SOLToken.transferFrom(address,address,uint256)._value (contracts/safe/safe_211_SAFE.sol#88) is not in mixedCase
Parameter SOLToken.approve(address,uint256)._spender (contracts/safe/safe_211_SAFE.sol#101) is not in mixedCase
Parameter SOLToken.approve(address,uint256)._value (contracts/safe/safe_211_SAFE.sol#101) is not in mixedCase
Parameter SOLToken.allowance(address,address)._owner (contracts/safe/safe_211_SAFE.sol#112) is not in mixedCase
Parameter SOLToken.allowance(address,address)._spender (contracts/safe/safe_211_SAFE.sol#112) is not in mixedCase
Parameter SOLToken.mint(address,uint256)._to (contracts/safe/safe_211_SAFE.sol#120) is not in mixedCase
Parameter SOLToken.mint(address,uint256)._value (contracts/safe/safe_211_SAFE.sol#120) is not in mixedCase
Parameter SOLToken.burn(uint256)._value (contracts/safe/safe_211_SAFE.sol#148) is not in mixedCase
Parameter SOLToken.burnFrom(address,uint256)._from (contracts/safe/safe_211_SAFE.sol#158) is not in mixedCase
Parameter SOLToken.burnFrom(address,uint256)._value (contracts/safe/safe_211_SAFE.sol#158) is not in mixedCase
Constant SOLToken.start (contracts/safe/safe_211_SAFE.sol#49) is not in UPPER_CASE_WITH_UNDERSCORES
Constant SOLToken.period (contracts/safe/safe_211_SAFE.sol#50) is not in UPPER_CASE_WITH_UNDERSCORES
Reference: https://github.com/crytic/slither/wiki/Detector-Documentation#conformance-to-solidity-naming-conventions
/home/andrei/Рабочий стол/Kursovaya/Diplom/contracts/safe/safe_211_SAFE.sol analyzed (2 contracts with 101 detectors), 20 result(s) found
