'solc --version' running
'solc /home/andrei/Рабочий стол/Kursovaya/Diplom/contracts/vulnerable/vuln_101_SC05.sol --combined-json abi,ast,bin,bin-runtime,srcmap,srcmap-runtime,userdoc,devdoc,hashes,compact-format --allow-paths .,/home/andrei/Рабочий стол/Kursovaya/Diplom/contracts/vulnerable' running

Detector: events-access
owned.transferOwnership(address) (contracts/vulnerable/vuln_101_SC05.sol#15-17) should emit an event for: 
	- owner = newOwner (contracts/vulnerable/vuln_101_SC05.sol#16) 
Reference: https://github.com/crytic/slither/wiki/Detector-Documentation#missing-events-access-control

Detector: missing-zero-check
owned.transferOwnership(address).newOwner (contracts/vulnerable/vuln_101_SC05.sol#15) lacks a zero-check on :
		- owner = newOwner (contracts/vulnerable/vuln_101_SC05.sol#16)
Reference: https://github.com/crytic/slither/wiki/Detector-Documentation#missing-zero-address-validation

Detector: dead-code
TokenERC20._transfer(address,address,uint256) (contracts/vulnerable/vuln_101_SC05.sol#62-78) is never used and should be removed
Reference: https://github.com/crytic/slither/wiki/Detector-Documentation#dead-code

Detector: solc-version
Version constraint >=0.4.22<0.6.0 contains known severe issues (https://solidity.readthedocs.io/en/latest/bugs.html)
	- DirtyBytesArrayToStorage
	- ABIDecodeTwoDimensionalArrayMemory
	- KeccakCaching
	- EmptyByteArrayCopy
	- DynamicArrayCleanup
	- ImplicitConstructorCallvalueCheck
	- TupleAssignmentMultiStackSlotComponents
	- MemoryArrayCreationOverflow
	- privateCanBeOverridden
	- SignedArrayStorageCopy
	- ABIEncoderV2StorageArrayWithMultiSlotElement
	- DynamicConstructorArgumentsClippedABIV2
	- UninitializedFunctionPointerInConstructor_0.4.x
	- IncorrectEventSignatureInLibraries_0.4.x
	- ABIEncoderV2PackedStorage_0.4.x
	- ExpExponentCleanup
	- EventStructWrongData
	- OneOfTwoConstructorsSkipped.
It is used by:
	- >=0.4.22<0.6.0 (contracts/vulnerable/vuln_101_SC05.sol#1)
solc-0.4.22 is an outdated solc version. Use a more recent version (at least 0.8.0), if possible.
Reference: https://github.com/crytic/slither/wiki/Detector-Documentation#incorrect-versions-of-solidity

Detector: naming-convention
Contract owned (contracts/vulnerable/vuln_101_SC05.sol#3-18) is not in CapWords
Contract tokenRecipient (contracts/vulnerable/vuln_101_SC05.sol#20) is not in CapWords
Parameter TokenERC20.transfer(address,uint256)._to (contracts/vulnerable/vuln_101_SC05.sol#88) is not in mixedCase
Parameter TokenERC20.transfer(address,uint256)._value (contracts/vulnerable/vuln_101_SC05.sol#88) is not in mixedCase
Parameter TokenERC20.transferFrom(address,address,uint256)._from (contracts/vulnerable/vuln_101_SC05.sol#102) is not in mixedCase
Parameter TokenERC20.transferFrom(address,address,uint256)._to (contracts/vulnerable/vuln_101_SC05.sol#102) is not in mixedCase
Parameter TokenERC20.transferFrom(address,address,uint256)._value (contracts/vulnerable/vuln_101_SC05.sol#102) is not in mixedCase
Parameter TokenERC20.approve(address,uint256)._spender (contracts/vulnerable/vuln_101_SC05.sol#117) is not in mixedCase
Parameter TokenERC20.approve(address,uint256)._value (contracts/vulnerable/vuln_101_SC05.sol#117) is not in mixedCase
Parameter TokenERC20.approveAndCall(address,uint256,bytes)._spender (contracts/vulnerable/vuln_101_SC05.sol#133) is not in mixedCase
Parameter TokenERC20.approveAndCall(address,uint256,bytes)._value (contracts/vulnerable/vuln_101_SC05.sol#133) is not in mixedCase
Parameter TokenERC20.approveAndCall(address,uint256,bytes)._extraData (contracts/vulnerable/vuln_101_SC05.sol#133) is not in mixedCase
Parameter TokenERC20.burn(uint256)._value (contracts/vulnerable/vuln_101_SC05.sol#150) is not in mixedCase
Parameter TokenERC20.burnFrom(address,uint256)._from (contracts/vulnerable/vuln_101_SC05.sol#166) is not in mixedCase
Parameter TokenERC20.burnFrom(address,uint256)._value (contracts/vulnerable/vuln_101_SC05.sol#166) is not in mixedCase
Reference: https://github.com/crytic/slither/wiki/Detector-Documentation#conformance-to-solidity-naming-conventions

Detector: unindexed-event-address
Event CRYPTOSSAIRDROP.FrozenFunds(address,bool) (contracts/vulnerable/vuln_101_SC05.sol#189) has address parameters but no indexed parameters
Reference: https://github.com/crytic/slither/wiki/Detector-Documentation#unindexed-event-address-parameters

Detector: constable-states
TokenERC20.decimals (contracts/vulnerable/vuln_101_SC05.sol#26) should be constant 
Reference: https://github.com/crytic/slither/wiki/Detector-Documentation#state-variables-that-could-be-declared-constant

Detector: external-function
approveAndCall(address,uint256,bytes) should be declared external:
	- TokenERC20.approveAndCall(address,uint256,bytes) (contracts/vulnerable/vuln_101_SC05.sol#133-141)
Reference: https://github.com/crytic/slither/wiki/Detector-Documentation#public-function-that-could-be-declared-external
/home/andrei/Рабочий стол/Kursovaya/Diplom/contracts/vulnerable/vuln_101_SC05.sol analyzed (4 contracts with 101 detectors), 23 result(s) found
