'solc --version' running
'solc /home/andrei/Рабочий стол/Kursovaya/Diplom/contracts/vulnerable/vuln_305_SC06.sol --combined-json abi,ast,bin,bin-runtime,srcmap,srcmap-runtime,userdoc,devdoc,hashes,compact-format --allow-paths .,/home/andrei/Рабочий стол/Kursovaya/Diplom/contracts/vulnerable' running
Compilation warnings/errors on /home/andrei/Рабочий стол/Kursovaya/Diplom/contracts/vulnerable/vuln_305_SC06.sol:
/home/andrei/Рабочий стол/Kursovaya/Diplom/contracts/vulnerable/vuln_305_SC06.sol:62:5: Warning: Defining constructors as functions with the same name as the contract is deprecated. Use "constructor(...) { ... }" instead.
    function Owned() public {
    ^ (Relevant source part starts here and spans across multiple lines).
/home/andrei/Рабочий стол/Kursovaya/Diplom/contracts/vulnerable/vuln_305_SC06.sol:107:5: Warning: Defining constructors as functions with the same name as the contract is deprecated. Use "constructor(...) { ... }" instead.
    function touristreviewToken() public {
    ^ (Relevant source part starts here and spans across multiple lines).
/home/andrei/Рабочий стол/Kursovaya/Diplom/contracts/vulnerable/vuln_305_SC06.sol:76:9: Warning: Invoking events without "emit" prefix is deprecated.
        OwnershipTransferred(owner, newOwner);
        ^-----------------------------------^
/home/andrei/Рабочий стол/Kursovaya/Diplom/contracts/vulnerable/vuln_305_SC06.sol:139:9: Warning: Invoking events without "emit" prefix is deprecated.
        Transfer(msg.sender, to, tokens);
        ^------------------------------^
/home/andrei/Рабочий стол/Kursovaya/Diplom/contracts/vulnerable/vuln_305_SC06.sol:152:9: Warning: Invoking events without "emit" prefix is deprecated.
        Approval(msg.sender, spender, tokens);
        ^-----------------------------------^
/home/andrei/Рабочий стол/Kursovaya/Diplom/contracts/vulnerable/vuln_305_SC06.sol:170:9: Warning: Invoking events without "emit" prefix is deprecated.
        Transfer(from, to, tokens);
        ^------------------------^
/home/andrei/Рабочий стол/Kursovaya/Diplom/contracts/vulnerable/vuln_305_SC06.sol:191:9: Warning: Invoking events without "emit" prefix is deprecated.
        Approval(msg.sender, spender, tokens);
        ^-----------------------------------^
/home/andrei/Рабочий стол/Kursovaya/Diplom/contracts/vulnerable/vuln_305_SC06.sol:260:9: Warning: Invoking events without "emit" prefix is deprecated.
        Transfer(address(0), msg.sender, tokens);
        ^--------------------------------------^
/home/andrei/Рабочий стол/Kursovaya/Diplom/contracts/vulnerable/vuln_305_SC06.sol:202:72: Warning: Unused function parameter. Remove or comment out the variable name to silence this warning.
    function setMinTrade(uint256 newMinTrade)public onlyOwner returns (bool success) {
                                                                       ^----------^
/home/andrei/Рабочий стол/Kursovaya/Diplom/contracts/vulnerable/vuln_305_SC06.sol:211:61: Warning: Unused function parameter. Remove or comment out the variable name to silence this warning.
    function setTrade(bool status)public onlyOwner returns (bool success) {
                                                            ^----------^


Detector: events-maths
touristreviewToken.setMinTrade(uint256) (contracts/vulnerable/vuln_305_SC06.sol#202-204) should emit an event for: 
	- minTrade = newMinTrade (contracts/vulnerable/vuln_305_SC06.sol#203) 
touristreviewToken.setPrice(uint256) (contracts/vulnerable/vuln_305_SC06.sol#230-233) should emit an event for: 
	- sellPrice = _value (contracts/vulnerable/vuln_305_SC06.sol#231) 
touristreviewToken.setPublicSale(uint256) (contracts/vulnerable/vuln_305_SC06.sol#238-241) should emit an event for: 
	- tokenPublicSale = _value (contracts/vulnerable/vuln_305_SC06.sol#239) 
Reference: https://github.com/crytic/slither/wiki/Detector-Documentation#missing-events-arithmetic

Detector: missing-zero-check
Owned.transferOwnership(address)._newOwner (contracts/vulnerable/vuln_305_SC06.sol#71) lacks a zero-check on :
		- newOwner = _newOwner (contracts/vulnerable/vuln_305_SC06.sol#72)
Reference: https://github.com/crytic/slither/wiki/Detector-Documentation#missing-zero-address-validation

Detector: dead-code
SafeMath.safeDiv(uint256,uint256) (contracts/vulnerable/vuln_305_SC06.sol#19-22) is never used and should be removed
SafeMath.safeMul(uint256,uint256) (contracts/vulnerable/vuln_305_SC06.sol#15-18) is never used and should be removed
Reference: https://github.com/crytic/slither/wiki/Detector-Documentation#dead-code

Detector: solc-version
Version constraint ^0.4.18 contains known severe issues (https://solidity.readthedocs.io/en/latest/bugs.html)
	- DirtyBytesArrayToStorage
	- ABIDecodeTwoDimensionalArrayMemory
	- KeccakCaching
	- EmptyByteArrayCopy
	- DynamicArrayCleanup
	- ImplicitConstructorCallvalueCheck
	- TupleAssignmentMultiStackSlotComponents
	- MemoryArrayCreationOverflow
	- privateCanBeOverridden
	- SignedArrayStorageCopy
	- ABIEncoderV2StorageArrayWithMultiSlotElement
	- DynamicConstructorArgumentsClippedABIV2
	- UninitializedFunctionPointerInConstructor_0.4.x
	- IncorrectEventSignatureInLibraries_0.4.x
	- ExpExponentCleanup
	- EventStructWrongData
	- NestedArrayFunctionCallDecoder.
It is used by:
	- ^0.4.18 (contracts/vulnerable/vuln_305_SC06.sol#1)
solc-0.4.24 is an outdated solc version. Use a more recent version (at least 0.8.0), if possible.
Reference: https://github.com/crytic/slither/wiki/Detector-Documentation#incorrect-versions-of-solidity

Detector: naming-convention
Parameter Owned.transferOwnership(address)._newOwner (contracts/vulnerable/vuln_305_SC06.sol#71) is not in mixedCase
Contract touristreviewToken (contracts/vulnerable/vuln_305_SC06.sol#87-274) is not in CapWords
Parameter touristreviewToken.burn(uint256)._value (contracts/vulnerable/vuln_305_SC06.sol#219) is not in mixedCase
Parameter touristreviewToken.setPrice(uint256)._value (contracts/vulnerable/vuln_305_SC06.sol#230) is not in mixedCase
Parameter touristreviewToken.setPublicSale(uint256)._value (contracts/vulnerable/vuln_305_SC06.sol#238) is not in mixedCase
Variable touristreviewToken._totalSupply (contracts/vulnerable/vuln_305_SC06.sol#91) is not in mixedCase
Variable touristreviewToken._open (contracts/vulnerable/vuln_305_SC06.sol#92) is not in mixedCase
Reference: https://github.com/crytic/slither/wiki/Detector-Documentation#conformance-to-solidity-naming-conventions

Detector: too-many-digits
touristreviewToken.touristreviewToken() (contracts/vulnerable/vuln_305_SC06.sol#107-112) uses literals with too many digits:
	- _totalSupply = 2000000000000000000 (contracts/vulnerable/vuln_305_SC06.sol#111)
touristreviewToken.slitherConstructorVariables() (contracts/vulnerable/vuln_305_SC06.sol#87-274) uses literals with too many digits:
	- minTrade = 10000000000000000 (contracts/vulnerable/vuln_305_SC06.sol#93)
touristreviewToken.slitherConstructorVariables() (contracts/vulnerable/vuln_305_SC06.sol#87-274) uses literals with too many digits:
	- tokenPublicSale = 1400000000000000000 (contracts/vulnerable/vuln_305_SC06.sol#95)
Reference: https://github.com/crytic/slither/wiki/Detector-Documentation#too-many-digits

Detector: external-function
receiveApproval(address,uint256,address,bytes) should be declared external:
	- ApproveAndCallFallBack.receiveApproval(address,uint256,address,bytes) (contracts/vulnerable/vuln_305_SC06.sol#49)
approveAndCall(address,uint256,bytes) should be declared external:
	- touristreviewToken.approveAndCall(address,uint256,bytes) (contracts/vulnerable/vuln_305_SC06.sol#189-194)
Reference: https://github.com/crytic/slither/wiki/Detector-Documentation#public-function-that-could-be-declared-external
/home/andrei/Рабочий стол/Kursovaya/Diplom/contracts/vulnerable/vuln_305_SC06.sol analyzed (5 contracts with 101 detectors), 20 result(s) found
