'solc --version' running
'solc /home/andrei/Рабочий стол/Kursovaya/Diplom/contracts/vulnerable/vuln_148_SC09.sol --combined-json abi,ast,bin,bin-runtime,srcmap,srcmap-runtime,userdoc,devdoc,hashes,compact-format --allow-paths .,/home/andrei/Рабочий стол/Kursovaya/Diplom/contracts/vulnerable' running
Compilation warnings/errors on /home/andrei/Рабочий стол/Kursovaya/Diplom/contracts/vulnerable/vuln_148_SC09.sol:
/home/andrei/Рабочий стол/Kursovaya/Diplom/contracts/vulnerable/vuln_148_SC09.sol:92:9: Warning: "throw" is deprecated in favour of "revert()", "require()" and "assert()".
        throw;
        ^---^
/home/andrei/Рабочий стол/Kursovaya/Diplom/contracts/vulnerable/vuln_148_SC09.sol:117:141: Warning: "throw" is deprecated in favour of "revert()", "require()" and "assert()".
        if(!_spender.call(bytes4(bytes32(sha3("receiveApproval(address,uint256,address,bytes)"))), msg.sender, _value, this, _extraData)) { throw; }
                                                                                                                                            ^---^
/home/andrei/Рабочий стол/Kursovaya/Diplom/contracts/vulnerable/vuln_148_SC09.sol:11:46: Warning: Unused local variable
    function totalSupply() constant returns (uint256 supply) {}
                                             ^------------^
/home/andrei/Рабочий стол/Kursovaya/Diplom/contracts/vulnerable/vuln_148_SC09.sol:15:24: Warning: Unused local variable
    function balanceOf(address _owner) constant returns (uint256 balance) {}
                       ^------------^
/home/andrei/Рабочий стол/Kursovaya/Diplom/contracts/vulnerable/vuln_148_SC09.sol:15:58: Warning: Unused local variable
    function balanceOf(address _owner) constant returns (uint256 balance) {}
                                                         ^-------------^
/home/andrei/Рабочий стол/Kursovaya/Diplom/contracts/vulnerable/vuln_148_SC09.sol:21:23: Warning: Unused local variable
    function transfer(address _to, uint256 _value) returns (bool success) {}
                      ^---------^
/home/andrei/Рабочий стол/Kursovaya/Diplom/contracts/vulnerable/vuln_148_SC09.sol:21:36: Warning: Unused local variable
    function transfer(address _to, uint256 _value) returns (bool success) {}
                                   ^------------^
/home/andrei/Рабочий стол/Kursovaya/Diplom/contracts/vulnerable/vuln_148_SC09.sol:21:61: Warning: Unused local variable
    function transfer(address _to, uint256 _value) returns (bool success) {}
                                                            ^----------^
/home/andrei/Рабочий стол/Kursovaya/Diplom/contracts/vulnerable/vuln_148_SC09.sol:28:27: Warning: Unused local variable
    function transferFrom(address _from, address _to, uint256 _value) returns (bool success) {}
                          ^-----------^
/home/andrei/Рабочий стол/Kursovaya/Diplom/contracts/vulnerable/vuln_148_SC09.sol:28:42: Warning: Unused local variable
    function transferFrom(address _from, address _to, uint256 _value) returns (bool success) {}
                                         ^---------^
/home/andrei/Рабочий стол/Kursovaya/Diplom/contracts/vulnerable/vuln_148_SC09.sol:28:55: Warning: Unused local variable
    function transferFrom(address _from, address _to, uint256 _value) returns (bool success) {}
                                                      ^------------^
/home/andrei/Рабочий стол/Kursovaya/Diplom/contracts/vulnerable/vuln_148_SC09.sol:28:80: Warning: Unused local variable
    function transferFrom(address _from, address _to, uint256 _value) returns (bool success) {}
                                                                               ^----------^
/home/andrei/Рабочий стол/Kursovaya/Diplom/contracts/vulnerable/vuln_148_SC09.sol:34:22: Warning: Unused local variable
    function approve(address _spender, uint256 _value) returns (bool success) {}
                     ^--------------^
/home/andrei/Рабочий стол/Kursovaya/Diplom/contracts/vulnerable/vuln_148_SC09.sol:34:40: Warning: Unused local variable
    function approve(address _spender, uint256 _value) returns (bool success) {}
                                       ^------------^
/home/andrei/Рабочий стол/Kursovaya/Diplom/contracts/vulnerable/vuln_148_SC09.sol:34:65: Warning: Unused local variable
    function approve(address _spender, uint256 _value) returns (bool success) {}
                                                                ^----------^
/home/andrei/Рабочий стол/Kursovaya/Diplom/contracts/vulnerable/vuln_148_SC09.sol:39:24: Warning: Unused local variable
    function allowance(address _owner, address _spender) constant returns (uint256 remaining) {}
                       ^------------^
/home/andrei/Рабочий стол/Kursovaya/Diplom/contracts/vulnerable/vuln_148_SC09.sol:39:40: Warning: Unused local variable
    function allowance(address _owner, address _spender) constant returns (uint256 remaining) {}
                                       ^--------------^
/home/andrei/Рабочий стол/Kursovaya/Diplom/contracts/vulnerable/vuln_148_SC09.sol:39:76: Warning: Unused local variable
    function allowance(address _owner, address _spender) constant returns (uint256 remaining) {}
                                                                           ^---------------^


Detector: deprecated-standards
Deprecated standard detected THROW (contracts/vulnerable/vuln_148_SC09.sol#92):
	- Usage of "throw" should be replaced with "revert()"
Deprecated standard detected ! _spender.call(bytes4(bytes32(sha3()(receiveApproval(address,uint256,address,bytes)))),msg.sender,_value,this,_extraData) (contracts/vulnerable/vuln_148_SC09.sol#117):
	- Usage of "sha3()" should be replaced with "keccak256()"
Deprecated standard detected THROW (contracts/vulnerable/vuln_148_SC09.sol#117):
	- Usage of "throw" should be replaced with "revert()"
Reference: https://github.com/crytic/slither/wiki/Detector-Documentation#deprecated-standards

Detector: solc-version
Version constraint ^0.4.16 contains known severe issues (https://solidity.readthedocs.io/en/latest/bugs.html)
	- DirtyBytesArrayToStorage
	- ABIDecodeTwoDimensionalArrayMemory
	- KeccakCaching
	- EmptyByteArrayCopy
	- DynamicArrayCleanup
	- ImplicitConstructorCallvalueCheck
	- TupleAssignmentMultiStackSlotComponents
	- MemoryArrayCreationOverflow
	- privateCanBeOverridden
	- SignedArrayStorageCopy
	- ABIEncoderV2StorageArrayWithMultiSlotElement
	- DynamicConstructorArgumentsClippedABIV2
	- UninitializedFunctionPointerInConstructor_0.4.x
	- IncorrectEventSignatureInLibraries_0.4.x
	- ExpExponentCleanup
	- NestedArrayFunctionCallDecoder
	- ZeroFunctionSelector.
It is used by:
	- ^0.4.16 (contracts/vulnerable/vuln_148_SC09.sol#1)
solc-0.4.16 is an outdated solc version. Use a more recent version (at least 0.8.0), if possible.
Reference: https://github.com/crytic/slither/wiki/Detector-Documentation#incorrect-versions-of-solidity

Detector: low-level-calls
Low level call in AFEBToken.approveAndCall(address,uint256,bytes) (contracts/vulnerable/vuln_148_SC09.sol#113-119):
	- ! _spender.call(bytes4(bytes32(sha3()(receiveApproval(address,uint256,address,bytes)))),msg.sender,_value,this,_extraData) (contracts/vulnerable/vuln_148_SC09.sol#117)
Reference: https://github.com/crytic/slither/wiki/Detector-Documentation#low-level-calls

Detector: naming-convention
Parameter StandardToken.transfer(address,uint256)._to (contracts/vulnerable/vuln_148_SC09.sol#49) is not in mixedCase
Parameter StandardToken.transfer(address,uint256)._value (contracts/vulnerable/vuln_148_SC09.sol#49) is not in mixedCase
Parameter StandardToken.transferFrom(address,address,uint256)._from (contracts/vulnerable/vuln_148_SC09.sol#58) is not in mixedCase
Parameter StandardToken.transferFrom(address,address,uint256)._to (contracts/vulnerable/vuln_148_SC09.sol#58) is not in mixedCase
Parameter StandardToken.transferFrom(address,address,uint256)._value (contracts/vulnerable/vuln_148_SC09.sol#58) is not in mixedCase
Parameter StandardToken.balanceOf(address)._owner (contracts/vulnerable/vuln_148_SC09.sol#68) is not in mixedCase
Parameter StandardToken.approve(address,uint256)._spender (contracts/vulnerable/vuln_148_SC09.sol#72) is not in mixedCase
Parameter StandardToken.approve(address,uint256)._value (contracts/vulnerable/vuln_148_SC09.sol#72) is not in mixedCase
Parameter StandardToken.allowance(address,address)._owner (contracts/vulnerable/vuln_148_SC09.sol#78) is not in mixedCase
Parameter StandardToken.allowance(address,address)._spender (contracts/vulnerable/vuln_148_SC09.sol#78) is not in mixedCase
Parameter AFEBToken.approveAndCall(address,uint256,bytes)._spender (contracts/vulnerable/vuln_148_SC09.sol#113) is not in mixedCase
Parameter AFEBToken.approveAndCall(address,uint256,bytes)._value (contracts/vulnerable/vuln_148_SC09.sol#113) is not in mixedCase
Parameter AFEBToken.approveAndCall(address,uint256,bytes)._extraData (contracts/vulnerable/vuln_148_SC09.sol#113) is not in mixedCase
Reference: https://github.com/crytic/slither/wiki/Detector-Documentation#conformance-to-solidity-naming-conventions

Detector: too-many-digits
AFEBToken.AFEBToken() (contracts/vulnerable/vuln_148_SC09.sol#103-110) uses literals with too many digits:
	- balances[msg.sender] = 22000000000 * 1000000000000000000 (contracts/vulnerable/vuln_148_SC09.sol#105)
AFEBToken.AFEBToken() (contracts/vulnerable/vuln_148_SC09.sol#103-110) uses literals with too many digits:
	- totalSupply = 22000000000 * 1000000000000000000 (contracts/vulnerable/vuln_148_SC09.sol#106)
Reference: https://github.com/crytic/slither/wiki/Detector-Documentation#too-many-digits

Detector: constable-states
AFEBToken.version (contracts/vulnerable/vuln_148_SC09.sol#100) should be constant 
Reference: https://github.com/crytic/slither/wiki/Detector-Documentation#state-variables-that-could-be-declared-constant

Detector: external-function
approveAndCall(address,uint256,bytes) should be declared external:
	- AFEBToken.approveAndCall(address,uint256,bytes) (contracts/vulnerable/vuln_148_SC09.sol#113-119)
Reference: https://github.com/crytic/slither/wiki/Detector-Documentation#public-function-that-could-be-declared-external
/home/andrei/Рабочий стол/Kursovaya/Diplom/contracts/vulnerable/vuln_148_SC09.sol analyzed (3 contracts with 101 detectors), 23 result(s) found
