'solc --version' running
'solc /home/andrei/Рабочий стол/Kursovaya/Diplom/contracts/vulnerable/vuln_149_SC09.sol --combined-json abi,ast,bin,bin-runtime,srcmap,srcmap-runtime,userdoc,devdoc,hashes --allow-paths .,/home/andrei/Рабочий стол/Kursovaya/Diplom/contracts/vulnerable' running
Compilation warnings/errors on /home/andrei/Рабочий стол/Kursovaya/Diplom/contracts/vulnerable/vuln_149_SC09.sol:
Warning: SPDX license identifier not provided in source file. Before publishing, consider adding a comment containing "SPDX-License-Identifier: <SPDX-License>" to each source file. Use "SPDX-License-Identifier: UNLICENSED" for non-open-source code. Please see https://spdx.org for more information.
--> contracts/vulnerable/vuln_149_SC09.sol

Warning: Source file does not specify required compiler version! Consider adding "pragma solidity ^0.8.20;"
--> contracts/vulnerable/vuln_149_SC09.sol

Warning: Unnamed return variable can remain unassigned. Add an explicit return with value to all non-reverting code paths or name the variable.
 --> contracts/vulnerable/vuln_149_SC09.sol:4:75:
  |
4 |     function handleLuckyPending(uint256 _pendingSkipSize) private returns(bool) {
  |                                                                           ^^^^

Warning: Function state mutability can be restricted to view
 --> contracts/vulnerable/vuln_149_SC09.sol:4:5:
  |
4 |     function handleLuckyPending(uint256 _pendingSkipSize) private returns(bool) {
  |     ^ (Relevant source part starts here and spans across multiple lines).



Detector: uninitialized-state
Saturn.luckyPendingIndex (contracts/vulnerable/vuln_149_SC09.sol#2) is never initialized. It is used in:
	- Saturn.handleLuckyPending(uint256) (contracts/vulnerable/vuln_149_SC09.sol#4-9)
Reference: https://github.com/crytic/slither/wiki/Detector-Documentation#uninitialized-state-variables

Detector: timestamp
Saturn.handleLuckyPending(uint256) (contracts/vulnerable/vuln_149_SC09.sol#4-9) uses timestamp for comparisons
	Dangerous comparisons:
	- _seed > 0 (contracts/vulnerable/vuln_149_SC09.sol#7)
Reference: https://github.com/crytic/slither/wiki/Detector-Documentation#block-timestamp

Detector: dead-code
Saturn.handleLuckyPending(uint256) (contracts/vulnerable/vuln_149_SC09.sol#4-9) is never used and should be removed
Reference: https://github.com/crytic/slither/wiki/Detector-Documentation#dead-code

Detector: naming-convention
Parameter Saturn.handleLuckyPending(uint256)._pendingSkipSize (contracts/vulnerable/vuln_149_SC09.sol#4) is not in mixedCase
Reference: https://github.com/crytic/slither/wiki/Detector-Documentation#conformance-to-solidity-naming-conventions

Detector: constable-states
Saturn.luckyPendingIndex (contracts/vulnerable/vuln_149_SC09.sol#2) should be constant 
Reference: https://github.com/crytic/slither/wiki/Detector-Documentation#state-variables-that-could-be-declared-constant
/home/andrei/Рабочий стол/Kursovaya/Diplom/contracts/vulnerable/vuln_149_SC09.sol analyzed (1 contracts with 101 detectors), 5 result(s) found
