'solc --version' running
'solc /home/andrei/Рабочий стол/Kursovaya/Diplom/contracts/vulnerable/vuln_032_SC05.sol --combined-json abi,ast,bin,bin-runtime,srcmap,srcmap-runtime,userdoc,devdoc,hashes,compact-format --allow-paths .,/home/andrei/Рабочий стол/Kursovaya/Diplom/contracts/vulnerable' running

Detector: events-maths
EthTxOrderDependenceMinimal.setReward() (contracts/vulnerable/vuln_032_SC05.sol#18-25) should emit an event for: 
	- reward = msg.value (contracts/vulnerable/vuln_032_SC05.sol#24) 
Reference: https://github.com/crytic/slither/wiki/Detector-Documentation#missing-events-arithmetic

Detector: solc-version
Version constraint ^0.4.16 contains known severe issues (https://solidity.readthedocs.io/en/latest/bugs.html)
	- DirtyBytesArrayToStorage
	- ABIDecodeTwoDimensionalArrayMemory
	- KeccakCaching
	- EmptyByteArrayCopy
	- DynamicArrayCleanup
	- ImplicitConstructorCallvalueCheck
	- TupleAssignmentMultiStackSlotComponents
	- MemoryArrayCreationOverflow
	- privateCanBeOverridden
	- SignedArrayStorageCopy
	- ABIEncoderV2StorageArrayWithMultiSlotElement
	- DynamicConstructorArgumentsClippedABIV2
	- UninitializedFunctionPointerInConstructor_0.4.x
	- IncorrectEventSignatureInLibraries_0.4.x
	- ExpExponentCleanup
	- NestedArrayFunctionCallDecoder
	- ZeroFunctionSelector.
It is used by:
	- ^0.4.16 (contracts/vulnerable/vuln_032_SC05.sol#7)
solc-0.4.16 is an outdated solc version. Use a more recent version (at least 0.8.0), if possible.
Reference: https://github.com/crytic/slither/wiki/Detector-Documentation#incorrect-versions-of-solidity

Detector: reentrancy-unlimited-gas
Reentrancy in EthTxOrderDependenceMinimal.claimReward(uint256) (contracts/vulnerable/vuln_032_SC05.sol#27-33):
	External calls:
	- msg.sender.transfer(reward) (contracts/vulnerable/vuln_032_SC05.sol#31)
	State variables written after the call(s):
	- claimed = true (contracts/vulnerable/vuln_032_SC05.sol#32)
Reentrancy in EthTxOrderDependenceMinimal.setReward() (contracts/vulnerable/vuln_032_SC05.sol#18-25):
	External calls:
	- owner.transfer(reward) (contracts/vulnerable/vuln_032_SC05.sol#23)
	State variables written after the call(s):
	- reward = msg.value (contracts/vulnerable/vuln_032_SC05.sol#24)
Reference: https://github.com/crytic/slither/wiki/Detector-Documentation#reentrancy-vulnerabilities-5
/home/andrei/Рабочий стол/Kursovaya/Diplom/contracts/vulnerable/vuln_032_SC05.sol analyzed (1 contracts with 101 detectors), 5 result(s) found
