'solc --version' running
'solc /home/andrei/Рабочий стол/Kursovaya/Diplom/contracts/vulnerable/vuln_025_SC05.sol --combined-json abi,ast,bin,bin-runtime,srcmap,srcmap-runtime,userdoc,devdoc,hashes,compact-format --allow-paths .,/home/andrei/Рабочий стол/Kursovaya/Diplom/contracts/vulnerable' running

Detector: controlled-array-length
SmartBillions (contracts/vulnerable/vuln_025_SC05.sol#118-771) contract sets array length with a user-controlled value:
	- dividends.push(0) (contracts/vulnerable/vuln_025_SC05.sol#186)
SmartBillions (contracts/vulnerable/vuln_025_SC05.sol#118-771) contract sets array length with a user-controlled value:
	- dividends.push(0) (contracts/vulnerable/vuln_025_SC05.sol#187)
SmartBillions (contracts/vulnerable/vuln_025_SC05.sol#118-771) contract sets array length with a user-controlled value:
	- dividends.push(0) (contracts/vulnerable/vuln_025_SC05.sol#346)
Reference: https://github.com/crytic/slither/wiki/Detector-Documentation#array-length-assignment

Detector: divide-before-multiply
SmartBillions.invest(address) (contracts/vulnerable/vuln_025_SC05.sol#399-431) performs a multiplication on the result of a division:
	- walletBalance += (investing * 5 / 100) * 2 (contracts/vulnerable/vuln_025_SC05.sol#416)
SmartBillions.commitDividend(address) (contracts/vulnerable/vuln_025_SC05.sol#459-478) performs a multiplication on the result of a division:
	- share = balances[_who] * 0xffffffff / totalSupply (contracts/vulnerable/vuln_025_SC05.sol#468)
	- balance += share * dividends[last] (contracts/vulnerable/vuln_025_SC05.sol#471)
Reference: https://github.com/crytic/slither/wiki/Detector-Documentation#divide-before-multiply

Detector: erc20-interface
SmartBillions (contracts/vulnerable/vuln_025_SC05.sol#118-771) has incorrect ERC20 function interface:StandardToken.transferFrom(address,address,uint256) (contracts/vulnerable/vuln_025_SC05.sol#84-92)
SmartBillions (contracts/vulnerable/vuln_025_SC05.sol#118-771) has incorrect ERC20 function interface:StandardToken.approve(address,uint256) (contracts/vulnerable/vuln_025_SC05.sol#98-103)
SmartBillions (contracts/vulnerable/vuln_025_SC05.sol#118-771) has incorrect ERC20 function interface:ERC20.transferFrom(address,address,uint256) (contracts/vulnerable/vuln_025_SC05.sol#33)
SmartBillions (contracts/vulnerable/vuln_025_SC05.sol#118-771) has incorrect ERC20 function interface:ERC20.approve(address,uint256) (contracts/vulnerable/vuln_025_SC05.sol#34)
SmartBillions (contracts/vulnerable/vuln_025_SC05.sol#118-771) has incorrect ERC20 function interface:ERC20Basic.transfer(address,uint256) (contracts/vulnerable/vuln_025_SC05.sol#26)
SmartBillions (contracts/vulnerable/vuln_025_SC05.sol#118-771) has incorrect ERC20 function interface:BasicToken.transfer(address,uint256) (contracts/vulnerable/vuln_025_SC05.sol#51-64)
Reference: https://github.com/crytic/slither/wiki/Detector-Documentation#incorrect-erc20-interface

Detector: incorrect-equality
SmartBillions.addHashes(uint256) (contracts/vulnerable/vuln_025_SC05.sol#672-689) uses a dangerous strict equality:
	- require(bool)(hashFirst == 0 && _sadd > 0 && _sadd <= hashesSize) (contracts/vulnerable/vuln_025_SC05.sol#673)
SmartBillions.betOf(address) (contracts/vulnerable/vuln_025_SC05.sol#513-535) uses a dangerous strict equality:
	- (player.value == 0) || (player.blockNum <= 1) || (block.number < player.blockNum) || (block.number >= player.blockNum + (10 * hashesSize)) (contracts/vulnerable/vuln_025_SC05.sol#515-518)
SmartBillions.betOf(address) (contracts/vulnerable/vuln_025_SC05.sol#513-535) uses a dangerous strict equality:
	- hash == 0x1000000 (contracts/vulnerable/vuln_025_SC05.sol#527)
SmartBillions.betPrize(SmartBillions.Bet,uint24) (contracts/vulnerable/vuln_025_SC05.sol#482-508) uses a dangerous strict equality:
	- (hit & 0xF00000) == 0 (contracts/vulnerable/vuln_025_SC05.sol#485-491)
SmartBillions.putHash() (contracts/vulnerable/vuln_025_SC05.sol#735-756) uses a dangerous strict equality:
	- lastb == 0 || block.number <= lastb + 10 (contracts/vulnerable/vuln_025_SC05.sol#737)
SmartBillions.won() (contracts/vulnerable/vuln_025_SC05.sol#540-591) uses a dangerous strict equality:
	- player.blockNum == 0 (contracts/vulnerable/vuln_025_SC05.sol#542)
SmartBillions.won() (contracts/vulnerable/vuln_025_SC05.sol#540-591) uses a dangerous strict equality:
	- (player.value == 0) || (player.blockNum == 1) (contracts/vulnerable/vuln_025_SC05.sol#546)
SmartBillions.won() (contracts/vulnerable/vuln_025_SC05.sol#540-591) uses a dangerous strict equality:
	- hash == 0x1000000 (contracts/vulnerable/vuln_025_SC05.sol#566)
Reference: https://github.com/crytic/slither/wiki/Detector-Documentation#dangerous-strict-equalities

Detector: shadowing-local
ERC20.allowance(address,address).owner (contracts/vulnerable/vuln_025_SC05.sol#32) shadows:
	- ERC20Basic.owner (contracts/vulnerable/vuln_025_SC05.sol#23) (state variable)
Reference: https://github.com/crytic/slither/wiki/Detector-Documentation#local-variable-shadowing

Detector: events-access
SmartBillions.changeOwner(address) (contracts/vulnerable/vuln_025_SC05.sol#267-272) should emit an event for: 
	- owner = _who (contracts/vulnerable/vuln_025_SC05.sol#271) 
SmartBillions.changeAnimator(address) (contracts/vulnerable/vuln_025_SC05.sol#278-283) should emit an event for: 
	- animator = _who (contracts/vulnerable/vuln_025_SC05.sol#282) 
Reference: https://github.com/crytic/slither/wiki/Detector-Documentation#missing-events-access-control

Detector: events-maths
SmartBillions.setInvestStart(uint256) (contracts/vulnerable/vuln_025_SC05.sol#289-292) should emit an event for: 
	- investStart = _when (contracts/vulnerable/vuln_025_SC05.sol#291) 
SmartBillions.setBetMax(uint256) (contracts/vulnerable/vuln_025_SC05.sol#298-300) should emit an event for: 
	- hashBetMax = _maxsum (contracts/vulnerable/vuln_025_SC05.sol#299) 
Reference: https://github.com/crytic/slither/wiki/Detector-Documentation#missing-events-arithmetic

Detector: costly-loop
SmartBillions.putHash() (contracts/vulnerable/vuln_025_SC05.sol#735-756) has costly operations inside a loop:
	- hashLast = lastb + 10 (contracts/vulnerable/vuln_025_SC05.sol#754)
	Calls stack containing the loop:
		SmartBillions.putHashes(uint256)
Reference: https://github.com/crytic/slither/wiki/Detector-Documentation#costly-operations-inside-a-loop

Detector: deprecated-standards
Deprecated standard detected (betPrize(player,uint24(block.blockhash(player.blockNum)))) (contracts/vulnerable/vuln_025_SC05.sol#523):
	- Usage of "block.blockhash()" should be replaced with "blockhash()"
Deprecated standard detected hash = uint24(block.blockhash(player.blockNum)) (contracts/vulnerable/vuln_025_SC05.sol#560):
	- Usage of "block.blockhash()" should be replaced with "blockhash()"
Deprecated standard detected playSystem(uint256(sha3()(msg.sender,block.number)),address(0)) (contracts/vulnerable/vuln_025_SC05.sol#618):
	- Usage of "sha3()" should be replaced with "keccak256()"
Deprecated standard detected playSystem(uint256(sha3()(msg.sender,block.number)),_partner) (contracts/vulnerable/vuln_025_SC05.sol#626):
	- Usage of "sha3()" should be replaced with "keccak256()"
Deprecated standard detected ((uint256(block.blockhash(_lastb)) & 0xFFFFFF) | ((uint256(block.blockhash(_lastb + 1)) & 0xFFFFFF) << 24) | ((uint256(block.blockhash(_lastb + 2)) & 0xFFFFFF) << 48) | ((uint256(block.blockhash(_lastb + 3)) & 0xFFFFFF) << 72) | ((uint256(block.blockhash(_lastb + 4)) & 0xFFFFFF) << 96) | ((uint256(block.blockhash(_lastb + 5)) & 0xFFFFFF) << 120) | ((uint256(block.blockhash(_lastb + 6)) & 0xFFFFFF) << 144) | ((uint256(block.blockhash(_lastb + 7)) & 0xFFFFFF) << 168) | ((uint256(block.blockhash(_lastb + 8)) & 0xFFFFFF) << 192) | ((uint256(block.blockhash(_lastb + 9)) & 0xFFFFFF) << 216) | ((uint256(_delta) / hashesSize) << 240)) (contracts/vulnerable/vuln_025_SC05.sol#700-719):
	- Usage of "block.blockhash()" should be replaced with "blockhash()"
Reference: https://github.com/crytic/slither/wiki/Detector-Documentation#deprecated-standards

Detector: solc-version
Version constraint ^0.4.13 contains known severe issues (https://solidity.readthedocs.io/en/latest/bugs.html)
	- DirtyBytesArrayToStorage
	- KeccakCaching
	- EmptyByteArrayCopy
	- DynamicArrayCleanup
	- ImplicitConstructorCallvalueCheck
	- TupleAssignmentMultiStackSlotComponents
	- MemoryArrayCreationOverflow
	- privateCanBeOverridden
	- SignedArrayStorageCopy
	- UninitializedFunctionPointerInConstructor_0.4.x
	- IncorrectEventSignatureInLibraries_0.4.x
	- ExpExponentCleanup
	- NestedArrayFunctionCallDecoder
	- ZeroFunctionSelector
	- DelegateCallReturnValue
	- ECRecoverMalformedInput.
It is used by:
	- ^0.4.13 (contracts/vulnerable/vuln_025_SC05.sol#7)
solc-0.4.13 is an outdated solc version. Use a more recent version (at least 0.8.0), if possible.
Reference: https://github.com/crytic/slither/wiki/Detector-Documentation#incorrect-versions-of-solidity

Detector: naming-convention
Parameter BasicToken.transfer(address,uint256)._to (contracts/vulnerable/vuln_025_SC05.sol#51) is not in mixedCase
Parameter BasicToken.transfer(address,uint256)._value (contracts/vulnerable/vuln_025_SC05.sol#51) is not in mixedCase
Parameter BasicToken.balanceOf(address)._owner (contracts/vulnerable/vuln_025_SC05.sol#70) is not in mixedCase
Parameter StandardToken.transferFrom(address,address,uint256)._from (contracts/vulnerable/vuln_025_SC05.sol#84) is not in mixedCase
Parameter StandardToken.transferFrom(address,address,uint256)._to (contracts/vulnerable/vuln_025_SC05.sol#84) is not in mixedCase
Parameter StandardToken.transferFrom(address,address,uint256)._value (contracts/vulnerable/vuln_025_SC05.sol#84) is not in mixedCase
Parameter StandardToken.approve(address,uint256)._spender (contracts/vulnerable/vuln_025_SC05.sol#98) is not in mixedCase
Parameter StandardToken.approve(address,uint256)._value (contracts/vulnerable/vuln_025_SC05.sol#98) is not in mixedCase
Parameter StandardToken.allowance(address,address)._owner (contracts/vulnerable/vuln_025_SC05.sol#110) is not in mixedCase
Parameter StandardToken.allowance(address,address)._spender (contracts/vulnerable/vuln_025_SC05.sol#110) is not in mixedCase
Parameter SmartBillions.walletBalanceOf(address)._owner (contracts/vulnerable/vuln_025_SC05.sol#203) is not in mixedCase
Parameter SmartBillions.walletPeriodOf(address)._owner (contracts/vulnerable/vuln_025_SC05.sol#211) is not in mixedCase
Parameter SmartBillions.walletBlockOf(address)._owner (contracts/vulnerable/vuln_025_SC05.sol#219) is not in mixedCase
Parameter SmartBillions.betValueOf(address)._owner (contracts/vulnerable/vuln_025_SC05.sol#227) is not in mixedCase
Parameter SmartBillions.betHashOf(address)._owner (contracts/vulnerable/vuln_025_SC05.sol#235) is not in mixedCase
Parameter SmartBillions.betBlockNumberOf(address)._owner (contracts/vulnerable/vuln_025_SC05.sol#243) is not in mixedCase
Parameter SmartBillions.changeOwner(address)._who (contracts/vulnerable/vuln_025_SC05.sol#267) is not in mixedCase
Parameter SmartBillions.changeAnimator(address)._who (contracts/vulnerable/vuln_025_SC05.sol#278) is not in mixedCase
Parameter SmartBillions.setInvestStart(uint256)._when (contracts/vulnerable/vuln_025_SC05.sol#289) is not in mixedCase
Parameter SmartBillions.setBetMax(uint256)._maxsum (contracts/vulnerable/vuln_025_SC05.sol#298) is not in mixedCase
Parameter SmartBillions.coldStore(uint256)._amount (contracts/vulnerable/vuln_025_SC05.sol#316) is not in mixedCase
Parameter SmartBillions.pay(uint256)._amount (contracts/vulnerable/vuln_025_SC05.sol#369) is not in mixedCase
Parameter SmartBillions.invest(address)._partner (contracts/vulnerable/vuln_025_SC05.sol#399) is not in mixedCase
Parameter SmartBillions.commitDividend(address)._who (contracts/vulnerable/vuln_025_SC05.sol#459) is not in mixedCase
Parameter SmartBillions.betPrize(SmartBillions.Bet,uint24)._player (contracts/vulnerable/vuln_025_SC05.sol#482) is not in mixedCase
Parameter SmartBillions.betPrize(SmartBillions.Bet,uint24)._hash (contracts/vulnerable/vuln_025_SC05.sol#482) is not in mixedCase
Parameter SmartBillions.betOf(address)._who (contracts/vulnerable/vuln_025_SC05.sol#513) is not in mixedCase
Parameter SmartBillions.playRandom(address)._partner (contracts/vulnerable/vuln_025_SC05.sol#625) is not in mixedCase
Parameter SmartBillions.playSystem(uint256,address)._hash (contracts/vulnerable/vuln_025_SC05.sol#633) is not in mixedCase
Parameter SmartBillions.playSystem(uint256,address)._partner (contracts/vulnerable/vuln_025_SC05.sol#633) is not in mixedCase
Parameter SmartBillions.addHashes(uint256)._sadd (contracts/vulnerable/vuln_025_SC05.sol#672) is not in mixedCase
Parameter SmartBillions.calcHashes(uint32,uint32)._lastb (contracts/vulnerable/vuln_025_SC05.sol#698) is not in mixedCase
Parameter SmartBillions.calcHashes(uint32,uint32)._delta (contracts/vulnerable/vuln_025_SC05.sol#698) is not in mixedCase
Parameter SmartBillions.getHash(uint256)._block (contracts/vulnerable/vuln_025_SC05.sol#722) is not in mixedCase
Parameter SmartBillions.putHashes(uint256)._num (contracts/vulnerable/vuln_025_SC05.sol#762) is not in mixedCase
Reference: https://github.com/crytic/slither/wiki/Detector-Documentation#conformance-to-solidity-naming-conventions

Detector: reentrancy-unlimited-gas
Reentrancy in SmartBillions.coldStore(uint256) (contracts/vulnerable/vuln_025_SC05.sol#316-324):
	External calls:
	- msg.sender.transfer(_amount) (contracts/vulnerable/vuln_025_SC05.sol#322)
	State variables written after the call(s):
	- coldStoreLast = block.number (contracts/vulnerable/vuln_025_SC05.sol#323)
Reentrancy in SmartBillions.invest(address) (contracts/vulnerable/vuln_025_SC05.sol#399-431):
	External calls:
	- msg.sender.transfer(msg.value.sub(investing)) (contracts/vulnerable/vuln_025_SC05.sol#407)
	State variables written after the call(s):
	- balances[msg.sender] += senderBalance (contracts/vulnerable/vuln_025_SC05.sol#423)
	- balances[owner] += ownerBalance (contracts/vulnerable/vuln_025_SC05.sol#424)
	- balances[animator] += animatorBalance (contracts/vulnerable/vuln_025_SC05.sol#425)
	- totalSupply += senderBalance + ownerBalance + animatorBalance (contracts/vulnerable/vuln_025_SC05.sol#426)
	- walletBalance += investing / 10 (contracts/vulnerable/vuln_025_SC05.sol#413)
	- walletBalance += (investing * 5 / 100) * 2 (contracts/vulnerable/vuln_025_SC05.sol#416)
	- wallets[owner].balance += uint208(investing / 10) (contracts/vulnerable/vuln_025_SC05.sol#414)
	- wallets[owner].balance += uint208(investing * 5 / 100) (contracts/vulnerable/vuln_025_SC05.sol#417)
	- wallets[_partner].balance += uint208(investing * 5 / 100) (contracts/vulnerable/vuln_025_SC05.sol#418)
	- wallets[msg.sender].lastDividendPeriod = uint16(dividendPeriod) (contracts/vulnerable/vuln_025_SC05.sol#419)
	Event emitted after the call(s):
	- LogInvestment(msg.sender,_partner,investing) (contracts/vulnerable/vuln_025_SC05.sol#430)
	- Transfer(address(0),msg.sender,senderBalance) (contracts/vulnerable/vuln_025_SC05.sol#427)
	- Transfer(address(0),owner,ownerBalance) (contracts/vulnerable/vuln_025_SC05.sol#428)
	- Transfer(address(0),animator,animatorBalance) (contracts/vulnerable/vuln_025_SC05.sol#429)
Reentrancy in SmartBillions.pay(uint256) (contracts/vulnerable/vuln_025_SC05.sol#369-384):
	External calls:
	- msg.sender.transfer(_amount) (contracts/vulnerable/vuln_025_SC05.sol#372)
	State variables written after the call(s):
	- houseKeeping() (contracts/vulnerable/vuln_025_SC05.sol#374)
		- dividendPeriod ++ (contracts/vulnerable/vuln_025_SC05.sol#349)
	- houseKeeping() (contracts/vulnerable/vuln_025_SC05.sol#374)
		- dividends.push(0) (contracts/vulnerable/vuln_025_SC05.sol#346)
	- houseKeeping() (contracts/vulnerable/vuln_025_SC05.sol#374)
		- investStart = 0 (contracts/vulnerable/vuln_025_SC05.sol#340)
Reentrancy in SmartBillions.playSystem(uint256,address) (contracts/vulnerable/vuln_025_SC05.sol#633-664):
	External calls:
	- won() (contracts/vulnerable/vuln_025_SC05.sol#634)
		- msg.sender.transfer(_amount) (contracts/vulnerable/vuln_025_SC05.sol#372)
		- msg.sender.transfer(maxpay) (contracts/vulnerable/vuln_025_SC05.sol#382)
	State variables written after the call(s):
	- bets[msg.sender] = Bet({value:uint192(msg.value),betHash:uint32(bethash),blockNum:uint32(hashNext)}) (contracts/vulnerable/vuln_025_SC05.sol#659)
	- dividends[dividendPeriod] += msg.value / 20 (contracts/vulnerable/vuln_025_SC05.sol#639)
	- hashBetSum = msg.value (contracts/vulnerable/vuln_025_SC05.sol#648)
	- hashBetSum = msg.value (contracts/vulnerable/vuln_025_SC05.sol#653)
	- hashBetSum += msg.value (contracts/vulnerable/vuln_025_SC05.sol#656)
	- putHash() (contracts/vulnerable/vuln_025_SC05.sol#662)
		- hashLast = lastb + 10 (contracts/vulnerable/vuln_025_SC05.sol#754)
	- hashNext = block.number + 3 (contracts/vulnerable/vuln_025_SC05.sol#647)
	- hashNext ++ (contracts/vulnerable/vuln_025_SC05.sol#652)
	- putHash() (contracts/vulnerable/vuln_025_SC05.sol#662)
		- hashes[delta % hashesSize] = calcHashes(uint32(lastb),uint32(delta)) (contracts/vulnerable/vuln_025_SC05.sol#753)
	- walletBalance += fee (contracts/vulnerable/vuln_025_SC05.sol#643)
	- wallets[_partner].balance += uint208(fee) (contracts/vulnerable/vuln_025_SC05.sol#644)
	Event emitted after the call(s):
	- LogBet(msg.sender,uint256(bethash),hashNext,msg.value) (contracts/vulnerable/vuln_025_SC05.sol#660)
Reference: https://github.com/crytic/slither/wiki/Detector-Documentation#reentrancy-vulnerabilities-5

Detector: too-many-digits
SmartBillions.betPrize(SmartBillions.Bet,uint24) (contracts/vulnerable/vuln_025_SC05.sol#482-508) uses literals with too many digits:
	- (uint256(_player.value) * 7000000) (contracts/vulnerable/vuln_025_SC05.sol#493)
SmartBillions.betPrize(SmartBillions.Bet,uint24) (contracts/vulnerable/vuln_025_SC05.sol#482-508) uses literals with too many digits:
	- (hit & 0xF00000) == 0 (contracts/vulnerable/vuln_025_SC05.sol#485-491)
SmartBillions.betOf(address) (contracts/vulnerable/vuln_025_SC05.sol#513-535) uses literals with too many digits:
	- hash == 0x1000000 (contracts/vulnerable/vuln_025_SC05.sol#527)
SmartBillions.won() (contracts/vulnerable/vuln_025_SC05.sol#540-591) uses literals with too many digits:
	- hash == 0x1000000 (contracts/vulnerable/vuln_025_SC05.sol#566)
SmartBillions.getHash(uint256) (contracts/vulnerable/vuln_025_SC05.sol#722-730) uses literals with too many digits:
	- (0x1000000) (contracts/vulnerable/vuln_025_SC05.sol#726)
SmartBillions.slitherConstructorVariables() (contracts/vulnerable/vuln_025_SC05.sol#118-771) uses literals with too many digits:
	- investBalanceMax = 200000000000000000000000 (contracts/vulnerable/vuln_025_SC05.sol#144)
Reference: https://github.com/crytic/slither/wiki/Detector-Documentation#too-many-digits

Detector: cache-array-length
Loop condition n < hashes.length (contracts/vulnerable/vuln_025_SC05.sol#681) should use cached array length instead of referencing `length` member of the storage array.
 Reference: https://github.com/crytic/slither/wiki/Detector-Documentation#cache-array-length

Detector: constable-states
SmartBillions.investBalanceMax (contracts/vulnerable/vuln_025_SC05.sol#144) should be constant 
Reference: https://github.com/crytic/slither/wiki/Detector-Documentation#state-variables-that-could-be-declared-constant
/home/andrei/Рабочий стол/Kursovaya/Diplom/contracts/vulnerable/vuln_025_SC05.sol analyzed (6 contracts with 101 detectors), 79 result(s) found
