'solc --version' running
'solc /home/andrei/Рабочий стол/Kursovaya/Diplom/contracts/vulnerable/vuln_044_SC08.sol --combined-json abi,ast,bin,bin-runtime,srcmap,srcmap-runtime,userdoc,devdoc,hashes,compact-format --allow-paths .,/home/andrei/Рабочий стол/Kursovaya/Diplom/contracts/vulnerable' running

Detector: reentrancy-eth
Reentrancy in ReentrancyDAO.withdrawAll() (contracts/vulnerable/vuln_044_SC08.sol#13-22):
	External calls:
	- callResult = msg.sender.call.value(oCredit)() (contracts/vulnerable/vuln_044_SC08.sol#18)
	State variables written after the call(s):
	- credit[msg.sender] = 0 (contracts/vulnerable/vuln_044_SC08.sol#20)
	ReentrancyDAO.credit (contracts/vulnerable/vuln_044_SC08.sol#10) can be used in cross function reentrancies:
	- ReentrancyDAO.deposit() (contracts/vulnerable/vuln_044_SC08.sol#24-27)
	- ReentrancyDAO.withdrawAll() (contracts/vulnerable/vuln_044_SC08.sol#13-22)
Reference: https://github.com/crytic/slither/wiki/Detector-Documentation#reentrancy-vulnerabilities-1

Detector: solc-version
Version constraint ^0.4.19 contains known severe issues (https://solidity.readthedocs.io/en/latest/bugs.html)
	- DirtyBytesArrayToStorage
	- ABIDecodeTwoDimensionalArrayMemory
	- KeccakCaching
	- EmptyByteArrayCopy
	- DynamicArrayCleanup
	- ImplicitConstructorCallvalueCheck
	- TupleAssignmentMultiStackSlotComponents
	- MemoryArrayCreationOverflow
	- privateCanBeOverridden
	- SignedArrayStorageCopy
	- ABIEncoderV2StorageArrayWithMultiSlotElement
	- DynamicConstructorArgumentsClippedABIV2
	- UninitializedFunctionPointerInConstructor_0.4.x
	- IncorrectEventSignatureInLibraries_0.4.x
	- ABIEncoderV2PackedStorage_0.4.x
	- ExpExponentCleanup
	- EventStructWrongData
	- NestedArrayFunctionCallDecoder.
It is used by:
	- ^0.4.19 (contracts/vulnerable/vuln_044_SC08.sol#7)
solc-0.4.19 is an outdated solc version. Use a more recent version (at least 0.8.0), if possible.
Reference: https://github.com/crytic/slither/wiki/Detector-Documentation#incorrect-versions-of-solidity

Detector: low-level-calls
Low level call in ReentrancyDAO.withdrawAll() (contracts/vulnerable/vuln_044_SC08.sol#13-22):
	- callResult = msg.sender.call.value(oCredit)() (contracts/vulnerable/vuln_044_SC08.sol#18)
Reference: https://github.com/crytic/slither/wiki/Detector-Documentation#low-level-calls
/home/andrei/Рабочий стол/Kursovaya/Diplom/contracts/vulnerable/vuln_044_SC08.sol analyzed (1 contracts with 101 detectors), 4 result(s) found
