'solc --version' running
'solc /home/andrei/Рабочий стол/Kursovaya/Diplom/contracts/vulnerable/vuln_070_SC08.sol --combined-json abi,ast,bin,bin-runtime,srcmap,srcmap-runtime,userdoc,devdoc' running

Detector: reentrancy-eth
Reentrancy in SimpleDAO.withdraw(uint256) ():
	External calls:
	- res = msg.sender.call.value(amount)() ()
	State variables written after the call(s):
	- credit[msg.sender] -= amount ()
	SimpleDAO.credit () can be used in cross function reentrancies:
	- SimpleDAO.donate(address) ()
	- SimpleDAO.queryCredit(address) ()
	- SimpleDAO.withdraw(uint256) ()
Reference: https://github.com/crytic/slither/wiki/Detector-Documentation#reentrancy-vulnerabilities-1

Detector: solc-version
Version constraint ^0.4.2 contains known severe issues (https://solidity.readthedocs.io/en/latest/bugs.html)
	- DirtyBytesArrayToStorage
	- KeccakCaching
	- EmptyByteArrayCopy
	- DynamicArrayCleanup
	- TupleAssignmentMultiStackSlotComponents
	- MemoryArrayCreationOverflow
	- privateCanBeOverridden
	- IncorrectEventSignatureInLibraries_0.4.x
	- ExpExponentCleanup
	- NestedArrayFunctionCallDecoder
	- ZeroFunctionSelector
	- DelegateCallReturnValue
	- ECRecoverMalformedInput
	- SkipEmptyStringLiteral
	- ConstantOptimizerSubtraction
	- IdentityPrecompileReturnIgnored
	- HighOrderByteCleanStorage
	- OptimizerStaleKnowledgeAboutSHA3.
It is used by:
	- ^0.4.2 ()
solc-0.4.2 is an outdated solc version. Use a more recent version (at least 0.8.0), if possible.
Reference: https://github.com/crytic/slither/wiki/Detector-Documentation#incorrect-versions-of-solidity

Detector: low-level-calls
Low level call in SimpleDAO.withdraw(uint256) ():
	- res = msg.sender.call.value(amount)() ()
Reference: https://github.com/crytic/slither/wiki/Detector-Documentation#low-level-calls
/home/andrei/Рабочий стол/Kursovaya/Diplom/contracts/vulnerable/vuln_070_SC08.sol analyzed (1 contracts with 101 detectors), 4 result(s) found
