'solc --version' running
'solc /home/andrei/Рабочий стол/Kursovaya/Diplom/contracts/vulnerable/vuln_039_SC06.sol --combined-json abi,ast,bin,bin-runtime,srcmap,srcmap-runtime,userdoc,devdoc' running
Compilation warnings/errors on /home/andrei/Рабочий стол/Kursovaya/Diplom/contracts/vulnerable/vuln_039_SC06.sol:
/home/andrei/Рабочий стол/Kursovaya/Diplom/contracts/vulnerable/vuln_039_SC06.sol:37:14: Warning: Return value of low-level calls not used.
             msg.sender.send(amount);
             ^---------------------^
/home/andrei/Рабочий стол/Kursovaya/Diplom/contracts/vulnerable/vuln_039_SC06.sol:39:14: Warning: Return value of low-level calls not used.
             creditorAddresses[creditorAddresses.length - 1].send(profitFromCrash);
             ^-------------------------------------------------------------------^
/home/andrei/Рабочий стол/Kursovaya/Diplom/contracts/vulnerable/vuln_039_SC06.sol:40:14: Warning: Return value of low-level calls not used.
             corruptElite.send(this.balance);
             ^-----------------------------^
/home/andrei/Рабочий стол/Kursovaya/Diplom/contracts/vulnerable/vuln_039_SC06.sol:62:18: Warning: Return value of low-level calls not used.
                 corruptElite.send(amount * 5/100);
                 ^-------------------------------^
/home/andrei/Рабочий стол/Kursovaya/Diplom/contracts/vulnerable/vuln_039_SC06.sol:70:22: Warning: Return value of low-level calls not used.
                     buddy.send(amount * 5/100);
                     ^------------------------^
/home/andrei/Рабочий стол/Kursovaya/Diplom/contracts/vulnerable/vuln_039_SC06.sol:75:22: Warning: Return value of low-level calls not used.
                     creditorAddresses[lastCreditorPayedOut].send(creditorAmounts[lastCreditorPayedOut]);
                     ^---------------------------------------------------------------------------------^
/home/andrei/Рабочий стол/Kursovaya/Diplom/contracts/vulnerable/vuln_039_SC06.sol:82:18: Warning: Return value of low-level calls not used.
                 msg.sender.send(amount);
                 ^---------------------^


Detector: controlled-array-length
Government () contract sets array length with a user-controlled value:
	- creditorAmounts.push(amount * 110 / 100) ()
Government () contract sets array length with a user-controlled value:
	- creditorAddresses.push(msg.sender) ()
Reference: https://github.com/crytic/slither/wiki/Detector-Documentation#array-length-assignment

Detector: unchecked-send
Government.lendGovernmentMoney(address) () ignores return value by msg.sender.send(amount) ()
Government.lendGovernmentMoney(address) () ignores return value by creditorAddresses[creditorAddresses.length - 1].send(profitFromCrash) ()
Government.lendGovernmentMoney(address) () ignores return value by corruptElite.send(this.balance) ()
Government.lendGovernmentMoney(address) () ignores return value by corruptElite.send(amount * 5 / 100) ()
Government.lendGovernmentMoney(address) () ignores return value by buddy.send(amount * 5 / 100) ()
Government.lendGovernmentMoney(address) () ignores return value by creditorAddresses[lastCreditorPayedOut].send(creditorAmounts[lastCreditorPayedOut]) ()
Reference: https://github.com/crytic/slither/wiki/Detector-Documentation#unchecked-send

Detector: missing-zero-check
Government.inheritToNextGeneration(address).nextGeneration () lacks a zero-check on :
		- corruptElite = nextGeneration ()
Reference: https://github.com/crytic/slither/wiki/Detector-Documentation#missing-zero-address-validation

Detector: timestamp
Government.lendGovernmentMoney(address) () uses timestamp for comparisons
	Dangerous comparisons:
	- lastTimeOfNewCredit + TWELVE_HOURS < block.timestamp ()
Reference: https://github.com/crytic/slither/wiki/Detector-Documentation#block-timestamp

Detector: solc-version
Version constraint ^0.4.0 contains known severe issues (https://solidity.readthedocs.io/en/latest/bugs.html)
	- DirtyBytesArrayToStorage
	- KeccakCaching
	- EmptyByteArrayCopy
	- DynamicArrayCleanup
	- TupleAssignmentMultiStackSlotComponents
	- MemoryArrayCreationOverflow
	- privateCanBeOverridden
	- IncorrectEventSignatureInLibraries_0.4.x
	- ExpExponentCleanup
	- NestedArrayFunctionCallDecoder
	- ZeroFunctionSelector
	- DelegateCallReturnValue
	- ECRecoverMalformedInput
	- SkipEmptyStringLiteral
	- ConstantOptimizerSubtraction
	- IdentityPrecompileReturnIgnored
	- HighOrderByteCleanStorage
	- OptimizerStaleKnowledgeAboutSHA3
	- LibrariesNotCallableFromPayableFunctions.
It is used by:
	- ^0.4.0 ()
solc-0.4.0 is an outdated solc version. Use a more recent version (at least 0.8.0), if possible.
Reference: https://github.com/crytic/slither/wiki/Detector-Documentation#incorrect-versions-of-solidity

Detector: naming-convention
Variable Government.TWELVE_HOURS () is not in mixedCase
Reference: https://github.com/crytic/slither/wiki/Detector-Documentation#conformance-to-solidity-naming-conventions

Detector: reentrancy-unlimited-gas
Reentrancy in Government.lendGovernmentMoney(address) ():
	External calls:
	- msg.sender.send(amount) ()
	- creditorAddresses[creditorAddresses.length - 1].send(profitFromCrash) ()
	- corruptElite.send(this.balance) ()
	State variables written after the call(s):
	- creditorAddresses = new address[](0) ()
	- creditorAmounts = new uint256[](0) ()
	- lastCreditorPayedOut = 0 ()
	- lastTimeOfNewCredit = block.timestamp ()
	- profitFromCrash = 0 ()
	- round += 1 ()
Reentrancy in Government.lendGovernmentMoney(address) ():
	External calls:
	- corruptElite.send(amount * 5 / 100) ()
	State variables written after the call(s):
	- profitFromCrash += amount * 5 / 100 ()
Reentrancy in Government.lendGovernmentMoney(address) ():
	External calls:
	- corruptElite.send(amount * 5 / 100) ()
	- buddy.send(amount * 5 / 100) ()
	State variables written after the call(s):
	- buddies[msg.sender] += amount * 110 / 100 ()
Reentrancy in Government.lendGovernmentMoney(address) ():
	External calls:
	- corruptElite.send(amount * 5 / 100) ()
	- buddy.send(amount * 5 / 100) ()
	- creditorAddresses[lastCreditorPayedOut].send(creditorAmounts[lastCreditorPayedOut]) ()
	State variables written after the call(s):
	- buddies[creditorAddresses[lastCreditorPayedOut]] -= creditorAmounts[lastCreditorPayedOut] ()
	- lastCreditorPayedOut += 1 ()
Reference: https://github.com/crytic/slither/wiki/Detector-Documentation#reentrancy-vulnerabilities-5

Detector: cache-array-length
Loop condition i < creditorAmounts.length () should use cached array length instead of referencing `length` member of the storage array.
 Reference: https://github.com/crytic/slither/wiki/Detector-Documentation#cache-array-length

Detector: constable-states
Government.TWELVE_HOURS () should be constant 
Reference: https://github.com/crytic/slither/wiki/Detector-Documentation#state-variables-that-could-be-declared-constant
/home/andrei/Рабочий стол/Kursovaya/Diplom/contracts/vulnerable/vuln_039_SC06.sol analyzed (1 contracts with 101 detectors), 19 result(s) found
