'solc --version' running
'solc /home/andrei/Рабочий стол/Kursovaya/Diplom/contracts/vulnerable/vuln_065_SC08.sol --combined-json abi,ast,bin,bin-runtime,srcmap,srcmap-runtime,userdoc,devdoc,hashes,compact-format --allow-paths .,/home/andrei/Рабочий стол/Kursovaya/Diplom/contracts/vulnerable' running
Compilation warnings/errors on /home/andrei/Рабочий стол/Kursovaya/Diplom/contracts/vulnerable/vuln_065_SC08.sol:
/home/andrei/Рабочий стол/Kursovaya/Diplom/contracts/vulnerable/vuln_065_SC08.sol:15:9: Warning: Use of the "var" keyword is deprecated.
        var acc = Acc[msg.sender];
        ^-----^
/home/andrei/Рабочий стол/Kursovaya/Diplom/contracts/vulnerable/vuln_065_SC08.sol:25:9: Warning: Use of the "var" keyword is deprecated.
        var acc = Acc[msg.sender];
        ^-----^
/home/andrei/Рабочий стол/Kursovaya/Diplom/contracts/vulnerable/vuln_065_SC08.sol:56:5: Warning: Defining constructors as functions with the same name as the contract is deprecated. Use "constructor(...) { ... }" instead.
    function U_BANK(address log) public{
    ^ (Relevant source part starts here and spans across multiple lines).


Detector: controlled-array-length
Log (contracts/vulnerable/vuln_065_SC08.sol#62-86) contract sets array length with a user-controlled value:
	- History.push(LastMsg) (contracts/vulnerable/vuln_065_SC08.sol#83)
Reference: https://github.com/crytic/slither/wiki/Detector-Documentation#array-length-assignment

Detector: reentrancy-eth
Reentrancy in U_BANK.Collect(uint256) (contracts/vulnerable/vuln_065_SC08.sol#21-35):
	External calls:
	- msg.sender.call.value(_am)() (contracts/vulnerable/vuln_065_SC08.sol#29)
	State variables written after the call(s):
	- acc.balance -= _am (contracts/vulnerable/vuln_065_SC08.sol#31)
	U_BANK.Acc (contracts/vulnerable/vuln_065_SC08.sol#50) can be used in cross function reentrancies:
	- U_BANK.Acc (contracts/vulnerable/vuln_065_SC08.sol#50)
	- U_BANK.Collect(uint256) (contracts/vulnerable/vuln_065_SC08.sol#21-35)
	- U_BANK.Put(uint256) (contracts/vulnerable/vuln_065_SC08.sol#11-19)
Reference: https://github.com/crytic/slither/wiki/Detector-Documentation#reentrancy-vulnerabilities-1

Detector: timestamp
U_BANK.Put(uint256) (contracts/vulnerable/vuln_065_SC08.sol#11-19) uses timestamp for comparisons
	Dangerous comparisons:
	- _unlockTime > now (contracts/vulnerable/vuln_065_SC08.sol#17)
U_BANK.Collect(uint256) (contracts/vulnerable/vuln_065_SC08.sol#21-35) uses timestamp for comparisons
	Dangerous comparisons:
	- acc.balance >= MinSum && acc.balance >= _am && now > acc.unlockTime (contracts/vulnerable/vuln_065_SC08.sol#26)
Reference: https://github.com/crytic/slither/wiki/Detector-Documentation#block-timestamp

Detector: solc-version
Version constraint ^0.4.25 contains known severe issues (https://solidity.readthedocs.io/en/latest/bugs.html)
	- DirtyBytesArrayToStorage
	- ABIDecodeTwoDimensionalArrayMemory
	- KeccakCaching
	- EmptyByteArrayCopy
	- DynamicArrayCleanup
	- ImplicitConstructorCallvalueCheck
	- TupleAssignmentMultiStackSlotComponents
	- MemoryArrayCreationOverflow
	- privateCanBeOverridden
	- SignedArrayStorageCopy
	- ABIEncoderV2StorageArrayWithMultiSlotElement
	- DynamicConstructorArgumentsClippedABIV2
	- UninitializedFunctionPointerInConstructor_0.4.x
	- IncorrectEventSignatureInLibraries_0.4.x
	- ABIEncoderV2PackedStorage_0.4.x.
It is used by:
	- ^0.4.25 (contracts/vulnerable/vuln_065_SC08.sol#7)
solc-0.4.25 is an outdated solc version. Use a more recent version (at least 0.8.0), if possible.
Reference: https://github.com/crytic/slither/wiki/Detector-Documentation#incorrect-versions-of-solidity

Detector: low-level-calls
Low level call in U_BANK.Collect(uint256) (contracts/vulnerable/vuln_065_SC08.sol#21-35):
	- msg.sender.call.value(_am)() (contracts/vulnerable/vuln_065_SC08.sol#29)
Reference: https://github.com/crytic/slither/wiki/Detector-Documentation#low-level-calls

Detector: naming-convention
Contract U_BANK (contracts/vulnerable/vuln_065_SC08.sol#9-59) is not in CapWords
Function U_BANK.Put(uint256) (contracts/vulnerable/vuln_065_SC08.sol#11-19) is not in mixedCase
Parameter U_BANK.Put(uint256)._unlockTime (contracts/vulnerable/vuln_065_SC08.sol#11) is not in mixedCase
Function U_BANK.Collect(uint256) (contracts/vulnerable/vuln_065_SC08.sol#21-35) is not in mixedCase
Parameter U_BANK.Collect(uint256)._am (contracts/vulnerable/vuln_065_SC08.sol#21) is not in mixedCase
Variable U_BANK.Acc (contracts/vulnerable/vuln_065_SC08.sol#50) is not in mixedCase
Variable U_BANK.LogFile (contracts/vulnerable/vuln_065_SC08.sol#52) is not in mixedCase
Variable U_BANK.MinSum (contracts/vulnerable/vuln_065_SC08.sol#54) is not in mixedCase
Function Log.AddMessage(address,uint256,string) (contracts/vulnerable/vuln_065_SC08.sol#76-84) is not in mixedCase
Parameter Log.AddMessage(address,uint256,string)._adr (contracts/vulnerable/vuln_065_SC08.sol#76) is not in mixedCase
Parameter Log.AddMessage(address,uint256,string)._val (contracts/vulnerable/vuln_065_SC08.sol#76) is not in mixedCase
Parameter Log.AddMessage(address,uint256,string)._data (contracts/vulnerable/vuln_065_SC08.sol#76) is not in mixedCase
Variable Log.History (contracts/vulnerable/vuln_065_SC08.sol#72) is not in mixedCase
Variable Log.LastMsg (contracts/vulnerable/vuln_065_SC08.sol#74) is not in mixedCase
Reference: https://github.com/crytic/slither/wiki/Detector-Documentation#conformance-to-solidity-naming-conventions

Detector: constable-states
U_BANK.MinSum (contracts/vulnerable/vuln_065_SC08.sol#54) should be constant 
Reference: https://github.com/crytic/slither/wiki/Detector-Documentation#state-variables-that-could-be-declared-constant

Detector: external-function
AddMessage(address,uint256,string) should be declared external:
	- Log.AddMessage(address,uint256,string) (contracts/vulnerable/vuln_065_SC08.sol#76-84)
Reference: https://github.com/crytic/slither/wiki/Detector-Documentation#public-function-that-could-be-declared-external
/home/andrei/Рабочий стол/Kursovaya/Diplom/contracts/vulnerable/vuln_065_SC08.sol analyzed (2 contracts with 101 detectors), 23 result(s) found
