'solc --version' running
'solc /home/andrei/Рабочий стол/Kursovaya/Diplom/contracts/vulnerable/vuln_108_SC05.sol --combined-json abi,ast,bin,bin-runtime,srcmap,srcmap-runtime,userdoc,devdoc,hashes,compact-format --allow-paths .,/home/andrei/Рабочий стол/Kursovaya/Diplom/contracts/vulnerable' running
Compilation warnings/errors on /home/andrei/Рабочий стол/Kursovaya/Diplom/contracts/vulnerable/vuln_108_SC05.sol:
/home/andrei/Рабочий стол/Kursovaya/Diplom/contracts/vulnerable/vuln_108_SC05.sol:14:3: Warning: Defining constructors as functions with the same name as the contract is deprecated. Use "constructor(...) { ... }" instead.
  function Ownable() public {
  ^ (Relevant source part starts here and spans across multiple lines).
/home/andrei/Рабочий стол/Kursovaya/Diplom/contracts/vulnerable/vuln_108_SC05.sol:350:3: Warning: Defining constructors as functions with the same name as the contract is deprecated. Use "constructor(...) { ... }" instead.
  function Identity(DAVToken _davTokenContract) public {
  ^ (Relevant source part starts here and spans across multiple lines).
/home/andrei/Рабочий стол/Kursovaya/Diplom/contracts/vulnerable/vuln_108_SC05.sol:248:3: Warning: Function state mutability can be restricted to pure
  function name() public view returns (string) {}
  ^---------------------------------------------^
/home/andrei/Рабочий стол/Kursovaya/Diplom/contracts/vulnerable/vuln_108_SC05.sol:249:3: Warning: Function state mutability can be restricted to pure
  function symbol() public view returns (string) {}
  ^-----------------------------------------------^
/home/andrei/Рабочий стол/Kursovaya/Diplom/contracts/vulnerable/vuln_108_SC05.sol:250:3: Warning: Function state mutability can be restricted to pure
  function decimals() public view returns (uint8) {}
  ^------------------------------------------------^
/home/andrei/Рабочий стол/Kursovaya/Diplom/contracts/vulnerable/vuln_108_SC05.sol:254:3: Warning: Function state mutability can be restricted to pure
  function owner() public view returns (address) {}
  ^-----------------------------------------------^
/home/andrei/Рабочий стол/Kursovaya/Diplom/contracts/vulnerable/vuln_108_SC05.sol:259:3: Warning: Function state mutability can be restricted to pure
  function pauseCutoffTime() public view returns (uint256) {}
  ^---------------------------------------------------------^
/home/andrei/Рабочий стол/Kursovaya/Diplom/contracts/vulnerable/vuln_108_SC05.sol:260:3: Warning: Function state mutability can be restricted to pure
  function paused() public view returns (bool) {}
  ^---------------------------------------------^


Detector: timestamp
DAVToken.setPauseCutoffTime(uint256) (contracts/vulnerable/vuln_108_SC05.sol#311-319) uses timestamp for comparisons
	Dangerous comparisons:
	- require(bool)(_pauseCutoffTime >= block.timestamp) (contracts/vulnerable/vuln_108_SC05.sol#314)
DAVToken.pause() (contracts/vulnerable/vuln_108_SC05.sol#322-328) uses timestamp for comparisons
	Dangerous comparisons:
	- require(bool)(pauseCutoffTime == 0 || pauseCutoffTime >= block.timestamp) (contracts/vulnerable/vuln_108_SC05.sol#325)
Reference: https://github.com/crytic/slither/wiki/Detector-Documentation#block-timestamp

Detector: solc-version
Version constraint ^0.4.23 contains known severe issues (https://solidity.readthedocs.io/en/latest/bugs.html)
	- DirtyBytesArrayToStorage
	- ABIDecodeTwoDimensionalArrayMemory
	- KeccakCaching
	- EmptyByteArrayCopy
	- DynamicArrayCleanup
	- ImplicitConstructorCallvalueCheck
	- TupleAssignmentMultiStackSlotComponents
	- MemoryArrayCreationOverflow
	- privateCanBeOverridden
	- SignedArrayStorageCopy
	- ABIEncoderV2StorageArrayWithMultiSlotElement
	- DynamicConstructorArgumentsClippedABIV2
	- UninitializedFunctionPointerInConstructor_0.4.x
	- IncorrectEventSignatureInLibraries_0.4.x
	- ABIEncoderV2PackedStorage_0.4.x
	- ExpExponentCleanup
	- EventStructWrongData.
It is used by:
	- ^0.4.23 (contracts/vulnerable/vuln_108_SC05.sol#1)
solc-0.4.23 is an outdated solc version. Use a more recent version (at least 0.8.0), if possible.
Reference: https://github.com/crytic/slither/wiki/Detector-Documentation#incorrect-versions-of-solidity

Detector: naming-convention
Parameter BasicToken.transfer(address,uint256)._to (contracts/vulnerable/vuln_108_SC05.sol#131) is not in mixedCase
Parameter BasicToken.transfer(address,uint256)._value (contracts/vulnerable/vuln_108_SC05.sol#131) is not in mixedCase
Parameter BasicToken.balanceOf(address)._owner (contracts/vulnerable/vuln_108_SC05.sol#142) is not in mixedCase
Parameter StandardToken.transferFrom(address,address,uint256)._from (contracts/vulnerable/vuln_108_SC05.sol#167) is not in mixedCase
Parameter StandardToken.transferFrom(address,address,uint256)._to (contracts/vulnerable/vuln_108_SC05.sol#167) is not in mixedCase
Parameter StandardToken.transferFrom(address,address,uint256)._value (contracts/vulnerable/vuln_108_SC05.sol#167) is not in mixedCase
Parameter StandardToken.approve(address,uint256)._spender (contracts/vulnerable/vuln_108_SC05.sol#180) is not in mixedCase
Parameter StandardToken.approve(address,uint256)._value (contracts/vulnerable/vuln_108_SC05.sol#180) is not in mixedCase
Parameter StandardToken.allowance(address,address)._owner (contracts/vulnerable/vuln_108_SC05.sol#187) is not in mixedCase
Parameter StandardToken.allowance(address,address)._spender (contracts/vulnerable/vuln_108_SC05.sol#187) is not in mixedCase
Parameter StandardToken.increaseApproval(address,uint256)._spender (contracts/vulnerable/vuln_108_SC05.sol#192) is not in mixedCase
Parameter StandardToken.increaseApproval(address,uint256)._addedValue (contracts/vulnerable/vuln_108_SC05.sol#192) is not in mixedCase
Parameter StandardToken.decreaseApproval(address,uint256)._spender (contracts/vulnerable/vuln_108_SC05.sol#199) is not in mixedCase
Parameter StandardToken.decreaseApproval(address,uint256)._subtractedValue (contracts/vulnerable/vuln_108_SC05.sol#199) is not in mixedCase
Parameter OwnedPausableToken.transfer(address,uint256)._to (contracts/vulnerable/vuln_108_SC05.sol#223) is not in mixedCase
Parameter OwnedPausableToken.transfer(address,uint256)._value (contracts/vulnerable/vuln_108_SC05.sol#223) is not in mixedCase
Parameter OwnedPausableToken.transferFrom(address,address,uint256)._from (contracts/vulnerable/vuln_108_SC05.sol#227) is not in mixedCase
Parameter OwnedPausableToken.transferFrom(address,address,uint256)._to (contracts/vulnerable/vuln_108_SC05.sol#227) is not in mixedCase
Parameter OwnedPausableToken.transferFrom(address,address,uint256)._value (contracts/vulnerable/vuln_108_SC05.sol#227) is not in mixedCase
Parameter OwnedPausableToken.approve(address,uint256)._spender (contracts/vulnerable/vuln_108_SC05.sol#231) is not in mixedCase
Parameter OwnedPausableToken.approve(address,uint256)._value (contracts/vulnerable/vuln_108_SC05.sol#231) is not in mixedCase
Parameter OwnedPausableToken.increaseApproval(address,uint256)._spender (contracts/vulnerable/vuln_108_SC05.sol#235) is not in mixedCase
Parameter OwnedPausableToken.increaseApproval(address,uint256)._addedValue (contracts/vulnerable/vuln_108_SC05.sol#235) is not in mixedCase
Parameter OwnedPausableToken.decreaseApproval(address,uint256)._spender (contracts/vulnerable/vuln_108_SC05.sol#239) is not in mixedCase
Parameter OwnedPausableToken.decreaseApproval(address,uint256)._subtractedValue (contracts/vulnerable/vuln_108_SC05.sol#239) is not in mixedCase
Parameter BurnableToken.burn(uint256)._value (contracts/vulnerable/vuln_108_SC05.sol#275) is not in mixedCase
Parameter DAVToken.setPauseCutoffTime(uint256)._pauseCutoffTime (contracts/vulnerable/vuln_108_SC05.sol#311) is not in mixedCase
Parameter Identity.register(address,uint8,bytes32,bytes32)._id (contracts/vulnerable/vuln_108_SC05.sol#354) is not in mixedCase
Parameter Identity.register(address,uint8,bytes32,bytes32)._v (contracts/vulnerable/vuln_108_SC05.sol#354) is not in mixedCase
Parameter Identity.register(address,uint8,bytes32,bytes32)._r (contracts/vulnerable/vuln_108_SC05.sol#354) is not in mixedCase
Parameter Identity.register(address,uint8,bytes32,bytes32)._s (contracts/vulnerable/vuln_108_SC05.sol#354) is not in mixedCase
Parameter Identity.getBalance(address)._id (contracts/vulnerable/vuln_108_SC05.sol#384) is not in mixedCase
Parameter Identity.verifyOwnership(address,address)._id (contracts/vulnerable/vuln_108_SC05.sol#388) is not in mixedCase
Parameter Identity.verifyOwnership(address,address)._wallet (contracts/vulnerable/vuln_108_SC05.sol#388) is not in mixedCase
Parameter Identity.isRegistered(address)._id (contracts/vulnerable/vuln_108_SC05.sol#393) is not in mixedCase
Parameter Identity.getIdentityWallet(address)._id (contracts/vulnerable/vuln_108_SC05.sol#398) is not in mixedCase
Reference: https://github.com/crytic/slither/wiki/Detector-Documentation#conformance-to-solidity-naming-conventions

Detector: constable-states
DAVToken.decimals (contracts/vulnerable/vuln_108_SC05.sol#299) should be constant 
DAVToken.name (contracts/vulnerable/vuln_108_SC05.sol#297) should be constant 
DAVToken.symbol (contracts/vulnerable/vuln_108_SC05.sol#298) should be constant 
Reference: https://github.com/crytic/slither/wiki/Detector-Documentation#state-variables-that-could-be-declared-constant
/home/andrei/Рабочий стол/Kursovaya/Diplom/contracts/vulnerable/vuln_108_SC05.sol analyzed (12 contracts with 101 detectors), 43 result(s) found
