'solc --version' running
'solc /home/andrei/Рабочий стол/Kursovaya/Diplom/contracts/vulnerable/vuln_050_SC08.sol --combined-json abi,ast,bin,bin-runtime,srcmap,srcmap-runtime,userdoc,devdoc,hashes,compact-format --allow-paths .,/home/andrei/Рабочий стол/Kursovaya/Diplom/contracts/vulnerable' running
Compilation warnings/errors on /home/andrei/Рабочий стол/Kursovaya/Diplom/contracts/vulnerable/vuln_050_SC08.sol:
/home/andrei/Рабочий стол/Kursovaya/Diplom/contracts/vulnerable/vuln_050_SC08.sol:28:24: Warning: "throw" is deprecated in favour of "revert()", "require()" and "assert()".
        if(intitalized)throw;
                       ^---^
/home/andrei/Рабочий стол/Kursovaya/Diplom/contracts/vulnerable/vuln_050_SC08.sol:35:24: Warning: "throw" is deprecated in favour of "revert()", "require()" and "assert()".
        if(intitalized)throw;
                       ^---^


Detector: controlled-array-length
LogFile (contracts/vulnerable/vuln_050_SC08.sol#81-105) contract sets array length with a user-controlled value:
	- History.push(LastMsg) (contracts/vulnerable/vuln_050_SC08.sol#102)
Reference: https://github.com/crytic/slither/wiki/Detector-Documentation#array-length-assignment

Detector: reentrancy-eth
Reentrancy in PENNY_BY_PENNY.Collect(uint256) (contracts/vulnerable/vuln_050_SC08.sol#55-69):
	External calls:
	- msg.sender.call.value(_am)() (contracts/vulnerable/vuln_050_SC08.sol#63)
	State variables written after the call(s):
	- acc.balance -= _am (contracts/vulnerable/vuln_050_SC08.sol#65)
	PENNY_BY_PENNY.Acc (contracts/vulnerable/vuln_050_SC08.sol#17) can be used in cross function reentrancies:
	- PENNY_BY_PENNY.Acc (contracts/vulnerable/vuln_050_SC08.sol#17)
	- PENNY_BY_PENNY.Collect(uint256) (contracts/vulnerable/vuln_050_SC08.sol#55-69)
	- PENNY_BY_PENNY.Put(uint256) (contracts/vulnerable/vuln_050_SC08.sol#45-53)
Reference: https://github.com/crytic/slither/wiki/Detector-Documentation#reentrancy-vulnerabilities-1

Detector: timestamp
PENNY_BY_PENNY.Put(uint256) (contracts/vulnerable/vuln_050_SC08.sol#45-53) uses timestamp for comparisons
	Dangerous comparisons:
	- now + _lockTime > acc.unlockTime (contracts/vulnerable/vuln_050_SC08.sol#51)
PENNY_BY_PENNY.Collect(uint256) (contracts/vulnerable/vuln_050_SC08.sol#55-69) uses timestamp for comparisons
	Dangerous comparisons:
	- acc.balance >= MinSum && acc.balance >= _am && now > acc.unlockTime (contracts/vulnerable/vuln_050_SC08.sol#60)
Reference: https://github.com/crytic/slither/wiki/Detector-Documentation#block-timestamp

Detector: deprecated-standards
Deprecated standard detected THROW (contracts/vulnerable/vuln_050_SC08.sol#28):
	- Usage of "throw" should be replaced with "revert()"
Deprecated standard detected THROW (contracts/vulnerable/vuln_050_SC08.sol#35):
	- Usage of "throw" should be replaced with "revert()"
Reference: https://github.com/crytic/slither/wiki/Detector-Documentation#deprecated-standards

Detector: solc-version
Version constraint ^0.4.19 contains known severe issues (https://solidity.readthedocs.io/en/latest/bugs.html)
	- DirtyBytesArrayToStorage
	- ABIDecodeTwoDimensionalArrayMemory
	- KeccakCaching
	- EmptyByteArrayCopy
	- DynamicArrayCleanup
	- ImplicitConstructorCallvalueCheck
	- TupleAssignmentMultiStackSlotComponents
	- MemoryArrayCreationOverflow
	- privateCanBeOverridden
	- SignedArrayStorageCopy
	- ABIEncoderV2StorageArrayWithMultiSlotElement
	- DynamicConstructorArgumentsClippedABIV2
	- UninitializedFunctionPointerInConstructor_0.4.x
	- IncorrectEventSignatureInLibraries_0.4.x
	- ABIEncoderV2PackedStorage_0.4.x
	- ExpExponentCleanup
	- EventStructWrongData
	- NestedArrayFunctionCallDecoder.
It is used by:
	- ^0.4.19 (contracts/vulnerable/vuln_050_SC08.sol#7)
solc-0.4.19 is an outdated solc version. Use a more recent version (at least 0.8.0), if possible.
Reference: https://github.com/crytic/slither/wiki/Detector-Documentation#incorrect-versions-of-solidity

Detector: low-level-calls
Low level call in PENNY_BY_PENNY.Collect(uint256) (contracts/vulnerable/vuln_050_SC08.sol#55-69):
	- msg.sender.call.value(_am)() (contracts/vulnerable/vuln_050_SC08.sol#63)
Reference: https://github.com/crytic/slither/wiki/Detector-Documentation#low-level-calls

Detector: naming-convention
Contract PENNY_BY_PENNY (contracts/vulnerable/vuln_050_SC08.sol#9-78) is not in CapWords
Function PENNY_BY_PENNY.SetMinSum(uint256) (contracts/vulnerable/vuln_050_SC08.sol#25-30) is not in mixedCase
Parameter PENNY_BY_PENNY.SetMinSum(uint256)._val (contracts/vulnerable/vuln_050_SC08.sol#25) is not in mixedCase
Function PENNY_BY_PENNY.SetLogFile(address) (contracts/vulnerable/vuln_050_SC08.sol#32-37) is not in mixedCase
Parameter PENNY_BY_PENNY.SetLogFile(address)._log (contracts/vulnerable/vuln_050_SC08.sol#32) is not in mixedCase
Function PENNY_BY_PENNY.Initialized() (contracts/vulnerable/vuln_050_SC08.sol#39-43) is not in mixedCase
Function PENNY_BY_PENNY.Put(uint256) (contracts/vulnerable/vuln_050_SC08.sol#45-53) is not in mixedCase
Parameter PENNY_BY_PENNY.Put(uint256)._lockTime (contracts/vulnerable/vuln_050_SC08.sol#45) is not in mixedCase
Function PENNY_BY_PENNY.Collect(uint256) (contracts/vulnerable/vuln_050_SC08.sol#55-69) is not in mixedCase
Parameter PENNY_BY_PENNY.Collect(uint256)._am (contracts/vulnerable/vuln_050_SC08.sol#55) is not in mixedCase
Variable PENNY_BY_PENNY.Acc (contracts/vulnerable/vuln_050_SC08.sol#17) is not in mixedCase
Variable PENNY_BY_PENNY.MinSum (contracts/vulnerable/vuln_050_SC08.sol#19) is not in mixedCase
Variable PENNY_BY_PENNY.Log (contracts/vulnerable/vuln_050_SC08.sol#21) is not in mixedCase
Function LogFile.AddMessage(address,uint256,string) (contracts/vulnerable/vuln_050_SC08.sol#95-103) is not in mixedCase
Parameter LogFile.AddMessage(address,uint256,string)._adr (contracts/vulnerable/vuln_050_SC08.sol#95) is not in mixedCase
Parameter LogFile.AddMessage(address,uint256,string)._val (contracts/vulnerable/vuln_050_SC08.sol#95) is not in mixedCase
Parameter LogFile.AddMessage(address,uint256,string)._data (contracts/vulnerable/vuln_050_SC08.sol#95) is not in mixedCase
Variable LogFile.History (contracts/vulnerable/vuln_050_SC08.sol#91) is not in mixedCase
Variable LogFile.LastMsg (contracts/vulnerable/vuln_050_SC08.sol#93) is not in mixedCase
Reference: https://github.com/crytic/slither/wiki/Detector-Documentation#conformance-to-solidity-naming-conventions

Detector: external-function
AddMessage(address,uint256,string) should be declared external:
	- LogFile.AddMessage(address,uint256,string) (contracts/vulnerable/vuln_050_SC08.sol#95-103)
Reference: https://github.com/crytic/slither/wiki/Detector-Documentation#public-function-that-could-be-declared-external
/home/andrei/Рабочий стол/Kursovaya/Diplom/contracts/vulnerable/vuln_050_SC08.sol analyzed (2 contracts with 101 detectors), 29 result(s) found
