'solc --version' running
'solc /home/andrei/Рабочий стол/Kursovaya/Diplom/contracts/vulnerable/vuln_004_SC01.sol --combined-json abi,ast,bin,bin-runtime,srcmap,srcmap-runtime,userdoc,devdoc' running
Compilation warnings/errors on /home/andrei/Рабочий стол/Kursovaya/Diplom/contracts/vulnerable/vuln_004_SC01.sol:
/home/andrei/Рабочий стол/Kursovaya/Diplom/contracts/vulnerable/vuln_004_SC01.sol:377:37: Warning: This looks like an address but has an invalid checksum.
  address constant _walletLibrary = 0xcafecafecafecafecafecafecafecafecafecafe;
                                    ^----------------------------------------^
/home/andrei/Рабочий стол/Kursovaya/Diplom/contracts/vulnerable/vuln_004_SC01.sol:417:14: Warning: Inline assembly block is not balanced. It leaves 1 item(s) on the stack.
    assembly {
             ^
Spanning multiple lines.
/home/andrei/Рабочий стол/Kursovaya/Diplom/contracts/vulnerable/vuln_004_SC01.sol:437:7: Warning: Return value of low-level calls not used.
      _walletLibrary.delegatecall(msg.data); //it should have whitelisted specific methods that the user is allowed to call
      ^-----------------------------------^
/home/andrei/Рабочий стол/Kursovaya/Diplom/contracts/vulnerable/vuln_004_SC01.sol:456:37: Warning: This looks like an address but has an invalid checksum.
  address constant _walletLibrary = 0xcafecafecafecafecafecafecafecafecafecafe;
                                    ^----------------------------------------^


Detector: reentrancy-eth
Reentrancy in WalletLibrary.confirm(bytes32) ():
	External calls:
	- ! m_txs[_h].to.call.value(m_txs[_h].value)(m_txs[_h].data) ()
	State variables written after the call(s):
	- delete m_txs[_h] ()
	WalletLibrary.m_txs () can be used in cross function reentrancies:
	- WalletLibrary.clearPending() ()
	- WalletLibrary.confirm(bytes32) ()
	- WalletLibrary.execute(address,uint256,bytes) ()
Reference: https://github.com/crytic/slither/wiki/Detector-Documentation#reentrancy-vulnerabilities-1

Detector: suicidal
WalletLibrary.kill(address) () allows anyone to destruct the contract
Reference: https://github.com/crytic/slither/wiki/Detector-Documentation#suicidal

Detector: uninitialized-state
Wallet.m_owners () is never initialized. It is used in:
	- Wallet.getOwner(uint256) ()
Reference: https://github.com/crytic/slither/wiki/Detector-Documentation#uninitialized-state-variables

Detector: unchecked-lowlevel
Wallet.fallback() () ignores return value by _walletLibrary.delegatecall(msg.data) ()
Reference: https://github.com/crytic/slither/wiki/Detector-Documentation#unchecked-low-level-calls

Detector: uninitialized-local
WalletLibrary.confirm(bytes32).created () is a local variable never initialized
WalletLibrary.execute(address,uint256,bytes).created () is a local variable never initialized
Reference: https://github.com/crytic/slither/wiki/Detector-Documentation#uninitialized-local-variables

Detector: incorrect-modifier
Modifier WalletLibrary.onlyowner() () does not always execute _; or revert
Modifier WalletLibrary.onlymanyowners(bytes32) () does not always execute _; or revert
Reference: https://github.com/crytic/slither/wiki/Detector-Documentation#incorrect-modifier

Detector: reentrancy-events
Reentrancy in WalletLibrary.confirm(bytes32) ():
	External calls:
	- ! m_txs[_h].to.call.value(m_txs[_h].value)(m_txs[_h].data) ()
	Event emitted after the call(s):
	- MultiTransact(msg.sender,_h,m_txs[_h].value,m_txs[_h].to,m_txs[_h].data,created) ()
Reentrancy in WalletLibrary.execute(address,uint256,bytes) ():
	External calls:
	- ! _to.call.value(_value)(_data) ()
	Event emitted after the call(s):
	- SingleTransact(msg.sender,_value,_to,_data,created) ()
Reference: https://github.com/crytic/slither/wiki/Detector-Documentation#reentrancy-vulnerabilities-4

Detector: timestamp
WalletLibrary.underLimit(uint256) () uses timestamp for comparisons
	Dangerous comparisons:
	- today() > m_lastDay ()
Reference: https://github.com/crytic/slither/wiki/Detector-Documentation#block-timestamp

Detector: assembly
WalletLibrary.create(uint256,bytes) () uses assembly
	- INLINE ASM ()
Wallet.Wallet(address[],uint256,uint256) () uses assembly
	- INLINE ASM ()
Reference: https://github.com/crytic/slither/wiki/Detector-Documentation#assembly-usage

Detector: deprecated-standards
Deprecated standard detected onlymanyowners(sha3()(msg.data)) ():
	- Usage of "sha3()" should be replaced with "keccak256()"
Deprecated standard detected suicide(address)(_to) ():
	- Usage of "suicide()" should be replaced with "selfdestruct()"
Deprecated standard detected THROW ():
	- Usage of "throw" should be replaced with "revert()"
Deprecated standard detected o_hash = sha3()(msg.data,block.number) ():
	- Usage of "sha3()" should be replaced with "keccak256()"
Deprecated standard detected sig = bytes4(sha3()(initWallet(address[],uint256,uint256))) ():
	- Usage of "sha3()" should be replaced with "keccak256()"
Reference: https://github.com/crytic/slither/wiki/Detector-Documentation#deprecated-standards

Detector: solc-version
Version constraint 0.4.9 contains known severe issues (https://solidity.readthedocs.io/en/latest/bugs.html)
	- DirtyBytesArrayToStorage
	- KeccakCaching
	- EmptyByteArrayCopy
	- DynamicArrayCleanup
	- ImplicitConstructorCallvalueCheck
	- TupleAssignmentMultiStackSlotComponents
	- MemoryArrayCreationOverflow
	- privateCanBeOverridden
	- SignedArrayStorageCopy
	- UninitializedFunctionPointerInConstructor_0.4.x
	- IncorrectEventSignatureInLibraries_0.4.x
	- ExpExponentCleanup
	- NestedArrayFunctionCallDecoder
	- ZeroFunctionSelector
	- DelegateCallReturnValue
	- ECRecoverMalformedInput
	- SkipEmptyStringLiteral
	- ConstantOptimizerSubtraction.
It is used by:
	- 0.4.9 ()
solc-0.4.9 is an outdated solc version. Use a more recent version (at least 0.8.0), if possible.
Reference: https://github.com/crytic/slither/wiki/Detector-Documentation#incorrect-versions-of-solidity

Detector: low-level-calls
Low level call in WalletLibrary.execute(address,uint256,bytes) ():
	- ! _to.call.value(_value)(_data) ()
Low level call in WalletLibrary.confirm(bytes32) ():
	- ! m_txs[_h].to.call.value(m_txs[_h].value)(m_txs[_h].data) ()
Low level call in Wallet.fallback() ():
	- _walletLibrary.delegatecall(msg.data) ()
Low level call in Wallet.hasConfirmed(bytes32,address) ():
	- _walletLibrary.delegatecall(msg.data) ()
Low level call in Wallet.isOwner(address) ():
	- _walletLibrary.delegatecall(msg.data) ()
Reference: https://github.com/crytic/slither/wiki/Detector-Documentation#low-level-calls

Detector: missing-inheritance
WalletLibrary () should inherit from WalletAbi ()
Reference: https://github.com/crytic/slither/wiki/Detector-Documentation#missing-inheritance

Detector: naming-convention
Parameter WalletLibrary.initMultiowned(address[],uint256)._owners () is not in mixedCase
Parameter WalletLibrary.initMultiowned(address[],uint256)._required () is not in mixedCase
Parameter WalletLibrary.revoke(bytes32)._operation () is not in mixedCase
Parameter WalletLibrary.changeOwner(address,address)._from () is not in mixedCase
Parameter WalletLibrary.changeOwner(address,address)._to () is not in mixedCase
Parameter WalletLibrary.addOwner(address)._owner () is not in mixedCase
Parameter WalletLibrary.removeOwner(address)._owner () is not in mixedCase
Parameter WalletLibrary.changeRequirement(uint256)._newRequired () is not in mixedCase
Parameter WalletLibrary.isOwner(address)._addr () is not in mixedCase
Parameter WalletLibrary.hasConfirmed(bytes32,address)._operation () is not in mixedCase
Parameter WalletLibrary.hasConfirmed(bytes32,address)._owner () is not in mixedCase
Parameter WalletLibrary.initDaylimit(uint256)._limit () is not in mixedCase
Parameter WalletLibrary.setDailyLimit(uint256)._newLimit () is not in mixedCase
Parameter WalletLibrary.initWallet(address[],uint256,uint256)._owners () is not in mixedCase
Parameter WalletLibrary.initWallet(address[],uint256,uint256)._required () is not in mixedCase
Parameter WalletLibrary.initWallet(address[],uint256,uint256)._daylimit () is not in mixedCase
Parameter WalletLibrary.kill(address)._to () is not in mixedCase
Parameter WalletLibrary.execute(address,uint256,bytes)._to () is not in mixedCase
Parameter WalletLibrary.execute(address,uint256,bytes)._value () is not in mixedCase
Parameter WalletLibrary.execute(address,uint256,bytes)._data () is not in mixedCase
Parameter WalletLibrary.confirm(bytes32)._h () is not in mixedCase
Parameter WalletLibrary.confirmAndCheck(bytes32)._operation () is not in mixedCase
Parameter WalletLibrary.underLimit(uint256)._value () is not in mixedCase
Variable WalletLibrary.m_required () is not in mixedCase
Variable WalletLibrary.m_numOwners () is not in mixedCase
Variable WalletLibrary.m_dailyLimit () is not in mixedCase
Variable WalletLibrary.m_spentToday () is not in mixedCase
Variable WalletLibrary.m_lastDay () is not in mixedCase
Variable WalletLibrary.m_owners () is not in mixedCase
Variable WalletLibrary.c_maxOwners () is not in mixedCase
Variable WalletLibrary.m_ownerIndex () is not in mixedCase
Variable WalletLibrary.m_pending () is not in mixedCase
Variable WalletLibrary.m_pendingIndex () is not in mixedCase
Variable WalletLibrary.m_txs () is not in mixedCase
Variable Wallet.m_required () is not in mixedCase
Variable Wallet.m_numOwners () is not in mixedCase
Variable Wallet.m_dailyLimit () is not in mixedCase
Variable Wallet.m_spentToday () is not in mixedCase
Variable Wallet.m_lastDay () is not in mixedCase
Variable Wallet.m_owners () is not in mixedCase
Reference: https://github.com/crytic/slither/wiki/Detector-Documentation#conformance-to-solidity-naming-conventions

Detector: unindexed-event-address
Event WalletEvents.Confirmation(address,bytes32) () has address parameters but no indexed parameters
Event WalletEvents.Revoke(address,bytes32) () has address parameters but no indexed parameters
Event WalletEvents.OwnerChanged(address,address) () has address parameters but no indexed parameters
Event WalletEvents.OwnerAdded(address) () has address parameters but no indexed parameters
Event WalletEvents.OwnerRemoved(address) () has address parameters but no indexed parameters
Event WalletEvents.Deposit(address,uint256) () has address parameters but no indexed parameters
Event WalletEvents.SingleTransact(address,uint256,address,bytes,address) () has address parameters but no indexed parameters
Event WalletEvents.MultiTransact(address,bytes32,uint256,address,bytes,address) () has address parameters but no indexed parameters
Event WalletEvents.ConfirmationNeeded(bytes32,address,uint256,address,bytes) () has address parameters but no indexed parameters
Reference: https://github.com/crytic/slither/wiki/Detector-Documentation#unindexed-event-address-parameters

Detector: unused-state
WalletLibrary._walletLibrary () is never used in WalletLibrary ()
Wallet.m_required () is never used in Wallet ()
Wallet.m_numOwners () is never used in Wallet ()
Wallet.m_dailyLimit () is never used in Wallet ()
Wallet.m_spentToday () is never used in Wallet ()
Wallet.m_lastDay () is never used in Wallet ()
Reference: https://github.com/crytic/slither/wiki/Detector-Documentation#unused-state-variable

Detector: constable-states
Wallet._walletLibrary () should be constant 
Wallet.m_dailyLimit () should be constant 
Wallet.m_lastDay () should be constant 
Wallet.m_numOwners () should be constant 
Wallet.m_required () should be constant 
Wallet.m_spentToday () should be constant 
WalletLibrary._walletLibrary () should be constant 
WalletLibrary.c_maxOwners () should be constant 
Reference: https://github.com/crytic/slither/wiki/Detector-Documentation#state-variables-that-could-be-declared-constant

Detector: external-function
initWallet(address[],uint256,uint256) should be declared external:
	- WalletLibrary.initWallet(address[],uint256,uint256) ()
Reference: https://github.com/crytic/slither/wiki/Detector-Documentation#public-function-that-could-be-declared-external
/home/andrei/Рабочий стол/Kursovaya/Diplom/contracts/vulnerable/vuln_004_SC01.sol analyzed (4 contracts with 101 detectors), 90 result(s) found
