'solc --version' running
'solc /home/andrei/Рабочий стол/Kursovaya/Diplom/contracts/vulnerable/vuln_121_SC06.sol --combined-json abi,ast,bin,bin-runtime,srcmap,srcmap-runtime,userdoc,devdoc,hashes,compact-format --allow-paths .,/home/andrei/Рабочий стол/Kursovaya/Diplom/contracts/vulnerable' running
Compilation warnings/errors on /home/andrei/Рабочий стол/Kursovaya/Diplom/contracts/vulnerable/vuln_121_SC06.sol:
/home/andrei/Рабочий стол/Kursovaya/Diplom/contracts/vulnerable/vuln_121_SC06.sol:171:3: Warning: Defining constructors as functions with the same name as the contract is deprecated. Use "constructor(...) { ... }" instead.
  function AbstractToken () public {
  ^ (Relevant source part starts here and spans across multiple lines).
/home/andrei/Рабочий стол/Kursovaya/Diplom/contracts/vulnerable/vuln_121_SC06.sol:304:3: Warning: Defining constructors as functions with the same name as the contract is deprecated. Use "constructor(...) { ... }" instead.
  function AworkerToken (uint256 _tokenCount) public {
  ^ (Relevant source part starts here and spans across multiple lines).
/home/andrei/Рабочий стол/Kursovaya/Diplom/contracts/vulnerable/vuln_121_SC06.sol:201:5: Warning: Invoking events without "emit" prefix is deprecated.
    Transfer (msg.sender, _to, _value);
    ^--------------------------------^
/home/andrei/Рабочий стол/Kursovaya/Diplom/contracts/vulnerable/vuln_121_SC06.sol:228:5: Warning: Invoking events without "emit" prefix is deprecated.
    Transfer (_from, _to, _value);
    ^---------------------------^
/home/andrei/Рабочий стол/Kursovaya/Diplom/contracts/vulnerable/vuln_121_SC06.sol:243:5: Warning: Invoking events without "emit" prefix is deprecated.
    Approval (msg.sender, _spender, _value);
    ^-------------------------------------^
/home/andrei/Рабочий стол/Kursovaya/Diplom/contracts/vulnerable/vuln_121_SC06.sol:415:7: Warning: Invoking events without "emit" prefix is deprecated.
      Freeze ();
      ^-------^
/home/andrei/Рабочий стол/Kursovaya/Diplom/contracts/vulnerable/vuln_121_SC06.sol:428:7: Warning: Invoking events without "emit" prefix is deprecated.
      Unfreeze ();
      ^---------^


Detector: missing-zero-check
AworkerToken.setOwner(address)._newOwner (contracts/vulnerable/vuln_121_SC06.sol#400) lacks a zero-check on :
		- owner = _newOwner (contracts/vulnerable/vuln_121_SC06.sol#403)
Reference: https://github.com/crytic/slither/wiki/Detector-Documentation#missing-zero-address-validation

Detector: pragma
2 different versions of Solidity are used:
	- Version constraint ^0.4.16 is used by:
		-^0.4.16 (contracts/vulnerable/vuln_121_SC06.sol#1)
	- Version constraint ^0.4.20 is used by:
		-^0.4.20 (contracts/vulnerable/vuln_121_SC06.sol#7)
		-^0.4.20 (contracts/vulnerable/vuln_121_SC06.sol#14)
		-^0.4.20 (contracts/vulnerable/vuln_121_SC06.sol#109)
Reference: https://github.com/crytic/slither/wiki/Detector-Documentation#different-pragma-directives-are-used

Detector: dead-code
SafeMath.safeMul(uint256,uint256) (contracts/vulnerable/vuln_121_SC06.sol#153-159) is never used and should be removed
Reference: https://github.com/crytic/slither/wiki/Detector-Documentation#dead-code

Detector: solc-version
Version constraint ^0.4.16 contains known severe issues (https://solidity.readthedocs.io/en/latest/bugs.html)
	- DirtyBytesArrayToStorage
	- ABIDecodeTwoDimensionalArrayMemory
	- KeccakCaching
	- EmptyByteArrayCopy
	- DynamicArrayCleanup
	- ImplicitConstructorCallvalueCheck
	- TupleAssignmentMultiStackSlotComponents
	- MemoryArrayCreationOverflow
	- privateCanBeOverridden
	- SignedArrayStorageCopy
	- ABIEncoderV2StorageArrayWithMultiSlotElement
	- DynamicConstructorArgumentsClippedABIV2
	- UninitializedFunctionPointerInConstructor_0.4.x
	- IncorrectEventSignatureInLibraries_0.4.x
	- ExpExponentCleanup
	- NestedArrayFunctionCallDecoder
	- ZeroFunctionSelector.
It is used by:
	- ^0.4.16 (contracts/vulnerable/vuln_121_SC06.sol#1)
Version constraint ^0.4.20 contains known severe issues (https://solidity.readthedocs.io/en/latest/bugs.html)
	- DirtyBytesArrayToStorage
	- ABIDecodeTwoDimensionalArrayMemory
	- KeccakCaching
	- EmptyByteArrayCopy
	- DynamicArrayCleanup
	- ImplicitConstructorCallvalueCheck
	- TupleAssignmentMultiStackSlotComponents
	- MemoryArrayCreationOverflow
	- privateCanBeOverridden
	- SignedArrayStorageCopy
	- ABIEncoderV2StorageArrayWithMultiSlotElement
	- DynamicConstructorArgumentsClippedABIV2
	- UninitializedFunctionPointerInConstructor_0.4.x
	- IncorrectEventSignatureInLibraries_0.4.x
	- ABIEncoderV2PackedStorage_0.4.x
	- ExpExponentCleanup
	- EventStructWrongData
	- NestedArrayFunctionCallDecoder.
It is used by:
	- ^0.4.20 (contracts/vulnerable/vuln_121_SC06.sol#7)
	- ^0.4.20 (contracts/vulnerable/vuln_121_SC06.sol#14)
	- ^0.4.20 (contracts/vulnerable/vuln_121_SC06.sol#109)
solc-0.4.24 is an outdated solc version. Use a more recent version (at least 0.8.0), if possible.
Reference: https://github.com/crytic/slither/wiki/Detector-Documentation#incorrect-versions-of-solidity

Detector: naming-convention
Parameter AbstractToken.balanceOf(address)._owner (contracts/vulnerable/vuln_121_SC06.sol#182) is not in mixedCase
Parameter AbstractToken.transfer(address,uint256)._to (contracts/vulnerable/vuln_121_SC06.sol#193) is not in mixedCase
Parameter AbstractToken.transfer(address,uint256)._value (contracts/vulnerable/vuln_121_SC06.sol#193) is not in mixedCase
Parameter AbstractToken.transferFrom(address,address,uint256)._from (contracts/vulnerable/vuln_121_SC06.sol#214) is not in mixedCase
Parameter AbstractToken.transferFrom(address,address,uint256)._to (contracts/vulnerable/vuln_121_SC06.sol#214) is not in mixedCase
Parameter AbstractToken.transferFrom(address,address,uint256)._value (contracts/vulnerable/vuln_121_SC06.sol#214) is not in mixedCase
Parameter AbstractToken.approve(address,uint256)._spender (contracts/vulnerable/vuln_121_SC06.sol#240) is not in mixedCase
Parameter AbstractToken.approve(address,uint256)._value (contracts/vulnerable/vuln_121_SC06.sol#240) is not in mixedCase
Parameter AbstractToken.allowance(address,address)._owner (contracts/vulnerable/vuln_121_SC06.sol#259) is not in mixedCase
Parameter AbstractToken.allowance(address,address)._spender (contracts/vulnerable/vuln_121_SC06.sol#259) is not in mixedCase
Parameter AworkerToken.transfer(address,uint256)._to (contracts/vulnerable/vuln_121_SC06.sol#353) is not in mixedCase
Parameter AworkerToken.transfer(address,uint256)._value (contracts/vulnerable/vuln_121_SC06.sol#353) is not in mixedCase
Parameter AworkerToken.transferFrom(address,address,uint256)._from (contracts/vulnerable/vuln_121_SC06.sol#368) is not in mixedCase
Parameter AworkerToken.transferFrom(address,address,uint256)._to (contracts/vulnerable/vuln_121_SC06.sol#368) is not in mixedCase
Parameter AworkerToken.transferFrom(address,address,uint256)._value (contracts/vulnerable/vuln_121_SC06.sol#368) is not in mixedCase
Parameter AworkerToken.approve(address,uint256,uint256)._spender (contracts/vulnerable/vuln_121_SC06.sol#387) is not in mixedCase
Parameter AworkerToken.approve(address,uint256,uint256)._currentValue (contracts/vulnerable/vuln_121_SC06.sol#387) is not in mixedCase
Parameter AworkerToken.approve(address,uint256,uint256)._newValue (contracts/vulnerable/vuln_121_SC06.sol#387) is not in mixedCase
Parameter AworkerToken.setOwner(address)._newOwner (contracts/vulnerable/vuln_121_SC06.sol#400) is not in mixedCase
Reference: https://github.com/crytic/slither/wiki/Detector-Documentation#conformance-to-solidity-naming-conventions
/home/andrei/Рабочий стол/Kursovaya/Diplom/contracts/vulnerable/vuln_121_SC06.sol analyzed (4 contracts with 101 detectors), 25 result(s) found
