'solc --version' running
'solc /home/andrei/Рабочий стол/Kursovaya/Diplom/contracts/vulnerable/vuln_014_SC01.sol --combined-json abi,ast,bin,bin-runtime,srcmap,srcmap-runtime,userdoc,devdoc,hashes,compact-format --allow-paths .,/home/andrei/Рабочий стол/Kursovaya/Diplom/contracts/vulnerable' running

Detector: controlled-delegatecall
Proxy.forward(address,bytes) (contracts/vulnerable/vuln_014_SC01.sol#17-20) uses delegatecall to a input-controlled function id
	- require(bool)(callee.delegatecall(_data)) (contracts/vulnerable/vuln_014_SC01.sol#19)
Reference: https://github.com/crytic/slither/wiki/Detector-Documentation#controlled-delegatecall

Detector: solc-version
Version constraint ^0.4.24 contains known severe issues (https://solidity.readthedocs.io/en/latest/bugs.html)
	- DirtyBytesArrayToStorage
	- ABIDecodeTwoDimensionalArrayMemory
	- KeccakCaching
	- EmptyByteArrayCopy
	- DynamicArrayCleanup
	- ImplicitConstructorCallvalueCheck
	- TupleAssignmentMultiStackSlotComponents
	- MemoryArrayCreationOverflow
	- privateCanBeOverridden
	- SignedArrayStorageCopy
	- ABIEncoderV2StorageArrayWithMultiSlotElement
	- DynamicConstructorArgumentsClippedABIV2
	- UninitializedFunctionPointerInConstructor_0.4.x
	- IncorrectEventSignatureInLibraries_0.4.x
	- ABIEncoderV2PackedStorage_0.4.x
	- ExpExponentCleanup
	- EventStructWrongData.
It is used by:
	- ^0.4.24 (contracts/vulnerable/vuln_014_SC01.sol#7)
solc-0.4.24 is an outdated solc version. Use a more recent version (at least 0.8.0), if possible.
Reference: https://github.com/crytic/slither/wiki/Detector-Documentation#incorrect-versions-of-solidity

Detector: low-level-calls
Low level call in Proxy.forward(address,bytes) (contracts/vulnerable/vuln_014_SC01.sol#17-20):
	- require(bool)(callee.delegatecall(_data)) (contracts/vulnerable/vuln_014_SC01.sol#19)
Reference: https://github.com/crytic/slither/wiki/Detector-Documentation#low-level-calls

Detector: naming-convention
Parameter Proxy.forward(address,bytes)._data (contracts/vulnerable/vuln_014_SC01.sol#17) is not in mixedCase
Reference: https://github.com/crytic/slither/wiki/Detector-Documentation#conformance-to-solidity-naming-conventions

Detector: external-function
forward(address,bytes) should be declared external:
	- Proxy.forward(address,bytes) (contracts/vulnerable/vuln_014_SC01.sol#17-20)
Reference: https://github.com/crytic/slither/wiki/Detector-Documentation#public-function-that-could-be-declared-external
/home/andrei/Рабочий стол/Kursovaya/Diplom/contracts/vulnerable/vuln_014_SC01.sol analyzed (1 contracts with 101 detectors), 6 result(s) found
