'solc --version' running
'solc /home/andrei/Рабочий стол/Kursovaya/Diplom/contracts/vulnerable/vuln_109_SC05.sol --combined-json abi,ast,bin,bin-runtime,srcmap,srcmap-runtime,userdoc,devdoc,hashes,compact-format --allow-paths .,/home/andrei/Рабочий стол/Kursovaya/Diplom/contracts/vulnerable' running

Detector: unchecked-transfer
PublicAirdrop.airdrop(address[],uint256[]) (contracts/vulnerable/vuln_109_SC05.sol#32-39) ignores return value by token.transfer(recipient[i],amount[i]) (contracts/vulnerable/vuln_109_SC05.sol#35)
PublicAirdrop.airdropToSubscribers(address[],uint256) (contracts/vulnerable/vuln_109_SC05.sol#40-47) ignores return value by token.transfer(recipient[i],amount) (contracts/vulnerable/vuln_109_SC05.sol#43)
Reference: https://github.com/crytic/slither/wiki/Detector-Documentation#unchecked-transfer

Detector: calls-loop
PublicAirdrop.airdrop(address[],uint256[]) (contracts/vulnerable/vuln_109_SC05.sol#32-39) has external calls inside a loop: token.transfer(recipient[i],amount[i]) (contracts/vulnerable/vuln_109_SC05.sol#35)
PublicAirdrop.airdropToSubscribers(address[],uint256) (contracts/vulnerable/vuln_109_SC05.sol#40-47) has external calls inside a loop: token.transfer(recipient[i],amount) (contracts/vulnerable/vuln_109_SC05.sol#43)
Reference: https://github.com/crytic/slither/wiki/Detector-Documentation/#calls-inside-a-loop

Detector: solc-version
Version constraint ^0.4.24 contains known severe issues (https://solidity.readthedocs.io/en/latest/bugs.html)
	- DirtyBytesArrayToStorage
	- ABIDecodeTwoDimensionalArrayMemory
	- KeccakCaching
	- EmptyByteArrayCopy
	- DynamicArrayCleanup
	- ImplicitConstructorCallvalueCheck
	- TupleAssignmentMultiStackSlotComponents
	- MemoryArrayCreationOverflow
	- privateCanBeOverridden
	- SignedArrayStorageCopy
	- ABIEncoderV2StorageArrayWithMultiSlotElement
	- DynamicConstructorArgumentsClippedABIV2
	- UninitializedFunctionPointerInConstructor_0.4.x
	- IncorrectEventSignatureInLibraries_0.4.x
	- ABIEncoderV2PackedStorage_0.4.x
	- ExpExponentCleanup
	- EventStructWrongData.
It is used by:
	- ^0.4.24 (contracts/vulnerable/vuln_109_SC05.sol#1)
solc-0.4.24 is an outdated solc version. Use a more recent version (at least 0.8.0), if possible.
Reference: https://github.com/crytic/slither/wiki/Detector-Documentation#incorrect-versions-of-solidity

Detector: constable-states
PublicAirdrop.token (contracts/vulnerable/vuln_109_SC05.sol#31) should be constant 
Reference: https://github.com/crytic/slither/wiki/Detector-Documentation#state-variables-that-could-be-declared-constant

Detector: external-function
airdrop(address[],uint256[]) should be declared external:
	- PublicAirdrop.airdrop(address[],uint256[]) (contracts/vulnerable/vuln_109_SC05.sol#32-39)
airdropToSubscribers(address[],uint256) should be declared external:
	- PublicAirdrop.airdropToSubscribers(address[],uint256) (contracts/vulnerable/vuln_109_SC05.sol#40-47)
Reference: https://github.com/crytic/slither/wiki/Detector-Documentation#public-function-that-could-be-declared-external
/home/andrei/Рабочий стол/Kursovaya/Diplom/contracts/vulnerable/vuln_109_SC05.sol analyzed (4 contracts with 101 detectors), 9 result(s) found
