'solc --version' running
'solc /home/andrei/Рабочий стол/Kursovaya/Diplom/contracts/vulnerable/vuln_131_SC06.sol --combined-json abi,ast,bin,bin-runtime,srcmap,srcmap-runtime,userdoc,devdoc,hashes,compact-format --allow-paths .,/home/andrei/Рабочий стол/Kursovaya/Diplom/contracts/vulnerable' running
Compilation warnings/errors on /home/andrei/Рабочий стол/Kursovaya/Diplom/contracts/vulnerable/vuln_131_SC06.sol:
/home/andrei/Рабочий стол/Kursovaya/Diplom/contracts/vulnerable/vuln_131_SC06.sol:59:3: Warning: Defining constructors as functions with the same name as the contract is deprecated. Use "constructor(...) { ... }" instead.
  function Ownable() public {
  ^ (Relevant source part starts here and spans across multiple lines).
/home/andrei/Рабочий стол/Kursovaya/Diplom/contracts/vulnerable/vuln_131_SC06.sol:343:3: Warning: Defining constructors as functions with the same name as the contract is deprecated. Use "constructor(...) { ... }" instead.
  function CappedToken(uint256 _cap) public {
  ^ (Relevant source part starts here and spans across multiple lines).
/home/andrei/Рабочий стол/Kursovaya/Diplom/contracts/vulnerable/vuln_131_SC06.sol:476:5: Warning: Defining constructors as functions with the same name as the contract is deprecated. Use "constructor(...) { ... }" instead.
    function SHPToken() public CappedToken(TOKEN_CAP) {
    ^ (Relevant source part starts here and spans across multiple lines).
/home/andrei/Рабочий стол/Kursovaya/Diplom/contracts/vulnerable/vuln_131_SC06.sol:400:9: Warning: Invoking events without "emit" prefix is deprecated.
        Transfer(msg.sender, _receivers[i], _value);
        ^-----------------------------------------^
/home/andrei/Рабочий стол/Kursovaya/Diplom/contracts/vulnerable/vuln_131_SC06.sol:438:9: Warning: Invoking events without "emit" prefix is deprecated.
        FrozenFunds(target, freeze);
        ^-------------------------^


Detector: events-access
Ownable.transferOwnership(address) (contracts/vulnerable/vuln_131_SC06.sol#77-81) should emit an event for: 
	- owner = newOwner (contracts/vulnerable/vuln_131_SC06.sol#79) 
Reference: https://github.com/crytic/slither/wiki/Detector-Documentation#missing-events-access-control

Detector: solc-version
Version constraint ^0.4.18 contains known severe issues (https://solidity.readthedocs.io/en/latest/bugs.html)
	- DirtyBytesArrayToStorage
	- ABIDecodeTwoDimensionalArrayMemory
	- KeccakCaching
	- EmptyByteArrayCopy
	- DynamicArrayCleanup
	- ImplicitConstructorCallvalueCheck
	- TupleAssignmentMultiStackSlotComponents
	- MemoryArrayCreationOverflow
	- privateCanBeOverridden
	- SignedArrayStorageCopy
	- ABIEncoderV2StorageArrayWithMultiSlotElement
	- DynamicConstructorArgumentsClippedABIV2
	- UninitializedFunctionPointerInConstructor_0.4.x
	- IncorrectEventSignatureInLibraries_0.4.x
	- ExpExponentCleanup
	- EventStructWrongData
	- NestedArrayFunctionCallDecoder.
It is used by:
	- ^0.4.18 (contracts/vulnerable/vuln_131_SC06.sol#1)
solc-0.4.24 is an outdated solc version. Use a more recent version (at least 0.8.0), if possible.
Reference: https://github.com/crytic/slither/wiki/Detector-Documentation#incorrect-versions-of-solidity

Detector: naming-convention
Parameter BasicToken.transfer(address,uint256)._to (contracts/vulnerable/vuln_131_SC06.sol#177) is not in mixedCase
Parameter BasicToken.transfer(address,uint256)._value (contracts/vulnerable/vuln_131_SC06.sol#177) is not in mixedCase
Parameter BasicToken.balanceOf(address)._owner (contracts/vulnerable/vuln_131_SC06.sol#195) is not in mixedCase
Parameter StandardToken.transferFrom(address,address,uint256)._from (contracts/vulnerable/vuln_131_SC06.sol#219) is not in mixedCase
Parameter StandardToken.transferFrom(address,address,uint256)._to (contracts/vulnerable/vuln_131_SC06.sol#219) is not in mixedCase
Parameter StandardToken.transferFrom(address,address,uint256)._value (contracts/vulnerable/vuln_131_SC06.sol#219) is not in mixedCase
Parameter StandardToken.approve(address,uint256)._spender (contracts/vulnerable/vuln_131_SC06.sol#238) is not in mixedCase
Parameter StandardToken.approve(address,uint256)._value (contracts/vulnerable/vuln_131_SC06.sol#238) is not in mixedCase
Parameter StandardToken.allowance(address,address)._owner (contracts/vulnerable/vuln_131_SC06.sol#251) is not in mixedCase
Parameter StandardToken.allowance(address,address)._spender (contracts/vulnerable/vuln_131_SC06.sol#251) is not in mixedCase
Parameter StandardToken.increaseApproval(address,uint256)._spender (contracts/vulnerable/vuln_131_SC06.sol#265) is not in mixedCase
Parameter StandardToken.increaseApproval(address,uint256)._addedValue (contracts/vulnerable/vuln_131_SC06.sol#265) is not in mixedCase
Parameter StandardToken.decreaseApproval(address,uint256)._spender (contracts/vulnerable/vuln_131_SC06.sol#281) is not in mixedCase
Parameter StandardToken.decreaseApproval(address,uint256)._subtractedValue (contracts/vulnerable/vuln_131_SC06.sol#281) is not in mixedCase
Parameter MintableToken.mint(address,uint256)._to (contracts/vulnerable/vuln_131_SC06.sol#316) is not in mixedCase
Parameter MintableToken.mint(address,uint256)._amount (contracts/vulnerable/vuln_131_SC06.sol#316) is not in mixedCase
Parameter CappedToken.mint(address,uint256)._to (contracts/vulnerable/vuln_131_SC06.sol#354) is not in mixedCase
Parameter CappedToken.mint(address,uint256)._amount (contracts/vulnerable/vuln_131_SC06.sol#354) is not in mixedCase
Parameter PausableToken.transfer(address,uint256)._to (contracts/vulnerable/vuln_131_SC06.sol#367) is not in mixedCase
Parameter PausableToken.transfer(address,uint256)._value (contracts/vulnerable/vuln_131_SC06.sol#367) is not in mixedCase
Parameter PausableToken.transferFrom(address,address,uint256)._from (contracts/vulnerable/vuln_131_SC06.sol#371) is not in mixedCase
Parameter PausableToken.transferFrom(address,address,uint256)._to (contracts/vulnerable/vuln_131_SC06.sol#371) is not in mixedCase
Parameter PausableToken.transferFrom(address,address,uint256)._value (contracts/vulnerable/vuln_131_SC06.sol#371) is not in mixedCase
Parameter PausableToken.approve(address,uint256)._spender (contracts/vulnerable/vuln_131_SC06.sol#375) is not in mixedCase
Parameter PausableToken.approve(address,uint256)._value (contracts/vulnerable/vuln_131_SC06.sol#375) is not in mixedCase
Parameter PausableToken.increaseApproval(address,uint256)._spender (contracts/vulnerable/vuln_131_SC06.sol#379) is not in mixedCase
Parameter PausableToken.increaseApproval(address,uint256)._addedValue (contracts/vulnerable/vuln_131_SC06.sol#379) is not in mixedCase
Parameter PausableToken.decreaseApproval(address,uint256)._spender (contracts/vulnerable/vuln_131_SC06.sol#383) is not in mixedCase
Parameter PausableToken.decreaseApproval(address,uint256)._subtractedValue (contracts/vulnerable/vuln_131_SC06.sol#383) is not in mixedCase
Parameter PausableToken.batchTransfer(address[],uint256)._receivers (contracts/vulnerable/vuln_131_SC06.sol#390) is not in mixedCase
Parameter PausableToken.batchTransfer(address[],uint256)._value (contracts/vulnerable/vuln_131_SC06.sol#390) is not in mixedCase
Parameter BurnableToken.burn(uint256)._value (contracts/vulnerable/vuln_131_SC06.sol#419) is not in mixedCase
Parameter AdvanceToken.transferFrom(address,address,uint256)._from (contracts/vulnerable/vuln_131_SC06.sol#454) is not in mixedCase
Parameter AdvanceToken.transferFrom(address,address,uint256)._to (contracts/vulnerable/vuln_131_SC06.sol#454) is not in mixedCase
Parameter AdvanceToken.transferFrom(address,address,uint256)._value (contracts/vulnerable/vuln_131_SC06.sol#454) is not in mixedCase
Reference: https://github.com/crytic/slither/wiki/Detector-Documentation#conformance-to-solidity-naming-conventions

Detector: too-many-digits
SHPToken.slitherConstructorConstantVariables() (contracts/vulnerable/vuln_131_SC06.sol#467-485) uses literals with too many digits:
	- TOKEN_INITIAL = 500000000 * (10 ** uint256(decimals)) (contracts/vulnerable/vuln_131_SC06.sol#474)
Reference: https://github.com/crytic/slither/wiki/Detector-Documentation#too-many-digits

Detector: unindexed-event-address
Event AdvanceToken.FrozenFunds(address,bool) (contracts/vulnerable/vuln_131_SC06.sol#434) has address parameters but no indexed parameters
Reference: https://github.com/crytic/slither/wiki/Detector-Documentation#unindexed-event-address-parameters

Detector: external-function
batchTransfer(address[],uint256) should be declared external:
	- PausableToken.batchTransfer(address[],uint256) (contracts/vulnerable/vuln_131_SC06.sol#390-403)
Reference: https://github.com/crytic/slither/wiki/Detector-Documentation#public-function-that-could-be-declared-external
/home/andrei/Рабочий стол/Kursovaya/Diplom/contracts/vulnerable/vuln_131_SC06.sol analyzed (13 contracts with 101 detectors), 41 result(s) found
