'solc --version' running
'solc /home/andrei/Рабочий стол/Kursovaya/Diplom/contracts/vulnerable/vuln_063_SC08.sol --combined-json abi,ast,bin,bin-runtime,srcmap,srcmap-runtime,userdoc,devdoc,hashes,compact-format --allow-paths .,/home/andrei/Рабочий стол/Kursovaya/Diplom/contracts/vulnerable' running

Detector: controlled-array-length
Log (contracts/vulnerable/vuln_063_SC08.sol#56-81) contract sets array length with a user-controlled value:
	- History.push(LastMsg) (contracts/vulnerable/vuln_063_SC08.sol#78)
Reference: https://github.com/crytic/slither/wiki/Detector-Documentation#array-length-assignment

Detector: reentrancy-eth
Reentrancy in ETH_FUND.CashOut(uint256) (contracts/vulnerable/vuln_063_SC08.sol#37-50):
	External calls:
	- msg.sender.call.value(_am)() (contracts/vulnerable/vuln_063_SC08.sol#44)
	State variables written after the call(s):
	- balances[msg.sender] -= _am (contracts/vulnerable/vuln_063_SC08.sol#46)
	ETH_FUND.balances (contracts/vulnerable/vuln_063_SC08.sol#11) can be used in cross function reentrancies:
	- ETH_FUND.CashOut(uint256) (contracts/vulnerable/vuln_063_SC08.sol#37-50)
	- ETH_FUND.Deposit() (contracts/vulnerable/vuln_063_SC08.sol#25-35)
	- ETH_FUND.balances (contracts/vulnerable/vuln_063_SC08.sol#11)
Reference: https://github.com/crytic/slither/wiki/Detector-Documentation#reentrancy-vulnerabilities-1

Detector: reentrancy-benign
Reentrancy in ETH_FUND.Deposit() (contracts/vulnerable/vuln_063_SC08.sol#25-35):
	External calls:
	- TransferLog.AddMessage(msg.sender,msg.value,Deposit) (contracts/vulnerable/vuln_063_SC08.sol#32)
	State variables written after the call(s):
	- lastBlock = block.number (contracts/vulnerable/vuln_063_SC08.sol#33)
Reference: https://github.com/crytic/slither/wiki/Detector-Documentation#reentrancy-vulnerabilities-3

Detector: solc-version
Version constraint ^0.4.19 contains known severe issues (https://solidity.readthedocs.io/en/latest/bugs.html)
	- DirtyBytesArrayToStorage
	- ABIDecodeTwoDimensionalArrayMemory
	- KeccakCaching
	- EmptyByteArrayCopy
	- DynamicArrayCleanup
	- ImplicitConstructorCallvalueCheck
	- TupleAssignmentMultiStackSlotComponents
	- MemoryArrayCreationOverflow
	- privateCanBeOverridden
	- SignedArrayStorageCopy
	- ABIEncoderV2StorageArrayWithMultiSlotElement
	- DynamicConstructorArgumentsClippedABIV2
	- UninitializedFunctionPointerInConstructor_0.4.x
	- IncorrectEventSignatureInLibraries_0.4.x
	- ABIEncoderV2PackedStorage_0.4.x
	- ExpExponentCleanup
	- EventStructWrongData
	- NestedArrayFunctionCallDecoder.
It is used by:
	- ^0.4.19 (contracts/vulnerable/vuln_063_SC08.sol#7)
solc-0.4.19 is an outdated solc version. Use a more recent version (at least 0.8.0), if possible.
Reference: https://github.com/crytic/slither/wiki/Detector-Documentation#incorrect-versions-of-solidity

Detector: low-level-calls
Low level call in ETH_FUND.CashOut(uint256) (contracts/vulnerable/vuln_063_SC08.sol#37-50):
	- msg.sender.call.value(_am)() (contracts/vulnerable/vuln_063_SC08.sol#44)
Reference: https://github.com/crytic/slither/wiki/Detector-Documentation#low-level-calls

Detector: naming-convention
Contract ETH_FUND (contracts/vulnerable/vuln_063_SC08.sol#9-54) is not in CapWords
Function ETH_FUND.Deposit() (contracts/vulnerable/vuln_063_SC08.sol#25-35) is not in mixedCase
Function ETH_FUND.CashOut(uint256) (contracts/vulnerable/vuln_063_SC08.sol#37-50) is not in mixedCase
Parameter ETH_FUND.CashOut(uint256)._am (contracts/vulnerable/vuln_063_SC08.sol#37) is not in mixedCase
Variable ETH_FUND.MinDeposit (contracts/vulnerable/vuln_063_SC08.sol#13) is not in mixedCase
Variable ETH_FUND.TransferLog (contracts/vulnerable/vuln_063_SC08.sol#15) is not in mixedCase
Function Log.AddMessage(address,uint256,string) (contracts/vulnerable/vuln_063_SC08.sol#71-79) is not in mixedCase
Parameter Log.AddMessage(address,uint256,string)._adr (contracts/vulnerable/vuln_063_SC08.sol#71) is not in mixedCase
Parameter Log.AddMessage(address,uint256,string)._val (contracts/vulnerable/vuln_063_SC08.sol#71) is not in mixedCase
Parameter Log.AddMessage(address,uint256,string)._data (contracts/vulnerable/vuln_063_SC08.sol#71) is not in mixedCase
Variable Log.History (contracts/vulnerable/vuln_063_SC08.sol#67) is not in mixedCase
Variable Log.LastMsg (contracts/vulnerable/vuln_063_SC08.sol#69) is not in mixedCase
Reference: https://github.com/crytic/slither/wiki/Detector-Documentation#conformance-to-solidity-naming-conventions

Detector: constable-states
ETH_FUND.MinDeposit (contracts/vulnerable/vuln_063_SC08.sol#13) should be constant 
Reference: https://github.com/crytic/slither/wiki/Detector-Documentation#state-variables-that-could-be-declared-constant

Detector: external-function
AddMessage(address,uint256,string) should be declared external:
	- Log.AddMessage(address,uint256,string) (contracts/vulnerable/vuln_063_SC08.sol#71-79)
Reference: https://github.com/crytic/slither/wiki/Detector-Documentation#public-function-that-could-be-declared-external
/home/andrei/Рабочий стол/Kursovaya/Diplom/contracts/vulnerable/vuln_063_SC08.sol analyzed (2 contracts with 101 detectors), 20 result(s) found
