'solc --version' running
'solc /home/andrei/Рабочий стол/Kursovaya/Diplom/contracts/vulnerable/vuln_086_SC09.sol --combined-json abi,ast,bin,bin-runtime,srcmap,srcmap-runtime,userdoc,devdoc,hashes,compact-format --allow-paths .,/home/andrei/Рабочий стол/Kursovaya/Diplom/contracts/vulnerable' running
Compilation warnings/errors on /home/andrei/Рабочий стол/Kursovaya/Diplom/contracts/vulnerable/vuln_086_SC09.sol:
/home/andrei/Рабочий стол/Kursovaya/Diplom/contracts/vulnerable/vuln_086_SC09.sol:36:9: Warning: Unused local variable.
        uint res = count + input;
        ^------^
/home/andrei/Рабочий стол/Kursovaya/Diplom/contracts/vulnerable/vuln_086_SC09.sol:42:9: Warning: Unused local variable.
        uint res = count * input;
        ^------^
/home/andrei/Рабочий стол/Kursovaya/Diplom/contracts/vulnerable/vuln_086_SC09.sol:48:9: Warning: Unused local variable.
       	uint res = count - input;
       	^------^
/home/andrei/Рабочий стол/Kursovaya/Diplom/contracts/vulnerable/vuln_086_SC09.sol:34:5: Warning: Function state mutability can be restricted to view
    function overflowlocalonly(uint256 input) public {
    ^ (Relevant source part starts here and spans across multiple lines).
/home/andrei/Рабочий стол/Kursovaya/Diplom/contracts/vulnerable/vuln_086_SC09.sol:40:5: Warning: Function state mutability can be restricted to view
    function overflowmulocalonly(uint256 input) public {
    ^ (Relevant source part starts here and spans across multiple lines).
/home/andrei/Рабочий стол/Kursovaya/Diplom/contracts/vulnerable/vuln_086_SC09.sol:46:5: Warning: Function state mutability can be restricted to view
    function underflowlocalonly(uint256 input) public {
    ^ (Relevant source part starts here and spans across multiple lines).


Detector: solc-version
Version constraint ^0.4.23 contains known severe issues (https://solidity.readthedocs.io/en/latest/bugs.html)
	- DirtyBytesArrayToStorage
	- ABIDecodeTwoDimensionalArrayMemory
	- KeccakCaching
	- EmptyByteArrayCopy
	- DynamicArrayCleanup
	- ImplicitConstructorCallvalueCheck
	- TupleAssignmentMultiStackSlotComponents
	- MemoryArrayCreationOverflow
	- privateCanBeOverridden
	- SignedArrayStorageCopy
	- ABIEncoderV2StorageArrayWithMultiSlotElement
	- DynamicConstructorArgumentsClippedABIV2
	- UninitializedFunctionPointerInConstructor_0.4.x
	- IncorrectEventSignatureInLibraries_0.4.x
	- ABIEncoderV2PackedStorage_0.4.x
	- ExpExponentCleanup
	- EventStructWrongData.
It is used by:
	- ^0.4.23 (contracts/vulnerable/vuln_086_SC09.sol#10)
solc-0.4.23 is an outdated solc version. Use a more recent version (at least 0.8.0), if possible.
Reference: https://github.com/crytic/slither/wiki/Detector-Documentation#incorrect-versions-of-solidity
/home/andrei/Рабочий стол/Kursovaya/Diplom/contracts/vulnerable/vuln_086_SC09.sol analyzed (1 contracts with 101 detectors), 2 result(s) found
