'solc --version' running
'solc /home/andrei/Рабочий стол/Kursovaya/Diplom/contracts/vulnerable/vuln_038_SC06.sol --combined-json abi,ast,bin,bin-runtime,srcmap,srcmap-runtime,userdoc,devdoc,hashes,compact-format --allow-paths .,/home/andrei/Рабочий стол/Kursovaya/Diplom/contracts/vulnerable' running
Compilation warnings/errors on /home/andrei/Рабочий стол/Kursovaya/Diplom/contracts/vulnerable/vuln_038_SC06.sol:
/home/andrei/Рабочий стол/Kursovaya/Diplom/contracts/vulnerable/vuln_038_SC06.sol:17:30: Warning: This looks like an address but has an invalid checksum. If this is not used as an address, please prepend '00'. Correct checksummed address: '0x79B483371E87d664cd39491b5f06250165e4b185'. For more information please see https://solidity.readthedocs.io/en/develop/types.html#address-literals
        refundAddresses.push(0x79B483371E87d664cd39491b5F06250165e4b185);
                             ^----------------------------------------^
/home/andrei/Рабочий стол/Kursovaya/Diplom/contracts/vulnerable/vuln_038_SC06.sol:15:5: Warning: No visibility specified. Defaulting to "public". 
    constructor() {
    ^ (Relevant source part starts here and spans across multiple lines).


Detector: uninitialized-state
Refunder.refunds (contracts/vulnerable/vuln_038_SC06.sol#13) is never initialized. It is used in:
	- Refunder.refundAll() (contracts/vulnerable/vuln_038_SC06.sol#21-26)
Reference: https://github.com/crytic/slither/wiki/Detector-Documentation#uninitialized-state-variables

Detector: calls-loop
Refunder.refundAll() (contracts/vulnerable/vuln_038_SC06.sol#21-26) has external calls inside a loop: require(bool)(refundAddresses[x].send(refunds[refundAddresses[x]])) (contracts/vulnerable/vuln_038_SC06.sol#24)
Reference: https://github.com/crytic/slither/wiki/Detector-Documentation/#calls-inside-a-loop

Detector: solc-version
Version constraint 0.4.24 contains known severe issues (https://solidity.readthedocs.io/en/latest/bugs.html)
	- DirtyBytesArrayToStorage
	- ABIDecodeTwoDimensionalArrayMemory
	- KeccakCaching
	- EmptyByteArrayCopy
	- DynamicArrayCleanup
	- ImplicitConstructorCallvalueCheck
	- TupleAssignmentMultiStackSlotComponents
	- MemoryArrayCreationOverflow
	- privateCanBeOverridden
	- SignedArrayStorageCopy
	- ABIEncoderV2StorageArrayWithMultiSlotElement
	- DynamicConstructorArgumentsClippedABIV2
	- UninitializedFunctionPointerInConstructor_0.4.x
	- IncorrectEventSignatureInLibraries_0.4.x
	- ABIEncoderV2PackedStorage_0.4.x
	- ExpExponentCleanup
	- EventStructWrongData.
It is used by:
	- 0.4.24 (contracts/vulnerable/vuln_038_SC06.sol#8)
solc-0.4.24 is an outdated solc version. Use a more recent version (at least 0.8.0), if possible.
Reference: https://github.com/crytic/slither/wiki/Detector-Documentation#incorrect-versions-of-solidity

Detector: cache-array-length
Loop condition x < refundAddresses.length (contracts/vulnerable/vuln_038_SC06.sol#22) should use cached array length instead of referencing `length` member of the storage array.
 Reference: https://github.com/crytic/slither/wiki/Detector-Documentation#cache-array-length
/home/andrei/Рабочий стол/Kursovaya/Diplom/contracts/vulnerable/vuln_038_SC06.sol analyzed (1 contracts with 101 detectors), 5 result(s) found
