'solc --version' running
'solc /home/andrei/Рабочий стол/Kursovaya/Diplom/contracts/vulnerable/vuln_016_SC01.sol --combined-json abi,ast,bin,bin-runtime,srcmap,srcmap-runtime,userdoc,devdoc,hashes,compact-format --allow-paths .,/home/andrei/Рабочий стол/Kursovaya/Diplom/contracts/vulnerable' running

Detector: controlled-array-length
Map (contracts/vulnerable/vuln_016_SC01.sol#11-30) contract sets array length with a user-controlled value:
	- map.length = key + 1 (contracts/vulnerable/vuln_016_SC01.sol#17)
Reference: https://github.com/crytic/slither/wiki/Detector-Documentation#array-length-assignment

Detector: uninitialized-state
Map.owner (contracts/vulnerable/vuln_016_SC01.sol#12) is never initialized. It is used in:
	- Map.withdraw() (contracts/vulnerable/vuln_016_SC01.sol#26-29)
Reference: https://github.com/crytic/slither/wiki/Detector-Documentation#uninitialized-state-variables

Detector: solc-version
Version constraint ^0.4.24 contains known severe issues (https://solidity.readthedocs.io/en/latest/bugs.html)
	- DirtyBytesArrayToStorage
	- ABIDecodeTwoDimensionalArrayMemory
	- KeccakCaching
	- EmptyByteArrayCopy
	- DynamicArrayCleanup
	- ImplicitConstructorCallvalueCheck
	- TupleAssignmentMultiStackSlotComponents
	- MemoryArrayCreationOverflow
	- privateCanBeOverridden
	- SignedArrayStorageCopy
	- ABIEncoderV2StorageArrayWithMultiSlotElement
	- DynamicConstructorArgumentsClippedABIV2
	- UninitializedFunctionPointerInConstructor_0.4.x
	- IncorrectEventSignatureInLibraries_0.4.x
	- ABIEncoderV2PackedStorage_0.4.x
	- ExpExponentCleanup
	- EventStructWrongData.
It is used by:
	- ^0.4.24 (contracts/vulnerable/vuln_016_SC01.sol#7)
solc-0.4.24 is an outdated solc version. Use a more recent version (at least 0.8.0), if possible.
Reference: https://github.com/crytic/slither/wiki/Detector-Documentation#incorrect-versions-of-solidity

Detector: constable-states
Map.owner (contracts/vulnerable/vuln_016_SC01.sol#12) should be constant 
Reference: https://github.com/crytic/slither/wiki/Detector-Documentation#state-variables-that-could-be-declared-constant
/home/andrei/Рабочий стол/Kursovaya/Diplom/contracts/vulnerable/vuln_016_SC01.sol analyzed (1 contracts with 101 detectors), 5 result(s) found
