'solc --version' running
'solc /home/andrei/Рабочий стол/Kursovaya/Diplom/contracts/vulnerable/vuln_049_SC08.sol --combined-json abi,ast,bin,bin-runtime,srcmap,srcmap-runtime,userdoc,devdoc,hashes,compact-format --allow-paths .,/home/andrei/Рабочий стол/Kursovaya/Diplom/contracts/vulnerable' running

Detector: reentrancy-no-eth
Reentrancy in ModifierEntrancy.airDrop() (contracts/vulnerable/vuln_049_SC08.sol#15-17):
	External calls:
	- supportsToken() (contracts/vulnerable/vuln_049_SC08.sol#15)
		- require(bool)(keccak256()(abi.encodePacked(Nu Token)) == Bank(msg.sender).supportsToken()) (contracts/vulnerable/vuln_049_SC08.sol#21)
	State variables written after the call(s):
	- tokenBalance[msg.sender] += 20 (contracts/vulnerable/vuln_049_SC08.sol#16)
	ModifierEntrancy.tokenBalance (contracts/vulnerable/vuln_049_SC08.sol#10) can be used in cross function reentrancies:
	- ModifierEntrancy.airDrop() (contracts/vulnerable/vuln_049_SC08.sol#15-17)
	- ModifierEntrancy.hasNoBalance() (contracts/vulnerable/vuln_049_SC08.sol#25-28)
	- ModifierEntrancy.tokenBalance (contracts/vulnerable/vuln_049_SC08.sol#10)
Reference: https://github.com/crytic/slither/wiki/Detector-Documentation#reentrancy-vulnerabilities-2

Detector: solc-version
Version constraint ^0.4.24 contains known severe issues (https://solidity.readthedocs.io/en/latest/bugs.html)
	- DirtyBytesArrayToStorage
	- ABIDecodeTwoDimensionalArrayMemory
	- KeccakCaching
	- EmptyByteArrayCopy
	- DynamicArrayCleanup
	- ImplicitConstructorCallvalueCheck
	- TupleAssignmentMultiStackSlotComponents
	- MemoryArrayCreationOverflow
	- privateCanBeOverridden
	- SignedArrayStorageCopy
	- ABIEncoderV2StorageArrayWithMultiSlotElement
	- DynamicConstructorArgumentsClippedABIV2
	- UninitializedFunctionPointerInConstructor_0.4.x
	- IncorrectEventSignatureInLibraries_0.4.x
	- ABIEncoderV2PackedStorage_0.4.x
	- ExpExponentCleanup
	- EventStructWrongData.
It is used by:
	- ^0.4.24 (contracts/vulnerable/vuln_049_SC08.sol#7)
solc-0.4.24 is an outdated solc version. Use a more recent version (at least 0.8.0), if possible.
Reference: https://github.com/crytic/slither/wiki/Detector-Documentation#incorrect-versions-of-solidity

Detector: naming-convention
Contract attack (contracts/vulnerable/vuln_049_SC08.sol#37-49) is not in CapWords
Reference: https://github.com/crytic/slither/wiki/Detector-Documentation#conformance-to-solidity-naming-conventions

Detector: unused-state
ModifierEntrancy.name (contracts/vulnerable/vuln_049_SC08.sol#11) is never used in ModifierEntrancy (contracts/vulnerable/vuln_049_SC08.sol#9-29)
Reference: https://github.com/crytic/slither/wiki/Detector-Documentation#unused-state-variable
/home/andrei/Рабочий стол/Kursovaya/Diplom/contracts/vulnerable/vuln_049_SC08.sol analyzed (3 contracts with 101 detectors), 5 result(s) found
