'solc --version' running
'solc /home/andrei/Рабочий стол/Kursovaya/Diplom/contracts/vulnerable/vuln_045_SC08.sol --combined-json abi,ast,bin,bin-runtime,srcmap,srcmap-runtime,userdoc,devdoc,hashes,compact-format --allow-paths .,/home/andrei/Рабочий стол/Kursovaya/Diplom/contracts/vulnerable' running
Compilation warnings/errors on /home/andrei/Рабочий стол/Kursovaya/Diplom/contracts/vulnerable/vuln_045_SC08.sol:
/home/andrei/Рабочий стол/Kursovaya/Diplom/contracts/vulnerable/vuln_045_SC08.sol:17:5: Warning: No visibility specified. Defaulting to "public".
    function Private_Bank(address _log)
    ^
Spanning multiple lines.


Detector: controlled-array-length
Log (contracts/vulnerable/vuln_045_SC08.sol#52-77) contract sets array length with a user-controlled value:
	- History.push(LastMsg) (contracts/vulnerable/vuln_045_SC08.sol#74)
Reference: https://github.com/crytic/slither/wiki/Detector-Documentation#array-length-assignment

Detector: reentrancy-eth
Reentrancy in Private_Bank.CashOut(uint256) (contracts/vulnerable/vuln_045_SC08.sol#33-46):
	External calls:
	- msg.sender.call.value(_am)() (contracts/vulnerable/vuln_045_SC08.sol#40)
	State variables written after the call(s):
	- balances[msg.sender] -= _am (contracts/vulnerable/vuln_045_SC08.sol#42)
	Private_Bank.balances (contracts/vulnerable/vuln_045_SC08.sol#11) can be used in cross function reentrancies:
	- Private_Bank.CashOut(uint256) (contracts/vulnerable/vuln_045_SC08.sol#33-46)
	- Private_Bank.Deposit() (contracts/vulnerable/vuln_045_SC08.sol#22-31)
	- Private_Bank.balances (contracts/vulnerable/vuln_045_SC08.sol#11)
Reference: https://github.com/crytic/slither/wiki/Detector-Documentation#reentrancy-vulnerabilities-1

Detector: solc-version
Version constraint ^0.4.19 contains known severe issues (https://solidity.readthedocs.io/en/latest/bugs.html)
	- DirtyBytesArrayToStorage
	- ABIDecodeTwoDimensionalArrayMemory
	- KeccakCaching
	- EmptyByteArrayCopy
	- DynamicArrayCleanup
	- ImplicitConstructorCallvalueCheck
	- TupleAssignmentMultiStackSlotComponents
	- MemoryArrayCreationOverflow
	- privateCanBeOverridden
	- SignedArrayStorageCopy
	- ABIEncoderV2StorageArrayWithMultiSlotElement
	- DynamicConstructorArgumentsClippedABIV2
	- UninitializedFunctionPointerInConstructor_0.4.x
	- IncorrectEventSignatureInLibraries_0.4.x
	- ABIEncoderV2PackedStorage_0.4.x
	- ExpExponentCleanup
	- EventStructWrongData
	- NestedArrayFunctionCallDecoder.
It is used by:
	- ^0.4.19 (contracts/vulnerable/vuln_045_SC08.sol#7)
solc-0.4.19 is an outdated solc version. Use a more recent version (at least 0.8.0), if possible.
Reference: https://github.com/crytic/slither/wiki/Detector-Documentation#incorrect-versions-of-solidity

Detector: low-level-calls
Low level call in Private_Bank.CashOut(uint256) (contracts/vulnerable/vuln_045_SC08.sol#33-46):
	- msg.sender.call.value(_am)() (contracts/vulnerable/vuln_045_SC08.sol#40)
Reference: https://github.com/crytic/slither/wiki/Detector-Documentation#low-level-calls

Detector: naming-convention
Contract Private_Bank (contracts/vulnerable/vuln_045_SC08.sol#9-50) is not in CapWords
Function Private_Bank.Deposit() (contracts/vulnerable/vuln_045_SC08.sol#22-31) is not in mixedCase
Function Private_Bank.CashOut(uint256) (contracts/vulnerable/vuln_045_SC08.sol#33-46) is not in mixedCase
Parameter Private_Bank.CashOut(uint256)._am (contracts/vulnerable/vuln_045_SC08.sol#33) is not in mixedCase
Variable Private_Bank.MinDeposit (contracts/vulnerable/vuln_045_SC08.sol#13) is not in mixedCase
Variable Private_Bank.TransferLog (contracts/vulnerable/vuln_045_SC08.sol#15) is not in mixedCase
Function Log.AddMessage(address,uint256,string) (contracts/vulnerable/vuln_045_SC08.sol#67-75) is not in mixedCase
Parameter Log.AddMessage(address,uint256,string)._adr (contracts/vulnerable/vuln_045_SC08.sol#67) is not in mixedCase
Parameter Log.AddMessage(address,uint256,string)._val (contracts/vulnerable/vuln_045_SC08.sol#67) is not in mixedCase
Parameter Log.AddMessage(address,uint256,string)._data (contracts/vulnerable/vuln_045_SC08.sol#67) is not in mixedCase
Variable Log.History (contracts/vulnerable/vuln_045_SC08.sol#63) is not in mixedCase
Variable Log.LastMsg (contracts/vulnerable/vuln_045_SC08.sol#65) is not in mixedCase
Reference: https://github.com/crytic/slither/wiki/Detector-Documentation#conformance-to-solidity-naming-conventions

Detector: constable-states
Private_Bank.MinDeposit (contracts/vulnerable/vuln_045_SC08.sol#13) should be constant 
Reference: https://github.com/crytic/slither/wiki/Detector-Documentation#state-variables-that-could-be-declared-constant

Detector: external-function
AddMessage(address,uint256,string) should be declared external:
	- Log.AddMessage(address,uint256,string) (contracts/vulnerable/vuln_045_SC08.sol#67-75)
Reference: https://github.com/crytic/slither/wiki/Detector-Documentation#public-function-that-could-be-declared-external
/home/andrei/Рабочий стол/Kursovaya/Diplom/contracts/vulnerable/vuln_045_SC08.sol analyzed (2 contracts with 101 detectors), 19 result(s) found
