'solc --version' running
'solc /home/andrei/Рабочий стол/Kursovaya/Diplom/contracts/vulnerable/vuln_304_SC06.sol --combined-json abi,ast,bin,bin-runtime,srcmap,srcmap-runtime,userdoc,devdoc,hashes,compact-format --allow-paths .,/home/andrei/Рабочий стол/Kursovaya/Diplom/contracts/vulnerable' running

Detector: solc-version
Version constraint ^0.4.21 contains known severe issues (https://solidity.readthedocs.io/en/latest/bugs.html)
	- DirtyBytesArrayToStorage
	- ABIDecodeTwoDimensionalArrayMemory
	- KeccakCaching
	- EmptyByteArrayCopy
	- DynamicArrayCleanup
	- ImplicitConstructorCallvalueCheck
	- TupleAssignmentMultiStackSlotComponents
	- MemoryArrayCreationOverflow
	- privateCanBeOverridden
	- SignedArrayStorageCopy
	- ABIEncoderV2StorageArrayWithMultiSlotElement
	- DynamicConstructorArgumentsClippedABIV2
	- UninitializedFunctionPointerInConstructor_0.4.x
	- IncorrectEventSignatureInLibraries_0.4.x
	- ABIEncoderV2PackedStorage_0.4.x
	- ExpExponentCleanup
	- EventStructWrongData
	- NestedArrayFunctionCallDecoder.
It is used by:
	- ^0.4.21 (contracts/vulnerable/vuln_304_SC06.sol#1)
solc-0.4.21 is an outdated solc version. Use a more recent version (at least 0.8.0), if possible.
Reference: https://github.com/crytic/slither/wiki/Detector-Documentation#incorrect-versions-of-solidity

Detector: naming-convention
Contract RUSS_PFVIII_I_883 (contracts/vulnerable/vuln_304_SC06.sol#3-408) is not in CapWords
Function RUSS_PFVIII_I_883.SimpleERC20Token() (contracts/vulnerable/vuln_304_SC06.sol#15-18) is not in mixedCase
Reference: https://github.com/crytic/slither/wiki/Detector-Documentation#conformance-to-solidity-naming-conventions

Detector: too-many-digits
RUSS_PFVIII_I_883.slitherConstructorVariables() (contracts/vulnerable/vuln_304_SC06.sol#3-408) uses literals with too many digits:
	- totalSupply = 598947743475382000000000000 (contracts/vulnerable/vuln_304_SC06.sol#11)
Reference: https://github.com/crytic/slither/wiki/Detector-Documentation#too-many-digits

Detector: constable-states
RUSS_PFVIII_I_883.decimals (contracts/vulnerable/vuln_304_SC06.sol#9) should be constant 
RUSS_PFVIII_I_883.name (contracts/vulnerable/vuln_304_SC06.sol#7) should be constant 
RUSS_PFVIII_I_883.symbol (contracts/vulnerable/vuln_304_SC06.sol#8) should be constant 
RUSS_PFVIII_I_883.totalSupply (contracts/vulnerable/vuln_304_SC06.sol#11) should be constant 
Reference: https://github.com/crytic/slither/wiki/Detector-Documentation#state-variables-that-could-be-declared-constant
/home/andrei/Рабочий стол/Kursovaya/Diplom/contracts/vulnerable/vuln_304_SC06.sol analyzed (1 contracts with 101 detectors), 9 result(s) found
