'solc --version' running
'solc /home/andrei/Рабочий стол/Kursovaya/Diplom/contracts/vulnerable/vuln_002_SC01.sol --combined-json abi,ast,bin,bin-runtime,srcmap,srcmap-runtime,userdoc,devdoc,hashes,compact-format --allow-paths .,/home/andrei/Рабочий стол/Kursovaya/Diplom/contracts/vulnerable' running

Detector: controlled-array-length
Wallet (contracts/vulnerable/vuln_002_SC01.sol#9-40) contract sets array length with a user-controlled value:
	- bonusCodes.push(c) (contracts/vulnerable/vuln_002_SC01.sol#22)
Reference: https://github.com/crytic/slither/wiki/Detector-Documentation#array-length-assignment

Detector: tautology
Wallet.PopBonusCode() (contracts/vulnerable/vuln_002_SC01.sol#25-29) contains a tautology or contradiction:
	- require(bool)(0 <= bonusCodes.length) (contracts/vulnerable/vuln_002_SC01.sol#27)
Reference: https://github.com/crytic/slither/wiki/Detector-Documentation#tautology-or-contradiction

Detector: solc-version
Version constraint ^0.4.25 contains known severe issues (https://solidity.readthedocs.io/en/latest/bugs.html)
	- DirtyBytesArrayToStorage
	- ABIDecodeTwoDimensionalArrayMemory
	- KeccakCaching
	- EmptyByteArrayCopy
	- DynamicArrayCleanup
	- ImplicitConstructorCallvalueCheck
	- TupleAssignmentMultiStackSlotComponents
	- MemoryArrayCreationOverflow
	- privateCanBeOverridden
	- SignedArrayStorageCopy
	- ABIEncoderV2StorageArrayWithMultiSlotElement
	- DynamicConstructorArgumentsClippedABIV2
	- UninitializedFunctionPointerInConstructor_0.4.x
	- IncorrectEventSignatureInLibraries_0.4.x
	- ABIEncoderV2PackedStorage_0.4.x.
It is used by:
	- ^0.4.25 (contracts/vulnerable/vuln_002_SC01.sol#7)
solc-0.4.25 is an outdated solc version. Use a more recent version (at least 0.8.0), if possible.
Reference: https://github.com/crytic/slither/wiki/Detector-Documentation#incorrect-versions-of-solidity

Detector: naming-convention
Function Wallet.PushBonusCode(uint256) (contracts/vulnerable/vuln_002_SC01.sol#21-23) is not in mixedCase
Function Wallet.PopBonusCode() (contracts/vulnerable/vuln_002_SC01.sol#25-29) is not in mixedCase
Function Wallet.UpdateBonusCodeAt(uint256,uint256) (contracts/vulnerable/vuln_002_SC01.sol#31-34) is not in mixedCase
Function Wallet.Destroy() (contracts/vulnerable/vuln_002_SC01.sol#36-39) is not in mixedCase
Reference: https://github.com/crytic/slither/wiki/Detector-Documentation#conformance-to-solidity-naming-conventions
/home/andrei/Рабочий стол/Kursovaya/Diplom/contracts/vulnerable/vuln_002_SC01.sol analyzed (1 contracts with 101 detectors), 8 result(s) found
