'solc --version' running
'solc /home/andrei/Рабочий стол/Kursovaya/Diplom/contracts/vulnerable/vuln_043_SC08.sol --combined-json abi,ast,bin,bin-runtime,srcmap,srcmap-runtime,userdoc,devdoc,hashes,compact-format --allow-paths .,/home/andrei/Рабочий стол/Kursovaya/Diplom/contracts/vulnerable' running
Compilation warnings/errors on /home/andrei/Рабочий стол/Kursovaya/Diplom/contracts/vulnerable/vuln_043_SC08.sol:
/home/andrei/Рабочий стол/Kursovaya/Diplom/contracts/vulnerable/vuln_043_SC08.sol:60:5: Warning: No visibility specified. Defaulting to "public".
    function()
    ^
Spanning multiple lines.
/home/andrei/Рабочий стол/Kursovaya/Diplom/contracts/vulnerable/vuln_043_SC08.sol:66:5: Warning: No visibility specified. Defaulting to "public".
    function Deposit() 
    ^
Spanning multiple lines.
/home/andrei/Рабочий стол/Kursovaya/Diplom/contracts/vulnerable/vuln_043_SC08.sol:43:27: Warning: "sha3" has been deprecated in favour of "keccak256"
        token.call(bytes4(sha3("transfer(address,uint256)")),to,amount); 
                          ^-------------------------------^
/home/andrei/Рабочий стол/Kursovaya/Diplom/contracts/vulnerable/vuln_043_SC08.sol:43:9: Warning: Return value of low-level calls not used.
        token.call(bytes4(sha3("transfer(address,uint256)")),to,amount); 
        ^-------------------------------------------------------------^


Detector: reentrancy-eth
Reentrancy in TokenBank.WithdrawToHolder(address,uint256) (contracts/vulnerable/vuln_043_SC08.sol#86-99):
	External calls:
	- _addr.call.value(_wei)() (contracts/vulnerable/vuln_043_SC08.sol#94)
	State variables written after the call(s):
	- Holders[_addr] -= _wei (contracts/vulnerable/vuln_043_SC08.sol#96)
	TokenBank.Holders (contracts/vulnerable/vuln_043_SC08.sol#50) can be used in cross function reentrancies:
	- TokenBank.Deposit() (contracts/vulnerable/vuln_043_SC08.sol#66-73)
	- TokenBank.Holders (contracts/vulnerable/vuln_043_SC08.sol#50)
	- TokenBank.WitdrawTokenToHolder(address,address,uint256) (contracts/vulnerable/vuln_043_SC08.sol#75-84)
	- TokenBank.WithdrawToHolder(address,uint256) (contracts/vulnerable/vuln_043_SC08.sol#86-99)
Reference: https://github.com/crytic/slither/wiki/Detector-Documentation#reentrancy-vulnerabilities-1

Detector: shadowing-state
Token.owner (contracts/vulnerable/vuln_043_SC08.sol#38) shadows:
	- Ownable.owner (contracts/vulnerable/vuln_043_SC08.sol#12)
Reference: https://github.com/crytic/slither/wiki/Detector-Documentation#state-variable-shadowing

Detector: unchecked-lowlevel
Token.WithdrawToken(address,uint256,address) (contracts/vulnerable/vuln_043_SC08.sol#39-44) ignores return value by token.call(bytes4(sha3()(transfer(address,uint256))),to,amount) (contracts/vulnerable/vuln_043_SC08.sol#43)
Reference: https://github.com/crytic/slither/wiki/Detector-Documentation#unchecked-low-level-calls

Detector: missing-zero-check
Token.WithdrawToken(address,uint256,address).to (contracts/vulnerable/vuln_043_SC08.sol#39) lacks a zero-check on :
		- token.call(bytes4(sha3()(transfer(address,uint256))),to,amount) (contracts/vulnerable/vuln_043_SC08.sol#43)
Token.WithdrawToken(address,uint256,address).token (contracts/vulnerable/vuln_043_SC08.sol#39) lacks a zero-check on :
		- token.call(bytes4(sha3()(transfer(address,uint256))),to,amount) (contracts/vulnerable/vuln_043_SC08.sol#43)
Ownable.changeOwner(address).addr (contracts/vulnerable/vuln_043_SC08.sol#14) lacks a zero-check on :
		- newOwner = addr (contracts/vulnerable/vuln_043_SC08.sol#18)
Reference: https://github.com/crytic/slither/wiki/Detector-Documentation#missing-zero-address-validation

Detector: incorrect-modifier
Modifier Ownable.onlyOwner() (contracts/vulnerable/vuln_043_SC08.sol#30-33) does not always execute _; or revert
Reference: https://github.com/crytic/slither/wiki/Detector-Documentation#incorrect-modifier

Detector: deprecated-standards
Deprecated standard detected token.call(bytes4(sha3()(transfer(address,uint256))),to,amount) (contracts/vulnerable/vuln_043_SC08.sol#43):
	- Usage of "sha3()" should be replaced with "keccak256()"
Reference: https://github.com/crytic/slither/wiki/Detector-Documentation#deprecated-standards

Detector: solc-version
Version constraint ^0.4.19 contains known severe issues (https://solidity.readthedocs.io/en/latest/bugs.html)
	- DirtyBytesArrayToStorage
	- ABIDecodeTwoDimensionalArrayMemory
	- KeccakCaching
	- EmptyByteArrayCopy
	- DynamicArrayCleanup
	- ImplicitConstructorCallvalueCheck
	- TupleAssignmentMultiStackSlotComponents
	- MemoryArrayCreationOverflow
	- privateCanBeOverridden
	- SignedArrayStorageCopy
	- ABIEncoderV2StorageArrayWithMultiSlotElement
	- DynamicConstructorArgumentsClippedABIV2
	- UninitializedFunctionPointerInConstructor_0.4.x
	- IncorrectEventSignatureInLibraries_0.4.x
	- ABIEncoderV2PackedStorage_0.4.x
	- ExpExponentCleanup
	- EventStructWrongData
	- NestedArrayFunctionCallDecoder.
It is used by:
	- ^0.4.19 (contracts/vulnerable/vuln_043_SC08.sol#7)
solc-0.4.19 is an outdated solc version. Use a more recent version (at least 0.8.0), if possible.
Reference: https://github.com/crytic/slither/wiki/Detector-Documentation#incorrect-versions-of-solidity

Detector: low-level-calls
Low level call in Token.WithdrawToken(address,uint256,address) (contracts/vulnerable/vuln_043_SC08.sol#39-44):
	- token.call(bytes4(sha3()(transfer(address,uint256))),to,amount) (contracts/vulnerable/vuln_043_SC08.sol#43)
Low level call in TokenBank.WithdrawToHolder(address,uint256) (contracts/vulnerable/vuln_043_SC08.sol#86-99):
	- _addr.call.value(_wei)() (contracts/vulnerable/vuln_043_SC08.sol#94)
Reference: https://github.com/crytic/slither/wiki/Detector-Documentation#low-level-calls

Detector: naming-convention
Function Token.WithdrawToken(address,uint256,address) (contracts/vulnerable/vuln_043_SC08.sol#39-44) is not in mixedCase
Function TokenBank.Deposit() (contracts/vulnerable/vuln_043_SC08.sol#66-73) is not in mixedCase
Function TokenBank.WitdrawTokenToHolder(address,address,uint256) (contracts/vulnerable/vuln_043_SC08.sol#75-84) is not in mixedCase
Parameter TokenBank.WitdrawTokenToHolder(address,address,uint256)._to (contracts/vulnerable/vuln_043_SC08.sol#75) is not in mixedCase
Parameter TokenBank.WitdrawTokenToHolder(address,address,uint256)._token (contracts/vulnerable/vuln_043_SC08.sol#75) is not in mixedCase
Parameter TokenBank.WitdrawTokenToHolder(address,address,uint256)._amount (contracts/vulnerable/vuln_043_SC08.sol#75) is not in mixedCase
Function TokenBank.WithdrawToHolder(address,uint256) (contracts/vulnerable/vuln_043_SC08.sol#86-99) is not in mixedCase
Parameter TokenBank.WithdrawToHolder(address,uint256)._addr (contracts/vulnerable/vuln_043_SC08.sol#86) is not in mixedCase
Parameter TokenBank.WithdrawToHolder(address,uint256)._wei (contracts/vulnerable/vuln_043_SC08.sol#86) is not in mixedCase
Variable TokenBank.MinDeposit (contracts/vulnerable/vuln_043_SC08.sol#49) is not in mixedCase
Variable TokenBank.Holders (contracts/vulnerable/vuln_043_SC08.sol#50) is not in mixedCase
Reference: https://github.com/crytic/slither/wiki/Detector-Documentation#conformance-to-solidity-naming-conventions
/home/andrei/Рабочий стол/Kursovaya/Diplom/contracts/vulnerable/vuln_043_SC08.sol analyzed (3 contracts with 101 detectors), 23 result(s) found
