'solc --version' running
'solc /home/andrei/Рабочий стол/Kursovaya/Diplom/contracts/vulnerable/vuln_127_SC06.sol --combined-json abi,ast,bin,bin-runtime,srcmap,srcmap-runtime,userdoc,devdoc,hashes,compact-format --allow-paths .,/home/andrei/Рабочий стол/Kursovaya/Diplom/contracts/vulnerable' running

Detector: erc20-interface
Token (contracts/vulnerable/vuln_127_SC06.sol#16-20) has incorrect ERC20 function interface:Token.transfer(address,uint256) (contracts/vulnerable/vuln_127_SC06.sol#18)
Reference: https://github.com/crytic/slither/wiki/Detector-Documentation#incorrect-erc20-interface

Detector: calls-loop
Airdropper.AirTransfer(address[],uint256[],address) (contracts/vulnerable/vuln_127_SC06.sol#24-34) has external calls inside a loop: token.transfer(_recipients[j],values[j]) (contracts/vulnerable/vuln_127_SC06.sol#30)
Airdropper.AirTransfeSameToken(address[],uint256,address) (contracts/vulnerable/vuln_127_SC06.sol#36-47) has external calls inside a loop: token.transfer(_recipients[j],toSend) (contracts/vulnerable/vuln_127_SC06.sol#43)
Reference: https://github.com/crytic/slither/wiki/Detector-Documentation/#calls-inside-a-loop

Detector: solc-version
Version constraint ^0.4.24 contains known severe issues (https://solidity.readthedocs.io/en/latest/bugs.html)
	- DirtyBytesArrayToStorage
	- ABIDecodeTwoDimensionalArrayMemory
	- KeccakCaching
	- EmptyByteArrayCopy
	- DynamicArrayCleanup
	- ImplicitConstructorCallvalueCheck
	- TupleAssignmentMultiStackSlotComponents
	- MemoryArrayCreationOverflow
	- privateCanBeOverridden
	- SignedArrayStorageCopy
	- ABIEncoderV2StorageArrayWithMultiSlotElement
	- DynamicConstructorArgumentsClippedABIV2
	- UninitializedFunctionPointerInConstructor_0.4.x
	- IncorrectEventSignatureInLibraries_0.4.x
	- ABIEncoderV2PackedStorage_0.4.x
	- ExpExponentCleanup
	- EventStructWrongData.
It is used by:
	- ^0.4.24 (contracts/vulnerable/vuln_127_SC06.sol#1)
solc-0.4.24 is an outdated solc version. Use a more recent version (at least 0.8.0), if possible.
Reference: https://github.com/crytic/slither/wiki/Detector-Documentation#incorrect-versions-of-solidity

Detector: naming-convention
Function Airdropper.AirTransfer(address[],uint256[],address) (contracts/vulnerable/vuln_127_SC06.sol#24-34) is not in mixedCase
Parameter Airdropper.AirTransfer(address[],uint256[],address)._recipients (contracts/vulnerable/vuln_127_SC06.sol#24) is not in mixedCase
Parameter Airdropper.AirTransfer(address[],uint256[],address)._tokenAddress (contracts/vulnerable/vuln_127_SC06.sol#24) is not in mixedCase
Function Airdropper.AirTransfeSameToken(address[],uint256,address) (contracts/vulnerable/vuln_127_SC06.sol#36-47) is not in mixedCase
Parameter Airdropper.AirTransfeSameToken(address[],uint256,address)._recipients (contracts/vulnerable/vuln_127_SC06.sol#36) is not in mixedCase
Parameter Airdropper.AirTransfeSameToken(address[],uint256,address)._tokenAddress (contracts/vulnerable/vuln_127_SC06.sol#36) is not in mixedCase
Parameter Airdropper.withdrawalToken(address)._tokenAddress (contracts/vulnerable/vuln_127_SC06.sol#50) is not in mixedCase
Reference: https://github.com/crytic/slither/wiki/Detector-Documentation#conformance-to-solidity-naming-conventions

Detector: external-function
AirTransfer(address[],uint256[],address) should be declared external:
	- Airdropper.AirTransfer(address[],uint256[],address) (contracts/vulnerable/vuln_127_SC06.sol#24-34)
AirTransfeSameToken(address[],uint256,address) should be declared external:
	- Airdropper.AirTransfeSameToken(address[],uint256,address) (contracts/vulnerable/vuln_127_SC06.sol#36-47)
Reference: https://github.com/crytic/slither/wiki/Detector-Documentation#public-function-that-could-be-declared-external
/home/andrei/Рабочий стол/Kursovaya/Diplom/contracts/vulnerable/vuln_127_SC06.sol analyzed (3 contracts with 101 detectors), 14 result(s) found
