'solc --version' running
'solc /home/andrei/Рабочий стол/Kursovaya/Diplom/contracts/vulnerable/vuln_022_SC05.sol --combined-json abi,ast,bin,bin-runtime,srcmap,srcmap-runtime,userdoc,devdoc' running

Detector: controlled-array-length
Lottery () contract sets array length with a user-controlled value:
	- bets.push(Bet(msg.value,block.number,won)) ()
Reference: https://github.com/crytic/slither/wiki/Detector-Documentation#array-length-assignment

Detector: incorrect-equality
Lottery.makeBet() () uses a dangerous strict equality:
	- won = (block.number % 2) == 0 ()
Reference: https://github.com/crytic/slither/wiki/Detector-Documentation#dangerous-strict-equalities

Detector: deprecated-standards
Deprecated standard detected THROW ():
	- Usage of "throw" should be replaced with "revert()"
Deprecated standard detected suicide(address)(organizer) ():
	- Usage of "suicide()" should be replaced with "selfdestruct()"
Reference: https://github.com/crytic/slither/wiki/Detector-Documentation#deprecated-standards

Detector: solc-version
Version constraint ^0.4.0 contains known severe issues (https://solidity.readthedocs.io/en/latest/bugs.html)
	- DirtyBytesArrayToStorage
	- KeccakCaching
	- EmptyByteArrayCopy
	- DynamicArrayCleanup
	- TupleAssignmentMultiStackSlotComponents
	- MemoryArrayCreationOverflow
	- privateCanBeOverridden
	- IncorrectEventSignatureInLibraries_0.4.x
	- ExpExponentCleanup
	- NestedArrayFunctionCallDecoder
	- ZeroFunctionSelector
	- DelegateCallReturnValue
	- ECRecoverMalformedInput
	- SkipEmptyStringLiteral
	- ConstantOptimizerSubtraction
	- IdentityPrecompileReturnIgnored
	- HighOrderByteCleanStorage
	- OptimizerStaleKnowledgeAboutSHA3
	- LibrariesNotCallableFromPayableFunctions.
It is used by:
	- ^0.4.0 ()
solc-0.4.0 is an outdated solc version. Use a more recent version (at least 0.8.0), if possible.
Reference: https://github.com/crytic/slither/wiki/Detector-Documentation#incorrect-versions-of-solidity

Detector: cache-array-length
Loop condition i < bets.length () should use cached array length instead of referencing `length` member of the storage array.
 Reference: https://github.com/crytic/slither/wiki/Detector-Documentation#cache-array-length
/home/andrei/Рабочий стол/Kursovaya/Diplom/contracts/vulnerable/vuln_022_SC05.sol analyzed (1 contracts with 101 detectors), 7 result(s) found
