'solc --version' running
'solc /home/andrei/Рабочий стол/Kursovaya/Diplom/contracts/vulnerable/vuln_052_SC08.sol --combined-json abi,ast,bin,bin-runtime,srcmap,srcmap-runtime,userdoc,devdoc,hashes,compact-format --allow-paths .,/home/andrei/Рабочий стол/Kursovaya/Diplom/contracts/vulnerable' running

Detector: controlled-array-length
LogFile (contracts/vulnerable/vuln_052_SC08.sol#73-97) contract sets array length with a user-controlled value:
	- History.push(LastMsg) (contracts/vulnerable/vuln_052_SC08.sol#94)
Reference: https://github.com/crytic/slither/wiki/Detector-Documentation#array-length-assignment

Detector: reentrancy-eth
Reentrancy in PRIVATE_ETH_CELL.Collect(uint256) (contracts/vulnerable/vuln_052_SC08.sol#47-60):
	External calls:
	- msg.sender.call.value(_am)() (contracts/vulnerable/vuln_052_SC08.sol#54)
	State variables written after the call(s):
	- balances[msg.sender] -= _am (contracts/vulnerable/vuln_052_SC08.sol#56)
	PRIVATE_ETH_CELL.balances (contracts/vulnerable/vuln_052_SC08.sol#11) can be used in cross function reentrancies:
	- PRIVATE_ETH_CELL.Collect(uint256) (contracts/vulnerable/vuln_052_SC08.sol#47-60)
	- PRIVATE_ETH_CELL.Deposit() (contracts/vulnerable/vuln_052_SC08.sol#39-45)
	- PRIVATE_ETH_CELL.balances (contracts/vulnerable/vuln_052_SC08.sol#11)
Reference: https://github.com/crytic/slither/wiki/Detector-Documentation#reentrancy-vulnerabilities-1

Detector: solc-version
Version constraint ^0.4.19 contains known severe issues (https://solidity.readthedocs.io/en/latest/bugs.html)
	- DirtyBytesArrayToStorage
	- ABIDecodeTwoDimensionalArrayMemory
	- KeccakCaching
	- EmptyByteArrayCopy
	- DynamicArrayCleanup
	- ImplicitConstructorCallvalueCheck
	- TupleAssignmentMultiStackSlotComponents
	- MemoryArrayCreationOverflow
	- privateCanBeOverridden
	- SignedArrayStorageCopy
	- ABIEncoderV2StorageArrayWithMultiSlotElement
	- DynamicConstructorArgumentsClippedABIV2
	- UninitializedFunctionPointerInConstructor_0.4.x
	- IncorrectEventSignatureInLibraries_0.4.x
	- ABIEncoderV2PackedStorage_0.4.x
	- ExpExponentCleanup
	- EventStructWrongData
	- NestedArrayFunctionCallDecoder.
It is used by:
	- ^0.4.19 (contracts/vulnerable/vuln_052_SC08.sol#7)
solc-0.4.19 is an outdated solc version. Use a more recent version (at least 0.8.0), if possible.
Reference: https://github.com/crytic/slither/wiki/Detector-Documentation#incorrect-versions-of-solidity

Detector: low-level-calls
Low level call in PRIVATE_ETH_CELL.Collect(uint256) (contracts/vulnerable/vuln_052_SC08.sol#47-60):
	- msg.sender.call.value(_am)() (contracts/vulnerable/vuln_052_SC08.sol#54)
Reference: https://github.com/crytic/slither/wiki/Detector-Documentation#low-level-calls

Detector: naming-convention
Contract PRIVATE_ETH_CELL (contracts/vulnerable/vuln_052_SC08.sol#9-69) is not in CapWords
Function PRIVATE_ETH_CELL.SetMinSum(uint256) (contracts/vulnerable/vuln_052_SC08.sol#19-24) is not in mixedCase
Parameter PRIVATE_ETH_CELL.SetMinSum(uint256)._val (contracts/vulnerable/vuln_052_SC08.sol#19) is not in mixedCase
Function PRIVATE_ETH_CELL.SetLogFile(address) (contracts/vulnerable/vuln_052_SC08.sol#26-31) is not in mixedCase
Parameter PRIVATE_ETH_CELL.SetLogFile(address)._log (contracts/vulnerable/vuln_052_SC08.sol#26) is not in mixedCase
Function PRIVATE_ETH_CELL.Initialized() (contracts/vulnerable/vuln_052_SC08.sol#33-37) is not in mixedCase
Function PRIVATE_ETH_CELL.Deposit() (contracts/vulnerable/vuln_052_SC08.sol#39-45) is not in mixedCase
Function PRIVATE_ETH_CELL.Collect(uint256) (contracts/vulnerable/vuln_052_SC08.sol#47-60) is not in mixedCase
Parameter PRIVATE_ETH_CELL.Collect(uint256)._am (contracts/vulnerable/vuln_052_SC08.sol#47) is not in mixedCase
Variable PRIVATE_ETH_CELL.MinSum (contracts/vulnerable/vuln_052_SC08.sol#13) is not in mixedCase
Variable PRIVATE_ETH_CELL.Log (contracts/vulnerable/vuln_052_SC08.sol#15) is not in mixedCase
Function LogFile.AddMessage(address,uint256,string) (contracts/vulnerable/vuln_052_SC08.sol#87-95) is not in mixedCase
Parameter LogFile.AddMessage(address,uint256,string)._adr (contracts/vulnerable/vuln_052_SC08.sol#87) is not in mixedCase
Parameter LogFile.AddMessage(address,uint256,string)._val (contracts/vulnerable/vuln_052_SC08.sol#87) is not in mixedCase
Parameter LogFile.AddMessage(address,uint256,string)._data (contracts/vulnerable/vuln_052_SC08.sol#87) is not in mixedCase
Variable LogFile.History (contracts/vulnerable/vuln_052_SC08.sol#83) is not in mixedCase
Variable LogFile.LastMsg (contracts/vulnerable/vuln_052_SC08.sol#85) is not in mixedCase
Reference: https://github.com/crytic/slither/wiki/Detector-Documentation#conformance-to-solidity-naming-conventions

Detector: external-function
AddMessage(address,uint256,string) should be declared external:
	- LogFile.AddMessage(address,uint256,string) (contracts/vulnerable/vuln_052_SC08.sol#87-95)
Reference: https://github.com/crytic/slither/wiki/Detector-Documentation#public-function-that-could-be-declared-external
/home/andrei/Рабочий стол/Kursovaya/Diplom/contracts/vulnerable/vuln_052_SC08.sol analyzed (2 contracts with 101 detectors), 23 result(s) found
