'solc --version' running
'solc /home/andrei/Рабочий стол/Kursovaya/Diplom/contracts/vulnerable/vuln_017_SC01.sol --combined-json abi,ast,bin,bin-runtime,srcmap,srcmap-runtime,userdoc,devdoc,hashes,compact-format --allow-paths .,/home/andrei/Рабочий стол/Kursovaya/Diplom/contracts/vulnerable' running
Compilation warnings/errors on /home/andrei/Рабочий стол/Kursovaya/Diplom/contracts/vulnerable/vuln_017_SC01.sol:
/home/andrei/Рабочий стол/Kursovaya/Diplom/contracts/vulnerable/vuln_017_SC01.sol:14:5: Warning: Defining constructors as functions with the same name as the contract is deprecated. Use "constructor(...) { ... }" instead.
    function MyContract() public {
    ^ (Relevant source part starts here and spans across multiple lines).


Detector: arbitrary-send-eth
MyContract.sendTo(address,uint256) (contracts/vulnerable/vuln_017_SC01.sol#18-22) sends eth to arbitrary user
	Dangerous calls:
	- receiver.transfer(amount) (contracts/vulnerable/vuln_017_SC01.sol#21)
Reference: https://github.com/crytic/slither/wiki/Detector-Documentation#functions-that-send-ether-to-arbitrary-destinations

Detector: tx-origin
MyContract.sendTo(address,uint256) (contracts/vulnerable/vuln_017_SC01.sol#18-22) uses tx.origin for authorization: require(bool)(tx.origin == owner) (contracts/vulnerable/vuln_017_SC01.sol#20)
Reference: https://github.com/crytic/slither/wiki/Detector-Documentation#dangerous-usage-of-txorigin

Detector: missing-zero-check
MyContract.sendTo(address,uint256).receiver (contracts/vulnerable/vuln_017_SC01.sol#18) lacks a zero-check on :
		- receiver.transfer(amount) (contracts/vulnerable/vuln_017_SC01.sol#21)
Reference: https://github.com/crytic/slither/wiki/Detector-Documentation#missing-zero-address-validation

Detector: solc-version
Version constraint ^0.4.24 contains known severe issues (https://solidity.readthedocs.io/en/latest/bugs.html)
	- DirtyBytesArrayToStorage
	- ABIDecodeTwoDimensionalArrayMemory
	- KeccakCaching
	- EmptyByteArrayCopy
	- DynamicArrayCleanup
	- ImplicitConstructorCallvalueCheck
	- TupleAssignmentMultiStackSlotComponents
	- MemoryArrayCreationOverflow
	- privateCanBeOverridden
	- SignedArrayStorageCopy
	- ABIEncoderV2StorageArrayWithMultiSlotElement
	- DynamicConstructorArgumentsClippedABIV2
	- UninitializedFunctionPointerInConstructor_0.4.x
	- IncorrectEventSignatureInLibraries_0.4.x
	- ABIEncoderV2PackedStorage_0.4.x
	- ExpExponentCleanup
	- EventStructWrongData.
It is used by:
	- ^0.4.24 (contracts/vulnerable/vuln_017_SC01.sol#8)
solc-0.4.24 is an outdated solc version. Use a more recent version (at least 0.8.0), if possible.
Reference: https://github.com/crytic/slither/wiki/Detector-Documentation#incorrect-versions-of-solidity
/home/andrei/Рабочий стол/Kursovaya/Diplom/contracts/vulnerable/vuln_017_SC01.sol analyzed (1 contracts with 101 detectors), 5 result(s) found
