'solc --version' running
'solc /home/andrei/Рабочий стол/Kursovaya/Diplom/contracts/vulnerable/vuln_024_SC05.sol --combined-json abi,ast,bin,bin-runtime,srcmap,srcmap-runtime,userdoc,devdoc,hashes,compact-format --allow-paths .,/home/andrei/Рабочий стол/Kursovaya/Diplom/contracts/vulnerable' running

Detector: arbitrary-send-eth
GuessTheRandomNumberChallenge.guess(uint8) (contracts/vulnerable/vuln_024_SC05.sol#22-28) sends eth to arbitrary user
	Dangerous calls:
	- msg.sender.transfer(2000000000000000000) (contracts/vulnerable/vuln_024_SC05.sol#26)
Reference: https://github.com/crytic/slither/wiki/Detector-Documentation#functions-that-send-ether-to-arbitrary-destinations

Detector: incorrect-equality
GuessTheRandomNumberChallenge.guess(uint8) (contracts/vulnerable/vuln_024_SC05.sol#22-28) uses a dangerous strict equality:
	- n == answer (contracts/vulnerable/vuln_024_SC05.sol#25)
GuessTheRandomNumberChallenge.isComplete() (contracts/vulnerable/vuln_024_SC05.sol#18-20) uses a dangerous strict equality:
	- address(this).balance == 0 (contracts/vulnerable/vuln_024_SC05.sol#19)
Reference: https://github.com/crytic/slither/wiki/Detector-Documentation#dangerous-strict-equalities

Detector: timestamp
GuessTheRandomNumberChallenge.guess(uint8) (contracts/vulnerable/vuln_024_SC05.sol#22-28) uses timestamp for comparisons
	Dangerous comparisons:
	- n == answer (contracts/vulnerable/vuln_024_SC05.sol#25)
Reference: https://github.com/crytic/slither/wiki/Detector-Documentation#block-timestamp

Detector: deprecated-standards
Deprecated standard detected answer = uint8(keccak256()(block.blockhash(block.number - 1),now)) (contracts/vulnerable/vuln_024_SC05.sol#15):
	- Usage of "block.blockhash()" should be replaced with "blockhash()"
Reference: https://github.com/crytic/slither/wiki/Detector-Documentation#deprecated-standards

Detector: solc-version
Version constraint ^0.4.21 contains known severe issues (https://solidity.readthedocs.io/en/latest/bugs.html)
	- DirtyBytesArrayToStorage
	- ABIDecodeTwoDimensionalArrayMemory
	- KeccakCaching
	- EmptyByteArrayCopy
	- DynamicArrayCleanup
	- ImplicitConstructorCallvalueCheck
	- TupleAssignmentMultiStackSlotComponents
	- MemoryArrayCreationOverflow
	- privateCanBeOverridden
	- SignedArrayStorageCopy
	- ABIEncoderV2StorageArrayWithMultiSlotElement
	- DynamicConstructorArgumentsClippedABIV2
	- UninitializedFunctionPointerInConstructor_0.4.x
	- IncorrectEventSignatureInLibraries_0.4.x
	- ABIEncoderV2PackedStorage_0.4.x
	- ExpExponentCleanup
	- EventStructWrongData
	- NestedArrayFunctionCallDecoder.
It is used by:
	- ^0.4.21 (contracts/vulnerable/vuln_024_SC05.sol#7)
solc-0.4.21 is an outdated solc version. Use a more recent version (at least 0.8.0), if possible.
Reference: https://github.com/crytic/slither/wiki/Detector-Documentation#incorrect-versions-of-solidity
/home/andrei/Рабочий стол/Kursovaya/Diplom/contracts/vulnerable/vuln_024_SC05.sol analyzed (1 contracts with 101 detectors), 7 result(s) found
