'solc --version' running
'solc /home/andrei/Рабочий стол/Kursovaya/Diplom/contracts/vulnerable/vuln_123_SC06.sol --combined-json abi,ast,bin,bin-runtime,srcmap,srcmap-runtime,userdoc,devdoc,hashes,compact-format --allow-paths .,/home/andrei/Рабочий стол/Kursovaya/Diplom/contracts/vulnerable' running

Detector: missing-zero-check
MultiOwnable.changeSuperOwner(address)._superOwner (contracts/vulnerable/vuln_123_SC06.sol#280) lacks a zero-check on :
		- superOwner = _superOwner (contracts/vulnerable/vuln_123_SC06.sol#282)
Reference: https://github.com/crytic/slither/wiki/Detector-Documentation#missing-zero-address-validation

Detector: solc-version
Version constraint ^0.4.24 contains known severe issues (https://solidity.readthedocs.io/en/latest/bugs.html)
	- DirtyBytesArrayToStorage
	- ABIDecodeTwoDimensionalArrayMemory
	- KeccakCaching
	- EmptyByteArrayCopy
	- DynamicArrayCleanup
	- ImplicitConstructorCallvalueCheck
	- TupleAssignmentMultiStackSlotComponents
	- MemoryArrayCreationOverflow
	- privateCanBeOverridden
	- SignedArrayStorageCopy
	- ABIEncoderV2StorageArrayWithMultiSlotElement
	- DynamicConstructorArgumentsClippedABIV2
	- UninitializedFunctionPointerInConstructor_0.4.x
	- IncorrectEventSignatureInLibraries_0.4.x
	- ABIEncoderV2PackedStorage_0.4.x
	- ExpExponentCleanup
	- EventStructWrongData.
It is used by:
	- ^0.4.24 (contracts/vulnerable/vuln_123_SC06.sol#1)
solc-0.4.24 is an outdated solc version. Use a more recent version (at least 0.8.0), if possible.
Reference: https://github.com/crytic/slither/wiki/Detector-Documentation#incorrect-versions-of-solidity

Detector: naming-convention
Parameter BasicToken.transfer(address,uint256)._to (contracts/vulnerable/vuln_123_SC06.sol#102) is not in mixedCase
Parameter BasicToken.transfer(address,uint256)._value (contracts/vulnerable/vuln_123_SC06.sol#102) is not in mixedCase
Parameter BasicToken.balanceOf(address)._owner (contracts/vulnerable/vuln_123_SC06.sol#117) is not in mixedCase
Parameter StandardToken.transferFrom(address,address,uint256)._from (contracts/vulnerable/vuln_123_SC06.sol#142) is not in mixedCase
Parameter StandardToken.transferFrom(address,address,uint256)._to (contracts/vulnerable/vuln_123_SC06.sol#143) is not in mixedCase
Parameter StandardToken.transferFrom(address,address,uint256)._value (contracts/vulnerable/vuln_123_SC06.sol#144) is not in mixedCase
Parameter StandardToken.approve(address,uint256)._spender (contracts/vulnerable/vuln_123_SC06.sol#169) is not in mixedCase
Parameter StandardToken.approve(address,uint256)._value (contracts/vulnerable/vuln_123_SC06.sol#169) is not in mixedCase
Parameter StandardToken.allowance(address,address)._owner (contracts/vulnerable/vuln_123_SC06.sol#182) is not in mixedCase
Parameter StandardToken.allowance(address,address)._spender (contracts/vulnerable/vuln_123_SC06.sol#183) is not in mixedCase
Parameter StandardToken.increaseApproval(address,uint256)._spender (contracts/vulnerable/vuln_123_SC06.sol#202) is not in mixedCase
Parameter StandardToken.increaseApproval(address,uint256)._addedValue (contracts/vulnerable/vuln_123_SC06.sol#203) is not in mixedCase
Parameter StandardToken.decreaseApproval(address,uint256)._spender (contracts/vulnerable/vuln_123_SC06.sol#224) is not in mixedCase
Parameter StandardToken.decreaseApproval(address,uint256)._subtractedValue (contracts/vulnerable/vuln_123_SC06.sol#225) is not in mixedCase
Parameter MultiOwnable.changeSuperOwner(address)._superOwner (contracts/vulnerable/vuln_123_SC06.sol#280) is not in mixedCase
Event Blacklist.TMTG_Blacklisted(address) (contracts/vulnerable/vuln_123_SC06.sol#327) is not in CapWords
Event Blacklist.TMTG_Whitelisted(address) (contracts/vulnerable/vuln_123_SC06.sol#328) is not in CapWords
Contract lbcCoin (contracts/vulnerable/vuln_123_SC06.sol#425-446) is not in CapWords
Reference: https://github.com/crytic/slither/wiki/Detector-Documentation#conformance-to-solidity-naming-conventions

Detector: unindexed-event-address
Event PausableToken.Pause(address) (contracts/vulnerable/vuln_123_SC06.sol#374) has address parameters but no indexed parameters
Event PausableToken.Unpause(address) (contracts/vulnerable/vuln_123_SC06.sol#375) has address parameters but no indexed parameters
Event PausableToken.UnlockAddress(address) (contracts/vulnerable/vuln_123_SC06.sol#376) has address parameters but no indexed parameters
Event PausableToken.LockAddress(address) (contracts/vulnerable/vuln_123_SC06.sol#377) has address parameters but no indexed parameters
Reference: https://github.com/crytic/slither/wiki/Detector-Documentation#unindexed-event-address-parameters
/home/andrei/Рабочий стол/Kursovaya/Diplom/contracts/vulnerable/vuln_123_SC06.sol analyzed (10 contracts with 101 detectors), 25 result(s) found
