'solc --version' running
'solc /home/andrei/Рабочий стол/Kursovaya/Diplom/contracts/vulnerable/vuln_067_SC08.sol --combined-json abi,ast,bin,bin-runtime,srcmap,srcmap-runtime,userdoc,devdoc,hashes,compact-format --allow-paths .,/home/andrei/Рабочий стол/Kursovaya/Diplom/contracts/vulnerable' running

Detector: reentrancy-eth
Reentrancy in Reentrance.withdraw(uint256) (contracts/vulnerable/vuln_067_SC08.sol#21-29):
	External calls:
	- msg.sender.call.value(_amount)() (contracts/vulnerable/vuln_067_SC08.sol#24)
	State variables written after the call(s):
	- balances[msg.sender] -= _amount (contracts/vulnerable/vuln_067_SC08.sol#27)
	Reentrance.balances (contracts/vulnerable/vuln_067_SC08.sol#11) can be used in cross function reentrancies:
	- Reentrance.balanceOf(address) (contracts/vulnerable/vuln_067_SC08.sol#17-19)
	- Reentrance.balances (contracts/vulnerable/vuln_067_SC08.sol#11)
	- Reentrance.donate(address) (contracts/vulnerable/vuln_067_SC08.sol#13-15)
	- Reentrance.withdraw(uint256) (contracts/vulnerable/vuln_067_SC08.sol#21-29)
Reference: https://github.com/crytic/slither/wiki/Detector-Documentation#reentrancy-vulnerabilities-1

Detector: solc-version
Version constraint ^0.4.18 contains known severe issues (https://solidity.readthedocs.io/en/latest/bugs.html)
	- DirtyBytesArrayToStorage
	- ABIDecodeTwoDimensionalArrayMemory
	- KeccakCaching
	- EmptyByteArrayCopy
	- DynamicArrayCleanup
	- ImplicitConstructorCallvalueCheck
	- TupleAssignmentMultiStackSlotComponents
	- MemoryArrayCreationOverflow
	- privateCanBeOverridden
	- SignedArrayStorageCopy
	- ABIEncoderV2StorageArrayWithMultiSlotElement
	- DynamicConstructorArgumentsClippedABIV2
	- UninitializedFunctionPointerInConstructor_0.4.x
	- IncorrectEventSignatureInLibraries_0.4.x
	- ExpExponentCleanup
	- EventStructWrongData
	- NestedArrayFunctionCallDecoder.
It is used by:
	- ^0.4.18 (contracts/vulnerable/vuln_067_SC08.sol#7)
solc-0.4.18 is an outdated solc version. Use a more recent version (at least 0.8.0), if possible.
Reference: https://github.com/crytic/slither/wiki/Detector-Documentation#incorrect-versions-of-solidity

Detector: low-level-calls
Low level call in Reentrance.withdraw(uint256) (contracts/vulnerable/vuln_067_SC08.sol#21-29):
	- msg.sender.call.value(_amount)() (contracts/vulnerable/vuln_067_SC08.sol#24)
Reference: https://github.com/crytic/slither/wiki/Detector-Documentation#low-level-calls

Detector: naming-convention
Parameter Reentrance.donate(address)._to (contracts/vulnerable/vuln_067_SC08.sol#13) is not in mixedCase
Parameter Reentrance.balanceOf(address)._who (contracts/vulnerable/vuln_067_SC08.sol#17) is not in mixedCase
Parameter Reentrance.withdraw(uint256)._amount (contracts/vulnerable/vuln_067_SC08.sol#21) is not in mixedCase
Reference: https://github.com/crytic/slither/wiki/Detector-Documentation#conformance-to-solidity-naming-conventions

Detector: redundant-statements
Redundant expression "_amount (contracts/vulnerable/vuln_067_SC08.sol#25)" inReentrance (contracts/vulnerable/vuln_067_SC08.sol#9-32)
Reference: https://github.com/crytic/slither/wiki/Detector-Documentation#redundant-statements
/home/andrei/Рабочий стол/Kursovaya/Diplom/contracts/vulnerable/vuln_067_SC08.sol analyzed (1 contracts with 101 detectors), 8 result(s) found
