'solc --version' running
'solc /home/andrei/Рабочий стол/Kursovaya/Diplom/contracts/vulnerable/vuln_134_SC06.sol --combined-json abi,ast,bin,bin-runtime,srcmap,srcmap-runtime,userdoc,devdoc,hashes,compact-format --allow-paths .,/home/andrei/Рабочий стол/Kursovaya/Diplom/contracts/vulnerable' running

Detector: timestamp
GECO.GECO(address,uint256) (contracts/vulnerable/vuln_134_SC06.sol#100-106) uses timestamp for comparisons
	Dangerous comparisons:
	- require(bool)(_endTime >= now) (contracts/vulnerable/vuln_134_SC06.sol#102)
GECO.fallback() (contracts/vulnerable/vuln_134_SC06.sol#108-116) uses timestamp for comparisons
	Dangerous comparisons:
	- require(bool)(now <= endTime) (contracts/vulnerable/vuln_134_SC06.sol#110)
Reference: https://github.com/crytic/slither/wiki/Detector-Documentation#block-timestamp

Detector: solc-version
Version constraint ^0.4.19 contains known severe issues (https://solidity.readthedocs.io/en/latest/bugs.html)
	- DirtyBytesArrayToStorage
	- ABIDecodeTwoDimensionalArrayMemory
	- KeccakCaching
	- EmptyByteArrayCopy
	- DynamicArrayCleanup
	- ImplicitConstructorCallvalueCheck
	- TupleAssignmentMultiStackSlotComponents
	- MemoryArrayCreationOverflow
	- privateCanBeOverridden
	- SignedArrayStorageCopy
	- ABIEncoderV2StorageArrayWithMultiSlotElement
	- DynamicConstructorArgumentsClippedABIV2
	- UninitializedFunctionPointerInConstructor_0.4.x
	- IncorrectEventSignatureInLibraries_0.4.x
	- ABIEncoderV2PackedStorage_0.4.x
	- ExpExponentCleanup
	- EventStructWrongData
	- NestedArrayFunctionCallDecoder.
It is used by:
	- ^0.4.19 (contracts/vulnerable/vuln_134_SC06.sol#1)
solc-0.4.19 is an outdated solc version. Use a more recent version (at least 0.8.0), if possible.
Reference: https://github.com/crytic/slither/wiki/Detector-Documentation#incorrect-versions-of-solidity

Detector: naming-convention
Parameter GECO.balanceOf(address)._owner (contracts/vulnerable/vuln_134_SC06.sol#124) is not in mixedCase
Reference: https://github.com/crytic/slither/wiki/Detector-Documentation#conformance-to-solidity-naming-conventions

Detector: reentrancy-unlimited-gas
Reentrancy in GECO.fallback() (contracts/vulnerable/vuln_134_SC06.sol#108-116):
	External calls:
	- wallet.transfer(msg.value) (contracts/vulnerable/vuln_134_SC06.sol#114)
	Event emitted after the call(s):
	- IncomingTransfer(msg.sender,msg.value) (contracts/vulnerable/vuln_134_SC06.sol#115)
Reference: https://github.com/crytic/slither/wiki/Detector-Documentation#reentrancy-vulnerabilities-5
/home/andrei/Рабочий стол/Kursovaya/Diplom/contracts/vulnerable/vuln_134_SC06.sol analyzed (3 contracts with 101 detectors), 6 result(s) found
