'solc --version' running
'solc /home/andrei/Рабочий стол/Kursovaya/Diplom/contracts/vulnerable/vuln_021_SC05.sol --combined-json abi,ast,bin,bin-runtime,srcmap,srcmap-runtime,userdoc,devdoc,hashes,compact-format --allow-paths .,/home/andrei/Рабочий стол/Kursovaya/Diplom/contracts/vulnerable' running

Detector: weak-prng
RandomNumberGenerator.random(uint256) (contracts/vulnerable/vuln_021_SC05.sol#14-25) uses a weak PRNG: "uint256((h / x)) % max + 1 (contracts/vulnerable/vuln_021_SC05.sol#24)" 
Reference: https://github.com/crytic/slither/wiki/Detector-Documentation#weak-PRNG

Detector: dead-code
RandomNumberGenerator.random(uint256) (contracts/vulnerable/vuln_021_SC05.sol#14-25) is never used and should be removed
Reference: https://github.com/crytic/slither/wiki/Detector-Documentation#dead-code

Detector: solc-version
Version constraint ^0.4.25 contains known severe issues (https://solidity.readthedocs.io/en/latest/bugs.html)
	- DirtyBytesArrayToStorage
	- ABIDecodeTwoDimensionalArrayMemory
	- KeccakCaching
	- EmptyByteArrayCopy
	- DynamicArrayCleanup
	- ImplicitConstructorCallvalueCheck
	- TupleAssignmentMultiStackSlotComponents
	- MemoryArrayCreationOverflow
	- privateCanBeOverridden
	- SignedArrayStorageCopy
	- ABIEncoderV2StorageArrayWithMultiSlotElement
	- DynamicConstructorArgumentsClippedABIV2
	- UninitializedFunctionPointerInConstructor_0.4.x
	- IncorrectEventSignatureInLibraries_0.4.x
	- ABIEncoderV2PackedStorage_0.4.x.
It is used by:
	- ^0.4.25 (contracts/vulnerable/vuln_021_SC05.sol#7)
solc-0.4.25 is an outdated solc version. Use a more recent version (at least 0.8.0), if possible.
Reference: https://github.com/crytic/slither/wiki/Detector-Documentation#incorrect-versions-of-solidity
/home/andrei/Рабочий стол/Kursovaya/Diplom/contracts/vulnerable/vuln_021_SC05.sol analyzed (1 contracts with 101 detectors), 4 result(s) found
