'solc --version' running
'solc /home/andrei/Рабочий стол/Kursovaya/Diplom/contracts/vulnerable/vuln_003_SC01.sol --combined-json abi,ast,bin,bin-runtime,srcmap,srcmap-runtime,userdoc,devdoc,hashes,compact-format --allow-paths .,/home/andrei/Рабочий стол/Kursovaya/Diplom/contracts/vulnerable' running
Compilation warnings/errors on /home/andrei/Рабочий стол/Kursovaya/Diplom/contracts/vulnerable/vuln_003_SC01.sol:
/home/andrei/Рабочий стол/Kursovaya/Diplom/contracts/vulnerable/vuln_003_SC01.sol:21:29: Warning: Using contract member "balance" inherited from the address type is deprecated. Convert the contract to "address" type to access the member, for example use "address(contract).balance" instead.
        _recipient.transfer(this.balance);
                            ^----------^
/home/andrei/Рабочий стол/Kursovaya/Diplom/contracts/vulnerable/vuln_003_SC01.sol:12:5: Warning: No visibility specified. Defaulting to "public". 
    constructor (address _owner) {
    ^ (Relevant source part starts here and spans across multiple lines).


Detector: arbitrary-send-eth
Phishable.withdrawAll(address) (contracts/vulnerable/vuln_003_SC01.sol#18-22) sends eth to arbitrary user
	Dangerous calls:
	- _recipient.transfer(this.balance) (contracts/vulnerable/vuln_003_SC01.sol#21)
Reference: https://github.com/crytic/slither/wiki/Detector-Documentation#functions-that-send-ether-to-arbitrary-destinations

Detector: tx-origin
Phishable.withdrawAll(address) (contracts/vulnerable/vuln_003_SC01.sol#18-22) uses tx.origin for authorization: require(bool)(tx.origin == owner) (contracts/vulnerable/vuln_003_SC01.sol#20)
Reference: https://github.com/crytic/slither/wiki/Detector-Documentation#dangerous-usage-of-txorigin

Detector: missing-zero-check
Phishable.constructor(address)._owner (contracts/vulnerable/vuln_003_SC01.sol#12) lacks a zero-check on :
		- owner = _owner (contracts/vulnerable/vuln_003_SC01.sol#13)
Phishable.withdrawAll(address)._recipient (contracts/vulnerable/vuln_003_SC01.sol#18) lacks a zero-check on :
		- _recipient.transfer(this.balance) (contracts/vulnerable/vuln_003_SC01.sol#21)
Reference: https://github.com/crytic/slither/wiki/Detector-Documentation#missing-zero-address-validation

Detector: solc-version
Version constraint ^0.4.22 contains known severe issues (https://solidity.readthedocs.io/en/latest/bugs.html)
	- DirtyBytesArrayToStorage
	- ABIDecodeTwoDimensionalArrayMemory
	- KeccakCaching
	- EmptyByteArrayCopy
	- DynamicArrayCleanup
	- ImplicitConstructorCallvalueCheck
	- TupleAssignmentMultiStackSlotComponents
	- MemoryArrayCreationOverflow
	- privateCanBeOverridden
	- SignedArrayStorageCopy
	- ABIEncoderV2StorageArrayWithMultiSlotElement
	- DynamicConstructorArgumentsClippedABIV2
	- UninitializedFunctionPointerInConstructor_0.4.x
	- IncorrectEventSignatureInLibraries_0.4.x
	- ABIEncoderV2PackedStorage_0.4.x
	- ExpExponentCleanup
	- EventStructWrongData
	- OneOfTwoConstructorsSkipped.
It is used by:
	- ^0.4.22 (contracts/vulnerable/vuln_003_SC01.sol#7)
solc-0.4.22 is an outdated solc version. Use a more recent version (at least 0.8.0), if possible.
Reference: https://github.com/crytic/slither/wiki/Detector-Documentation#incorrect-versions-of-solidity

Detector: naming-convention
Parameter Phishable.withdrawAll(address)._recipient (contracts/vulnerable/vuln_003_SC01.sol#18) is not in mixedCase
Reference: https://github.com/crytic/slither/wiki/Detector-Documentation#conformance-to-solidity-naming-conventions
/home/andrei/Рабочий стол/Kursovaya/Diplom/contracts/vulnerable/vuln_003_SC01.sol analyzed (1 contracts with 101 detectors), 7 result(s) found
