'solc --version' running
'solc /home/andrei/Рабочий стол/Kursovaya/Diplom/contracts/vulnerable/vuln_011_SC01.sol --combined-json abi,ast,bin,bin-runtime,srcmap,srcmap-runtime,userdoc,devdoc,hashes,compact-format --allow-paths .,/home/andrei/Рабочий стол/Kursovaya/Diplom/contracts/vulnerable' running
Compilation warnings/errors on /home/andrei/Рабочий стол/Kursovaya/Diplom/contracts/vulnerable/vuln_011_SC01.sol:
/home/andrei/Рабочий стол/Kursovaya/Diplom/contracts/vulnerable/vuln_011_SC01.sol:19:37: Warning: "sha3" has been deprecated in favour of "keccak256"
    bytes4 constant fibSig = bytes4(sha3("setFibonacci(uint256)"));
                                    ^---------------------------^
/home/andrei/Рабочий стол/Kursovaya/Diplom/contracts/vulnerable/vuln_011_SC01.sol:26:5: Warning: No visibility specified. Defaulting to "public". 
    function withdraw() {
    ^ (Relevant source part starts here and spans across multiple lines).


Detector: arbitrary-send-eth
FibonacciBalance.withdraw() (contracts/vulnerable/vuln_011_SC01.sol#26-33) sends eth to arbitrary user
	Dangerous calls:
	- msg.sender.transfer(calculatedFibNumber * 1000000000000000000) (contracts/vulnerable/vuln_011_SC01.sol#32)
Reference: https://github.com/crytic/slither/wiki/Detector-Documentation#functions-that-send-ether-to-arbitrary-destinations

Detector: controlled-delegatecall
FibonacciBalance.withdraw() (contracts/vulnerable/vuln_011_SC01.sol#26-33) uses delegatecall to a input-controlled function id
	- require(bool)(fibonacciLibrary.delegatecall(fibSig,withdrawalCounter)) (contracts/vulnerable/vuln_011_SC01.sol#31)
FibonacciBalance.fallback() (contracts/vulnerable/vuln_011_SC01.sol#36-39) uses delegatecall to a input-controlled function id
	- require(bool)(fibonacciLibrary.delegatecall(msg.data)) (contracts/vulnerable/vuln_011_SC01.sol#38)
Reference: https://github.com/crytic/slither/wiki/Detector-Documentation#controlled-delegatecall

Detector: uninitialized-state
FibonacciBalance.calculatedFibNumber (contracts/vulnerable/vuln_011_SC01.sol#14) is never initialized. It is used in:
	- FibonacciBalance.withdraw() (contracts/vulnerable/vuln_011_SC01.sol#26-33)
Reference: https://github.com/crytic/slither/wiki/Detector-Documentation#uninitialized-state-variables

Detector: missing-zero-check
FibonacciBalance.constructor(address)._fibonacciLibrary (contracts/vulnerable/vuln_011_SC01.sol#22) lacks a zero-check on :
		- fibonacciLibrary = _fibonacciLibrary (contracts/vulnerable/vuln_011_SC01.sol#23)
Reference: https://github.com/crytic/slither/wiki/Detector-Documentation#missing-zero-address-validation

Detector: deprecated-standards
Deprecated standard detected FibonacciBalance.fibSig (contracts/vulnerable/vuln_011_SC01.sol#19):
	- Usage of "sha3()" should be replaced with "keccak256()"
Deprecated standard detected fibSig = bytes4(sha3()(setFibonacci(uint256))) (contracts/vulnerable/vuln_011_SC01.sol#19):
	- Usage of "sha3()" should be replaced with "keccak256()"
Reference: https://github.com/crytic/slither/wiki/Detector-Documentation#deprecated-standards

Detector: solc-version
Version constraint ^0.4.22 contains known severe issues (https://solidity.readthedocs.io/en/latest/bugs.html)
	- DirtyBytesArrayToStorage
	- ABIDecodeTwoDimensionalArrayMemory
	- KeccakCaching
	- EmptyByteArrayCopy
	- DynamicArrayCleanup
	- ImplicitConstructorCallvalueCheck
	- TupleAssignmentMultiStackSlotComponents
	- MemoryArrayCreationOverflow
	- privateCanBeOverridden
	- SignedArrayStorageCopy
	- ABIEncoderV2StorageArrayWithMultiSlotElement
	- DynamicConstructorArgumentsClippedABIV2
	- UninitializedFunctionPointerInConstructor_0.4.x
	- IncorrectEventSignatureInLibraries_0.4.x
	- ABIEncoderV2PackedStorage_0.4.x
	- ExpExponentCleanup
	- EventStructWrongData
	- OneOfTwoConstructorsSkipped.
It is used by:
	- ^0.4.22 (contracts/vulnerable/vuln_011_SC01.sol#8)
solc-0.4.22 is an outdated solc version. Use a more recent version (at least 0.8.0), if possible.
Reference: https://github.com/crytic/slither/wiki/Detector-Documentation#incorrect-versions-of-solidity

Detector: low-level-calls
Low level call in FibonacciBalance.withdraw() (contracts/vulnerable/vuln_011_SC01.sol#26-33):
	- require(bool)(fibonacciLibrary.delegatecall(fibSig,withdrawalCounter)) (contracts/vulnerable/vuln_011_SC01.sol#31)
Low level call in FibonacciBalance.fallback() (contracts/vulnerable/vuln_011_SC01.sol#36-39):
	- require(bool)(fibonacciLibrary.delegatecall(msg.data)) (contracts/vulnerable/vuln_011_SC01.sol#38)
Reference: https://github.com/crytic/slither/wiki/Detector-Documentation#low-level-calls

Detector: naming-convention
Constant FibonacciBalance.fibSig (contracts/vulnerable/vuln_011_SC01.sol#19) is not in UPPER_CASE_WITH_UNDERSCORES
Parameter FibonacciLib.setStart(uint256)._start (contracts/vulnerable/vuln_011_SC01.sol#49) is not in mixedCase
Reference: https://github.com/crytic/slither/wiki/Detector-Documentation#conformance-to-solidity-naming-conventions

Detector: constable-states
FibonacciBalance.calculatedFibNumber (contracts/vulnerable/vuln_011_SC01.sol#14) should be constant 
FibonacciBalance.start (contracts/vulnerable/vuln_011_SC01.sol#16) should be constant 
Reference: https://github.com/crytic/slither/wiki/Detector-Documentation#state-variables-that-could-be-declared-constant
/home/andrei/Рабочий стол/Kursovaya/Diplom/contracts/vulnerable/vuln_011_SC01.sol analyzed (2 contracts with 101 detectors), 15 result(s) found
