'solc --version' running
'solc /home/andrei/Рабочий стол/Kursovaya/Diplom/contracts/vulnerable/vuln_301_SC01.sol --combined-json abi,ast,bin,bin-runtime,srcmap,srcmap-runtime,userdoc,devdoc,hashes,compact-format --allow-paths .,/home/andrei/Рабочий стол/Kursovaya/Diplom/contracts/vulnerable' running

Detector: shadowing-state
VedioheadToken.totalSupply_ (contracts/vulnerable/vuln_301_SC01.sol#249) shadows:
	- BasicToken.totalSupply_ (contracts/vulnerable/vuln_301_SC01.sol#89)
Reference: https://github.com/crytic/slither/wiki/Detector-Documentation#state-variable-shadowing

Detector: solc-version
Version constraint ^0.4.24 contains known severe issues (https://solidity.readthedocs.io/en/latest/bugs.html)
	- DirtyBytesArrayToStorage
	- ABIDecodeTwoDimensionalArrayMemory
	- KeccakCaching
	- EmptyByteArrayCopy
	- DynamicArrayCleanup
	- ImplicitConstructorCallvalueCheck
	- TupleAssignmentMultiStackSlotComponents
	- MemoryArrayCreationOverflow
	- privateCanBeOverridden
	- SignedArrayStorageCopy
	- ABIEncoderV2StorageArrayWithMultiSlotElement
	- DynamicConstructorArgumentsClippedABIV2
	- UninitializedFunctionPointerInConstructor_0.4.x
	- IncorrectEventSignatureInLibraries_0.4.x
	- ABIEncoderV2PackedStorage_0.4.x
	- ExpExponentCleanup
	- EventStructWrongData.
It is used by:
	- ^0.4.24 (contracts/vulnerable/vuln_301_SC01.sol#1)
solc-0.4.24 is an outdated solc version. Use a more recent version (at least 0.8.0), if possible.
Reference: https://github.com/crytic/slither/wiki/Detector-Documentation#incorrect-versions-of-solidity

Detector: naming-convention
Parameter BasicToken.transfer(address,uint256)._to (contracts/vulnerable/vuln_301_SC01.sol#103) is not in mixedCase
Parameter BasicToken.transfer(address,uint256)._value (contracts/vulnerable/vuln_301_SC01.sol#103) is not in mixedCase
Parameter BasicToken.balanceOf(address)._owner (contracts/vulnerable/vuln_301_SC01.sol#118) is not in mixedCase
Parameter Ownable.transferOwnership(address)._newOwner (contracts/vulnerable/vuln_301_SC01.sol#170) is not in mixedCase
Parameter VedioheadToken.transfer(address,uint256)._to (contracts/vulnerable/vuln_301_SC01.sol#272) is not in mixedCase
Reference: https://github.com/crytic/slither/wiki/Detector-Documentation#conformance-to-solidity-naming-conventions

Detector: too-many-digits
VedioheadToken.constructor() (contracts/vulnerable/vuln_301_SC01.sol#254-260) uses literals with too many digits:
	- totalSupply_ = 50000000000000000 (contracts/vulnerable/vuln_301_SC01.sol#255)
Reference: https://github.com/crytic/slither/wiki/Detector-Documentation#too-many-digits

Detector: constable-states
BasicToken.totalSupply_ (contracts/vulnerable/vuln_301_SC01.sol#89) should be constant 
VedioheadToken.version (contracts/vulnerable/vuln_301_SC01.sol#248) should be constant 
Reference: https://github.com/crytic/slither/wiki/Detector-Documentation#state-variables-that-could-be-declared-constant
/home/andrei/Рабочий стол/Kursovaya/Diplom/contracts/vulnerable/vuln_301_SC01.sol analyzed (6 contracts with 101 detectors), 11 result(s) found
