'solc --version' running
'solc /home/andrei/Рабочий стол/Kursovaya/Diplom/contracts/vulnerable/vuln_138_SC09.sol --combined-json abi,ast,bin,bin-runtime,srcmap,srcmap-runtime,userdoc,devdoc,hashes,compact-format --allow-paths .,/home/andrei/Рабочий стол/Kursovaya/Diplom/contracts/vulnerable' running
Compilation warnings/errors on /home/andrei/Рабочий стол/Kursovaya/Diplom/contracts/vulnerable/vuln_138_SC09.sol:
/home/andrei/Рабочий стол/Kursovaya/Diplom/contracts/vulnerable/vuln_138_SC09.sol:96:5: Warning: Invoking events without "emit" prefix is deprecated.
    Transfer(msg.sender, _to, _value);
    ^-------------------------------^
/home/andrei/Рабочий стол/Kursovaya/Diplom/contracts/vulnerable/vuln_138_SC09.sol:97:5: Warning: Invoking events without "emit" prefix is deprecated.
    ERC223Transfer(msg.sender, _to, _value, _data);
    ^--------------------------------------------^
/home/andrei/Рабочий стол/Kursovaya/Diplom/contracts/vulnerable/vuln_138_SC09.sol:108:5: Warning: Invoking events without "emit" prefix is deprecated.
    Transfer(msg.sender, _to, _value);
    ^-------------------------------^
/home/andrei/Рабочий стол/Kursovaya/Diplom/contracts/vulnerable/vuln_138_SC09.sol:109:5: Warning: Invoking events without "emit" prefix is deprecated.
    ERC223Transfer(msg.sender, _to, _value, _data);
    ^--------------------------------------------^
/home/andrei/Рабочий стол/Kursovaya/Diplom/contracts/vulnerable/vuln_138_SC09.sol:6:3: Warning: No visibility specified. Defaulting to "public". 
  function balanceOf(address who) constant returns (uint);
  ^------------------------------------------------------^
/home/andrei/Рабочий стол/Kursovaya/Diplom/contracts/vulnerable/vuln_138_SC09.sol:8:3: Warning: No visibility specified. Defaulting to "public". 
  function name() constant returns (string _name);
  ^----------------------------------------------^
/home/andrei/Рабочий стол/Kursovaya/Diplom/contracts/vulnerable/vuln_138_SC09.sol:9:3: Warning: No visibility specified. Defaulting to "public". 
  function symbol() constant returns (string _symbol);
  ^--------------------------------------------------^
/home/andrei/Рабочий стол/Kursovaya/Diplom/contracts/vulnerable/vuln_138_SC09.sol:10:3: Warning: No visibility specified. Defaulting to "public". 
  function decimals() constant returns (uint8 _decimals);
  ^-----------------------------------------------------^
/home/andrei/Рабочий стол/Kursovaya/Diplom/contracts/vulnerable/vuln_138_SC09.sol:11:3: Warning: No visibility specified. Defaulting to "public". 
  function totalSupply() constant returns (uint256 _supply);
  ^--------------------------------------------------------^
/home/andrei/Рабочий стол/Kursovaya/Diplom/contracts/vulnerable/vuln_138_SC09.sol:13:3: Warning: No visibility specified. Defaulting to "public". 
  function transfer(address to, uint value) returns (bool ok);
  ^----------------------------------------------------------^
/home/andrei/Рабочий стол/Kursovaya/Diplom/contracts/vulnerable/vuln_138_SC09.sol:14:3: Warning: No visibility specified. Defaulting to "public". 
  function transfer(address to, uint value, bytes data) returns (bool ok);
  ^----------------------------------------------------------------------^
/home/andrei/Рабочий стол/Kursovaya/Diplom/contracts/vulnerable/vuln_138_SC09.sol:20:3: Warning: No visibility specified. Defaulting to "public". 
  function tokenFallback(address _from, uint _value, bytes _data);
  ^--------------------------------------------------------------^
/home/andrei/Рабочий стол/Kursovaya/Diplom/contracts/vulnerable/vuln_138_SC09.sol:35:3: Warning: No visibility specified. Defaulting to "public". 
  function name() constant returns (string _name) {
  ^ (Relevant source part starts here and spans across multiple lines).
/home/andrei/Рабочий стол/Kursovaya/Diplom/contracts/vulnerable/vuln_138_SC09.sol:39:3: Warning: No visibility specified. Defaulting to "public". 
  function symbol() constant returns (string _symbol) {
  ^ (Relevant source part starts here and spans across multiple lines).
/home/andrei/Рабочий стол/Kursovaya/Diplom/contracts/vulnerable/vuln_138_SC09.sol:43:3: Warning: No visibility specified. Defaulting to "public". 
  function decimals() constant returns (uint8 _decimals) {
  ^ (Relevant source part starts here and spans across multiple lines).
/home/andrei/Рабочий стол/Kursovaya/Diplom/contracts/vulnerable/vuln_138_SC09.sol:47:3: Warning: No visibility specified. Defaulting to "public". 
  function totalSupply() constant returns (uint256 _totalSupply) {
  ^ (Relevant source part starts here and spans across multiple lines).
/home/andrei/Рабочий стол/Kursovaya/Diplom/contracts/vulnerable/vuln_138_SC09.sol:52:3: Warning: No visibility specified. Defaulting to "public". 
  function transfer(address _to, uint _value, bytes _data) returns (bool success) {
  ^ (Relevant source part starts here and spans across multiple lines).
/home/andrei/Рабочий стол/Kursovaya/Diplom/contracts/vulnerable/vuln_138_SC09.sol:63:3: Warning: No visibility specified. Defaulting to "public". 
  function transfer(address _to, uint _value) returns (bool success) {
  ^ (Relevant source part starts here and spans across multiple lines).
/home/andrei/Рабочий стол/Kursovaya/Diplom/contracts/vulnerable/vuln_138_SC09.sol:114:3: Warning: No visibility specified. Defaulting to "public". 
  function balanceOf(address _owner) constant returns (uint balance) {
  ^ (Relevant source part starts here and spans across multiple lines).
/home/andrei/Рабочий стол/Kursovaya/Diplom/contracts/vulnerable/vuln_138_SC09.sol:77:3: Warning: Function state mutability can be restricted to view
  function isContract(address _addr) private returns (bool is_contract) {
  ^ (Relevant source part starts here and spans across multiple lines).


Detector: shadowing-state
BIBToken.totalSupply (contracts/vulnerable/vuln_138_SC09.sol#188) shadows:
	- ERC223Token.totalSupply (contracts/vulnerable/vuln_138_SC09.sol#31)
BIBToken.name (contracts/vulnerable/vuln_138_SC09.sol#178) shadows:
	- ERC223Token.name (contracts/vulnerable/vuln_138_SC09.sol#28)
BIBToken.symbol (contracts/vulnerable/vuln_138_SC09.sol#180) shadows:
	- ERC223Token.symbol (contracts/vulnerable/vuln_138_SC09.sol#29)
BIBToken.decimals (contracts/vulnerable/vuln_138_SC09.sol#185) shadows:
	- ERC223Token.decimals (contracts/vulnerable/vuln_138_SC09.sol#30)
Reference: https://github.com/crytic/slither/wiki/Detector-Documentation#state-variable-shadowing

Detector: shadowing-abstract
ERC223Token.totalSupply (contracts/vulnerable/vuln_138_SC09.sol#31) shadows:
	- ERC223.totalSupply (contracts/vulnerable/vuln_138_SC09.sol#5)
BIBToken.totalSupply (contracts/vulnerable/vuln_138_SC09.sol#188) shadows:
	- ERC223.totalSupply (contracts/vulnerable/vuln_138_SC09.sol#5)
Reference: https://github.com/crytic/slither/wiki/Detector-Documentation#state-variable-shadowing-from-abstract-contracts

Detector: uninitialized-local
ERC223Token.transfer(address,uint256).empty (contracts/vulnerable/vuln_138_SC09.sol#67) is a local variable never initialized
BIBToken.fallback().empty (contracts/vulnerable/vuln_138_SC09.sol#207) is a local variable never initialized
Reference: https://github.com/crytic/slither/wiki/Detector-Documentation#uninitialized-local-variables

Detector: reentrancy-events
Reentrancy in ERC223Token.transferToContract(address,uint256,bytes) (contracts/vulnerable/vuln_138_SC09.sol#102-111):
	External calls:
	- reciever.tokenFallback(msg.sender,_value,_data) (contracts/vulnerable/vuln_138_SC09.sol#107)
	Event emitted after the call(s):
	- ERC223Transfer(msg.sender,_to,_value,_data) (contracts/vulnerable/vuln_138_SC09.sol#109)
	- Transfer(msg.sender,_to,_value) (contracts/vulnerable/vuln_138_SC09.sol#108)
Reference: https://github.com/crytic/slither/wiki/Detector-Documentation#reentrancy-vulnerabilities-4

Detector: assembly
ERC223Token.isContract(address) (contracts/vulnerable/vuln_138_SC09.sol#77-89) uses assembly
	- INLINE ASM (contracts/vulnerable/vuln_138_SC09.sol#79-83)
Reference: https://github.com/crytic/slither/wiki/Detector-Documentation#assembly-usage

Detector: function-init-state
BIBToken.totalSupply (contracts/vulnerable/vuln_138_SC09.sol#188) is set pre-construction with a non-constant function or state variable:
	- 1000000000 * (10 ** decimals)
Reference: https://github.com/crytic/slither/wiki/Detector-Documentation#function-initializing-state

Detector: solc-version
Version constraint ^0.4.24 contains known severe issues (https://solidity.readthedocs.io/en/latest/bugs.html)
	- DirtyBytesArrayToStorage
	- ABIDecodeTwoDimensionalArrayMemory
	- KeccakCaching
	- EmptyByteArrayCopy
	- DynamicArrayCleanup
	- ImplicitConstructorCallvalueCheck
	- TupleAssignmentMultiStackSlotComponents
	- MemoryArrayCreationOverflow
	- privateCanBeOverridden
	- SignedArrayStorageCopy
	- ABIEncoderV2StorageArrayWithMultiSlotElement
	- DynamicConstructorArgumentsClippedABIV2
	- UninitializedFunctionPointerInConstructor_0.4.x
	- IncorrectEventSignatureInLibraries_0.4.x
	- ABIEncoderV2PackedStorage_0.4.x
	- ExpExponentCleanup
	- EventStructWrongData.
It is used by:
	- ^0.4.24 (contracts/vulnerable/vuln_138_SC09.sol#1)
solc-0.4.24 is an outdated solc version. Use a more recent version (at least 0.8.0), if possible.
Reference: https://github.com/crytic/slither/wiki/Detector-Documentation#incorrect-versions-of-solidity

Detector: naming-convention
Parameter ERC223Token.transfer(address,uint256,bytes)._to (contracts/vulnerable/vuln_138_SC09.sol#52) is not in mixedCase
Parameter ERC223Token.transfer(address,uint256,bytes)._value (contracts/vulnerable/vuln_138_SC09.sol#52) is not in mixedCase
Parameter ERC223Token.transfer(address,uint256,bytes)._data (contracts/vulnerable/vuln_138_SC09.sol#52) is not in mixedCase
Parameter ERC223Token.transfer(address,uint256)._to (contracts/vulnerable/vuln_138_SC09.sol#63) is not in mixedCase
Parameter ERC223Token.transfer(address,uint256)._value (contracts/vulnerable/vuln_138_SC09.sol#63) is not in mixedCase
Parameter ERC223Token.transferToAddress(address,uint256,bytes)._to (contracts/vulnerable/vuln_138_SC09.sol#92) is not in mixedCase
Parameter ERC223Token.transferToAddress(address,uint256,bytes)._value (contracts/vulnerable/vuln_138_SC09.sol#92) is not in mixedCase
Parameter ERC223Token.transferToAddress(address,uint256,bytes)._data (contracts/vulnerable/vuln_138_SC09.sol#92) is not in mixedCase
Parameter ERC223Token.transferToContract(address,uint256,bytes)._to (contracts/vulnerable/vuln_138_SC09.sol#102) is not in mixedCase
Parameter ERC223Token.transferToContract(address,uint256,bytes)._value (contracts/vulnerable/vuln_138_SC09.sol#102) is not in mixedCase
Parameter ERC223Token.transferToContract(address,uint256,bytes)._data (contracts/vulnerable/vuln_138_SC09.sol#102) is not in mixedCase
Parameter ERC223Token.balanceOf(address)._owner (contracts/vulnerable/vuln_138_SC09.sol#114) is not in mixedCase
Reference: https://github.com/crytic/slither/wiki/Detector-Documentation#conformance-to-solidity-naming-conventions

Detector: reentrancy-unlimited-gas
Reentrancy in BIBToken.fallback() (contracts/vulnerable/vuln_138_SC09.sol#206-220):
	External calls:
	- treasury.transfer(msg.value) (contracts/vulnerable/vuln_138_SC09.sol#213)
	State variables written after the call(s):
	- balances[0x0] = balances[0x0].sub(purchasedAmount) (contracts/vulnerable/vuln_138_SC09.sol#214)
	- balances[msg.sender] = balances[msg.sender].add(purchasedAmount) (contracts/vulnerable/vuln_138_SC09.sol#215)
	Event emitted after the call(s):
	- ERC223Transfer(0x0,msg.sender,purchasedAmount,empty) (contracts/vulnerable/vuln_138_SC09.sol#218)
	- Purchase(msg.sender,purchasedAmount) (contracts/vulnerable/vuln_138_SC09.sol#219)
	- Transfer(0x0,msg.sender,purchasedAmount) (contracts/vulnerable/vuln_138_SC09.sol#217)
Reference: https://github.com/crytic/slither/wiki/Detector-Documentation#reentrancy-vulnerabilities-5

Detector: too-many-digits
BIBToken.constructor() (contracts/vulnerable/vuln_138_SC09.sol#197-204) uses literals with too many digits:
	- balances[msg.sender] = 1000000000 * (10 ** decimals) (contracts/vulnerable/vuln_138_SC09.sol#201)
BIBToken.slitherConstructorVariables() (contracts/vulnerable/vuln_138_SC09.sol#174-222) uses literals with too many digits:
	- totalSupply = 1000000000 * (10 ** decimals) (contracts/vulnerable/vuln_138_SC09.sol#188)
BIBToken.slitherConstructorVariables() (contracts/vulnerable/vuln_138_SC09.sol#174-222) uses literals with too many digits:
	- priceDiv = 25000000000 (contracts/vulnerable/vuln_138_SC09.sol#193)
Reference: https://github.com/crytic/slither/wiki/Detector-Documentation#too-many-digits

Detector: constable-states
BIBToken.decimals (contracts/vulnerable/vuln_138_SC09.sol#185) should be constant 
BIBToken.name (contracts/vulnerable/vuln_138_SC09.sol#178) should be constant 
BIBToken.priceDiv (contracts/vulnerable/vuln_138_SC09.sol#193) should be constant 
BIBToken.symbol (contracts/vulnerable/vuln_138_SC09.sol#180) should be constant 
BIBToken.treasury (contracts/vulnerable/vuln_138_SC09.sol#190) should be constant 
ERC223.totalSupply (contracts/vulnerable/vuln_138_SC09.sol#5) should be constant 
ERC223Token.decimals (contracts/vulnerable/vuln_138_SC09.sol#30) should be constant 
ERC223Token.name (contracts/vulnerable/vuln_138_SC09.sol#28) should be constant 
ERC223Token.symbol (contracts/vulnerable/vuln_138_SC09.sol#29) should be constant 
ERC223Token.totalSupply (contracts/vulnerable/vuln_138_SC09.sol#31) should be constant 
Reference: https://github.com/crytic/slither/wiki/Detector-Documentation#state-variables-that-could-be-declared-constant

Detector: external-function
transfer(address,uint256,bytes) should be declared external:
	- ERC223.transfer(address,uint256,bytes) (contracts/vulnerable/vuln_138_SC09.sol#14)
	- ERC223Token.transfer(address,uint256,bytes) (contracts/vulnerable/vuln_138_SC09.sol#52-59)
tokenFallback(address,uint256,bytes) should be declared external:
	- ContractReceiver.tokenFallback(address,uint256,bytes) (contracts/vulnerable/vuln_138_SC09.sol#20)
Reference: https://github.com/crytic/slither/wiki/Detector-Documentation#public-function-that-could-be-declared-external
/home/andrei/Рабочий стол/Kursovaya/Diplom/contracts/vulnerable/vuln_138_SC09.sol analyzed (5 contracts with 101 detectors), 41 result(s) found
