
----------------------------
# Configuration
----------------------------
Root - /tmp/aderyn_run
Source - /tmp/aderyn_run/src
Remappings - []
EVM version - prague
----------------------------
# Source Scope
----------------------------
Include Filepaths Containing - No specific criteria.
Exclude Filepaths Containing - No specific criteria.
Auto Excluding - No Files.
----------------------------
# Compiling Abstract Syntax Trees
----------------------------
Ingesting 1 compiled files [solc : v0.4.26]
----------------------------
# Scanning Contracts
----------------------------
Running 88 detectors
Detectors run, printing report.
Report printed to /home/andrei/sc-bench/results/aderyn/safe_254_SAFE.json

🛡️ Together we make Solidity safer.
✨ Support open-source security — star Aderyn:
https://github.com/Cyfrin/aderyn
