
----------------------------
# Configuration
----------------------------
Root - /tmp/aderyn_run
Source - /tmp/aderyn_run/src
Remappings - []
EVM version - prague
----------------------------
# Source Scope
----------------------------
Include Filepaths Containing - No specific criteria.
Exclude Filepaths Containing - No specific criteria.
Auto Excluding - No Files.
----------------------------
# Compiling Abstract Syntax Trees
----------------------------
Ingesting 1 compiled files [solc : v0.4.26]
----------------------------
# Scanning Contracts
----------------------------
Running 88 detectors
Detectors run, printing report.
Report printed to /home/andrei/sc-bench/results/aderyn/vuln_010_SC01.json

✔  Done! Fast, clean, effective.
⭐ Support the project with a star:
https://github.com/Cyfrin/aderyn
