'solc --version' running
'solc /home/andrei/Рабочий стол/Kursovaya/Diplom/contracts/safe/safe_178_SAFE.sol --combined-json abi,ast,bin,bin-runtime,srcmap,srcmap-runtime,userdoc,devdoc,hashes,compact-format --allow-paths .,/home/andrei/Рабочий стол/Kursovaya/Diplom/contracts/safe' running
Compilation warnings/errors on /home/andrei/Рабочий стол/Kursovaya/Diplom/contracts/safe/safe_178_SAFE.sol:
/home/andrei/Рабочий стол/Kursovaya/Diplom/contracts/safe/safe_178_SAFE.sol:16:3: Warning: Defining constructors as functions with the same name as the contract is deprecated. Use "constructor(...) { ... }" instead.
  function Ownable() public {
  ^ (Relevant source part starts here and spans across multiple lines).
/home/andrei/Рабочий стол/Kursovaya/Diplom/contracts/safe/safe_178_SAFE.sol:321:3: Warning: Defining constructors as functions with the same name as the contract is deprecated. Use "constructor(...) { ... }" instead.
  function ReporterTokenSale() public {
  ^ (Relevant source part starts here and spans across multiple lines).
/home/andrei/Рабочий стол/Kursovaya/Diplom/contracts/safe/safe_178_SAFE.sol:110:5: Warning: Invoking events without "emit" prefix is deprecated.
    Transfer(msg.sender, _to, _value);
    ^-------------------------------^
/home/andrei/Рабочий стол/Kursovaya/Diplom/contracts/safe/safe_178_SAFE.sol:146:5: Warning: Invoking events without "emit" prefix is deprecated.
    Transfer(_from, _to, _value);
    ^--------------------------^
/home/andrei/Рабочий стол/Kursovaya/Diplom/contracts/safe/safe_178_SAFE.sol:164:5: Warning: Invoking events without "emit" prefix is deprecated.
    Approval(msg.sender, _spender, _value);
    ^------------------------------------^
/home/andrei/Рабочий стол/Kursovaya/Diplom/contracts/safe/safe_178_SAFE.sol:206:5: Warning: Invoking events without "emit" prefix is deprecated.
    Transfer(0X0, _to, _amount);
    ^-------------------------^
/home/andrei/Рабочий стол/Kursovaya/Diplom/contracts/safe/safe_178_SAFE.sol:216:5: Warning: Invoking events without "emit" prefix is deprecated.
    MintFinished();
    ^------------^
/home/andrei/Рабочий стол/Kursovaya/Diplom/contracts/safe/safe_178_SAFE.sol:426:5: Warning: Invoking events without "emit" prefix is deprecated.
    TokenPurchase(beneficiary, amount, _tokens);
    ^-----------------------------------------^
/home/andrei/Рабочий стол/Kursovaya/Diplom/contracts/safe/safe_178_SAFE.sol:448:5: Warning: Invoking events without "emit" prefix is deprecated.
    TokenPurchase(beneficiary, amount, tokens);
    ^----------------------------------------^
/home/andrei/Рабочий стол/Kursovaya/Diplom/contracts/safe/safe_178_SAFE.sol:449:23: Warning: Using contract member "balance" inherited from the address type is deprecated. Convert the contract to "address" type to access the member, for example use "address(contract).balance" instead.
    multiSig.transfer(this.balance); // better in case any other ether ends up here
                      ^----------^
/home/andrei/Рабочий стол/Kursovaya/Diplom/contracts/safe/safe_178_SAFE.sol:464:5: Warning: Invoking events without "emit" prefix is deprecated.
    SaleClosed();
    ^----------^


Detector: reentrancy-no-eth
Reentrancy in ReporterTokenSale.buyTokens(address,uint256) (contracts/safe/safe_178_SAFE.sol#430-450):
	External calls:
	- token.balanceOf(beneficiary) == 0 (contracts/safe/safe_178_SAFE.sol#443)
	State variables written after the call(s):
	- tokenRaised = tokenRaised.add(tokens) (contracts/safe/safe_178_SAFE.sol#446)
	ReporterTokenSale.tokenRaised (contracts/safe/safe_178_SAFE.sol#298) can be used in cross function reentrancies:
	- ReporterTokenSale.buyTokens(address,uint256) (contracts/safe/safe_178_SAFE.sol#430-450)
	- ReporterTokenSale.finishSale() (contracts/safe/safe_178_SAFE.sol#453-465)
	- ReporterTokenSale.hasEnded() (contracts/safe/safe_178_SAFE.sol#354-360)
	- ReporterTokenSale.onlyAuthorised() (contracts/safe/safe_178_SAFE.sol#377-384)
	- ReporterTokenSale.placeTokens(address,uint256) (contracts/safe/safe_178_SAFE.sol#416-427)
	- ReporterTokenSale.setTier() (contracts/safe/safe_178_SAFE.sol#336-351)
	- ReporterTokenSale.tokenRaised (contracts/safe/safe_178_SAFE.sol#298)
Reentrancy in ReporterTokenSale.placeTokens(address,uint256) (contracts/safe/safe_178_SAFE.sol#416-427):
	External calls:
	- token.balanceOf(beneficiary) == 0 (contracts/safe/safe_178_SAFE.sol#421)
	State variables written after the call(s):
	- tokenRaised = tokenRaised.add(_tokens) (contracts/safe/safe_178_SAFE.sol#424)
	ReporterTokenSale.tokenRaised (contracts/safe/safe_178_SAFE.sol#298) can be used in cross function reentrancies:
	- ReporterTokenSale.buyTokens(address,uint256) (contracts/safe/safe_178_SAFE.sol#430-450)
	- ReporterTokenSale.finishSale() (contracts/safe/safe_178_SAFE.sol#453-465)
	- ReporterTokenSale.hasEnded() (contracts/safe/safe_178_SAFE.sol#354-360)
	- ReporterTokenSale.onlyAuthorised() (contracts/safe/safe_178_SAFE.sol#377-384)
	- ReporterTokenSale.placeTokens(address,uint256) (contracts/safe/safe_178_SAFE.sol#416-427)
	- ReporterTokenSale.setTier() (contracts/safe/safe_178_SAFE.sol#336-351)
	- ReporterTokenSale.tokenRaised (contracts/safe/safe_178_SAFE.sol#298)
Reference: https://github.com/crytic/slither/wiki/Detector-Documentation#reentrancy-vulnerabilities-2
/home/andrei/Рабочий стол/Kursovaya/Diplom/contracts/safe/safe_178_SAFE.sol analyzed (9 contracts with 2 detectors), 2 result(s) found
