'solc --version' running
'solc /home/andrei/Рабочий стол/Kursovaya/Diplom/contracts/safe/safe_247_SAFE.sol --combined-json abi,ast,bin,bin-runtime,srcmap,srcmap-runtime,userdoc,devdoc --allow-paths .,/home/andrei/Рабочий стол/Kursovaya/Diplom/contracts/safe' running
Compilation warnings/errors on /home/andrei/Рабочий стол/Kursovaya/Diplom/contracts/safe/safe_247_SAFE.sol:
/home/andrei/Рабочий стол/Kursovaya/Diplom/contracts/safe/safe_247_SAFE.sol:81:36: Warning: Unused local variable
contract token { function transfer(address receiver, uint amount){  } }
                                   ^--------------^
/home/andrei/Рабочий стол/Kursovaya/Diplom/contracts/safe/safe_247_SAFE.sol:81:54: Warning: Unused local variable
contract token { function transfer(address receiver, uint amount){  } }
                                                     ^---------^


Detector: timestamp
Crowdsale.buyTokens(address) (contracts/safe/safe_247_SAFE.sol#189-235) uses timestamp for comparisons
	Dangerous comparisons:
	- now < startTime + 1 * 7 * 24 * 60 * 60 (contracts/safe/safe_247_SAFE.sol#207)
	- now < startTime + 2 * 7 * 24 * 60 * 60 (contracts/safe/safe_247_SAFE.sol#211)
Crowdsale.validPurchase() (contracts/safe/safe_247_SAFE.sol#259-267) uses timestamp for comparisons
	Dangerous comparisons:
	- withinPeriod = now >= startTime && now <= endTime (contracts/safe/safe_247_SAFE.sol#261)
	- withinPeriod && nonZeroPurchase (contracts/safe/safe_247_SAFE.sol#265)
Crowdsale.hasEnded() (contracts/safe/safe_247_SAFE.sol#273-277) uses timestamp for comparisons
	Dangerous comparisons:
	- now > endTime (contracts/safe/safe_247_SAFE.sol#275)
Reference: https://github.com/crytic/slither/wiki/Detector-Documentation#block-timestamp
/home/andrei/Рабочий стол/Kursovaya/Diplom/contracts/safe/safe_247_SAFE.sol analyzed (3 contracts with 2 detectors), 3 result(s) found
