'solc --version' running
'solc /home/andrei/Рабочий стол/Kursovaya/Diplom/contracts/safe/safe_280_SAFE.sol --combined-json abi,ast,bin,bin-runtime,srcmap,srcmap-runtime,userdoc,devdoc,hashes,compact-format --allow-paths .,/home/andrei/Рабочий стол/Kursovaya/Diplom/contracts/safe' running
Compilation warnings/errors on /home/andrei/Рабочий стол/Kursovaya/Diplom/contracts/safe/safe_280_SAFE.sol:
/home/andrei/Рабочий стол/Kursovaya/Diplom/contracts/safe/safe_280_SAFE.sol:22:25: Warning: "throw" is deprecated in favour of "revert()", "require()" and "assert()".
        if (!assertion) throw;
                        ^---^
/home/andrei/Рабочий стол/Kursovaya/Diplom/contracts/safe/safe_280_SAFE.sol:193:5: Warning: Defining constructors as functions with the same name as the contract is deprecated. Use "constructor(...) { ... }" instead.
    function RpsGame() {
    ^ (Relevant source part starts here and spans across multiple lines).
/home/andrei/Рабочий стол/Kursovaya/Diplom/contracts/safe/safe_280_SAFE.sol:21:5: Warning: This declaration shadows a builtin symbol.
    function assert(bool assertion) internal {
    ^ (Relevant source part starts here and spans across multiple lines).
/home/andrei/Рабочий стол/Kursovaya/Diplom/contracts/safe/safe_280_SAFE.sol:270:9: Warning: Invoking events without "emit" prefix is deprecated.
        Reveal(gameid, msg.sender, choice);
        ^--------------------------------^
/home/andrei/Рабочий стол/Kursovaya/Diplom/contracts/safe/safe_280_SAFE.sol:305:16: Warning: "sha3" has been deprecated in favour of "keccak256"
        return sha3(sender, choice, randomSecret);
               ^--------------------------------^
/home/andrei/Рабочий стол/Kursovaya/Diplom/contracts/safe/safe_280_SAFE.sol:305:16: Warning: This function only accepts a single "bytes" argument. Please use "abi.encodePacked(...)" or a similar function to encode the data.
        return sha3(sender, choice, randomSecret);
               ^--------------------------------^
/home/andrei/Рабочий стол/Kursovaya/Diplom/contracts/safe/safe_280_SAFE.sol:193:5: Warning: No visibility specified. Defaulting to "public". 
    function RpsGame() {
    ^ (Relevant source part starts here and spans across multiple lines).
/home/andrei/Рабочий стол/Kursovaya/Diplom/contracts/safe/safe_280_SAFE.sol:21:5: Warning: Function state mutability can be restricted to pure
    function assert(bool assertion) internal {
    ^ (Relevant source part starts here and spans across multiple lines).
/home/andrei/Рабочий стол/Kursovaya/Diplom/contracts/safe/safe_280_SAFE.sol:304:5: Warning: Function state mutability can be restricted to pure
    function getProof(address sender, uint8 choice, bytes32 randomSecret) public view returns (bytes32){
    ^ (Relevant source part starts here and spans across multiple lines).
/home/andrei/Рабочий стол/Kursovaya/Diplom/contracts/safe/safe_280_SAFE.sol:312:5: Warning: Function state mutability can be restricted to pure
    function checkChoice(uint8 choice) public view returns (bool){
    ^ (Relevant source part starts here and spans across multiple lines).

/home/andrei/Рабочий стол/Kursovaya/Diplom/contracts/safe/safe_280_SAFE.sol analyzed (3 contracts with 5 detectors), 0 result(s) found
