'solc --version' running
'solc /home/andrei/Рабочий стол/Kursovaya/Diplom/contracts/safe/safe_177_SAFE.sol --combined-json abi,ast,bin,bin-runtime,srcmap,srcmap-runtime,userdoc,devdoc,hashes,compact-format --allow-paths .,/home/andrei/Рабочий стол/Kursovaya/Diplom/contracts/safe' running
Compilation warnings/errors on /home/andrei/Рабочий стол/Kursovaya/Diplom/contracts/safe/safe_177_SAFE.sol:
/home/andrei/Рабочий стол/Kursovaya/Diplom/contracts/safe/safe_177_SAFE.sol:57:3: Warning: Defining constructors as functions with the same name as the contract is deprecated. Use "constructor(...) { ... }" instead.
  function Ownable() public {
  ^ (Relevant source part starts here and spans across multiple lines).
/home/andrei/Рабочий стол/Kursovaya/Diplom/contracts/safe/safe_177_SAFE.sol:462:3: Warning: Defining constructors as functions with the same name as the contract is deprecated. Use "constructor(...) { ... }" instead.
  function EvaCurrency(string _name, string _symbol) public {
  ^ (Relevant source part starts here and spans across multiple lines).
/home/andrei/Рабочий стол/Kursovaya/Diplom/contracts/safe/safe_177_SAFE.sol:74:5: Warning: Invoking events without "emit" prefix is deprecated.
    OwnershipTransferred(owner, newOwner);
    ^-----------------------------------^
/home/andrei/Рабочий стол/Kursovaya/Diplom/contracts/safe/safe_177_SAFE.sol:102:5: Warning: Invoking events without "emit" prefix is deprecated.
    OwnershipTransferred(owner, pendingOwner);
    ^---------------------------------------^
/home/andrei/Рабочий стол/Kursovaya/Diplom/contracts/safe/safe_177_SAFE.sol:374:5: Warning: Invoking events without "emit" prefix is deprecated.
    RefillCommisionIsChanged(_paySystem, _stat, _perc);
    ^------------------------------------------------^
/home/andrei/Рабочий стол/Kursovaya/Diplom/contracts/safe/safe_177_SAFE.sol:382:5: Warning: Invoking events without "emit" prefix is deprecated.
    WidthrawCommisionIsChanged(_paySystem, _stat, _perc);
    ^--------------------------------------------------^
/home/andrei/Рабочий стол/Kursovaya/Diplom/contracts/safe/safe_177_SAFE.sol:390:5: Warning: Invoking events without "emit" prefix is deprecated.
    TransferCommisionIsChanged(_stat, _perc);
    ^--------------------------------------^
/home/andrei/Рабочий стол/Kursovaya/Diplom/contracts/safe/safe_177_SAFE.sol:519:5: Warning: Invoking events without "emit" prefix is deprecated.
    Burn(sender, resultAmount);
    ^------------------------^
/home/andrei/Рабочий стол/Kursovaya/Diplom/contracts/safe/safe_177_SAFE.sol:536:7: Warning: Invoking events without "emit" prefix is deprecated.
      Mint(_to, resultAmount);
      ^---------------------^
/home/andrei/Рабочий стол/Kursovaya/Diplom/contracts/safe/safe_177_SAFE.sol:540:68: Warning: Unused function parameter. Remove or comment out the variable name to silence this warning.
  function changeStaker(address _staker) onlyOwner public returns (bool success) {
                                                                   ^----------^
/home/andrei/Рабочий стол/Kursovaya/Diplom/contracts/safe/safe_177_SAFE.sol:544:3: Warning: Function state mutability can be restricted to pure
  function getNullAddress() public view returns (address) {
  ^ (Relevant source part starts here and spans across multiple lines).


Detector: reentrancy-no-eth
Reentrancy in EvaCurrency.transferOnBehalf(address,uint256,uint256,uint8,bytes32,bytes32) (contracts/safe/safe_177_SAFE.sol#483-501):
	External calls:
	- fee = comissionList.calcTransfer(_amount) (contracts/safe/safe_177_SAFE.sol#492)
	State variables written after the call(s):
	- balances[sender] = balances[sender].sub(_amount) (contracts/safe/safe_177_SAFE.sol#495)
	BasicToken.balances (contracts/safe/safe_177_SAFE.sol#178) can be used in cross function reentrancies:
	- BurnableToken._burn(address,uint256) (contracts/safe/safe_177_SAFE.sol#228-237)
	- BasicToken.balanceOf(address) (contracts/safe/safe_177_SAFE.sol#209-211)
	- BasicToken.balances (contracts/safe/safe_177_SAFE.sol#178)
	- EvaCurrency.refill(address,uint256,string) (contracts/safe/safe_177_SAFE.sol#525-538)
	- BasicToken.transfer(address,uint256) (contracts/safe/safe_177_SAFE.sol#194-202)
	- StandardToken.transferFrom(address,address,uint256) (contracts/safe/safe_177_SAFE.sol#251-261)
	- EvaCurrency.transferOnBehalf(address,uint256,uint256,uint8,bytes32,bytes32) (contracts/safe/safe_177_SAFE.sol#483-501)
	- EvaCurrency.withdrawOnBehalf(uint256,string,uint256,uint8,bytes32,bytes32) (contracts/safe/safe_177_SAFE.sol#503-521)
	- balances[_to] = balances[_to].add(resultAmount) (contracts/safe/safe_177_SAFE.sol#496)
	BasicToken.balances (contracts/safe/safe_177_SAFE.sol#178) can be used in cross function reentrancies:
	- BurnableToken._burn(address,uint256) (contracts/safe/safe_177_SAFE.sol#228-237)
	- BasicToken.balanceOf(address) (contracts/safe/safe_177_SAFE.sol#209-211)
	- BasicToken.balances (contracts/safe/safe_177_SAFE.sol#178)
	- EvaCurrency.refill(address,uint256,string) (contracts/safe/safe_177_SAFE.sol#525-538)
	- BasicToken.transfer(address,uint256) (contracts/safe/safe_177_SAFE.sol#194-202)
	- StandardToken.transferFrom(address,address,uint256) (contracts/safe/safe_177_SAFE.sol#251-261)
	- EvaCurrency.transferOnBehalf(address,uint256,uint256,uint8,bytes32,bytes32) (contracts/safe/safe_177_SAFE.sol#483-501)
	- EvaCurrency.withdrawOnBehalf(uint256,string,uint256,uint8,bytes32,bytes32) (contracts/safe/safe_177_SAFE.sol#503-521)
	- balances[staker] = balances[staker].add(fee) (contracts/safe/safe_177_SAFE.sol#497)
	BasicToken.balances (contracts/safe/safe_177_SAFE.sol#178) can be used in cross function reentrancies:
	- BurnableToken._burn(address,uint256) (contracts/safe/safe_177_SAFE.sol#228-237)
	- BasicToken.balanceOf(address) (contracts/safe/safe_177_SAFE.sol#209-211)
	- BasicToken.balances (contracts/safe/safe_177_SAFE.sol#178)
	- EvaCurrency.refill(address,uint256,string) (contracts/safe/safe_177_SAFE.sol#525-538)
	- BasicToken.transfer(address,uint256) (contracts/safe/safe_177_SAFE.sol#194-202)
	- StandardToken.transferFrom(address,address,uint256) (contracts/safe/safe_177_SAFE.sol#251-261)
	- EvaCurrency.transferOnBehalf(address,uint256,uint256,uint8,bytes32,bytes32) (contracts/safe/safe_177_SAFE.sol#483-501)
	- EvaCurrency.withdrawOnBehalf(uint256,string,uint256,uint8,bytes32,bytes32) (contracts/safe/safe_177_SAFE.sol#503-521)
	- lastUsedNonce[sender] = _nonce (contracts/safe/safe_177_SAFE.sol#498)
	EvaCurrency.lastUsedNonce (contracts/safe/safe_177_SAFE.sol#456) can be used in cross function reentrancies:
	- EvaCurrency.transferOnBehalf(address,uint256,uint256,uint8,bytes32,bytes32) (contracts/safe/safe_177_SAFE.sol#483-501)
	- EvaCurrency.withdrawOnBehalf(uint256,string,uint256,uint8,bytes32,bytes32) (contracts/safe/safe_177_SAFE.sol#503-521)
Reentrancy in EvaCurrency.withdrawOnBehalf(uint256,string,uint256,uint8,bytes32,bytes32) (contracts/safe/safe_177_SAFE.sol#503-521):
	External calls:
	- fee = comissionList.calcWidthraw(_paySystem,_amount) (contracts/safe/safe_177_SAFE.sol#512)
	State variables written after the call(s):
	- balances[sender] = balances[sender].sub(_amount) (contracts/safe/safe_177_SAFE.sol#515)
	BasicToken.balances (contracts/safe/safe_177_SAFE.sol#178) can be used in cross function reentrancies:
	- BurnableToken._burn(address,uint256) (contracts/safe/safe_177_SAFE.sol#228-237)
	- BasicToken.balanceOf(address) (contracts/safe/safe_177_SAFE.sol#209-211)
	- BasicToken.balances (contracts/safe/safe_177_SAFE.sol#178)
	- EvaCurrency.refill(address,uint256,string) (contracts/safe/safe_177_SAFE.sol#525-538)
	- BasicToken.transfer(address,uint256) (contracts/safe/safe_177_SAFE.sol#194-202)
	- StandardToken.transferFrom(address,address,uint256) (contracts/safe/safe_177_SAFE.sol#251-261)
	- EvaCurrency.transferOnBehalf(address,uint256,uint256,uint8,bytes32,bytes32) (contracts/safe/safe_177_SAFE.sol#483-501)
	- EvaCurrency.withdrawOnBehalf(uint256,string,uint256,uint8,bytes32,bytes32) (contracts/safe/safe_177_SAFE.sol#503-521)
	- balances[staker] = balances[staker].add(fee) (contracts/safe/safe_177_SAFE.sol#516)
	BasicToken.balances (contracts/safe/safe_177_SAFE.sol#178) can be used in cross function reentrancies:
	- BurnableToken._burn(address,uint256) (contracts/safe/safe_177_SAFE.sol#228-237)
	- BasicToken.balanceOf(address) (contracts/safe/safe_177_SAFE.sol#209-211)
	- BasicToken.balances (contracts/safe/safe_177_SAFE.sol#178)
	- EvaCurrency.refill(address,uint256,string) (contracts/safe/safe_177_SAFE.sol#525-538)
	- BasicToken.transfer(address,uint256) (contracts/safe/safe_177_SAFE.sol#194-202)
	- StandardToken.transferFrom(address,address,uint256) (contracts/safe/safe_177_SAFE.sol#251-261)
	- EvaCurrency.transferOnBehalf(address,uint256,uint256,uint8,bytes32,bytes32) (contracts/safe/safe_177_SAFE.sol#483-501)
	- EvaCurrency.withdrawOnBehalf(uint256,string,uint256,uint8,bytes32,bytes32) (contracts/safe/safe_177_SAFE.sol#503-521)
Reference: https://github.com/crytic/slither/wiki/Detector-Documentation#reentrancy-vulnerabilities-2
/home/andrei/Рабочий стол/Kursovaya/Diplom/contracts/safe/safe_177_SAFE.sol analyzed (12 contracts with 2 detectors), 2 result(s) found
