'solc --version' running
'solc /home/andrei/Рабочий стол/Kursovaya/Diplom/contracts/safe/safe_278_SAFE.sol --combined-json abi,ast,bin,bin-runtime,srcmap,srcmap-runtime,userdoc,devdoc,hashes,compact-format --allow-paths .,/home/andrei/Рабочий стол/Kursovaya/Diplom/contracts/safe' running

Detector: reentrancy-no-eth
Reentrancy in CretICO.finishIco() (contracts/safe/safe_278_SAFE.sol#457-467):
	External calls:
	- CRET.mintTokens(TeamFund,teamTokens) (contracts/safe/safe_278_SAFE.sol#461)
	- CRET.mintTokens(TeamFund2,teamTokens) (contracts/safe/safe_278_SAFE.sol#462)
	State variables written after the call(s):
	- statusICO = StatusICO.IcoFinished (contracts/safe/safe_278_SAFE.sol#463)
	CretICO.statusICO (contracts/safe/safe_278_SAFE.sol#323) can be used in cross function reentrancies:
	- CretICO.buyForInvestor(address,uint256) (contracts/safe/safe_278_SAFE.sol#520-538)
	- CretICO.buyPreIco() (contracts/safe/safe_278_SAFE.sol#510-516)
	- CretICO.constructor(address,address,address,address,address) (contracts/safe/safe_278_SAFE.sol#270-285)
	- CretICO.currentStage() (contracts/safe/safe_278_SAFE.sol#401-407)
	- CretICO.disableTokensTransfer() (contracts/safe/safe_278_SAFE.sol#480-483)
	- CretICO.finishIco() (contracts/safe/safe_278_SAFE.sol#457-467)
	- CretICO.finishPreIco() (contracts/safe/safe_278_SAFE.sol#432-436)
	- CretICO.setIco() (contracts/safe/safe_278_SAFE.sol#446-451)
	- CretICO.startPreIco() (contracts/safe/safe_278_SAFE.sol#422-426)
Reference: https://github.com/crytic/slither/wiki/Detector-Documentation#reentrancy-vulnerabilities-2
/home/andrei/Рабочий стол/Kursovaya/Diplom/contracts/safe/safe_278_SAFE.sol analyzed (4 contracts with 2 detectors), 1 result(s) found
