'solc --version' running
'solc /home/andrei/Рабочий стол/Kursovaya/Diplom/contracts/safe/safe_152_SAFE.sol --combined-json abi,ast,bin,bin-runtime,srcmap,srcmap-runtime,userdoc,devdoc,hashes,compact-format --allow-paths .,/home/andrei/Рабочий стол/Kursovaya/Diplom/contracts/safe' running
Compilation warnings/errors on /home/andrei/Рабочий стол/Kursovaya/Diplom/contracts/safe/safe_152_SAFE.sol:
/home/andrei/Рабочий стол/Kursovaya/Diplom/contracts/safe/safe_152_SAFE.sol:46:23: Warning: Unused function parameter. Remove or comment out the variable name to silence this warning.
    function withdraw(uint tokenCount) public returns (bool) {
                      ^-------------^


Detector: divide-before-multiply
RfsCoin.buy() (contracts/safe/safe_152_SAFE.sol#137-171) performs a multiplication on the result of a division:
	- holderreward = (PRECISION - (reserve() + numEther) * numTokens * PRECISION / (totalSupply + numTokens) / numEther) * uint256(CRRD) / uint256(CRRD - CRRN) (contracts/safe/safe_152_SAFE.sol#152-154)
	- holderfee = fee * holderreward (contracts/safe/safe_152_SAFE.sol#155)
RfsCoin.fixedLog(uint256) (contracts/safe/safe_152_SAFE.sol#207-225) performs a multiplication on the result of a division:
	- s = ((int256(a) - one) * one) / (int256(a) + one) (contracts/safe/safe_152_SAFE.sol#217)
	- z = (s * s) / one (contracts/safe/safe_152_SAFE.sol#221)
RfsCoin.fixedLog(uint256) (contracts/safe/safe_152_SAFE.sol#207-225) performs a multiplication on the result of a division:
	- s = ((int256(a) - one) * one) / (int256(a) + one) (contracts/safe/safe_152_SAFE.sol#217)
	- scale * ln2 + (s * (c1 + (z * (c3 + (z * (c5 + (z * (c7 + (z * (c9 + (z * c11 / one)) / one)) / one)) / one)) / one)) / one) (contracts/safe/safe_152_SAFE.sol#222-224)
RfsCoin.fixedExp(int256) (contracts/safe/safe_152_SAFE.sol#232-247) performs a multiplication on the result of a division:
	- z = (a * a) / one (contracts/safe/safe_152_SAFE.sol#238)
	- R = (int256(2) * one) + (z * (c2 + (z * (c4 + (z * (c6 + (z * c8 / one)) / one)) / one)) / one) (contracts/safe/safe_152_SAFE.sol#239-240)
Reference: https://github.com/crytic/slither/wiki/Detector-Documentation#divide-before-multiply

Detector: incorrect-equality
RfsCoin.getEtherForTokens(uint256) (contracts/safe/safe_152_SAFE.sol#189-193) uses a dangerous strict equality:
	- tokens == totalSupply (contracts/safe/safe_152_SAFE.sol#190)
Reference: https://github.com/crytic/slither/wiki/Detector-Documentation#dangerous-strict-equalities
/home/andrei/Рабочий стол/Kursovaya/Diplom/contracts/safe/safe_152_SAFE.sol analyzed (1 contracts with 2 detectors), 5 result(s) found
