'solc --version' running
'solc /home/andrei/Рабочий стол/Kursovaya/Diplom/contracts/safe/safe_192_SAFE.sol --combined-json abi,ast,bin,bin-runtime,srcmap,srcmap-runtime,userdoc,devdoc,hashes,compact-format --allow-paths .,/home/andrei/Рабочий стол/Kursovaya/Diplom/contracts/safe' running

Detector: divide-before-multiply
Fomo60Min.getPlayerVaultsHelper(uint256,uint256) (contracts/safe/safe_192_SAFE.sol#749-755) performs a multiplication on the result of a division:
	- (((((round_[_rID].mask).add(((((round_[_rID].pot).mul(potSplit_[round_[_rID].team].gen)) / 100).mul(1000000000000000000)) / (round_[_rID].keys))).mul(plyrRnds_[_pID][_rID].keys)) / 1000000000000000000)) (contracts/safe/safe_192_SAFE.sol#754)
Fomo60Min.endRound(F3Ddatasets.EventReturns) (contracts/safe/safe_192_SAFE.sol#1236-1297) performs a multiplication on the result of a division:
	- _gen = (_pot.mul(potSplit_[_winTID].gen)) / 100 (contracts/safe/safe_192_SAFE.sol#1254)
	- _ppt = (_gen.mul(1000000000000000000)) / (round_[_rID].keys) (contracts/safe/safe_192_SAFE.sol#1259)
Fomo60Min.endRound(F3Ddatasets.EventReturns) (contracts/safe/safe_192_SAFE.sol#1236-1297) performs a multiplication on the result of a division:
	- _ppt = (_gen.mul(1000000000000000000)) / (round_[_rID].keys) (contracts/safe/safe_192_SAFE.sol#1259)
	- _dust = _gen.sub((_ppt.mul(round_[_rID].keys)) / 1000000000000000000) (contracts/safe/safe_192_SAFE.sol#1260)
Fomo60Min.updateTimer(uint256,uint256) (contracts/safe/safe_192_SAFE.sol#1318-1336) performs a multiplication on the result of a division:
	- _newTime = (((_keys) / (1000000000000000000)).mul(rndInc_)).add(round_[_rID].end) (contracts/safe/safe_192_SAFE.sol#1329)
Fomo60Min.updateTimer(uint256,uint256) (contracts/safe/safe_192_SAFE.sol#1318-1336) performs a multiplication on the result of a division:
	- _newTime = (((_keys) / (1000000000000000000)).mul(rndInc_)).add(_now) (contracts/safe/safe_192_SAFE.sol#1327)
Fomo60Min.airdrop() (contracts/safe/safe_192_SAFE.sol#1343-1362) performs a multiplication on the result of a division:
	- (seed - ((seed / 1000) * 1000)) < airDropTracker_ (contracts/safe/safe_192_SAFE.sol#1358)
Fomo60Min.updateMasks(uint256,uint256,uint256,uint256) (contracts/safe/safe_192_SAFE.sol#1471-1497) performs a multiplication on the result of a division:
	- _ppt = (_gen.mul(1000000000000000000)) / (round_[_rID].keys) (contracts/safe/safe_192_SAFE.sol#1487)
	- _pearn = (_ppt.mul(_keys)) / (1000000000000000000) (contracts/safe/safe_192_SAFE.sol#1492)
Fomo60Min.updateMasks(uint256,uint256,uint256,uint256) (contracts/safe/safe_192_SAFE.sol#1471-1497) performs a multiplication on the result of a division:
	- _ppt = (_gen.mul(1000000000000000000)) / (round_[_rID].keys) (contracts/safe/safe_192_SAFE.sol#1487)
	- (_gen.sub((_ppt.mul(round_[_rID].keys)) / (1000000000000000000))) (contracts/safe/safe_192_SAFE.sol#1496)
Reference: https://github.com/crytic/slither/wiki/Detector-Documentation#divide-before-multiply
/home/andrei/Рабочий стол/Kursovaya/Diplom/contracts/safe/safe_192_SAFE.sol analyzed (8 contracts with 2 detectors), 8 result(s) found
