'solc --version' running
'solc /home/andrei/Рабочий стол/Kursovaya/Diplom/contracts/safe/safe_285_SAFE.sol --combined-json abi,ast,bin,bin-runtime,srcmap,srcmap-runtime,userdoc,devdoc,hashes,compact-format --allow-paths .,/home/andrei/Рабочий стол/Kursovaya/Diplom/contracts/safe' running
Compilation warnings/errors on /home/andrei/Рабочий стол/Kursovaya/Diplom/contracts/safe/safe_285_SAFE.sol:
/home/andrei/Рабочий стол/Kursovaya/Diplom/contracts/safe/safe_285_SAFE.sol:457:7: Warning: Failure condition of 'send' ignored. Consider using 'transfer' instead.
      _beneficiary.send(left);
      ^---------------------^
/home/andrei/Рабочий стол/Kursovaya/Diplom/contracts/safe/safe_285_SAFE.sol:617:5: Warning: Failure condition of 'send' ignored. Consider using 'transfer' instead.
    msg.sender.send(investment);
    ^-------------------------^
/home/andrei/Рабочий стол/Kursovaya/Diplom/contracts/safe/safe_285_SAFE.sol:690:34: Warning: Using contract member "balance" inherited from the address type is deprecated. Convert the contract to "address" type to access the member, for example use "address(contract).balance" instead.
    uint256 value = approved.mul(this.balance).div(inCirculation);
                                 ^----------^
/home/andrei/Рабочий стол/Kursovaya/Diplom/contracts/safe/safe_285_SAFE.sol:693:5: Warning: Failure condition of 'send' ignored. Consider using 'transfer' instead.
    msg.sender.send(value);
    ^--------------------^
/home/andrei/Рабочий стол/Kursovaya/Diplom/contracts/safe/safe_285_SAFE.sol:502:5: Warning: Unused function parameter. Remove or comment out the variable name to silence this warning.
    address _beneficiary,
    ^------------------^
/home/andrei/Рабочий стол/Kursovaya/Diplom/contracts/safe/safe_285_SAFE.sol:503:5: Warning: Unused function parameter. Remove or comment out the variable name to silence this warning.
    uint256 _weiAmount
    ^----------------^
/home/andrei/Рабочий стол/Kursovaya/Diplom/contracts/safe/safe_285_SAFE.sol:540:5: Warning: Unused function parameter. Remove or comment out the variable name to silence this warning.
    address _beneficiary,
    ^------------------^
/home/andrei/Рабочий стол/Kursovaya/Diplom/contracts/safe/safe_285_SAFE.sol:541:5: Warning: Unused function parameter. Remove or comment out the variable name to silence this warning.
    uint256 _weiAmount,
    ^----------------^
/home/andrei/Рабочий стол/Kursovaya/Diplom/contracts/safe/safe_285_SAFE.sol:542:5: Warning: Unused function parameter. Remove or comment out the variable name to silence this warning.
    uint256 _tokens
    ^-------------^
/home/andrei/Рабочий стол/Kursovaya/Diplom/contracts/safe/safe_285_SAFE.sol:486:3: Warning: Function state mutability can be restricted to pure
  function _preValidatePurchase(
  ^ (Relevant source part starts here and spans across multiple lines).
/home/andrei/Рабочий стол/Kursovaya/Diplom/contracts/safe/safe_285_SAFE.sol:501:3: Warning: Function state mutability can be restricted to pure
  function _postValidatePurchase(
  ^ (Relevant source part starts here and spans across multiple lines).
/home/andrei/Рабочий стол/Kursovaya/Diplom/contracts/safe/safe_285_SAFE.sol:539:3: Warning: Function state mutability can be restricted to pure
  function _updatePurchasingState(
  ^ (Relevant source part starts here and spans across multiple lines).


Detector: arbitrary-send-eth
DaonomicCrowdsale.buyTokens(address) (contracts/safe/safe_285_SAFE.sol#446-475) sends eth to arbitrary user
	Dangerous calls:
	- _beneficiary.send(left) (contracts/safe/safe_285_SAFE.sol#457)
WgdSale.buyback() (contracts/safe/safe_285_SAFE.sol#685-695) sends eth to arbitrary user
	Dangerous calls:
	- msg.sender.send(value) (contracts/safe/safe_285_SAFE.sol#693)
Reference: https://github.com/crytic/slither/wiki/Detector-Documentation#functions-that-send-ether-to-arbitrary-destinations

Detector: arbitrary-send-erc20
SafeERC20.safeTransferFrom(ERC20,address,address,uint256) (contracts/safe/safe_285_SAFE.sol#49-58) uses arbitrary from in transferFrom: require(bool)(token.transferFrom(from,to,value)) (contracts/safe/safe_285_SAFE.sol#57)
Reference: https://github.com/crytic/slither/wiki/Detector-Documentation#arbitrary-from-in-transferfrom
/home/andrei/Рабочий стол/Kursovaya/Diplom/contracts/safe/safe_285_SAFE.sol analyzed (15 contracts with 5 detectors), 3 result(s) found
