'solc --version' running
'solc /home/andrei/Рабочий стол/Kursovaya/Diplom/contracts/safe/safe_159_SAFE.sol --combined-json abi,ast,bin,bin-runtime,srcmap,srcmap-runtime,userdoc,devdoc,hashes,compact-format --allow-paths .,/home/andrei/Рабочий стол/Kursovaya/Diplom/contracts/safe' running

Detector: unused-return
CryptoSagaCorrectedHeroStats.getCorrectedStats(uint256) (contracts/safe/safe_159_SAFE.sol#1351-1365) ignores return value by (None,None,_currentLevel,_currentExp,None,None,_currentStats,_ivs,None) = heroContract.getHeroInfo(_tokenId) (contracts/safe/safe_159_SAFE.sol#1355)
CryptoSagaCorrectedHeroStats.getCorrectedTotalBPOfAddress(address) (contracts/safe/safe_159_SAFE.sol#1368-1387) ignores return value by (None,None,_currentLevel,None,None,None,_currentStats,_ivs,None) = heroContract.getHeroInfo(heroContract.getTokenIdOfAddressAndIndex(_address,i)) (contracts/safe/safe_159_SAFE.sol#1377)
CryptoSagaCorrectedHeroStats.getCorrectedTotalBPOfTokens(uint256[]) (contracts/safe/safe_159_SAFE.sol#1390-1407) ignores return value by (None,None,_currentLevel,None,None,None,_currentStats,_ivs,None) = heroContract.getHeroInfo(_tokens[i]) (contracts/safe/safe_159_SAFE.sol#1397)
CryptoSagaDungeonVer1.enterDungeon(uint256[4],uint32) (contracts/safe/safe_159_SAFE.sol#1713-1996) ignores return value by (_playRecord.unitLevels[0],_turnInfo.originalExps[0],_unitStats[0],None,None) = correctedHeroContract.getCorrectedStats(_tokenIds[0]) (contracts/safe/safe_159_SAFE.sol#1766)
CryptoSagaDungeonVer1.enterDungeon(uint256[4],uint32) (contracts/safe/safe_159_SAFE.sol#1713-1996) ignores return value by (None,None,None,None,_unitTypesAuras[0][0],None,_unitTypesAuras[0][1],None,None,None) = heroContract.getClassInfo(_playRecord.unitClassIds[0]) (contracts/safe/safe_159_SAFE.sol#1767)
CryptoSagaDungeonVer1.enterDungeon(uint256[4],uint32) (contracts/safe/safe_159_SAFE.sol#1713-1996) ignores return value by (_playRecord.unitLevels[1],_turnInfo.originalExps[1],_unitStats[1],None,None) = correctedHeroContract.getCorrectedStats(_tokenIds[1]) (contracts/safe/safe_159_SAFE.sol#1771)
CryptoSagaDungeonVer1.enterDungeon(uint256[4],uint32) (contracts/safe/safe_159_SAFE.sol#1713-1996) ignores return value by (None,None,None,None,_unitTypesAuras[1][0],None,_unitTypesAuras[1][1],None,None,None) = heroContract.getClassInfo(_playRecord.unitClassIds[1]) (contracts/safe/safe_159_SAFE.sol#1772)
CryptoSagaDungeonVer1.enterDungeon(uint256[4],uint32) (contracts/safe/safe_159_SAFE.sol#1713-1996) ignores return value by (_playRecord.unitLevels[2],_turnInfo.originalExps[2],_unitStats[2],None,None) = correctedHeroContract.getCorrectedStats(_tokenIds[2]) (contracts/safe/safe_159_SAFE.sol#1776)
CryptoSagaDungeonVer1.enterDungeon(uint256[4],uint32) (contracts/safe/safe_159_SAFE.sol#1713-1996) ignores return value by (None,None,None,None,_unitTypesAuras[2][0],None,_unitTypesAuras[2][1],None,None,None) = heroContract.getClassInfo(_playRecord.unitClassIds[2]) (contracts/safe/safe_159_SAFE.sol#1777)
CryptoSagaDungeonVer1.enterDungeon(uint256[4],uint32) (contracts/safe/safe_159_SAFE.sol#1713-1996) ignores return value by (_playRecord.unitLevels[3],_turnInfo.originalExps[3],_unitStats[3],None,None) = correctedHeroContract.getCorrectedStats(_tokenIds[3]) (contracts/safe/safe_159_SAFE.sol#1781)
CryptoSagaDungeonVer1.enterDungeon(uint256[4],uint32) (contracts/safe/safe_159_SAFE.sol#1713-1996) ignores return value by (None,None,None,None,_unitTypesAuras[3][0],None,_unitTypesAuras[3][1],None,None,None) = heroContract.getClassInfo(_playRecord.unitClassIds[3]) (contracts/safe/safe_159_SAFE.sol#1782)
CryptoSagaDungeonVer1.enterDungeon(uint256[4],uint32) (contracts/safe/safe_159_SAFE.sol#1713-1996) ignores return value by (None,None,None,None,_unitTypesAuras[4][0],None,_unitTypesAuras[4][1],_tmpEnemyBaseStatsAndIVs[0],_tmpEnemyBaseStatsAndIVs[4],None) = heroContract.getClassInfo(_enemyCombination.enemySlotClassIds[0]) (contracts/safe/safe_159_SAFE.sol#1796)
CryptoSagaDungeonVer1.enterDungeon(uint256[4],uint32) (contracts/safe/safe_159_SAFE.sol#1713-1996) ignores return value by (None,None,None,None,_unitTypesAuras[5][0],None,_unitTypesAuras[5][1],_tmpEnemyBaseStatsAndIVs[1],_tmpEnemyBaseStatsAndIVs[5],None) = heroContract.getClassInfo(_enemyCombination.enemySlotClassIds[1]) (contracts/safe/safe_159_SAFE.sol#1797)
CryptoSagaDungeonVer1.enterDungeon(uint256[4],uint32) (contracts/safe/safe_159_SAFE.sol#1713-1996) ignores return value by (None,None,None,None,_unitTypesAuras[6][0],None,_unitTypesAuras[6][1],_tmpEnemyBaseStatsAndIVs[2],_tmpEnemyBaseStatsAndIVs[6],None) = heroContract.getClassInfo(_enemyCombination.enemySlotClassIds[2]) (contracts/safe/safe_159_SAFE.sol#1798)
CryptoSagaDungeonVer1.enterDungeon(uint256[4],uint32) (contracts/safe/safe_159_SAFE.sol#1713-1996) ignores return value by (None,None,None,None,_unitTypesAuras[7][0],None,_unitTypesAuras[7][1],_tmpEnemyBaseStatsAndIVs[3],_tmpEnemyBaseStatsAndIVs[7],None) = heroContract.getClassInfo(_enemyCombination.enemySlotClassIds[3]) (contracts/safe/safe_159_SAFE.sol#1799)
CryptoSagaDungeonVer1.enterDungeon(uint256[4],uint32) (contracts/safe/safe_159_SAFE.sol#1713-1996) ignores return value by heroContract.deploy(_tokenIds[0],locationId,coolHero) (contracts/safe/safe_159_SAFE.sol#1937)
CryptoSagaDungeonVer1.enterDungeon(uint256[4],uint32) (contracts/safe/safe_159_SAFE.sol#1713-1996) ignores return value by heroContract.deploy(_tokenIds[1],locationId,coolHero) (contracts/safe/safe_159_SAFE.sol#1939)
CryptoSagaDungeonVer1.enterDungeon(uint256[4],uint32) (contracts/safe/safe_159_SAFE.sol#1713-1996) ignores return value by heroContract.deploy(_tokenIds[2],locationId,coolHero) (contracts/safe/safe_159_SAFE.sol#1941)
CryptoSagaDungeonVer1.enterDungeon(uint256[4],uint32) (contracts/safe/safe_159_SAFE.sol#1713-1996) ignores return value by heroContract.deploy(_tokenIds[3],locationId,coolHero) (contracts/safe/safe_159_SAFE.sol#1943)
CryptoSagaDungeonVer1.checkOwnershipAndAvailability(address,uint256[4]) (contracts/safe/safe_159_SAFE.sol#1999-2024) ignores return value by (None,None,None,None,None,_heroAvailAts[0],None,None,None) = heroContract.getHeroInfo(_tokenIds[0]) (contracts/safe/safe_159_SAFE.sol#2008)
CryptoSagaDungeonVer1.checkOwnershipAndAvailability(address,uint256[4]) (contracts/safe/safe_159_SAFE.sol#1999-2024) ignores return value by (None,None,None,None,None,_heroAvailAts[1],None,None,None) = heroContract.getHeroInfo(_tokenIds[1]) (contracts/safe/safe_159_SAFE.sol#2010)
CryptoSagaDungeonVer1.checkOwnershipAndAvailability(address,uint256[4]) (contracts/safe/safe_159_SAFE.sol#1999-2024) ignores return value by (None,None,None,None,None,_heroAvailAts[2],None,None,None) = heroContract.getHeroInfo(_tokenIds[2]) (contracts/safe/safe_159_SAFE.sol#2012)
CryptoSagaDungeonVer1.checkOwnershipAndAvailability(address,uint256[4]) (contracts/safe/safe_159_SAFE.sol#1999-2024) ignores return value by (None,None,None,None,None,_heroAvailAts[3],None,None,None) = heroContract.getHeroInfo(_tokenIds[3]) (contracts/safe/safe_159_SAFE.sol#2014)
CryptoSagaDungeonVer1.giveReward(uint256[4],uint32,uint8,bool,uint32[4]) (contracts/safe/safe_159_SAFE.sol#2040-2075) ignores return value by goldContract.mint(msg.sender,_goldRewardGiven) (contracts/safe/safe_159_SAFE.sol#2062)
CryptoSagaDungeonVer1.giveReward(uint256[4],uint32,uint8,bool,uint32[4]) (contracts/safe/safe_159_SAFE.sol#2040-2075) ignores return value by heroContract.addExp(_heroes[0],uint32(2) ** 32 - _originalExps[0] + _expRewardGiven) (contracts/safe/safe_159_SAFE.sol#2066)
CryptoSagaDungeonVer1.giveReward(uint256[4],uint32,uint8,bool,uint32[4]) (contracts/safe/safe_159_SAFE.sol#2040-2075) ignores return value by heroContract.addExp(_heroes[1],uint32(2) ** 32 - _originalExps[1] + _expRewardGiven) (contracts/safe/safe_159_SAFE.sol#2068)
CryptoSagaDungeonVer1.giveReward(uint256[4],uint32,uint8,bool,uint32[4]) (contracts/safe/safe_159_SAFE.sol#2040-2075) ignores return value by heroContract.addExp(_heroes[2],uint32(2) ** 32 - _originalExps[2] + _expRewardGiven) (contracts/safe/safe_159_SAFE.sol#2070)
CryptoSagaDungeonVer1.giveReward(uint256[4],uint32,uint8,bool,uint32[4]) (contracts/safe/safe_159_SAFE.sol#2040-2075) ignores return value by heroContract.addExp(_heroes[3],uint32(2) ** 32 - _originalExps[3] + _expRewardGiven) (contracts/safe/safe_159_SAFE.sol#2072)
Reference: https://github.com/crytic/slither/wiki/Detector-Documentation#unused-return
/home/andrei/Рабочий стол/Kursovaya/Diplom/contracts/safe/safe_159_SAFE.sol analyzed (20 contracts with 5 detectors), 28 result(s) found
