'solc --version' running
'solc /home/andrei/Рабочий стол/Kursovaya/Diplom/contracts/safe/safe_284_SAFE.sol --combined-json abi,ast,bin,bin-runtime,srcmap,srcmap-runtime,userdoc,devdoc,hashes,compact-format --allow-paths .,/home/andrei/Рабочий стол/Kursovaya/Diplom/contracts/safe' running
Compilation warnings/errors on /home/andrei/Рабочий стол/Kursovaya/Diplom/contracts/safe/safe_284_SAFE.sol:
/home/andrei/Рабочий стол/Kursovaya/Diplom/contracts/safe/safe_284_SAFE.sol:95:9: Warning: "throw" is deprecated in favour of "revert()", "require()" and "assert()".
        throw;
        ^---^
/home/andrei/Рабочий стол/Kursovaya/Diplom/contracts/safe/safe_284_SAFE.sol:129:141: Warning: "throw" is deprecated in favour of "revert()", "require()" and "assert()".
        if(!_spender.call(bytes4(bytes32(sha3("receiveApproval(address,uint256,address,bytes)"))), msg.sender, _value, this, _extraData)) { throw; }
                                                                                                                                            ^---^
/home/andrei/Рабочий стол/Kursovaya/Diplom/contracts/safe/safe_284_SAFE.sol:6:46: Warning: Unused local variable
    function totalSupply() constant returns (uint256 supply) {}
                                             ^------------^
/home/andrei/Рабочий стол/Kursovaya/Diplom/contracts/safe/safe_284_SAFE.sol:10:24: Warning: Unused local variable
    function balanceOf(address _owner) constant returns (uint256 balance) {}
                       ^------------^
/home/andrei/Рабочий стол/Kursovaya/Diplom/contracts/safe/safe_284_SAFE.sol:10:58: Warning: Unused local variable
    function balanceOf(address _owner) constant returns (uint256 balance) {}
                                                         ^-------------^
/home/andrei/Рабочий стол/Kursovaya/Diplom/contracts/safe/safe_284_SAFE.sol:16:23: Warning: Unused local variable
    function transfer(address _to, uint256 _value) returns (bool success) {}
                      ^---------^
/home/andrei/Рабочий стол/Kursovaya/Diplom/contracts/safe/safe_284_SAFE.sol:16:36: Warning: Unused local variable
    function transfer(address _to, uint256 _value) returns (bool success) {}
                                   ^------------^
/home/andrei/Рабочий стол/Kursovaya/Diplom/contracts/safe/safe_284_SAFE.sol:16:61: Warning: Unused local variable
    function transfer(address _to, uint256 _value) returns (bool success) {}
                                                            ^----------^
/home/andrei/Рабочий стол/Kursovaya/Diplom/contracts/safe/safe_284_SAFE.sol:23:27: Warning: Unused local variable
    function transferFrom(address _from, address _to, uint256 _value) returns (bool success) {}
                          ^-----------^
/home/andrei/Рабочий стол/Kursovaya/Diplom/contracts/safe/safe_284_SAFE.sol:23:42: Warning: Unused local variable
    function transferFrom(address _from, address _to, uint256 _value) returns (bool success) {}
                                         ^---------^
/home/andrei/Рабочий стол/Kursovaya/Diplom/contracts/safe/safe_284_SAFE.sol:23:55: Warning: Unused local variable
    function transferFrom(address _from, address _to, uint256 _value) returns (bool success) {}
                                                      ^------------^
/home/andrei/Рабочий стол/Kursovaya/Diplom/contracts/safe/safe_284_SAFE.sol:23:80: Warning: Unused local variable
    function transferFrom(address _from, address _to, uint256 _value) returns (bool success) {}
                                                                               ^----------^
/home/andrei/Рабочий стол/Kursovaya/Diplom/contracts/safe/safe_284_SAFE.sol:29:22: Warning: Unused local variable
    function approve(address _spender, uint256 _value) returns (bool success) {}
                     ^--------------^
/home/andrei/Рабочий стол/Kursovaya/Diplom/contracts/safe/safe_284_SAFE.sol:29:40: Warning: Unused local variable
    function approve(address _spender, uint256 _value) returns (bool success) {}
                                       ^------------^
/home/andrei/Рабочий стол/Kursovaya/Diplom/contracts/safe/safe_284_SAFE.sol:29:65: Warning: Unused local variable
    function approve(address _spender, uint256 _value) returns (bool success) {}
                                                                ^----------^
/home/andrei/Рабочий стол/Kursovaya/Diplom/contracts/safe/safe_284_SAFE.sol:34:40: Warning: Unused local variable
    function allowance(address _owner, address _spender) constant returns (uint256 remaining) {}
                                       ^--------------^
/home/andrei/Рабочий стол/Kursovaya/Diplom/contracts/safe/safe_284_SAFE.sol:34:76: Warning: Unused local variable
    function allowance(address _owner, address _spender) constant returns (uint256 remaining) {}
                                                                           ^---------------^
/home/andrei/Рабочий стол/Kursovaya/Diplom/contracts/safe/safe_284_SAFE.sol:34:24: Warning: Unused local variable
    function allowance(address _owner, address _spender) constant returns (uint256 remaining) {}
                       ^------------^

/home/andrei/Рабочий стол/Kursovaya/Diplom/contracts/safe/safe_284_SAFE.sol analyzed (3 contracts with 5 detectors), 0 result(s) found
