'solc --version' running
'solc /home/andrei/Рабочий стол/Kursovaya/Diplom/contracts/safe/safe_181_SAFE.sol --combined-json abi,ast,bin,bin-runtime,srcmap,srcmap-runtime,userdoc,devdoc,hashes,compact-format --allow-paths .,/home/andrei/Рабочий стол/Kursovaya/Diplom/contracts/safe' running

Detector: reentrancy-no-eth
Reentrancy in lockEtherPay.lock() (contracts/safe/safe_181_SAFE.sol#87-93):
	External calls:
	- require(bool)(tokenBalance() > 0) (contracts/safe/safe_181_SAFE.sol#89)
		- token_reward.balanceOf(this) (contracts/safe/safe_181_SAFE.sol#84)
	State variables written after the call(s):
	- isLocked = true (contracts/safe/safe_181_SAFE.sol#92)
	lockEtherPay.isLocked (contracts/safe/safe_181_SAFE.sol#70) can be used in cross function reentrancies:
	- lockEtherPay.isLocked (contracts/safe/safe_181_SAFE.sol#70)
	- lockEtherPay.lock() (contracts/safe/safe_181_SAFE.sol#87-93)
	- lockEtherPay.release() (contracts/safe/safe_181_SAFE.sol#100-108)
Reentrancy in lockEtherPay.release() (contracts/safe/safe_181_SAFE.sol#100-108):
	External calls:
	- token_amount = tokenBalance() (contracts/safe/safe_181_SAFE.sol#104)
		- token_reward.balanceOf(this) (contracts/safe/safe_181_SAFE.sol#84)
	- token_reward.transfer(beneficiary,token_amount) (contracts/safe/safe_181_SAFE.sol#105)
	State variables written after the call(s):
	- isReleased = true (contracts/safe/safe_181_SAFE.sol#107)
	lockEtherPay.isReleased (contracts/safe/safe_181_SAFE.sol#71) can be used in cross function reentrancies:
	- lockEtherPay.isReleased (contracts/safe/safe_181_SAFE.sol#71)
	- lockEtherPay.release() (contracts/safe/safe_181_SAFE.sol#100-108)
Reference: https://github.com/crytic/slither/wiki/Detector-Documentation#reentrancy-vulnerabilities-2
/home/andrei/Рабочий стол/Kursovaya/Diplom/contracts/safe/safe_181_SAFE.sol analyzed (4 contracts with 2 detectors), 2 result(s) found
