'solc --version' running
'solc /home/andrei/Рабочий стол/Kursovaya/Diplom/contracts/safe/safe_198_SAFE.sol --combined-json abi,ast,bin,bin-runtime,srcmap,srcmap-runtime,userdoc,devdoc,hashes,compact-format --allow-paths .,/home/andrei/Рабочий стол/Kursovaya/Diplom/contracts/safe' running
Compilation warnings/errors on /home/andrei/Рабочий стол/Kursovaya/Diplom/contracts/safe/safe_198_SAFE.sol:
/home/andrei/Рабочий стол/Kursovaya/Diplom/contracts/safe/safe_198_SAFE.sol:1169:9: Warning: Return value of low-level calls not used.
        flushDivs.call.value(_POOH)(bytes4(keccak256("donate()")));  
        ^--------------------------------------------------------^
/home/andrei/Рабочий стол/Kursovaya/Diplom/contracts/safe/safe_198_SAFE.sol:1279:13: Warning: Return value of low-level calls not used.
            flushDivs.call.value(_POOH)(bytes4(keccak256("donate()")));
            ^--------------------------------------------------------^


Detector: timestamp
POOHMO.withdraw() (contracts/safe/safe_198_SAFE.sol#468-534) uses timestamp for comparisons
	Dangerous comparisons:
	- _now > round_[_rID].end && round_[_rID].ended == false && round_[_rID].plyr != 0 (contracts/safe/safe_198_SAFE.sol#486)
POOHMO.getBuyPrice() (contracts/safe/safe_198_SAFE.sol#616-632) uses timestamp for comparisons
	Dangerous comparisons:
	- _now > round_[_rID].strt + rndGap_ && (_now <= round_[_rID].end || (_now > round_[_rID].end && round_[_rID].plyr == 0)) (contracts/safe/safe_198_SAFE.sol#628)
POOHMO.getTimeLeft() (contracts/safe/safe_198_SAFE.sol#640-658) uses timestamp for comparisons
	Dangerous comparisons:
	- _now < round_[_rID].end (contracts/safe/safe_198_SAFE.sol#651)
	- _now > round_[_rID].strt + rndGap_ (contracts/safe/safe_198_SAFE.sol#652)
POOHMO.getPlayerVaults(uint256) (contracts/safe/safe_198_SAFE.sol#667-706) uses timestamp for comparisons
	Dangerous comparisons:
	- now > round_[_rID].end && round_[_rID].ended == false && round_[_rID].plyr != 0 (contracts/safe/safe_198_SAFE.sol#676)
POOHMO.buyCore(uint256,uint256,POOHMODatasets.EventReturns) (contracts/safe/safe_198_SAFE.sol#810-858) uses timestamp for comparisons
	Dangerous comparisons:
	- _now > round_[_rID].strt + rndGap_ && (_now <= round_[_rID].end || (_now > round_[_rID].end && round_[_rID].plyr == 0)) (contracts/safe/safe_198_SAFE.sol#820)
	- _now > round_[_rID].end && round_[_rID].ended == false (contracts/safe/safe_198_SAFE.sol#828)
POOHMO.reLoadCore(uint256,uint256,uint256,POOHMODatasets.EventReturns) (contracts/safe/safe_198_SAFE.sol#864-909) uses timestamp for comparisons
	Dangerous comparisons:
	- _now > round_[_rID].strt + rndGap_ && (_now <= round_[_rID].end || (_now > round_[_rID].end && round_[_rID].plyr == 0)) (contracts/safe/safe_198_SAFE.sol#874)
	- _now > round_[_rID].end && round_[_rID].ended == false (contracts/safe/safe_198_SAFE.sol#885)
POOHMO.calcKeysReceived(uint256,uint256) (contracts/safe/safe_198_SAFE.sol#993-1006) uses timestamp for comparisons
	Dangerous comparisons:
	- _now > round_[_rID].strt + rndGap_ && (_now <= round_[_rID].end || (_now > round_[_rID].end && round_[_rID].plyr == 0)) (contracts/safe/safe_198_SAFE.sol#1002)
POOHMO.iWantXKeys(uint256) (contracts/safe/safe_198_SAFE.sol#1014-1030) uses timestamp for comparisons
	Dangerous comparisons:
	- _now > round_[_rID].strt + rndGap_ && (_now <= round_[_rID].end || (_now > round_[_rID].end && round_[_rID].plyr == 0)) (contracts/safe/safe_198_SAFE.sol#1026)
POOHMO.updateTimer(uint256,uint256) (contracts/safe/safe_198_SAFE.sol#1221-1239) uses timestamp for comparisons
	Dangerous comparisons:
	- _now > round_[_rID].end && round_[_rID].plyr == 0 (contracts/safe/safe_198_SAFE.sol#1229)
	- _newTime < (rndMax_).add(_now) (contracts/safe/safe_198_SAFE.sol#1235)
Reference: https://github.com/crytic/slither/wiki/Detector-Documentation#block-timestamp

Detector: weak-prng
POOHMO.determineNextRoundLength() (contracts/safe/safe_198_SAFE.sol#1195-1199) uses a weak PRNG: "roundTime = uint256(keccak256()(abi.encodePacked(blockhash(uint256)(block.number - 1)))) % 6 (contracts/safe/safe_198_SAFE.sol#1197)" 
Reference: https://github.com/crytic/slither/wiki/Detector-Documentation#weak-PRNG
/home/andrei/Рабочий стол/Kursovaya/Diplom/contracts/safe/safe_198_SAFE.sol analyzed (7 contracts with 2 detectors), 10 result(s) found
