'solc --version' running
'solc /home/andrei/Рабочий стол/Kursovaya/Diplom/contracts/safe/safe_192_SAFE.sol --combined-json abi,ast,bin,bin-runtime,srcmap,srcmap-runtime,userdoc,devdoc,hashes,compact-format --allow-paths .,/home/andrei/Рабочий стол/Kursovaya/Diplom/contracts/safe' running

Detector: reentrancy-eth
Reentrancy in Fomo60Min.core(uint256,uint256,uint256,uint256,uint256,F3Ddatasets.EventReturns) (contracts/safe/safe_192_SAFE.sol#954-1061):
	External calls:
	- _eventData_ = distributeExternal(_rID,_pID,_eth,_affID,_team,_eventData_) (contracts/safe/safe_192_SAFE.sol#1055)
		- ! address(admin).call.value(_com)() (contracts/safe/safe_192_SAFE.sol#1377)
	State variables written after the call(s):
	- _eventData_ = distributeInternal(_rID,_pID,_eth,_team,_keys,_eventData_) (contracts/safe/safe_192_SAFE.sol#1056)
		- airDropPot_ = airDropPot_.add(_air) (contracts/safe/safe_192_SAFE.sol#1443)
	Fomo60Min.airDropPot_ (contracts/safe/safe_192_SAFE.sol#150) can be used in cross function reentrancies:
	- Fomo60Min.airDropPot_ (contracts/safe/safe_192_SAFE.sol#150)
	- Fomo60Min.core(uint256,uint256,uint256,uint256,uint256,F3Ddatasets.EventReturns) (contracts/safe/safe_192_SAFE.sol#954-1061)
	- Fomo60Min.distributeInternal(uint256,uint256,uint256,uint256,uint256,F3Ddatasets.EventReturns) (contracts/safe/safe_192_SAFE.sol#1434-1465)
	- Fomo60Min.endTx(uint256,uint256,uint256,uint256,F3Ddatasets.EventReturns) (contracts/safe/safe_192_SAFE.sol#1525-1548)
	- Fomo60Min.getCurrentRoundInfo() (contracts/safe/safe_192_SAFE.sol#775-800)
	- _eventData_ = distributeInternal(_rID,_pID,_eth,_team,_keys,_eventData_) (contracts/safe/safe_192_SAFE.sol#1056)
		- plyrRnds_[_pID][_rID].mask = (((round_[_rID].mask.mul(_keys)) / (1000000000000000000)).sub(_pearn)).add(plyrRnds_[_pID][_rID].mask) (contracts/safe/safe_192_SAFE.sol#1493)
	Fomo60Min.plyrRnds_ (contracts/safe/safe_192_SAFE.sol#159) can be used in cross function reentrancies:
	- Fomo60Min.calcUnMaskedEarnings(uint256,uint256) (contracts/safe/safe_192_SAFE.sol#1070-1076)
	- Fomo60Min.core(uint256,uint256,uint256,uint256,uint256,F3Ddatasets.EventReturns) (contracts/safe/safe_192_SAFE.sol#954-1061)
	- Fomo60Min.getPlayerInfoByAddress(address) (contracts/safe/safe_192_SAFE.sol#815-839)
	- Fomo60Min.getPlayerVaults(uint256) (contracts/safe/safe_192_SAFE.sol#705-744)
	- Fomo60Min.getPlayerVaultsHelper(uint256,uint256) (contracts/safe/safe_192_SAFE.sol#749-755)
	- Fomo60Min.plyrRnds_ (contracts/safe/safe_192_SAFE.sol#159)
	- Fomo60Min.updateGenVault(uint256,uint256) (contracts/safe/safe_192_SAFE.sol#1302-1313)
	- Fomo60Min.updateMasks(uint256,uint256,uint256,uint256) (contracts/safe/safe_192_SAFE.sol#1471-1497)
	- _eventData_ = distributeInternal(_rID,_pID,_eth,_team,_keys,_eventData_) (contracts/safe/safe_192_SAFE.sol#1056)
		- round_[_rID].mask = _ppt.add(round_[_rID].mask) (contracts/safe/safe_192_SAFE.sol#1488)
		- round_[_rID].pot = _pot.add(_dust).add(round_[_rID].pot) (contracts/safe/safe_192_SAFE.sol#1458)
	Fomo60Min.round_ (contracts/safe/safe_192_SAFE.sol#164) can be used in cross function reentrancies:
	- Fomo60Min.activate() (contracts/safe/safe_192_SAFE.sol#1557-1574)
	- Fomo60Min.buyCore(uint256,uint256,uint256,F3Ddatasets.EventReturns) (contracts/safe/safe_192_SAFE.sol#849-897)
	- Fomo60Min.calcKeysReceived(uint256,uint256) (contracts/safe/safe_192_SAFE.sol#1085-1098)
	- Fomo60Min.calcUnMaskedEarnings(uint256,uint256) (contracts/safe/safe_192_SAFE.sol#1070-1076)
	- Fomo60Min.core(uint256,uint256,uint256,uint256,uint256,F3Ddatasets.EventReturns) (contracts/safe/safe_192_SAFE.sol#954-1061)
	- Fomo60Min.distributeExternal(uint256,uint256,uint256,uint256,uint256,F3Ddatasets.EventReturns) (contracts/safe/safe_192_SAFE.sol#1367-1418)
	- Fomo60Min.distributeInternal(uint256,uint256,uint256,uint256,uint256,F3Ddatasets.EventReturns) (contracts/safe/safe_192_SAFE.sol#1434-1465)
	- Fomo60Min.endRound(F3Ddatasets.EventReturns) (contracts/safe/safe_192_SAFE.sol#1236-1297)
	- Fomo60Min.getBuyPrice() (contracts/safe/safe_192_SAFE.sol#654-670)
	- Fomo60Min.getCurrentRoundInfo() (contracts/safe/safe_192_SAFE.sol#775-800)
	- Fomo60Min.getPlayerVaults(uint256) (contracts/safe/safe_192_SAFE.sol#705-744)
	- Fomo60Min.getPlayerVaultsHelper(uint256,uint256) (contracts/safe/safe_192_SAFE.sol#749-755)
	- Fomo60Min.getTimeLeft() (contracts/safe/safe_192_SAFE.sol#678-696)
	- Fomo60Min.iWantXKeys(uint256) (contracts/safe/safe_192_SAFE.sol#1106-1122)
	- Fomo60Min.potSwap() (contracts/safe/safe_192_SAFE.sol#1420-1429)
	- Fomo60Min.reLoadCore(uint256,uint256,uint256,uint256,F3Ddatasets.EventReturns) (contracts/safe/safe_192_SAFE.sol#903-948)
	- Fomo60Min.round_ (contracts/safe/safe_192_SAFE.sol#164)
	- Fomo60Min.updateMasks(uint256,uint256,uint256,uint256) (contracts/safe/safe_192_SAFE.sol#1471-1497)
	- Fomo60Min.updateTimer(uint256,uint256) (contracts/safe/safe_192_SAFE.sol#1318-1336)
	- Fomo60Min.withdraw() (contracts/safe/safe_192_SAFE.sol#506-572)
Reference: https://github.com/crytic/slither/wiki/Detector-Documentation#reentrancy-vulnerabilities-1

Detector: reentrancy-no-eth
Reentrancy in Fomo60Min.buyXaddr(address,uint256) (contracts/safe/safe_192_SAFE.sol#298-337):
	External calls:
	- _eventData_ = determinePID(_eventData_) (contracts/safe/safe_192_SAFE.sol#306)
		- _pID = PlayerBook.getPlayerID(msg.sender) (contracts/safe/safe_192_SAFE.sol#1172)
		- _name = PlayerBook.getPlayerName(_pID) (contracts/safe/safe_192_SAFE.sol#1173)
		- _laff = PlayerBook.getPlayerLAff(_pID) (contracts/safe/safe_192_SAFE.sol#1174)
	State variables written after the call(s):
	- plyr_[_pID].laff = _affID (contracts/safe/safe_192_SAFE.sol#328)
	Fomo60Min.plyr_ (contracts/safe/safe_192_SAFE.sol#158) can be used in cross function reentrancies:
	- Fomo60Min.buyCore(uint256,uint256,uint256,F3Ddatasets.EventReturns) (contracts/safe/safe_192_SAFE.sol#849-897)
	- Fomo60Min.buyXaddr(address,uint256) (contracts/safe/safe_192_SAFE.sol#298-337)
	- Fomo60Min.buyXid(uint256,uint256) (contracts/safe/safe_192_SAFE.sol#265-296)
	- Fomo60Min.buyXname(bytes32,uint256) (contracts/safe/safe_192_SAFE.sol#339-378)
	- Fomo60Min.core(uint256,uint256,uint256,uint256,uint256,F3Ddatasets.EventReturns) (contracts/safe/safe_192_SAFE.sol#954-1061)
	- Fomo60Min.determinePID(F3Ddatasets.EventReturns) (contracts/safe/safe_192_SAFE.sol#1163-1194)
	- Fomo60Min.distributeExternal(uint256,uint256,uint256,uint256,uint256,F3Ddatasets.EventReturns) (contracts/safe/safe_192_SAFE.sol#1367-1418)
	- Fomo60Min.endRound(F3Ddatasets.EventReturns) (contracts/safe/safe_192_SAFE.sol#1236-1297)
	- Fomo60Min.endTx(uint256,uint256,uint256,uint256,F3Ddatasets.EventReturns) (contracts/safe/safe_192_SAFE.sol#1525-1548)
	- Fomo60Min.fallback() (contracts/safe/safe_192_SAFE.sol#240-255)
	- Fomo60Min.getCurrentRoundInfo() (contracts/safe/safe_192_SAFE.sol#775-800)
	- Fomo60Min.getPlayerInfoByAddress(address) (contracts/safe/safe_192_SAFE.sol#815-839)
	- Fomo60Min.getPlayerVaults(uint256) (contracts/safe/safe_192_SAFE.sol#705-744)
	- Fomo60Min.managePlayer(uint256,F3Ddatasets.EventReturns) (contracts/safe/safe_192_SAFE.sol#1215-1231)
	- Fomo60Min.plyr_ (contracts/safe/safe_192_SAFE.sol#158)
	- Fomo60Min.reLoadCore(uint256,uint256,uint256,uint256,F3Ddatasets.EventReturns) (contracts/safe/safe_192_SAFE.sol#903-948)
	- Fomo60Min.reLoadXaddr(address,uint256,uint256) (contracts/safe/safe_192_SAFE.sol#422-460)
	- Fomo60Min.reLoadXid(uint256,uint256,uint256) (contracts/safe/safe_192_SAFE.sol#390-420)
	- Fomo60Min.reLoadXname(bytes32,uint256,uint256) (contracts/safe/safe_192_SAFE.sol#462-500)
	- Fomo60Min.receivePlayerInfo(uint256,address,bytes32,uint256) (contracts/safe/safe_192_SAFE.sol#1130-1146)
	- Fomo60Min.registerNameXID(string,uint256,bool) (contracts/safe/safe_192_SAFE.sol#598-612)
	- Fomo60Min.registerNameXaddr(string,address,bool) (contracts/safe/safe_192_SAFE.sol#614-628)
	- Fomo60Min.registerNameXname(string,bytes32,bool) (contracts/safe/safe_192_SAFE.sol#630-644)
	- Fomo60Min.updateGenVault(uint256,uint256) (contracts/safe/safe_192_SAFE.sol#1302-1313)
	- Fomo60Min.withdraw() (contracts/safe/safe_192_SAFE.sol#506-572)
	- Fomo60Min.withdrawEarnings(uint256) (contracts/safe/safe_192_SAFE.sol#1503-1520)
Reentrancy in Fomo60Min.buyXid(uint256,uint256) (contracts/safe/safe_192_SAFE.sol#265-296):
	External calls:
	- _eventData_ = determinePID(_eventData_) (contracts/safe/safe_192_SAFE.sol#273)
		- _pID = PlayerBook.getPlayerID(msg.sender) (contracts/safe/safe_192_SAFE.sol#1172)
		- _name = PlayerBook.getPlayerName(_pID) (contracts/safe/safe_192_SAFE.sol#1173)
		- _laff = PlayerBook.getPlayerLAff(_pID) (contracts/safe/safe_192_SAFE.sol#1174)
	State variables written after the call(s):
	- plyr_[_pID].laff = _affCode (contracts/safe/safe_192_SAFE.sol#288)
	Fomo60Min.plyr_ (contracts/safe/safe_192_SAFE.sol#158) can be used in cross function reentrancies:
	- Fomo60Min.buyCore(uint256,uint256,uint256,F3Ddatasets.EventReturns) (contracts/safe/safe_192_SAFE.sol#849-897)
	- Fomo60Min.buyXaddr(address,uint256) (contracts/safe/safe_192_SAFE.sol#298-337)
	- Fomo60Min.buyXid(uint256,uint256) (contracts/safe/safe_192_SAFE.sol#265-296)
	- Fomo60Min.buyXname(bytes32,uint256) (contracts/safe/safe_192_SAFE.sol#339-378)
	- Fomo60Min.core(uint256,uint256,uint256,uint256,uint256,F3Ddatasets.EventReturns) (contracts/safe/safe_192_SAFE.sol#954-1061)
	- Fomo60Min.determinePID(F3Ddatasets.EventReturns) (contracts/safe/safe_192_SAFE.sol#1163-1194)
	- Fomo60Min.distributeExternal(uint256,uint256,uint256,uint256,uint256,F3Ddatasets.EventReturns) (contracts/safe/safe_192_SAFE.sol#1367-1418)
	- Fomo60Min.endRound(F3Ddatasets.EventReturns) (contracts/safe/safe_192_SAFE.sol#1236-1297)
	- Fomo60Min.endTx(uint256,uint256,uint256,uint256,F3Ddatasets.EventReturns) (contracts/safe/safe_192_SAFE.sol#1525-1548)
	- Fomo60Min.fallback() (contracts/safe/safe_192_SAFE.sol#240-255)
	- Fomo60Min.getCurrentRoundInfo() (contracts/safe/safe_192_SAFE.sol#775-800)
	- Fomo60Min.getPlayerInfoByAddress(address) (contracts/safe/safe_192_SAFE.sol#815-839)
	- Fomo60Min.getPlayerVaults(uint256) (contracts/safe/safe_192_SAFE.sol#705-744)
	- Fomo60Min.managePlayer(uint256,F3Ddatasets.EventReturns) (contracts/safe/safe_192_SAFE.sol#1215-1231)
	- Fomo60Min.plyr_ (contracts/safe/safe_192_SAFE.sol#158)
	- Fomo60Min.reLoadCore(uint256,uint256,uint256,uint256,F3Ddatasets.EventReturns) (contracts/safe/safe_192_SAFE.sol#903-948)
	- Fomo60Min.reLoadXaddr(address,uint256,uint256) (contracts/safe/safe_192_SAFE.sol#422-460)
	- Fomo60Min.reLoadXid(uint256,uint256,uint256) (contracts/safe/safe_192_SAFE.sol#390-420)
	- Fomo60Min.reLoadXname(bytes32,uint256,uint256) (contracts/safe/safe_192_SAFE.sol#462-500)
	- Fomo60Min.receivePlayerInfo(uint256,address,bytes32,uint256) (contracts/safe/safe_192_SAFE.sol#1130-1146)
	- Fomo60Min.registerNameXID(string,uint256,bool) (contracts/safe/safe_192_SAFE.sol#598-612)
	- Fomo60Min.registerNameXaddr(string,address,bool) (contracts/safe/safe_192_SAFE.sol#614-628)
	- Fomo60Min.registerNameXname(string,bytes32,bool) (contracts/safe/safe_192_SAFE.sol#630-644)
	- Fomo60Min.updateGenVault(uint256,uint256) (contracts/safe/safe_192_SAFE.sol#1302-1313)
	- Fomo60Min.withdraw() (contracts/safe/safe_192_SAFE.sol#506-572)
	- Fomo60Min.withdrawEarnings(uint256) (contracts/safe/safe_192_SAFE.sol#1503-1520)
Reentrancy in Fomo60Min.buyXname(bytes32,uint256) (contracts/safe/safe_192_SAFE.sol#339-378):
	External calls:
	- _eventData_ = determinePID(_eventData_) (contracts/safe/safe_192_SAFE.sol#347)
		- _pID = PlayerBook.getPlayerID(msg.sender) (contracts/safe/safe_192_SAFE.sol#1172)
		- _name = PlayerBook.getPlayerName(_pID) (contracts/safe/safe_192_SAFE.sol#1173)
		- _laff = PlayerBook.getPlayerLAff(_pID) (contracts/safe/safe_192_SAFE.sol#1174)
	State variables written after the call(s):
	- plyr_[_pID].laff = _affID (contracts/safe/safe_192_SAFE.sol#369)
	Fomo60Min.plyr_ (contracts/safe/safe_192_SAFE.sol#158) can be used in cross function reentrancies:
	- Fomo60Min.buyCore(uint256,uint256,uint256,F3Ddatasets.EventReturns) (contracts/safe/safe_192_SAFE.sol#849-897)
	- Fomo60Min.buyXaddr(address,uint256) (contracts/safe/safe_192_SAFE.sol#298-337)
	- Fomo60Min.buyXid(uint256,uint256) (contracts/safe/safe_192_SAFE.sol#265-296)
	- Fomo60Min.buyXname(bytes32,uint256) (contracts/safe/safe_192_SAFE.sol#339-378)
	- Fomo60Min.core(uint256,uint256,uint256,uint256,uint256,F3Ddatasets.EventReturns) (contracts/safe/safe_192_SAFE.sol#954-1061)
	- Fomo60Min.determinePID(F3Ddatasets.EventReturns) (contracts/safe/safe_192_SAFE.sol#1163-1194)
	- Fomo60Min.distributeExternal(uint256,uint256,uint256,uint256,uint256,F3Ddatasets.EventReturns) (contracts/safe/safe_192_SAFE.sol#1367-1418)
	- Fomo60Min.endRound(F3Ddatasets.EventReturns) (contracts/safe/safe_192_SAFE.sol#1236-1297)
	- Fomo60Min.endTx(uint256,uint256,uint256,uint256,F3Ddatasets.EventReturns) (contracts/safe/safe_192_SAFE.sol#1525-1548)
	- Fomo60Min.fallback() (contracts/safe/safe_192_SAFE.sol#240-255)
	- Fomo60Min.getCurrentRoundInfo() (contracts/safe/safe_192_SAFE.sol#775-800)
	- Fomo60Min.getPlayerInfoByAddress(address) (contracts/safe/safe_192_SAFE.sol#815-839)
	- Fomo60Min.getPlayerVaults(uint256) (contracts/safe/safe_192_SAFE.sol#705-744)
	- Fomo60Min.managePlayer(uint256,F3Ddatasets.EventReturns) (contracts/safe/safe_192_SAFE.sol#1215-1231)
	- Fomo60Min.plyr_ (contracts/safe/safe_192_SAFE.sol#158)
	- Fomo60Min.reLoadCore(uint256,uint256,uint256,uint256,F3Ddatasets.EventReturns) (contracts/safe/safe_192_SAFE.sol#903-948)
	- Fomo60Min.reLoadXaddr(address,uint256,uint256) (contracts/safe/safe_192_SAFE.sol#422-460)
	- Fomo60Min.reLoadXid(uint256,uint256,uint256) (contracts/safe/safe_192_SAFE.sol#390-420)
	- Fomo60Min.reLoadXname(bytes32,uint256,uint256) (contracts/safe/safe_192_SAFE.sol#462-500)
	- Fomo60Min.receivePlayerInfo(uint256,address,bytes32,uint256) (contracts/safe/safe_192_SAFE.sol#1130-1146)
	- Fomo60Min.registerNameXID(string,uint256,bool) (contracts/safe/safe_192_SAFE.sol#598-612)
	- Fomo60Min.registerNameXaddr(string,address,bool) (contracts/safe/safe_192_SAFE.sol#614-628)
	- Fomo60Min.registerNameXname(string,bytes32,bool) (contracts/safe/safe_192_SAFE.sol#630-644)
	- Fomo60Min.updateGenVault(uint256,uint256) (contracts/safe/safe_192_SAFE.sol#1302-1313)
	- Fomo60Min.withdraw() (contracts/safe/safe_192_SAFE.sol#506-572)
	- Fomo60Min.withdrawEarnings(uint256) (contracts/safe/safe_192_SAFE.sol#1503-1520)
Reentrancy in Fomo60Min.determinePID(F3Ddatasets.EventReturns) (contracts/safe/safe_192_SAFE.sol#1163-1194):
	External calls:
	- _pID = PlayerBook.getPlayerID(msg.sender) (contracts/safe/safe_192_SAFE.sol#1172)
	- _name = PlayerBook.getPlayerName(_pID) (contracts/safe/safe_192_SAFE.sol#1173)
	- _laff = PlayerBook.getPlayerLAff(_pID) (contracts/safe/safe_192_SAFE.sol#1174)
	State variables written after the call(s):
	- pIDxAddr_[msg.sender] = _pID (contracts/safe/safe_192_SAFE.sol#1177)
	Fomo60Min.pIDxAddr_ (contracts/safe/safe_192_SAFE.sol#156) can be used in cross function reentrancies:
	- Fomo60Min.buyXaddr(address,uint256) (contracts/safe/safe_192_SAFE.sol#298-337)
	- Fomo60Min.buyXid(uint256,uint256) (contracts/safe/safe_192_SAFE.sol#265-296)
	- Fomo60Min.buyXname(bytes32,uint256) (contracts/safe/safe_192_SAFE.sol#339-378)
	- Fomo60Min.determinePID(F3Ddatasets.EventReturns) (contracts/safe/safe_192_SAFE.sol#1163-1194)
	- Fomo60Min.fallback() (contracts/safe/safe_192_SAFE.sol#240-255)
	- Fomo60Min.getPlayerInfoByAddress(address) (contracts/safe/safe_192_SAFE.sol#815-839)
	- Fomo60Min.pIDxAddr_ (contracts/safe/safe_192_SAFE.sol#156)
	- Fomo60Min.reLoadXaddr(address,uint256,uint256) (contracts/safe/safe_192_SAFE.sol#422-460)
	- Fomo60Min.reLoadXid(uint256,uint256,uint256) (contracts/safe/safe_192_SAFE.sol#390-420)
	- Fomo60Min.reLoadXname(bytes32,uint256,uint256) (contracts/safe/safe_192_SAFE.sol#462-500)
	- Fomo60Min.receivePlayerInfo(uint256,address,bytes32,uint256) (contracts/safe/safe_192_SAFE.sol#1130-1146)
	- Fomo60Min.registerNameXID(string,uint256,bool) (contracts/safe/safe_192_SAFE.sol#598-612)
	- Fomo60Min.registerNameXaddr(string,address,bool) (contracts/safe/safe_192_SAFE.sol#614-628)
	- Fomo60Min.registerNameXname(string,bytes32,bool) (contracts/safe/safe_192_SAFE.sol#630-644)
	- Fomo60Min.withdraw() (contracts/safe/safe_192_SAFE.sol#506-572)
Reference: https://github.com/crytic/slither/wiki/Detector-Documentation#reentrancy-vulnerabilities-2
/home/andrei/Рабочий стол/Kursovaya/Diplom/contracts/safe/safe_192_SAFE.sol analyzed (8 contracts with 2 detectors), 5 result(s) found
