'solc --version' running
'solc /home/andrei/Рабочий стол/Kursovaya/Diplom/contracts/safe/safe_206_SAFE.sol --combined-json abi,ast,bin,bin-runtime,srcmap,srcmap-runtime,userdoc,devdoc,hashes,compact-format --allow-paths .,/home/andrei/Рабочий стол/Kursovaya/Diplom/contracts/safe' running
Compilation warnings/errors on /home/andrei/Рабочий стол/Kursovaya/Diplom/contracts/safe/safe_206_SAFE.sol:
/home/andrei/Рабочий стол/Kursovaya/Diplom/contracts/safe/safe_206_SAFE.sol:440:3: Warning: No visibility specified. Defaulting to "public". 
  constructor() {
  ^ (Relevant source part starts here and spans across multiple lines).
/home/andrei/Рабочий стол/Kursovaya/Diplom/contracts/safe/safe_206_SAFE.sol:10:5: Warning: Function state mutability can be restricted to pure
    function owner() public view returns (address) {}
    ^-----------------------------------------------^
/home/andrei/Рабочий стол/Kursovaya/Diplom/contracts/safe/safe_206_SAFE.sol:70:5: Warning: Function state mutability can be restricted to pure
    function name() public view returns (string) {}
    ^---------------------------------------------^
/home/andrei/Рабочий стол/Kursovaya/Diplom/contracts/safe/safe_206_SAFE.sol:71:5: Warning: Function state mutability can be restricted to pure
    function symbol() public view returns (string) {}
    ^-----------------------------------------------^
/home/andrei/Рабочий стол/Kursovaya/Diplom/contracts/safe/safe_206_SAFE.sol:72:5: Warning: Function state mutability can be restricted to pure
    function decimals() public view returns (uint8) {}
    ^------------------------------------------------^
/home/andrei/Рабочий стол/Kursovaya/Diplom/contracts/safe/safe_206_SAFE.sol:73:5: Warning: Function state mutability can be restricted to pure
    function totalSupply() public view returns (uint256) {}
    ^-----------------------------------------------------^
/home/andrei/Рабочий стол/Kursovaya/Diplom/contracts/safe/safe_206_SAFE.sol:74:5: Warning: Function state mutability can be restricted to pure
    function balanceOf(address _owner) public view returns (uint256) { _owner; }
    ^--------------------------------------------------------------------------^
/home/andrei/Рабочий стол/Kursovaya/Diplom/contracts/safe/safe_206_SAFE.sol:75:5: Warning: Function state mutability can be restricted to pure
    function allowance(address _owner, address _spender) public view returns (uint256) { _owner; _spender; }
    ^------------------------------------------------------------------------------------------------------^

/home/andrei/Рабочий стол/Kursovaya/Diplom/contracts/safe/safe_206_SAFE.sol analyzed (10 contracts with 2 detectors), 0 result(s) found
