'solc --version' running
'solc /home/andrei/Рабочий стол/Kursovaya/Diplom/contracts/safe/safe_227_SAFE.sol --combined-json abi,ast,bin,bin-runtime,srcmap,srcmap-runtime,userdoc,devdoc,hashes,compact-format --allow-paths .,/home/andrei/Рабочий стол/Kursovaya/Diplom/contracts/safe' running
Compilation warnings/errors on /home/andrei/Рабочий стол/Kursovaya/Diplom/contracts/safe/safe_227_SAFE.sol:
/home/andrei/Рабочий стол/Kursovaya/Diplom/contracts/safe/safe_227_SAFE.sol:766:45: Warning: "throw" is deprecated in favour of "revert()", "require()" and "assert()".
        if ((_nbytes == 0)||(_nbytes > 32)) throw;
                                            ^---^
/home/andrei/Рабочий стол/Kursovaya/Diplom/contracts/safe/safe_227_SAFE.sol:856:71: Warning: "throw" is deprecated in favour of "revert()", "require()" and "assert()".
        if ((_proof[0] != "L")||(_proof[1] != "P")||(_proof[2] != 1)) throw;
                                                                      ^---^
/home/andrei/Рабочий стол/Kursovaya/Diplom/contracts/safe/safe_227_SAFE.sol:859:37: Warning: "throw" is deprecated in favour of "revert()", "require()" and "assert()".
        if (proofVerified == false) throw;
                                    ^---^
/home/andrei/Рабочий стол/Kursovaya/Diplom/contracts/safe/safe_227_SAFE.sol:933:13: Warning: "throw" is deprecated in favour of "revert()", "require()" and "assert()".
            throw; // Should be a better way?
            ^---^
/home/andrei/Рабочий стол/Kursovaya/Diplom/contracts/safe/safe_227_SAFE.sol:1075:5: Warning: Defining constructors as functions with the same name as the contract is deprecated. Use "constructor(...) { ... }" instead.
    function Game() public {
    ^ (Relevant source part starts here and spans across multiple lines).
/home/andrei/Рабочий стол/Kursovaya/Diplom/contracts/safe/safe_227_SAFE.sol:1097:14: Warning: "throw" is deprecated in favour of "revert()", "require()" and "assert()".
             throw;
             ^---^
/home/andrei/Рабочий стол/Kursovaya/Diplom/contracts/safe/safe_227_SAFE.sol:1227:13: Warning: "throw" is deprecated in favour of "revert()", "require()" and "assert()".
            throw;
            ^---^
/home/andrei/Рабочий стол/Kursovaya/Diplom/contracts/safe/safe_227_SAFE.sol:780:50: Warning: "sha3" has been deprecated in favour of "keccak256"
        oraclize_randomDS_setCommitment(queryId, sha3(bytes8(_delay), args[1], sha256(args[0]), args[2]));
                                                 ^-----------------------------------------------------^
/home/andrei/Рабочий стол/Kursovaya/Diplom/contracts/safe/safe_227_SAFE.sol:780:50: Warning: This function only accepts a single "bytes" argument. Please use "abi.encodePacked(...)" or a similar function to encode the data.
        oraclize_randomDS_setCommitment(queryId, sha3(bytes8(_delay), args[1], sha256(args[0]), args[2]));
                                                 ^-----------------------------------------------------^
/home/andrei/Рабочий стол/Kursovaya/Diplom/contracts/safe/safe_227_SAFE.sol:812:21: Warning: "sha3" has been deprecated in favour of "keccak256"
        if (address(sha3(pubkey)) == signer) return true;
                    ^----------^
/home/andrei/Рабочий стол/Kursovaya/Diplom/contracts/safe/safe_227_SAFE.sol:815:29: Warning: "sha3" has been deprecated in favour of "keccak256"
            return (address(sha3(pubkey)) == signer);
                            ^----------^
/home/andrei/Рабочий стол/Kursovaya/Diplom/contracts/safe/safe_227_SAFE.sol:830:22: Warning: Decimal literal assigned to bytesXX variable will be left-aligned. Use an explicit conversion to silence this warning.
        tosign2[0] = 1; //role
                     ^
/home/andrei/Рабочий стол/Kursovaya/Diplom/contracts/safe/safe_227_SAFE.sol:890:15: Warning: "sha3" has been deprecated in favour of "keccak256"
        if (!(sha3(keyhash) == sha3(sha256(context_name, queryId)))) return false;
              ^-----------^
/home/andrei/Рабочий стол/Kursovaya/Diplom/contracts/safe/safe_227_SAFE.sol:890:37: Warning: This function only accepts a single "bytes" argument. Please use "abi.encodePacked(...)" or a similar function to encode the data.
        if (!(sha3(keyhash) == sha3(sha256(context_name, queryId)))) return false;
                                    ^---------------------------^
/home/andrei/Рабочий стол/Kursovaya/Diplom/contracts/safe/safe_227_SAFE.sol:890:32: Warning: "sha3" has been deprecated in favour of "keccak256"
        if (!(sha3(keyhash) == sha3(sha256(context_name, queryId)))) return false;
                               ^---------------------------------^
/home/andrei/Рабочий стол/Kursovaya/Diplom/contracts/safe/safe_227_SAFE.sol:890:32: Warning: This function only accepts a single "bytes" argument. Please use "abi.encodePacked(...)" or a similar function to encode the data.
        if (!(sha3(keyhash) == sha3(sha256(context_name, queryId)))) return false;
                               ^---------------------------------^
/home/andrei/Рабочий стол/Kursovaya/Diplom/contracts/safe/safe_227_SAFE.sol:890:32: Warning: The provided argument of type bytes32 is not implicitly convertible to expected type bytes memory.
        if (!(sha3(keyhash) == sha3(sha256(context_name, queryId)))) return false;
                               ^---------------------------------^
/home/andrei/Рабочий стол/Kursovaya/Diplom/contracts/safe/safe_227_SAFE.sol:908:48: Warning: "sha3" has been deprecated in favour of "keccak256"
        if (oraclize_randomDS_args[queryId] == sha3(commitmentSlice1, sessionPubkeyHash)){ //unonce, nbytes and sessionKeyHash match
                                               ^---------------------------------------^
/home/andrei/Рабочий стол/Kursovaya/Diplom/contracts/safe/safe_227_SAFE.sol:908:48: Warning: This function only accepts a single "bytes" argument. Please use "abi.encodePacked(...)" or a similar function to encode the data.
        if (oraclize_randomDS_args[queryId] == sha3(commitmentSlice1, sessionPubkeyHash)){ //unonce, nbytes and sessionKeyHash match
                                               ^---------------------------------------^
/home/andrei/Рабочий стол/Kursovaya/Diplom/contracts/safe/safe_227_SAFE.sol:1096:14: Warning: Invoking events without "emit" prefix is deprecated.
             oraclizeQueryIdErrorLog(roundNumber);
             ^----------------------------------^
/home/andrei/Рабочий стол/Kursovaya/Diplom/contracts/safe/safe_227_SAFE.sol:1101:10: Warning: Invoking events without "emit" prefix is deprecated.
         oraclizeResponseLog(roundNumber, _result);
         ^---------------------------------------^
/home/andrei/Рабочий стол/Kursovaya/Diplom/contracts/safe/safe_227_SAFE.sol:1147:16: Warning: This function only accepts a single "bytes" argument. Please use "abi.encodePacked(...)" or a similar function to encode the data.
        return keccak256(uniqHashCounter);
               ^------------------------^
/home/andrei/Рабочий стол/Kursovaya/Diplom/contracts/safe/safe_227_SAFE.sol:1147:16: Warning: The provided argument of type uint256 is not implicitly convertible to expected type bytes memory.
        return keccak256(uniqHashCounter);
               ^------------------------^
/home/andrei/Рабочий стол/Kursovaya/Diplom/contracts/safe/safe_227_SAFE.sol:1172:9: Warning: Invoking events without "emit" prefix is deprecated.
        roundStartedLog(roundNumber, startTime, duration);
        ^-----------------------------------------------^
/home/andrei/Рабочий стол/Kursovaya/Diplom/contracts/safe/safe_227_SAFE.sol:1207:9: Warning: Invoking events without "emit" prefix is deprecated.
        betLog(id, sender, choice, msg.value, roundNumber);
        ^------------------------------------------------^
/home/andrei/Рабочий стол/Kursovaya/Diplom/contracts/safe/safe_227_SAFE.sol:1240:9: Warning: Invoking events without "emit" prefix is deprecated.
        payoutLog(_roundNumber, _betId);
        ^-----------------------------^
/home/andrei/Рабочий стол/Kursovaya/Diplom/contracts/safe/safe_227_SAFE.sol:35:5: Warning: No visibility specified. Defaulting to "public". 
    function query(uint _timestamp, string _datasource, string _arg) payable returns (bytes32 _id);
    ^---------------------------------------------------------------------------------------------^
/home/andrei/Рабочий стол/Kursovaya/Diplom/contracts/safe/safe_227_SAFE.sol:36:5: Warning: No visibility specified. Defaulting to "public". 
    function query_withGasLimit(uint _timestamp, string _datasource, string _arg, uint _gaslimit) payable returns (bytes32 _id);
    ^--------------------------------------------------------------------------------------------------------------------------^
/home/andrei/Рабочий стол/Kursovaya/Diplom/contracts/safe/safe_227_SAFE.sol:37:5: Warning: No visibility specified. Defaulting to "public". 
    function query2(uint _timestamp, string _datasource, string _arg1, string _arg2) payable returns (bytes32 _id);
    ^-------------------------------------------------------------------------------------------------------------^
/home/andrei/Рабочий стол/Kursovaya/Diplom/contracts/safe/safe_227_SAFE.sol:38:5: Warning: No visibility specified. Defaulting to "public". 
    function query2_withGasLimit(uint _timestamp, string _datasource, string _arg1, string _arg2, uint _gaslimit) payable returns (bytes32 _id);
    ^------------------------------------------------------------------------------------------------------------------------------------------^
/home/andrei/Рабочий стол/Kursovaya/Diplom/contracts/safe/safe_227_SAFE.sol:39:5: Warning: No visibility specified. Defaulting to "public". 
    function queryN(uint _timestamp, string _datasource, bytes _argN) payable returns (bytes32 _id);
    ^----------------------------------------------------------------------------------------------^
/home/andrei/Рабочий стол/Kursovaya/Diplom/contracts/safe/safe_227_SAFE.sol:40:5: Warning: No visibility specified. Defaulting to "public". 
    function queryN_withGasLimit(uint _timestamp, string _datasource, bytes _argN, uint _gaslimit) payable returns (bytes32 _id);
    ^---------------------------------------------------------------------------------------------------------------------------^
/home/andrei/Рабочий стол/Kursovaya/Diplom/contracts/safe/safe_227_SAFE.sol:41:5: Warning: No visibility specified. Defaulting to "public". 
    function getPrice(string _datasource) returns (uint _dsprice);
    ^------------------------------------------------------------^
/home/andrei/Рабочий стол/Kursovaya/Diplom/contracts/safe/safe_227_SAFE.sol:42:5: Warning: No visibility specified. Defaulting to "public". 
    function getPrice(string _datasource, uint gaslimit) returns (uint _dsprice);
    ^---------------------------------------------------------------------------^
/home/andrei/Рабочий стол/Kursovaya/Diplom/contracts/safe/safe_227_SAFE.sol:43:5: Warning: No visibility specified. Defaulting to "public". 
    function useCoupon(string _coupon);
    ^---------------------------------^
/home/andrei/Рабочий стол/Kursovaya/Diplom/contracts/safe/safe_227_SAFE.sol:44:5: Warning: No visibility specified. Defaulting to "public". 
    function setProofType(byte _proofType);
    ^-------------------------------------^
/home/andrei/Рабочий стол/Kursovaya/Diplom/contracts/safe/safe_227_SAFE.sol:45:5: Warning: No visibility specified. Defaulting to "public". 
    function setConfig(bytes32 _config);
    ^----------------------------------^
/home/andrei/Рабочий стол/Kursovaya/Diplom/contracts/safe/safe_227_SAFE.sol:46:5: Warning: No visibility specified. Defaulting to "public". 
    function setCustomGasPrice(uint _gasPrice);
    ^-----------------------------------------^
/home/andrei/Рабочий стол/Kursovaya/Diplom/contracts/safe/safe_227_SAFE.sol:47:5: Warning: No visibility specified. Defaulting to "public". 
    function randomDS_getSessionPubKeyHash() returns(bytes32);
    ^--------------------------------------------------------^
/home/andrei/Рабочий стол/Kursovaya/Diplom/contracts/safe/safe_227_SAFE.sol:50:5: Warning: No visibility specified. Defaulting to "public". 
    function getAddress() returns (address _addr);
    ^--------------------------------------------^
/home/andrei/Рабочий стол/Kursovaya/Diplom/contracts/safe/safe_227_SAFE.sol:86:34: Warning: Unused function parameter. Remove or comment out the variable name to silence this warning.
    function oraclize_setNetwork(uint8 networkID) internal returns(bool){
                                 ^-------------^
/home/andrei/Рабочий стол/Kursovaya/Diplom/contracts/safe/safe_227_SAFE.sol:122:5: Warning: No visibility specified. Defaulting to "public". 
    function __callback(bytes32 myid, string result) {
    ^ (Relevant source part starts here and spans across multiple lines).
/home/andrei/Рабочий стол/Kursovaya/Diplom/contracts/safe/safe_227_SAFE.sol:125:5: Warning: No visibility specified. Defaulting to "public". 
    function __callback(bytes32 myid, string result, bytes proof) {
    ^ (Relevant source part starts here and spans across multiple lines).
/home/andrei/Рабочий стол/Kursovaya/Diplom/contracts/safe/safe_227_SAFE.sol:125:25: Warning: Unused function parameter. Remove or comment out the variable name to silence this warning.
    function __callback(bytes32 myid, string result, bytes proof) {
                        ^----------^
/home/andrei/Рабочий стол/Kursovaya/Diplom/contracts/safe/safe_227_SAFE.sol:125:39: Warning: Unused function parameter. Remove or comment out the variable name to silence this warning.
    function __callback(bytes32 myid, string result, bytes proof) {
                                      ^-----------^
/home/andrei/Рабочий стол/Kursovaya/Diplom/contracts/safe/safe_227_SAFE.sol:125:54: Warning: Unused function parameter. Remove or comment out the variable name to silence this warning.
    function __callback(bytes32 myid, string result, bytes proof) {
                                                     ^---------^
/home/andrei/Рабочий стол/Kursovaya/Diplom/contracts/safe/safe_227_SAFE.sol:1088:5: Warning: No visibility specified. Defaulting to "public". 
    function setMinimalBet(uint _minimalBet) {
    ^ (Relevant source part starts here and spans across multiple lines).
/home/andrei/Рабочий стол/Kursovaya/Diplom/contracts/safe/safe_227_SAFE.sol:1094:5: Warning: No visibility specified. Defaulting to "public". 
    function __callback(bytes32 _queryId, string _result) {
    ^ (Relevant source part starts here and spans across multiple lines).
/home/andrei/Рабочий стол/Kursovaya/Diplom/contracts/safe/safe_227_SAFE.sol:125:5: Warning: Function state mutability can be restricted to pure
    function __callback(bytes32 myid, string result, bytes proof) {
    ^ (Relevant source part starts here and spans across multiple lines).
/home/andrei/Рабочий стол/Kursovaya/Diplom/contracts/safe/safe_227_SAFE.sol:536:5: Warning: Function state mutability can be restricted to pure
    function parseAddr(string _a) internal returns (address){
    ^ (Relevant source part starts here and spans across multiple lines).
/home/andrei/Рабочий стол/Kursovaya/Diplom/contracts/safe/safe_227_SAFE.sol:556:5: Warning: Function state mutability can be restricted to pure
    function strCompare(string _a, string _b) internal returns (int) {
    ^ (Relevant source part starts here and spans across multiple lines).
/home/andrei/Рабочий стол/Kursovaya/Diplom/contracts/safe/safe_227_SAFE.sol:574:5: Warning: Function state mutability can be restricted to pure
    function indexOf(string _haystack, string _needle) internal returns (int) {
    ^ (Relevant source part starts here and spans across multiple lines).
/home/andrei/Рабочий стол/Kursovaya/Diplom/contracts/safe/safe_227_SAFE.sol:601:5: Warning: Function state mutability can be restricted to pure
    function strConcat(string _a, string _b, string _c, string _d, string _e) internal returns (string) {
    ^ (Relevant source part starts here and spans across multiple lines).
/home/andrei/Рабочий стол/Kursovaya/Diplom/contracts/safe/safe_227_SAFE.sol:636:5: Warning: Function state mutability can be restricted to pure
    function parseInt(string _a, uint _b) internal returns (uint) {
    ^ (Relevant source part starts here and spans across multiple lines).
/home/andrei/Рабочий стол/Kursovaya/Diplom/contracts/safe/safe_227_SAFE.sol:654:5: Warning: Function state mutability can be restricted to pure
    function uint2str(uint i) internal returns (string){
    ^ (Relevant source part starts here and spans across multiple lines).
/home/andrei/Рабочий стол/Kursovaya/Diplom/contracts/safe/safe_227_SAFE.sol:671:5: Warning: Function state mutability can be restricted to pure
    function stra2cbor(string[] arr) internal returns (bytes) {
    ^ (Relevant source part starts here and spans across multiple lines).
/home/andrei/Рабочий стол/Kursovaya/Diplom/contracts/safe/safe_227_SAFE.sol:713:5: Warning: Function state mutability can be restricted to pure
    function ba2cbor(bytes[] arr) internal returns (bytes) {
    ^ (Relevant source part starts here and spans across multiple lines).
/home/andrei/Рабочий стол/Kursovaya/Diplom/contracts/safe/safe_227_SAFE.sol:761:5: Warning: Function state mutability can be restricted to view
    function oraclize_getNetworkName() internal returns (string) {
    ^ (Relevant source part starts here and spans across multiple lines).
/home/andrei/Рабочий стол/Kursovaya/Diplom/contracts/safe/safe_227_SAFE.sol:874:5: Warning: Function state mutability can be restricted to pure
    function matchBytes32Prefix(bytes32 content, bytes prefix, uint n_random_bytes) internal returns (bool){
    ^ (Relevant source part starts here and spans across multiple lines).
/home/andrei/Рабочий стол/Kursovaya/Diplom/contracts/safe/safe_227_SAFE.sol:928:5: Warning: Function state mutability can be restricted to pure
    function copyBytes(bytes from, uint fromOffset, uint length, bytes to, uint toOffset) internal returns (bytes) {
    ^ (Relevant source part starts here and spans across multiple lines).
/home/andrei/Рабочий стол/Kursovaya/Diplom/contracts/safe/safe_227_SAFE.sol:1211:5: Warning: Function state mutability can be restricted to view
    function getWinnersIndex(uint _winningChoice) public returns(bytes32[] winnersIndex) {
    ^ (Relevant source part starts here and spans across multiple lines).


Detector: divide-before-multiply
Game.startSettlementProcess() (contracts/safe/safe_227_SAFE.sol#1105-1124) performs a multiplication on the result of a division:
	- extractedFees = totalBetsValue / 100 * fees (contracts/safe/safe_227_SAFE.sol#1112)
Game.pay(uint256,bytes32) (contracts/safe/safe_227_SAFE.sol#1219-1242) performs a multiplication on the result of a division:
	- payout = ((rounds[_roundNumber].totalBetsValueWithoutFees * (bet.amount * 1000 / winnersTotalValue)) / 1000) (contracts/safe/safe_227_SAFE.sol#1235)
Reference: https://github.com/crytic/slither/wiki/Detector-Documentation#divide-before-multiply
/home/andrei/Рабочий стол/Kursovaya/Diplom/contracts/safe/safe_227_SAFE.sol analyzed (4 contracts with 2 detectors), 2 result(s) found
