'solc --version' running
'solc /home/andrei/Рабочий стол/Kursovaya/Diplom/contracts/safe/safe_153_SAFE.sol --combined-json abi,ast,bin,bin-runtime,srcmap,srcmap-runtime,userdoc,devdoc,hashes,compact-format --allow-paths .,/home/andrei/Рабочий стол/Kursovaya/Diplom/contracts/safe' running
Compilation warnings/errors on /home/andrei/Рабочий стол/Kursovaya/Diplom/contracts/safe/safe_153_SAFE.sol:
/home/andrei/Рабочий стол/Kursovaya/Diplom/contracts/safe/safe_153_SAFE.sol:180:5: Warning: Function state mutability can be restricted to pure
    function finalization() internal {}
    ^---------------------------------^


Detector: reentrancy-eth
Reentrancy in CompliantCrowdsale.approveMint(uint256) (contracts/safe/safe_153_SAFE.sol#878-901):
	External calls:
	- token.mint(pendingMints[nonce].to,pendingMints[nonce].tokens) (contracts/safe/safe_153_SAFE.sol#888)
	- checkIsInvestorApproved(pendingMints[nonce].to) (contracts/safe/safe_153_SAFE.sol#881)
		- require(bool)(whiteListingContract.isInvestorApproved(_account)) (contracts/safe/safe_153_SAFE.sol#807)
	External calls sending eth:
	- forwardFunds(pendingMints[nonce].weiAmount) (contracts/safe/safe_153_SAFE.sol#897)
		- wallet.transfer(amount) (contracts/safe/safe_153_SAFE.sol#953)
	State variables written after the call(s):
	- delete pendingMints[nonce] (contracts/safe/safe_153_SAFE.sol#898)
	CompliantCrowdsale.pendingMints (contracts/safe/safe_153_SAFE.sol#802) can be used in cross function reentrancies:
	- CompliantCrowdsale.approveMint(uint256) (contracts/safe/safe_153_SAFE.sol#878-901)
	- CompliantCrowdsale.buyTokens(address) (contracts/safe/safe_153_SAFE.sol#860-876)
	- CompliantCrowdsale.pendingMints (contracts/safe/safe_153_SAFE.sol#802)
	- CompliantCrowdsale.rejectMint(uint256,uint256) (contracts/safe/safe_153_SAFE.sol#903-919)
Reference: https://github.com/crytic/slither/wiki/Detector-Documentation#reentrancy-vulnerabilities-1

Detector: reentrancy-no-eth
Reentrancy in CompliantToken.approveTransfer(uint256) (contracts/safe/safe_153_SAFE.sol#703-762):
	External calls:
	- checkIsInvestorApproved(pendingTransactions[nonce].from) (contracts/safe/safe_153_SAFE.sol#706)
		- require(bool)(whiteListingContract.isInvestorApproved(_account)) (contracts/safe/safe_153_SAFE.sol#554)
	- checkIsInvestorApproved(pendingTransactions[nonce].to) (contracts/safe/safe_153_SAFE.sol#707)
		- require(bool)(whiteListingContract.isInvestorApproved(_account)) (contracts/safe/safe_153_SAFE.sol#554)
	State variables written after the call(s):
	- delete pendingTransactions[nonce] (contracts/safe/safe_153_SAFE.sol#721)
	CompliantToken.pendingTransactions (contracts/safe/safe_153_SAFE.sol#547) can be used in cross function reentrancies:
	- CompliantToken.approveTransfer(uint256) (contracts/safe/safe_153_SAFE.sol#703-762)
	- CompliantToken.pendingTransactions (contracts/safe/safe_153_SAFE.sol#547)
	- CompliantToken.rejectTransfer(uint256,uint256) (contracts/safe/safe_153_SAFE.sol#764-789)
	- CompliantToken.transfer(address,uint256) (contracts/safe/safe_153_SAFE.sol#638-667)
	- CompliantToken.transferFrom(address,address,uint256) (contracts/safe/safe_153_SAFE.sol#669-701)
Reference: https://github.com/crytic/slither/wiki/Detector-Documentation#reentrancy-vulnerabilities-2
/home/andrei/Рабочий стол/Kursovaya/Diplom/contracts/safe/safe_153_SAFE.sol analyzed (13 contracts with 2 detectors), 2 result(s) found
