'solc --version' running
'solc /home/andrei/Рабочий стол/Kursovaya/Diplom/contracts/safe/safe_241_SAFE.sol --combined-json abi,ast,bin,bin-runtime,srcmap,srcmap-runtime,userdoc,devdoc,hashes,compact-format --allow-paths .,/home/andrei/Рабочий стол/Kursovaya/Diplom/contracts/safe' running
Compilation warnings/errors on /home/andrei/Рабочий стол/Kursovaya/Diplom/contracts/safe/safe_241_SAFE.sol:
/home/andrei/Рабочий стол/Kursovaya/Diplom/contracts/safe/safe_241_SAFE.sol:37:5: Warning: Defining constructors as functions with the same name as the contract is deprecated. Use "constructor(...) { ... }" instead.
    function EtherByte() {
    ^ (Relevant source part starts here and spans across multiple lines).
/home/andrei/Рабочий стол/Kursovaya/Diplom/contracts/safe/safe_241_SAFE.sol:61:9: Warning: Use of the "var" keyword is deprecated.
        var _allowance = allowed[_from][msg.sender];
        ^------------^
/home/andrei/Рабочий стол/Kursovaya/Diplom/contracts/safe/safe_241_SAFE.sol:40:17: Warning: This looks like an address but has an invalid checksum. If this is not used as an address, please prepend '00'. Correct checksummed address: '0xDceFEFB8FB9C81F21759CDd3fBa511C6e8F434aB'. For more information please see https://solidity.readthedocs.io/en/develop/types.html#address-literals
        owner = 0xdcefefb8fb9c81f21759cdd3fba511c6e8f434ab;
                ^----------------------------------------^
/home/andrei/Рабочий стол/Kursovaya/Diplom/contracts/safe/safe_241_SAFE.sol:56:9: Warning: Invoking events without "emit" prefix is deprecated.
        Transfer(msg.sender, _to, _value);
        ^-------------------------------^
/home/andrei/Рабочий стол/Kursovaya/Diplom/contracts/safe/safe_241_SAFE.sol:65:9: Warning: Invoking events without "emit" prefix is deprecated.
        Transfer(_from, _to, _value);
        ^--------------------------^
/home/andrei/Рабочий стол/Kursovaya/Diplom/contracts/safe/safe_241_SAFE.sol:72:9: Warning: Invoking events without "emit" prefix is deprecated.
        Approval(msg.sender, _spender, _value);
        ^------------------------------------^
/home/andrei/Рабочий стол/Kursovaya/Diplom/contracts/safe/safe_241_SAFE.sol:37:5: Warning: No visibility specified. Defaulting to "public". 
    function EtherByte() {
    ^ (Relevant source part starts here and spans across multiple lines).
/home/andrei/Рабочий стол/Kursovaya/Diplom/contracts/safe/safe_241_SAFE.sol:45:5: Warning: No visibility specified. Defaulting to "public". 
    function balanceOf(address _owner) constant returns(uint256 balance) {
    ^ (Relevant source part starts here and spans across multiple lines).
/home/andrei/Рабочий стол/Kursovaya/Diplom/contracts/safe/safe_241_SAFE.sol:49:5: Warning: No visibility specified. Defaulting to "public". 
    function allowance(address _owner, address _spender) constant returns(uint256 remaining) {
    ^ (Relevant source part starts here and spans across multiple lines).
/home/andrei/Рабочий стол/Kursovaya/Diplom/contracts/safe/safe_241_SAFE.sol:53:5: Warning: No visibility specified. Defaulting to "public". 
    function transfer(address _to, uint256 _value) returns(bool) {
    ^ (Relevant source part starts here and spans across multiple lines).
/home/andrei/Рабочий стол/Kursovaya/Diplom/contracts/safe/safe_241_SAFE.sol:60:5: Warning: No visibility specified. Defaulting to "public". 
    function transferFrom(address _from, address _to, uint256 _value) returns(bool) {
    ^ (Relevant source part starts here and spans across multiple lines).
/home/andrei/Рабочий стол/Kursovaya/Diplom/contracts/safe/safe_241_SAFE.sol:69:5: Warning: No visibility specified. Defaulting to "public". 
    function approve(address _spender, uint256 _value) returns(bool) {
    ^ (Relevant source part starts here and spans across multiple lines).
/home/andrei/Рабочий стол/Kursovaya/Diplom/contracts/safe/safe_241_SAFE.sol:76:5: Warning: No visibility specified. Defaulting to "public". 
    function() {
    ^ (Relevant source part starts here and spans across multiple lines).
/home/andrei/Рабочий стол/Kursovaya/Diplom/contracts/safe/safe_241_SAFE.sol:3:5: Warning: Function state mutability can be restricted to pure
    function mul(uint256 a, uint256 b) internal constant returns(uint256) {
    ^ (Relevant source part starts here and spans across multiple lines).
/home/andrei/Рабочий стол/Kursovaya/Diplom/contracts/safe/safe_241_SAFE.sol:9:5: Warning: Function state mutability can be restricted to pure
    function div(uint256 a, uint256 b) internal constant returns(uint256) {
    ^ (Relevant source part starts here and spans across multiple lines).
/home/andrei/Рабочий стол/Kursovaya/Diplom/contracts/safe/safe_241_SAFE.sol:14:5: Warning: Function state mutability can be restricted to pure
    function sub(uint256 a, uint256 b) internal constant returns(uint256) {
    ^ (Relevant source part starts here and spans across multiple lines).
/home/andrei/Рабочий стол/Kursovaya/Diplom/contracts/safe/safe_241_SAFE.sol:19:5: Warning: Function state mutability can be restricted to pure
    function add(uint256 a, uint256 b) internal constant returns(uint256) {
    ^ (Relevant source part starts here and spans across multiple lines).

/home/andrei/Рабочий стол/Kursovaya/Diplom/contracts/safe/safe_241_SAFE.sol analyzed (2 contracts with 2 detectors), 0 result(s) found
