'solc --version' running
'solc /home/andrei/Рабочий стол/Kursovaya/Diplom/contracts/safe/safe_176_SAFE.sol --combined-json abi,ast,bin,bin-runtime,srcmap,srcmap-runtime,userdoc,devdoc,hashes,compact-format --allow-paths .,/home/andrei/Рабочий стол/Kursovaya/Diplom/contracts/safe' running
Compilation warnings/errors on /home/andrei/Рабочий стол/Kursovaya/Diplom/contracts/safe/safe_176_SAFE.sol:
/home/andrei/Рабочий стол/Kursovaya/Diplom/contracts/safe/safe_176_SAFE.sol:121:9: Warning: This declaration shadows an existing declaration.
        address owner
        ^-----------^
/home/andrei/Рабочий стол/Kursovaya/Diplom/contracts/safe/safe_176_SAFE.sol:43:5: The shadowed declaration is here:
    address public owner;
    ^------------------^

/home/andrei/Рабочий стол/Kursovaya/Diplom/contracts/safe/safe_176_SAFE.sol:829:13: Warning: Variable is shadowed in inline assembly by an instruction of the same name
            bytes8 timestamp = bytes8(timestampList[i]);
            ^--------------^
/home/andrei/Рабочий стол/Kursovaya/Diplom/contracts/safe/safe_176_SAFE.sol:573:9: Warning: Uninitialized storage pointer.
        Map storage devBalance;    
        ^--------------------^
/home/andrei/Рабочий стол/Kursovaya/Diplom/contracts/safe/safe_176_SAFE.sol:16:5: Warning: Function state mutability can be restricted to pure
    function convertCountryIndexToBytes(uint[] countries) internal returns (uint,uint,uint){
    ^ (Relevant source part starts here and spans across multiple lines).
/home/andrei/Рабочий стол/Kursovaya/Diplom/contracts/safe/safe_176_SAFE.sol:826:5: Warning: Function state mutability can be restricted to pure
    function areNoncesValid (bytes packageName,uint64[] timestampList, uint64[] nonces) internal returns(bool) {
    ^ (Relevant source part starts here and spans across multiple lines).
/home/andrei/Рабочий стол/Kursovaya/Diplom/contracts/safe/safe_176_SAFE.sol:871:5: Warning: Function state mutability can be restricted to pure
    function division(uint numerator, uint denominator) public view returns (uint) {
    ^ (Relevant source part starts here and spans across multiple lines).
/home/andrei/Рабочий стол/Kursovaya/Diplom/contracts/safe/safe_176_SAFE.sol:876:5: Warning: Function state mutability can be restricted to pure
    function uintToBytes (uint256 i) public view returns(bytes32 b) {
    ^ (Relevant source part starts here and spans across multiple lines).


Detector: timestamp
Advertisement.isCampaignValid(bytes32) (contracts/safe/safe_176_SAFE.sol#788-795) uses timestamp for comparisons
	Dangerous comparisons:
	- valid && startDate < nowInMilliseconds && endDate > nowInMilliseconds (contracts/safe/safe_176_SAFE.sol#794)
Reference: https://github.com/crytic/slither/wiki/Detector-Documentation#block-timestamp
/home/andrei/Рабочий стол/Kursovaya/Diplom/contracts/safe/safe_176_SAFE.sol analyzed (6 contracts with 2 detectors), 1 result(s) found
