'solc --version' running
'solc /home/andrei/Рабочий стол/Kursovaya/Diplom/contracts/safe/safe_176_SAFE.sol --combined-json abi,ast,bin,bin-runtime,srcmap,srcmap-runtime,userdoc,devdoc,hashes,compact-format --allow-paths .,/home/andrei/Рабочий стол/Kursovaya/Diplom/contracts/safe' running
Compilation warnings/errors on /home/andrei/Рабочий стол/Kursovaya/Diplom/contracts/safe/safe_176_SAFE.sol:
/home/andrei/Рабочий стол/Kursovaya/Diplom/contracts/safe/safe_176_SAFE.sol:121:9: Warning: This declaration shadows an existing declaration.
        address owner
        ^-----------^
/home/andrei/Рабочий стол/Kursovaya/Diplom/contracts/safe/safe_176_SAFE.sol:43:5: The shadowed declaration is here:
    address public owner;
    ^------------------^

/home/andrei/Рабочий стол/Kursovaya/Diplom/contracts/safe/safe_176_SAFE.sol:829:13: Warning: Variable is shadowed in inline assembly by an instruction of the same name
            bytes8 timestamp = bytes8(timestampList[i]);
            ^--------------^
/home/andrei/Рабочий стол/Kursovaya/Diplom/contracts/safe/safe_176_SAFE.sol:573:9: Warning: Uninitialized storage pointer.
        Map storage devBalance;    
        ^--------------------^
/home/andrei/Рабочий стол/Kursovaya/Diplom/contracts/safe/safe_176_SAFE.sol:16:5: Warning: Function state mutability can be restricted to pure
    function convertCountryIndexToBytes(uint[] countries) internal returns (uint,uint,uint){
    ^ (Relevant source part starts here and spans across multiple lines).
/home/andrei/Рабочий стол/Kursovaya/Diplom/contracts/safe/safe_176_SAFE.sol:826:5: Warning: Function state mutability can be restricted to pure
    function areNoncesValid (bytes packageName,uint64[] timestampList, uint64[] nonces) internal returns(bool) {
    ^ (Relevant source part starts here and spans across multiple lines).
/home/andrei/Рабочий стол/Kursovaya/Diplom/contracts/safe/safe_176_SAFE.sol:871:5: Warning: Function state mutability can be restricted to pure
    function division(uint numerator, uint denominator) public view returns (uint) {
    ^ (Relevant source part starts here and spans across multiple lines).
/home/andrei/Рабочий стол/Kursovaya/Diplom/contracts/safe/safe_176_SAFE.sol:876:5: Warning: Function state mutability can be restricted to pure
    function uintToBytes (uint256 i) public view returns(bytes32 b) {
    ^ (Relevant source part starts here and spans across multiple lines).


Detector: reentrancy-no-eth
Reentrancy in AdvertisementFinance.setAdsContractAddress(address) (contracts/safe/safe_176_SAFE.sol#298-308):
	External calls:
	- adsStorage = adsContract.getAdvertisementStorageAddress() (contracts/safe/safe_176_SAFE.sol#302)
	State variables written after the call(s):
	- advertisementContract = _addrAdvert (contracts/safe/safe_176_SAFE.sol#307)
	AdvertisementFinance.advertisementContract (contracts/safe/safe_176_SAFE.sol#267) can be used in cross function reentrancies:
	- AdvertisementFinance.onlyAds() (contracts/safe/safe_176_SAFE.sol#276-279)
	- AdvertisementFinance.onlyOwnerOrAds() (contracts/safe/safe_176_SAFE.sol#281-284)
	- AdvertisementFinance.setAdsContractAddress(address) (contracts/safe/safe_176_SAFE.sol#298-308)
Reentrancy in Advertisement.upgradeFinance(address) (contracts/safe/safe_176_SAFE.sol#571-595):
	External calls:
	- dev = advertisementStorage.getCampaignOwnerById(bidIdList[i]) (contracts/safe/safe_176_SAFE.sol#576)
	- devBalance.balance[dev] += advertisementStorage.getCampaignBudgetById(bidIdList[i]) (contracts/safe/safe_176_SAFE.sol#582)
	- advertisementFinance.pay(devBalance.devs[i],address(newAdvFinance),devBalance.balance[devBalance.devs[i]]) (contracts/safe/safe_176_SAFE.sol#586)
	- newAdvFinance.increaseBalance(devBalance.devs[i],devBalance.balance[devBalance.devs[i]]) (contracts/safe/safe_176_SAFE.sol#587)
	- oldBalance = appc.balances(address(advertisementFinance)) (contracts/safe/safe_176_SAFE.sol#590)
	State variables written after the call(s):
	- advertisementFinance = newAdvFinance (contracts/safe/safe_176_SAFE.sol#594)
	Advertisement.advertisementFinance (contracts/safe/safe_176_SAFE.sol#531) can be used in cross function reentrancies:
	- Advertisement.Advertisement(address,address,address) (contracts/safe/safe_176_SAFE.sol#558-564)
	- Advertisement.cancelCampaign(bytes32) (contracts/safe/safe_176_SAFE.sol#747-758)
	- Advertisement.createCampaign(string,uint256[3],uint256[],uint256,uint256,uint256,uint256) (contracts/safe/safe_176_SAFE.sol#634-676)
	- Advertisement.getAdvertisementStorageAddress() (contracts/safe/safe_176_SAFE.sol#622-626)
	- Advertisement.payFromCampaign(bytes32,address,address) (contracts/safe/safe_176_SAFE.sol#797-824)
	- Advertisement.upgradeFinance(address) (contracts/safe/safe_176_SAFE.sol#571-595)
	- Advertisement.upgradeStorage(address) (contracts/safe/safe_176_SAFE.sol#605-613)
Reentrancy in Advertisement.upgradeStorage(address) (contracts/safe/safe_176_SAFE.sol#605-613):
	External calls:
	- cancelCampaign(bidIdList[i]) (contracts/safe/safe_176_SAFE.sol#607)
		- advertisementStorage.getCampaignOwnerById(bidId) (contracts/safe/safe_176_SAFE.sol#781)
		- advertisementStorage.getCampaignBudgetById(bidId) (contracts/safe/safe_176_SAFE.sol#777)
		- advertisementFinance.withdraw(campaignOwner,budget) (contracts/safe/safe_176_SAFE.sol#754)
		- advertisementStorage.setCampaignBudgetById(bidId,0) (contracts/safe/safe_176_SAFE.sol#756)
		- advertisementStorage.setCampaignValidById(bidId,false) (contracts/safe/safe_176_SAFE.sol#757)
	State variables written after the call(s):
	- delete bidIdList (contracts/safe/safe_176_SAFE.sol#609)
	Advertisement.bidIdList (contracts/safe/safe_176_SAFE.sol#528) can be used in cross function reentrancies:
	- Advertisement.addCampaign(CampaignLibrary.Campaign) (contracts/safe/safe_176_SAFE.sol#678-694)
	- Advertisement.createCampaign(string,uint256[3],uint256[],uint256,uint256,uint256,uint256) (contracts/safe/safe_176_SAFE.sol#634-676)
	- Advertisement.getBidIdList() (contracts/safe/safe_176_SAFE.sol#784-786)
	- Advertisement.upgradeFinance(address) (contracts/safe/safe_176_SAFE.sol#571-595)
	- Advertisement.upgradeStorage(address) (contracts/safe/safe_176_SAFE.sol#605-613)
Reentrancy in Advertisement.upgradeStorage(address) (contracts/safe/safe_176_SAFE.sol#605-613):
	External calls:
	- cancelCampaign(bidIdList[i]) (contracts/safe/safe_176_SAFE.sol#607)
		- advertisementStorage.getCampaignOwnerById(bidId) (contracts/safe/safe_176_SAFE.sol#781)
		- advertisementStorage.getCampaignBudgetById(bidId) (contracts/safe/safe_176_SAFE.sol#777)
		- advertisementFinance.withdraw(campaignOwner,budget) (contracts/safe/safe_176_SAFE.sol#754)
		- advertisementStorage.setCampaignBudgetById(bidId,0) (contracts/safe/safe_176_SAFE.sol#756)
		- advertisementStorage.setCampaignValidById(bidId,false) (contracts/safe/safe_176_SAFE.sol#757)
	- advertisementFinance.reset() (contracts/safe/safe_176_SAFE.sol#610)
	- advertisementFinance.setAdsStorageAddress(addrAdverStorage) (contracts/safe/safe_176_SAFE.sol#611)
	State variables written after the call(s):
	- advertisementStorage = AdvertisementStorage(addrAdverStorage) (contracts/safe/safe_176_SAFE.sol#612)
	Advertisement.advertisementStorage (contracts/safe/safe_176_SAFE.sol#530) can be used in cross function reentrancies:
	- Advertisement.Advertisement(address,address,address) (contracts/safe/safe_176_SAFE.sol#558-564)
	- Advertisement.addCampaign(CampaignLibrary.Campaign) (contracts/safe/safe_176_SAFE.sol#678-694)
	- Advertisement.cancelCampaign(bytes32) (contracts/safe/safe_176_SAFE.sol#747-758)
	- Advertisement.getAdvertisementStorageAddress() (contracts/safe/safe_176_SAFE.sol#622-626)
	- Advertisement.getBudgetOfCampaign(bytes32) (contracts/safe/safe_176_SAFE.sol#776-778)
	- Advertisement.getCampaignValidity(bytes32) (contracts/safe/safe_176_SAFE.sol#760-762)
	- Advertisement.getEndDateOfCampaign(bytes32) (contracts/safe/safe_176_SAFE.sol#772-774)
	- Advertisement.getOwnerOfCampaign(bytes32) (contracts/safe/safe_176_SAFE.sol#780-782)
	- Advertisement.getPriceOfCampaign(bytes32) (contracts/safe/safe_176_SAFE.sol#764-766)
	- Advertisement.getStartDateOfCampaign(bytes32) (contracts/safe/safe_176_SAFE.sol#768-770)
	- Advertisement.isCampaignValid(bytes32) (contracts/safe/safe_176_SAFE.sol#788-795)
	- Advertisement.payFromCampaign(bytes32,address,address) (contracts/safe/safe_176_SAFE.sol#797-824)
	- Advertisement.upgradeFinance(address) (contracts/safe/safe_176_SAFE.sol#571-595)
	- Advertisement.upgradeStorage(address) (contracts/safe/safe_176_SAFE.sol#605-613)
Reentrancy in AdvertisementFinance.withdraw(address,uint256) (contracts/safe/safe_176_SAFE.sol#329-335):
	External calls:
	- appc.transfer(_developer,_value) (contracts/safe/safe_176_SAFE.sol#333)
	State variables written after the call(s):
	- balanceDevelopers[_developer] -= _value (contracts/safe/safe_176_SAFE.sol#334)
	AdvertisementFinance.balanceDevelopers (contracts/safe/safe_176_SAFE.sol#262) can be used in cross function reentrancies:
	- AdvertisementFinance.increaseBalance(address,uint256) (contracts/safe/safe_176_SAFE.sol#311-320)
	- AdvertisementFinance.pay(address,address,uint256) (contracts/safe/safe_176_SAFE.sol#322-327)
	- AdvertisementFinance.reset() (contracts/safe/safe_176_SAFE.sol#337-341)
	- AdvertisementFinance.withdraw(address,uint256) (contracts/safe/safe_176_SAFE.sol#329-335)
Reference: https://github.com/crytic/slither/wiki/Detector-Documentation#reentrancy-vulnerabilities-2
/home/andrei/Рабочий стол/Kursovaya/Diplom/contracts/safe/safe_176_SAFE.sol analyzed (6 contracts with 2 detectors), 5 result(s) found
