'solc --version' running
'solc /home/andrei/Рабочий стол/Kursovaya/Diplom/contracts/safe/safe_178_SAFE.sol --combined-json abi,ast,bin,bin-runtime,srcmap,srcmap-runtime,userdoc,devdoc,hashes,compact-format --allow-paths .,/home/andrei/Рабочий стол/Kursovaya/Diplom/contracts/safe' running
Compilation warnings/errors on /home/andrei/Рабочий стол/Kursovaya/Diplom/contracts/safe/safe_178_SAFE.sol:
/home/andrei/Рабочий стол/Kursovaya/Diplom/contracts/safe/safe_178_SAFE.sol:16:3: Warning: Defining constructors as functions with the same name as the contract is deprecated. Use "constructor(...) { ... }" instead.
  function Ownable() public {
  ^ (Relevant source part starts here and spans across multiple lines).
/home/andrei/Рабочий стол/Kursovaya/Diplom/contracts/safe/safe_178_SAFE.sol:321:3: Warning: Defining constructors as functions with the same name as the contract is deprecated. Use "constructor(...) { ... }" instead.
  function ReporterTokenSale() public {
  ^ (Relevant source part starts here and spans across multiple lines).
/home/andrei/Рабочий стол/Kursovaya/Diplom/contracts/safe/safe_178_SAFE.sol:110:5: Warning: Invoking events without "emit" prefix is deprecated.
    Transfer(msg.sender, _to, _value);
    ^-------------------------------^
/home/andrei/Рабочий стол/Kursovaya/Diplom/contracts/safe/safe_178_SAFE.sol:146:5: Warning: Invoking events without "emit" prefix is deprecated.
    Transfer(_from, _to, _value);
    ^--------------------------^
/home/andrei/Рабочий стол/Kursovaya/Diplom/contracts/safe/safe_178_SAFE.sol:164:5: Warning: Invoking events without "emit" prefix is deprecated.
    Approval(msg.sender, _spender, _value);
    ^------------------------------------^
/home/andrei/Рабочий стол/Kursovaya/Diplom/contracts/safe/safe_178_SAFE.sol:206:5: Warning: Invoking events without "emit" prefix is deprecated.
    Transfer(0X0, _to, _amount);
    ^-------------------------^
/home/andrei/Рабочий стол/Kursovaya/Diplom/contracts/safe/safe_178_SAFE.sol:216:5: Warning: Invoking events without "emit" prefix is deprecated.
    MintFinished();
    ^------------^
/home/andrei/Рабочий стол/Kursovaya/Diplom/contracts/safe/safe_178_SAFE.sol:426:5: Warning: Invoking events without "emit" prefix is deprecated.
    TokenPurchase(beneficiary, amount, _tokens);
    ^-----------------------------------------^
/home/andrei/Рабочий стол/Kursovaya/Diplom/contracts/safe/safe_178_SAFE.sol:448:5: Warning: Invoking events without "emit" prefix is deprecated.
    TokenPurchase(beneficiary, amount, tokens);
    ^----------------------------------------^
/home/andrei/Рабочий стол/Kursovaya/Diplom/contracts/safe/safe_178_SAFE.sol:449:23: Warning: Using contract member "balance" inherited from the address type is deprecated. Convert the contract to "address" type to access the member, for example use "address(contract).balance" instead.
    multiSig.transfer(this.balance); // better in case any other ether ends up here
                      ^----------^
/home/andrei/Рабочий стол/Kursovaya/Diplom/contracts/safe/safe_178_SAFE.sol:464:5: Warning: Invoking events without "emit" prefix is deprecated.
    SaleClosed();
    ^----------^


Detector: incorrect-equality
ReporterTokenSale.buyTokens(address,uint256) (contracts/safe/safe_178_SAFE.sol#430-450) uses a dangerous strict equality:
	- token.balanceOf(beneficiary) == 0 (contracts/safe/safe_178_SAFE.sol#443)
ReporterTokenSale.placeTokens(address,uint256) (contracts/safe/safe_178_SAFE.sol#416-427) uses a dangerous strict equality:
	- token.balanceOf(beneficiary) == 0 (contracts/safe/safe_178_SAFE.sol#421)
Reference: https://github.com/crytic/slither/wiki/Detector-Documentation#dangerous-strict-equalities
/home/andrei/Рабочий стол/Kursovaya/Diplom/contracts/safe/safe_178_SAFE.sol analyzed (9 contracts with 2 detectors), 2 result(s) found
