'solc --version' running
'solc /home/andrei/Рабочий стол/Kursovaya/Diplom/contracts/safe/safe_198_SAFE.sol --combined-json abi,ast,bin,bin-runtime,srcmap,srcmap-runtime,userdoc,devdoc,hashes,compact-format --allow-paths .,/home/andrei/Рабочий стол/Kursovaya/Diplom/contracts/safe' running
Compilation warnings/errors on /home/andrei/Рабочий стол/Kursovaya/Diplom/contracts/safe/safe_198_SAFE.sol:
/home/andrei/Рабочий стол/Kursovaya/Diplom/contracts/safe/safe_198_SAFE.sol:1169:9: Warning: Return value of low-level calls not used.
        flushDivs.call.value(_POOH)(bytes4(keccak256("donate()")));  
        ^--------------------------------------------------------^
/home/andrei/Рабочий стол/Kursovaya/Diplom/contracts/safe/safe_198_SAFE.sol:1279:13: Warning: Return value of low-level calls not used.
            flushDivs.call.value(_POOH)(bytes4(keccak256("donate()")));
            ^--------------------------------------------------------^


Detector: reentrancy-eth
Reentrancy in POOHMO.buyCore(uint256,uint256,POOHMODatasets.EventReturns) (contracts/safe/safe_198_SAFE.sol#810-858):
	External calls:
	- _eventData_ = endRound(_eventData_) (contracts/safe/safe_198_SAFE.sol#832)
		- flushDivs.call.value(_POOH)(bytes4(keccak256()(donate()))) (contracts/safe/safe_198_SAFE.sol#1169)
	External calls sending eth:
	- _eventData_ = endRound(_eventData_) (contracts/safe/safe_198_SAFE.sol#832)
		- admin.transfer(_dev) (contracts/safe/safe_198_SAFE.sol#1167)
		- flushDivs.call.value(_POOH)(bytes4(keccak256()(donate()))) (contracts/safe/safe_198_SAFE.sol#1169)
	State variables written after the call(s):
	- plyr_[_pID].gen = plyr_[_pID].gen.add(msg.value) (contracts/safe/safe_198_SAFE.sol#856)
	POOHMO.plyr_ (contracts/safe/safe_198_SAFE.sol#151) can be used in cross function reentrancies:
	- POOHMO.buyCore(uint256,uint256,POOHMODatasets.EventReturns) (contracts/safe/safe_198_SAFE.sol#810-858)
	- POOHMO.buyXaddr(address) (contracts/safe/safe_198_SAFE.sol#277-312)
	- POOHMO.buyXid(uint256) (contracts/safe/safe_198_SAFE.sol#247-275)
	- POOHMO.buyXname(bytes32) (contracts/safe/safe_198_SAFE.sol#314-350)
	- POOHMO.core(uint256,uint256,uint256,uint256,uint256,POOHMODatasets.EventReturns) (contracts/safe/safe_198_SAFE.sol#915-969)
	- POOHMO.determinePID(POOHMODatasets.EventReturns) (contracts/safe/safe_198_SAFE.sol#1071-1102)
	- POOHMO.distributeExternal(uint256,uint256,uint256,uint256,uint256,POOHMODatasets.EventReturns) (contracts/safe/safe_198_SAFE.sol#1245-1288)
	- POOHMO.endRound(POOHMODatasets.EventReturns) (contracts/safe/safe_198_SAFE.sol#1131-1193)
	- POOHMO.endTx(uint256,uint256,uint256,uint256,POOHMODatasets.EventReturns) (contracts/safe/safe_198_SAFE.sol#1389-1411)
	- POOHMO.fallback() (contracts/safe/safe_198_SAFE.sol#223-238)
	- POOHMO.getCurrentRoundInfo() (contracts/safe/safe_198_SAFE.sol#736-761)
	- POOHMO.getPlayerInfoByAddress(address) (contracts/safe/safe_198_SAFE.sol#776-800)
	- POOHMO.getPlayerVaults(uint256) (contracts/safe/safe_198_SAFE.sol#667-706)
	- POOHMO.managePlayer(uint256,POOHMODatasets.EventReturns) (contracts/safe/safe_198_SAFE.sol#1110-1126)
	- POOHMO.plyr_ (contracts/safe/safe_198_SAFE.sol#151)
	- POOHMO.reLoadCore(uint256,uint256,uint256,POOHMODatasets.EventReturns) (contracts/safe/safe_198_SAFE.sol#864-909)
	- POOHMO.reLoadXaddr(address,uint256) (contracts/safe/safe_198_SAFE.sol#390-425)
	- POOHMO.reLoadXid(uint256,uint256) (contracts/safe/safe_198_SAFE.sol#361-388)
	- POOHMO.reLoadXname(bytes32,uint256) (contracts/safe/safe_198_SAFE.sol#427-462)
	- POOHMO.receivePlayerInfo(uint256,address,bytes32,uint256) (contracts/safe/safe_198_SAFE.sol#1038-1054)
	- POOHMO.registerNameXID(string,uint256,bool) (contracts/safe/safe_198_SAFE.sol#560-574)
	- POOHMO.registerNameXaddr(string,address,bool) (contracts/safe/safe_198_SAFE.sol#576-590)
	- POOHMO.registerNameXname(string,bytes32,bool) (contracts/safe/safe_198_SAFE.sol#592-606)
	- POOHMO.updateGenVault(uint256,uint256) (contracts/safe/safe_198_SAFE.sol#1205-1216)
	- POOHMO.withdraw() (contracts/safe/safe_198_SAFE.sol#468-534)
	- POOHMO.withdrawEarnings(uint256) (contracts/safe/safe_198_SAFE.sol#1367-1384)
Reentrancy in POOHMO.core(uint256,uint256,uint256,uint256,uint256,POOHMODatasets.EventReturns) (contracts/safe/safe_198_SAFE.sol#915-969):
	External calls:
	- _eventData_ = distributeExternal(_rID,_pID,_eth,_affID,0,_eventData_) (contracts/safe/safe_198_SAFE.sol#963)
		- ! address(admin).call.value(_dev)() (contracts/safe/safe_198_SAFE.sol#1253)
		- flushDivs.call.value(_POOH)(bytes4(keccak256()(donate()))) (contracts/safe/safe_198_SAFE.sol#1279)
	State variables written after the call(s):
	- _eventData_ = distributeInternal(_rID,_pID,_eth,0,_keys,_eventData_) (contracts/safe/safe_198_SAFE.sol#964)
		- plyrRnds_[_pID][_rID].mask = (((round_[_rID].mask.mul(_keys)) / (1000000000000000000)).sub(_pearn)).add(plyrRnds_[_pID][_rID].mask) (contracts/safe/safe_198_SAFE.sol#1357)
	POOHMO.plyrRnds_ (contracts/safe/safe_198_SAFE.sol#152) can be used in cross function reentrancies:
	- POOHMO.calcUnMaskedEarnings(uint256,uint256) (contracts/safe/safe_198_SAFE.sol#978-984)
	- POOHMO.core(uint256,uint256,uint256,uint256,uint256,POOHMODatasets.EventReturns) (contracts/safe/safe_198_SAFE.sol#915-969)
	- POOHMO.getPlayerInfoByAddress(address) (contracts/safe/safe_198_SAFE.sol#776-800)
	- POOHMO.getPlayerVaults(uint256) (contracts/safe/safe_198_SAFE.sol#667-706)
	- POOHMO.getPlayerVaultsHelper(uint256,uint256) (contracts/safe/safe_198_SAFE.sol#711-717)
	- POOHMO.plyrRnds_ (contracts/safe/safe_198_SAFE.sol#152)
	- POOHMO.updateGenVault(uint256,uint256) (contracts/safe/safe_198_SAFE.sol#1205-1216)
	- POOHMO.updateMasks(uint256,uint256,uint256,uint256) (contracts/safe/safe_198_SAFE.sol#1335-1361)
	- _eventData_ = distributeInternal(_rID,_pID,_eth,0,_keys,_eventData_) (contracts/safe/safe_198_SAFE.sol#964)
		- round_[_rID].mask = _ppt.add(round_[_rID].mask) (contracts/safe/safe_198_SAFE.sol#1352)
		- round_[_rID].pot = _pot.add(_dust).add(round_[_rID].pot) (contracts/safe/safe_198_SAFE.sol#1322)
	POOHMO.round_ (contracts/safe/safe_198_SAFE.sol#157) can be used in cross function reentrancies:
	- POOHMO.activate() (contracts/safe/safe_198_SAFE.sol#1420-1437)
	- POOHMO.buyCore(uint256,uint256,POOHMODatasets.EventReturns) (contracts/safe/safe_198_SAFE.sol#810-858)
	- POOHMO.calcKeysReceived(uint256,uint256) (contracts/safe/safe_198_SAFE.sol#993-1006)
	- POOHMO.calcUnMaskedEarnings(uint256,uint256) (contracts/safe/safe_198_SAFE.sol#978-984)
	- POOHMO.core(uint256,uint256,uint256,uint256,uint256,POOHMODatasets.EventReturns) (contracts/safe/safe_198_SAFE.sol#915-969)
	- POOHMO.distributeInternal(uint256,uint256,uint256,uint256,uint256,POOHMODatasets.EventReturns) (contracts/safe/safe_198_SAFE.sol#1301-1329)
	- POOHMO.endRound(POOHMODatasets.EventReturns) (contracts/safe/safe_198_SAFE.sol#1131-1193)
	- POOHMO.getBuyPrice() (contracts/safe/safe_198_SAFE.sol#616-632)
	- POOHMO.getCurrentRoundInfo() (contracts/safe/safe_198_SAFE.sol#736-761)
	- POOHMO.getPlayerVaults(uint256) (contracts/safe/safe_198_SAFE.sol#667-706)
	- POOHMO.getPlayerVaultsHelper(uint256,uint256) (contracts/safe/safe_198_SAFE.sol#711-717)
	- POOHMO.getTimeLeft() (contracts/safe/safe_198_SAFE.sol#640-658)
	- POOHMO.iWantXKeys(uint256) (contracts/safe/safe_198_SAFE.sol#1014-1030)
	- POOHMO.reLoadCore(uint256,uint256,uint256,POOHMODatasets.EventReturns) (contracts/safe/safe_198_SAFE.sol#864-909)
	- POOHMO.round_ (contracts/safe/safe_198_SAFE.sol#157)
	- POOHMO.updateMasks(uint256,uint256,uint256,uint256) (contracts/safe/safe_198_SAFE.sol#1335-1361)
	- POOHMO.updateTimer(uint256,uint256) (contracts/safe/safe_198_SAFE.sol#1221-1239)
	- POOHMO.withdraw() (contracts/safe/safe_198_SAFE.sol#468-534)
Reentrancy in POOHMO.endRound(POOHMODatasets.EventReturns) (contracts/safe/safe_198_SAFE.sol#1131-1193):
	External calls:
	- flushDivs.call.value(_POOH)(bytes4(keccak256()(donate()))) (contracts/safe/safe_198_SAFE.sol#1169)
	External calls sending eth:
	- admin.transfer(_dev) (contracts/safe/safe_198_SAFE.sol#1167)
	- flushDivs.call.value(_POOH)(bytes4(keccak256()(donate()))) (contracts/safe/safe_198_SAFE.sol#1169)
	State variables written after the call(s):
	- rID_ ++ (contracts/safe/safe_198_SAFE.sol#1185)
	POOHMO.rID_ (contracts/safe/safe_198_SAFE.sol#145) can be used in cross function reentrancies:
	- POOHMO.activate() (contracts/safe/safe_198_SAFE.sol#1420-1437)
	- POOHMO.buyCore(uint256,uint256,POOHMODatasets.EventReturns) (contracts/safe/safe_198_SAFE.sol#810-858)
	- POOHMO.endRound(POOHMODatasets.EventReturns) (contracts/safe/safe_198_SAFE.sol#1131-1193)
	- POOHMO.endTx(uint256,uint256,uint256,uint256,POOHMODatasets.EventReturns) (contracts/safe/safe_198_SAFE.sol#1389-1411)
	- POOHMO.getBuyPrice() (contracts/safe/safe_198_SAFE.sol#616-632)
	- POOHMO.getCurrentRoundInfo() (contracts/safe/safe_198_SAFE.sol#736-761)
	- POOHMO.getPlayerInfoByAddress(address) (contracts/safe/safe_198_SAFE.sol#776-800)
	- POOHMO.getPlayerVaults(uint256) (contracts/safe/safe_198_SAFE.sol#667-706)
	- POOHMO.getTimeLeft() (contracts/safe/safe_198_SAFE.sol#640-658)
	- POOHMO.iWantXKeys(uint256) (contracts/safe/safe_198_SAFE.sol#1014-1030)
	- POOHMO.managePlayer(uint256,POOHMODatasets.EventReturns) (contracts/safe/safe_198_SAFE.sol#1110-1126)
	- POOHMO.rID_ (contracts/safe/safe_198_SAFE.sol#145)
	- POOHMO.reLoadCore(uint256,uint256,uint256,POOHMODatasets.EventReturns) (contracts/safe/safe_198_SAFE.sol#864-909)
	- POOHMO.withdraw() (contracts/safe/safe_198_SAFE.sol#468-534)
	- round_[_rID].mask = _ppt.add(round_[_rID].mask) (contracts/safe/safe_198_SAFE.sol#1172)
	POOHMO.round_ (contracts/safe/safe_198_SAFE.sol#157) can be used in cross function reentrancies:
	- POOHMO.activate() (contracts/safe/safe_198_SAFE.sol#1420-1437)
	- POOHMO.buyCore(uint256,uint256,POOHMODatasets.EventReturns) (contracts/safe/safe_198_SAFE.sol#810-858)
	- POOHMO.calcKeysReceived(uint256,uint256) (contracts/safe/safe_198_SAFE.sol#993-1006)
	- POOHMO.calcUnMaskedEarnings(uint256,uint256) (contracts/safe/safe_198_SAFE.sol#978-984)
	- POOHMO.core(uint256,uint256,uint256,uint256,uint256,POOHMODatasets.EventReturns) (contracts/safe/safe_198_SAFE.sol#915-969)
	- POOHMO.distributeInternal(uint256,uint256,uint256,uint256,uint256,POOHMODatasets.EventReturns) (contracts/safe/safe_198_SAFE.sol#1301-1329)
	- POOHMO.endRound(POOHMODatasets.EventReturns) (contracts/safe/safe_198_SAFE.sol#1131-1193)
	- POOHMO.getBuyPrice() (contracts/safe/safe_198_SAFE.sol#616-632)
	- POOHMO.getCurrentRoundInfo() (contracts/safe/safe_198_SAFE.sol#736-761)
	- POOHMO.getPlayerVaults(uint256) (contracts/safe/safe_198_SAFE.sol#667-706)
	- POOHMO.getPlayerVaultsHelper(uint256,uint256) (contracts/safe/safe_198_SAFE.sol#711-717)
	- POOHMO.getTimeLeft() (contracts/safe/safe_198_SAFE.sol#640-658)
	- POOHMO.iWantXKeys(uint256) (contracts/safe/safe_198_SAFE.sol#1014-1030)
	- POOHMO.reLoadCore(uint256,uint256,uint256,POOHMODatasets.EventReturns) (contracts/safe/safe_198_SAFE.sol#864-909)
	- POOHMO.round_ (contracts/safe/safe_198_SAFE.sol#157)
	- POOHMO.updateMasks(uint256,uint256,uint256,uint256) (contracts/safe/safe_198_SAFE.sol#1335-1361)
	- POOHMO.updateTimer(uint256,uint256) (contracts/safe/safe_198_SAFE.sol#1221-1239)
	- POOHMO.withdraw() (contracts/safe/safe_198_SAFE.sol#468-534)
	- round_[_rID].strt = now (contracts/safe/safe_198_SAFE.sol#1187)
	POOHMO.round_ (contracts/safe/safe_198_SAFE.sol#157) can be used in cross function reentrancies:
	- POOHMO.activate() (contracts/safe/safe_198_SAFE.sol#1420-1437)
	- POOHMO.buyCore(uint256,uint256,POOHMODatasets.EventReturns) (contracts/safe/safe_198_SAFE.sol#810-858)
	- POOHMO.calcKeysReceived(uint256,uint256) (contracts/safe/safe_198_SAFE.sol#993-1006)
	- POOHMO.calcUnMaskedEarnings(uint256,uint256) (contracts/safe/safe_198_SAFE.sol#978-984)
	- POOHMO.core(uint256,uint256,uint256,uint256,uint256,POOHMODatasets.EventReturns) (contracts/safe/safe_198_SAFE.sol#915-969)
	- POOHMO.distributeInternal(uint256,uint256,uint256,uint256,uint256,POOHMODatasets.EventReturns) (contracts/safe/safe_198_SAFE.sol#1301-1329)
	- POOHMO.endRound(POOHMODatasets.EventReturns) (contracts/safe/safe_198_SAFE.sol#1131-1193)
	- POOHMO.getBuyPrice() (contracts/safe/safe_198_SAFE.sol#616-632)
	- POOHMO.getCurrentRoundInfo() (contracts/safe/safe_198_SAFE.sol#736-761)
	- POOHMO.getPlayerVaults(uint256) (contracts/safe/safe_198_SAFE.sol#667-706)
	- POOHMO.getPlayerVaultsHelper(uint256,uint256) (contracts/safe/safe_198_SAFE.sol#711-717)
	- POOHMO.getTimeLeft() (contracts/safe/safe_198_SAFE.sol#640-658)
	- POOHMO.iWantXKeys(uint256) (contracts/safe/safe_198_SAFE.sol#1014-1030)
	- POOHMO.reLoadCore(uint256,uint256,uint256,POOHMODatasets.EventReturns) (contracts/safe/safe_198_SAFE.sol#864-909)
	- POOHMO.round_ (contracts/safe/safe_198_SAFE.sol#157)
	- POOHMO.updateMasks(uint256,uint256,uint256,uint256) (contracts/safe/safe_198_SAFE.sol#1335-1361)
	- POOHMO.updateTimer(uint256,uint256) (contracts/safe/safe_198_SAFE.sol#1221-1239)
	- POOHMO.withdraw() (contracts/safe/safe_198_SAFE.sol#468-534)
	- round_[_rID].end = now.add(rndMax_) (contracts/safe/safe_198_SAFE.sol#1189)
	POOHMO.round_ (contracts/safe/safe_198_SAFE.sol#157) can be used in cross function reentrancies:
	- POOHMO.activate() (contracts/safe/safe_198_SAFE.sol#1420-1437)
	- POOHMO.buyCore(uint256,uint256,POOHMODatasets.EventReturns) (contracts/safe/safe_198_SAFE.sol#810-858)
	- POOHMO.calcKeysReceived(uint256,uint256) (contracts/safe/safe_198_SAFE.sol#993-1006)
	- POOHMO.calcUnMaskedEarnings(uint256,uint256) (contracts/safe/safe_198_SAFE.sol#978-984)
	- POOHMO.core(uint256,uint256,uint256,uint256,uint256,POOHMODatasets.EventReturns) (contracts/safe/safe_198_SAFE.sol#915-969)
	- POOHMO.distributeInternal(uint256,uint256,uint256,uint256,uint256,POOHMODatasets.EventReturns) (contracts/safe/safe_198_SAFE.sol#1301-1329)
	- POOHMO.endRound(POOHMODatasets.EventReturns) (contracts/safe/safe_198_SAFE.sol#1131-1193)
	- POOHMO.getBuyPrice() (contracts/safe/safe_198_SAFE.sol#616-632)
	- POOHMO.getCurrentRoundInfo() (contracts/safe/safe_198_SAFE.sol#736-761)
	- POOHMO.getPlayerVaults(uint256) (contracts/safe/safe_198_SAFE.sol#667-706)
	- POOHMO.getPlayerVaultsHelper(uint256,uint256) (contracts/safe/safe_198_SAFE.sol#711-717)
	- POOHMO.getTimeLeft() (contracts/safe/safe_198_SAFE.sol#640-658)
	- POOHMO.iWantXKeys(uint256) (contracts/safe/safe_198_SAFE.sol#1014-1030)
	- POOHMO.reLoadCore(uint256,uint256,uint256,POOHMODatasets.EventReturns) (contracts/safe/safe_198_SAFE.sol#864-909)
	- POOHMO.round_ (contracts/safe/safe_198_SAFE.sol#157)
	- POOHMO.updateMasks(uint256,uint256,uint256,uint256) (contracts/safe/safe_198_SAFE.sol#1335-1361)
	- POOHMO.updateTimer(uint256,uint256) (contracts/safe/safe_198_SAFE.sol#1221-1239)
	- POOHMO.withdraw() (contracts/safe/safe_198_SAFE.sol#468-534)
	- round_[_rID].pot = _res (contracts/safe/safe_198_SAFE.sol#1190)
	POOHMO.round_ (contracts/safe/safe_198_SAFE.sol#157) can be used in cross function reentrancies:
	- POOHMO.activate() (contracts/safe/safe_198_SAFE.sol#1420-1437)
	- POOHMO.buyCore(uint256,uint256,POOHMODatasets.EventReturns) (contracts/safe/safe_198_SAFE.sol#810-858)
	- POOHMO.calcKeysReceived(uint256,uint256) (contracts/safe/safe_198_SAFE.sol#993-1006)
	- POOHMO.calcUnMaskedEarnings(uint256,uint256) (contracts/safe/safe_198_SAFE.sol#978-984)
	- POOHMO.core(uint256,uint256,uint256,uint256,uint256,POOHMODatasets.EventReturns) (contracts/safe/safe_198_SAFE.sol#915-969)
	- POOHMO.distributeInternal(uint256,uint256,uint256,uint256,uint256,POOHMODatasets.EventReturns) (contracts/safe/safe_198_SAFE.sol#1301-1329)
	- POOHMO.endRound(POOHMODatasets.EventReturns) (contracts/safe/safe_198_SAFE.sol#1131-1193)
	- POOHMO.getBuyPrice() (contracts/safe/safe_198_SAFE.sol#616-632)
	- POOHMO.getCurrentRoundInfo() (contracts/safe/safe_198_SAFE.sol#736-761)
	- POOHMO.getPlayerVaults(uint256) (contracts/safe/safe_198_SAFE.sol#667-706)
	- POOHMO.getPlayerVaultsHelper(uint256,uint256) (contracts/safe/safe_198_SAFE.sol#711-717)
	- POOHMO.getTimeLeft() (contracts/safe/safe_198_SAFE.sol#640-658)
	- POOHMO.iWantXKeys(uint256) (contracts/safe/safe_198_SAFE.sol#1014-1030)
	- POOHMO.reLoadCore(uint256,uint256,uint256,POOHMODatasets.EventReturns) (contracts/safe/safe_198_SAFE.sol#864-909)
	- POOHMO.round_ (contracts/safe/safe_198_SAFE.sol#157)
	- POOHMO.updateMasks(uint256,uint256,uint256,uint256) (contracts/safe/safe_198_SAFE.sol#1335-1361)
	- POOHMO.updateTimer(uint256,uint256) (contracts/safe/safe_198_SAFE.sol#1221-1239)
	- POOHMO.withdraw() (contracts/safe/safe_198_SAFE.sol#468-534)
Reentrancy in POOHMO.withdraw() (contracts/safe/safe_198_SAFE.sol#468-534):
	External calls:
	- _eventData_ = endRound(_eventData_) (contracts/safe/safe_198_SAFE.sol#493)
		- flushDivs.call.value(_POOH)(bytes4(keccak256()(donate()))) (contracts/safe/safe_198_SAFE.sol#1169)
	External calls sending eth:
	- _eventData_ = endRound(_eventData_) (contracts/safe/safe_198_SAFE.sol#493)
		- admin.transfer(_dev) (contracts/safe/safe_198_SAFE.sol#1167)
		- flushDivs.call.value(_POOH)(bytes4(keccak256()(donate()))) (contracts/safe/safe_198_SAFE.sol#1169)
	State variables written after the call(s):
	- _eth = withdrawEarnings(_pID) (contracts/safe/safe_198_SAFE.sol#496)
		- plyr_[_pID].gen = _earnings.add(plyr_[_pID].gen) (contracts/safe/safe_198_SAFE.sol#1212)
		- plyr_[_pID].win = 0 (contracts/safe/safe_198_SAFE.sol#1378)
		- plyr_[_pID].gen = 0 (contracts/safe/safe_198_SAFE.sol#1379)
		- plyr_[_pID].aff = 0 (contracts/safe/safe_198_SAFE.sol#1380)
	POOHMO.plyr_ (contracts/safe/safe_198_SAFE.sol#151) can be used in cross function reentrancies:
	- POOHMO.buyCore(uint256,uint256,POOHMODatasets.EventReturns) (contracts/safe/safe_198_SAFE.sol#810-858)
	- POOHMO.buyXaddr(address) (contracts/safe/safe_198_SAFE.sol#277-312)
	- POOHMO.buyXid(uint256) (contracts/safe/safe_198_SAFE.sol#247-275)
	- POOHMO.buyXname(bytes32) (contracts/safe/safe_198_SAFE.sol#314-350)
	- POOHMO.core(uint256,uint256,uint256,uint256,uint256,POOHMODatasets.EventReturns) (contracts/safe/safe_198_SAFE.sol#915-969)
	- POOHMO.determinePID(POOHMODatasets.EventReturns) (contracts/safe/safe_198_SAFE.sol#1071-1102)
	- POOHMO.distributeExternal(uint256,uint256,uint256,uint256,uint256,POOHMODatasets.EventReturns) (contracts/safe/safe_198_SAFE.sol#1245-1288)
	- POOHMO.endRound(POOHMODatasets.EventReturns) (contracts/safe/safe_198_SAFE.sol#1131-1193)
	- POOHMO.endTx(uint256,uint256,uint256,uint256,POOHMODatasets.EventReturns) (contracts/safe/safe_198_SAFE.sol#1389-1411)
	- POOHMO.fallback() (contracts/safe/safe_198_SAFE.sol#223-238)
	- POOHMO.getCurrentRoundInfo() (contracts/safe/safe_198_SAFE.sol#736-761)
	- POOHMO.getPlayerInfoByAddress(address) (contracts/safe/safe_198_SAFE.sol#776-800)
	- POOHMO.getPlayerVaults(uint256) (contracts/safe/safe_198_SAFE.sol#667-706)
	- POOHMO.managePlayer(uint256,POOHMODatasets.EventReturns) (contracts/safe/safe_198_SAFE.sol#1110-1126)
	- POOHMO.plyr_ (contracts/safe/safe_198_SAFE.sol#151)
	- POOHMO.reLoadCore(uint256,uint256,uint256,POOHMODatasets.EventReturns) (contracts/safe/safe_198_SAFE.sol#864-909)
	- POOHMO.reLoadXaddr(address,uint256) (contracts/safe/safe_198_SAFE.sol#390-425)
	- POOHMO.reLoadXid(uint256,uint256) (contracts/safe/safe_198_SAFE.sol#361-388)
	- POOHMO.reLoadXname(bytes32,uint256) (contracts/safe/safe_198_SAFE.sol#427-462)
	- POOHMO.receivePlayerInfo(uint256,address,bytes32,uint256) (contracts/safe/safe_198_SAFE.sol#1038-1054)
	- POOHMO.registerNameXID(string,uint256,bool) (contracts/safe/safe_198_SAFE.sol#560-574)
	- POOHMO.registerNameXaddr(string,address,bool) (contracts/safe/safe_198_SAFE.sol#576-590)
	- POOHMO.registerNameXname(string,bytes32,bool) (contracts/safe/safe_198_SAFE.sol#592-606)
	- POOHMO.updateGenVault(uint256,uint256) (contracts/safe/safe_198_SAFE.sol#1205-1216)
	- POOHMO.withdraw() (contracts/safe/safe_198_SAFE.sol#468-534)
	- POOHMO.withdrawEarnings(uint256) (contracts/safe/safe_198_SAFE.sol#1367-1384)
Reference: https://github.com/crytic/slither/wiki/Detector-Documentation#reentrancy-vulnerabilities-1

Detector: reentrancy-no-eth
Reentrancy in POOHMO.buyXaddr(address) (contracts/safe/safe_198_SAFE.sol#277-312):
	External calls:
	- _eventData_ = determinePID(_eventData_) (contracts/safe/safe_198_SAFE.sol#285)
		- _pID = PlayerBook.getPlayerID(msg.sender) (contracts/safe/safe_198_SAFE.sol#1080)
		- _name = PlayerBook.getPlayerName(_pID) (contracts/safe/safe_198_SAFE.sol#1081)
		- _laff = PlayerBook.getPlayerLAff(_pID) (contracts/safe/safe_198_SAFE.sol#1082)
	State variables written after the call(s):
	- plyr_[_pID].laff = _affID (contracts/safe/safe_198_SAFE.sol#307)
	POOHMO.plyr_ (contracts/safe/safe_198_SAFE.sol#151) can be used in cross function reentrancies:
	- POOHMO.buyCore(uint256,uint256,POOHMODatasets.EventReturns) (contracts/safe/safe_198_SAFE.sol#810-858)
	- POOHMO.buyXaddr(address) (contracts/safe/safe_198_SAFE.sol#277-312)
	- POOHMO.buyXid(uint256) (contracts/safe/safe_198_SAFE.sol#247-275)
	- POOHMO.buyXname(bytes32) (contracts/safe/safe_198_SAFE.sol#314-350)
	- POOHMO.core(uint256,uint256,uint256,uint256,uint256,POOHMODatasets.EventReturns) (contracts/safe/safe_198_SAFE.sol#915-969)
	- POOHMO.determinePID(POOHMODatasets.EventReturns) (contracts/safe/safe_198_SAFE.sol#1071-1102)
	- POOHMO.distributeExternal(uint256,uint256,uint256,uint256,uint256,POOHMODatasets.EventReturns) (contracts/safe/safe_198_SAFE.sol#1245-1288)
	- POOHMO.endRound(POOHMODatasets.EventReturns) (contracts/safe/safe_198_SAFE.sol#1131-1193)
	- POOHMO.endTx(uint256,uint256,uint256,uint256,POOHMODatasets.EventReturns) (contracts/safe/safe_198_SAFE.sol#1389-1411)
	- POOHMO.fallback() (contracts/safe/safe_198_SAFE.sol#223-238)
	- POOHMO.getCurrentRoundInfo() (contracts/safe/safe_198_SAFE.sol#736-761)
	- POOHMO.getPlayerInfoByAddress(address) (contracts/safe/safe_198_SAFE.sol#776-800)
	- POOHMO.getPlayerVaults(uint256) (contracts/safe/safe_198_SAFE.sol#667-706)
	- POOHMO.managePlayer(uint256,POOHMODatasets.EventReturns) (contracts/safe/safe_198_SAFE.sol#1110-1126)
	- POOHMO.plyr_ (contracts/safe/safe_198_SAFE.sol#151)
	- POOHMO.reLoadCore(uint256,uint256,uint256,POOHMODatasets.EventReturns) (contracts/safe/safe_198_SAFE.sol#864-909)
	- POOHMO.reLoadXaddr(address,uint256) (contracts/safe/safe_198_SAFE.sol#390-425)
	- POOHMO.reLoadXid(uint256,uint256) (contracts/safe/safe_198_SAFE.sol#361-388)
	- POOHMO.reLoadXname(bytes32,uint256) (contracts/safe/safe_198_SAFE.sol#427-462)
	- POOHMO.receivePlayerInfo(uint256,address,bytes32,uint256) (contracts/safe/safe_198_SAFE.sol#1038-1054)
	- POOHMO.registerNameXID(string,uint256,bool) (contracts/safe/safe_198_SAFE.sol#560-574)
	- POOHMO.registerNameXaddr(string,address,bool) (contracts/safe/safe_198_SAFE.sol#576-590)
	- POOHMO.registerNameXname(string,bytes32,bool) (contracts/safe/safe_198_SAFE.sol#592-606)
	- POOHMO.updateGenVault(uint256,uint256) (contracts/safe/safe_198_SAFE.sol#1205-1216)
	- POOHMO.withdraw() (contracts/safe/safe_198_SAFE.sol#468-534)
	- POOHMO.withdrawEarnings(uint256) (contracts/safe/safe_198_SAFE.sol#1367-1384)
Reentrancy in POOHMO.buyXid(uint256) (contracts/safe/safe_198_SAFE.sol#247-275):
	External calls:
	- _eventData_ = determinePID(_eventData_) (contracts/safe/safe_198_SAFE.sol#255)
		- _pID = PlayerBook.getPlayerID(msg.sender) (contracts/safe/safe_198_SAFE.sol#1080)
		- _name = PlayerBook.getPlayerName(_pID) (contracts/safe/safe_198_SAFE.sol#1081)
		- _laff = PlayerBook.getPlayerLAff(_pID) (contracts/safe/safe_198_SAFE.sol#1082)
	State variables written after the call(s):
	- plyr_[_pID].laff = _affCode (contracts/safe/safe_198_SAFE.sol#270)
	POOHMO.plyr_ (contracts/safe/safe_198_SAFE.sol#151) can be used in cross function reentrancies:
	- POOHMO.buyCore(uint256,uint256,POOHMODatasets.EventReturns) (contracts/safe/safe_198_SAFE.sol#810-858)
	- POOHMO.buyXaddr(address) (contracts/safe/safe_198_SAFE.sol#277-312)
	- POOHMO.buyXid(uint256) (contracts/safe/safe_198_SAFE.sol#247-275)
	- POOHMO.buyXname(bytes32) (contracts/safe/safe_198_SAFE.sol#314-350)
	- POOHMO.core(uint256,uint256,uint256,uint256,uint256,POOHMODatasets.EventReturns) (contracts/safe/safe_198_SAFE.sol#915-969)
	- POOHMO.determinePID(POOHMODatasets.EventReturns) (contracts/safe/safe_198_SAFE.sol#1071-1102)
	- POOHMO.distributeExternal(uint256,uint256,uint256,uint256,uint256,POOHMODatasets.EventReturns) (contracts/safe/safe_198_SAFE.sol#1245-1288)
	- POOHMO.endRound(POOHMODatasets.EventReturns) (contracts/safe/safe_198_SAFE.sol#1131-1193)
	- POOHMO.endTx(uint256,uint256,uint256,uint256,POOHMODatasets.EventReturns) (contracts/safe/safe_198_SAFE.sol#1389-1411)
	- POOHMO.fallback() (contracts/safe/safe_198_SAFE.sol#223-238)
	- POOHMO.getCurrentRoundInfo() (contracts/safe/safe_198_SAFE.sol#736-761)
	- POOHMO.getPlayerInfoByAddress(address) (contracts/safe/safe_198_SAFE.sol#776-800)
	- POOHMO.getPlayerVaults(uint256) (contracts/safe/safe_198_SAFE.sol#667-706)
	- POOHMO.managePlayer(uint256,POOHMODatasets.EventReturns) (contracts/safe/safe_198_SAFE.sol#1110-1126)
	- POOHMO.plyr_ (contracts/safe/safe_198_SAFE.sol#151)
	- POOHMO.reLoadCore(uint256,uint256,uint256,POOHMODatasets.EventReturns) (contracts/safe/safe_198_SAFE.sol#864-909)
	- POOHMO.reLoadXaddr(address,uint256) (contracts/safe/safe_198_SAFE.sol#390-425)
	- POOHMO.reLoadXid(uint256,uint256) (contracts/safe/safe_198_SAFE.sol#361-388)
	- POOHMO.reLoadXname(bytes32,uint256) (contracts/safe/safe_198_SAFE.sol#427-462)
	- POOHMO.receivePlayerInfo(uint256,address,bytes32,uint256) (contracts/safe/safe_198_SAFE.sol#1038-1054)
	- POOHMO.registerNameXID(string,uint256,bool) (contracts/safe/safe_198_SAFE.sol#560-574)
	- POOHMO.registerNameXaddr(string,address,bool) (contracts/safe/safe_198_SAFE.sol#576-590)
	- POOHMO.registerNameXname(string,bytes32,bool) (contracts/safe/safe_198_SAFE.sol#592-606)
	- POOHMO.updateGenVault(uint256,uint256) (contracts/safe/safe_198_SAFE.sol#1205-1216)
	- POOHMO.withdraw() (contracts/safe/safe_198_SAFE.sol#468-534)
	- POOHMO.withdrawEarnings(uint256) (contracts/safe/safe_198_SAFE.sol#1367-1384)
Reentrancy in POOHMO.buyXname(bytes32) (contracts/safe/safe_198_SAFE.sol#314-350):
	External calls:
	- _eventData_ = determinePID(_eventData_) (contracts/safe/safe_198_SAFE.sol#322)
		- _pID = PlayerBook.getPlayerID(msg.sender) (contracts/safe/safe_198_SAFE.sol#1080)
		- _name = PlayerBook.getPlayerName(_pID) (contracts/safe/safe_198_SAFE.sol#1081)
		- _laff = PlayerBook.getPlayerLAff(_pID) (contracts/safe/safe_198_SAFE.sol#1082)
	State variables written after the call(s):
	- plyr_[_pID].laff = _affID (contracts/safe/safe_198_SAFE.sol#344)
	POOHMO.plyr_ (contracts/safe/safe_198_SAFE.sol#151) can be used in cross function reentrancies:
	- POOHMO.buyCore(uint256,uint256,POOHMODatasets.EventReturns) (contracts/safe/safe_198_SAFE.sol#810-858)
	- POOHMO.buyXaddr(address) (contracts/safe/safe_198_SAFE.sol#277-312)
	- POOHMO.buyXid(uint256) (contracts/safe/safe_198_SAFE.sol#247-275)
	- POOHMO.buyXname(bytes32) (contracts/safe/safe_198_SAFE.sol#314-350)
	- POOHMO.core(uint256,uint256,uint256,uint256,uint256,POOHMODatasets.EventReturns) (contracts/safe/safe_198_SAFE.sol#915-969)
	- POOHMO.determinePID(POOHMODatasets.EventReturns) (contracts/safe/safe_198_SAFE.sol#1071-1102)
	- POOHMO.distributeExternal(uint256,uint256,uint256,uint256,uint256,POOHMODatasets.EventReturns) (contracts/safe/safe_198_SAFE.sol#1245-1288)
	- POOHMO.endRound(POOHMODatasets.EventReturns) (contracts/safe/safe_198_SAFE.sol#1131-1193)
	- POOHMO.endTx(uint256,uint256,uint256,uint256,POOHMODatasets.EventReturns) (contracts/safe/safe_198_SAFE.sol#1389-1411)
	- POOHMO.fallback() (contracts/safe/safe_198_SAFE.sol#223-238)
	- POOHMO.getCurrentRoundInfo() (contracts/safe/safe_198_SAFE.sol#736-761)
	- POOHMO.getPlayerInfoByAddress(address) (contracts/safe/safe_198_SAFE.sol#776-800)
	- POOHMO.getPlayerVaults(uint256) (contracts/safe/safe_198_SAFE.sol#667-706)
	- POOHMO.managePlayer(uint256,POOHMODatasets.EventReturns) (contracts/safe/safe_198_SAFE.sol#1110-1126)
	- POOHMO.plyr_ (contracts/safe/safe_198_SAFE.sol#151)
	- POOHMO.reLoadCore(uint256,uint256,uint256,POOHMODatasets.EventReturns) (contracts/safe/safe_198_SAFE.sol#864-909)
	- POOHMO.reLoadXaddr(address,uint256) (contracts/safe/safe_198_SAFE.sol#390-425)
	- POOHMO.reLoadXid(uint256,uint256) (contracts/safe/safe_198_SAFE.sol#361-388)
	- POOHMO.reLoadXname(bytes32,uint256) (contracts/safe/safe_198_SAFE.sol#427-462)
	- POOHMO.receivePlayerInfo(uint256,address,bytes32,uint256) (contracts/safe/safe_198_SAFE.sol#1038-1054)
	- POOHMO.registerNameXID(string,uint256,bool) (contracts/safe/safe_198_SAFE.sol#560-574)
	- POOHMO.registerNameXaddr(string,address,bool) (contracts/safe/safe_198_SAFE.sol#576-590)
	- POOHMO.registerNameXname(string,bytes32,bool) (contracts/safe/safe_198_SAFE.sol#592-606)
	- POOHMO.updateGenVault(uint256,uint256) (contracts/safe/safe_198_SAFE.sol#1205-1216)
	- POOHMO.withdraw() (contracts/safe/safe_198_SAFE.sol#468-534)
	- POOHMO.withdrawEarnings(uint256) (contracts/safe/safe_198_SAFE.sol#1367-1384)
Reentrancy in POOHMO.determinePID(POOHMODatasets.EventReturns) (contracts/safe/safe_198_SAFE.sol#1071-1102):
	External calls:
	- _pID = PlayerBook.getPlayerID(msg.sender) (contracts/safe/safe_198_SAFE.sol#1080)
	- _name = PlayerBook.getPlayerName(_pID) (contracts/safe/safe_198_SAFE.sol#1081)
	- _laff = PlayerBook.getPlayerLAff(_pID) (contracts/safe/safe_198_SAFE.sol#1082)
	State variables written after the call(s):
	- pIDxAddr_[msg.sender] = _pID (contracts/safe/safe_198_SAFE.sol#1085)
	POOHMO.pIDxAddr_ (contracts/safe/safe_198_SAFE.sol#149) can be used in cross function reentrancies:
	- POOHMO.buyXaddr(address) (contracts/safe/safe_198_SAFE.sol#277-312)
	- POOHMO.buyXid(uint256) (contracts/safe/safe_198_SAFE.sol#247-275)
	- POOHMO.buyXname(bytes32) (contracts/safe/safe_198_SAFE.sol#314-350)
	- POOHMO.determinePID(POOHMODatasets.EventReturns) (contracts/safe/safe_198_SAFE.sol#1071-1102)
	- POOHMO.fallback() (contracts/safe/safe_198_SAFE.sol#223-238)
	- POOHMO.getPlayerInfoByAddress(address) (contracts/safe/safe_198_SAFE.sol#776-800)
	- POOHMO.pIDxAddr_ (contracts/safe/safe_198_SAFE.sol#149)
	- POOHMO.reLoadXaddr(address,uint256) (contracts/safe/safe_198_SAFE.sol#390-425)
	- POOHMO.reLoadXid(uint256,uint256) (contracts/safe/safe_198_SAFE.sol#361-388)
	- POOHMO.reLoadXname(bytes32,uint256) (contracts/safe/safe_198_SAFE.sol#427-462)
	- POOHMO.receivePlayerInfo(uint256,address,bytes32,uint256) (contracts/safe/safe_198_SAFE.sol#1038-1054)
	- POOHMO.registerNameXID(string,uint256,bool) (contracts/safe/safe_198_SAFE.sol#560-574)
	- POOHMO.registerNameXaddr(string,address,bool) (contracts/safe/safe_198_SAFE.sol#576-590)
	- POOHMO.registerNameXname(string,bytes32,bool) (contracts/safe/safe_198_SAFE.sol#592-606)
	- POOHMO.withdraw() (contracts/safe/safe_198_SAFE.sol#468-534)
Reference: https://github.com/crytic/slither/wiki/Detector-Documentation#reentrancy-vulnerabilities-2
/home/andrei/Рабочий стол/Kursovaya/Diplom/contracts/safe/safe_198_SAFE.sol analyzed (7 contracts with 2 detectors), 8 result(s) found
