'solc --version' running
'solc /home/andrei/Рабочий стол/Kursovaya/Diplom/contracts/safe/safe_292_SAFE.sol --combined-json abi,ast,bin,bin-runtime,srcmap,srcmap-runtime,userdoc,devdoc,hashes,compact-format --allow-paths .,/home/andrei/Рабочий стол/Kursovaya/Diplom/contracts/safe' running
Compilation warnings/errors on /home/andrei/Рабочий стол/Kursovaya/Diplom/contracts/safe/safe_292_SAFE.sol:
/home/andrei/Рабочий стол/Kursovaya/Diplom/contracts/safe/safe_292_SAFE.sol:19:5: Warning: Defining constructors as functions with the same name as the contract is deprecated. Use "constructor(...) { ... }" instead.
    function EthPledge() {
    ^ (Relevant source part starts here and spans across multiple lines).
/home/andrei/Рабочий стол/Kursovaya/Diplom/contracts/safe/safe_292_SAFE.sol:19:5: Warning: No visibility specified. Defaulting to "public". 
    function EthPledge() {
    ^ (Relevant source part starts here and spans across multiple lines).
/home/andrei/Рабочий стол/Kursovaya/Diplom/contracts/safe/safe_292_SAFE.sol:68:5: Warning: No visibility specified. Defaulting to "public". 
    function createCampaign (address charity, uint multiplier, bytes32 descriptionPart1, bytes32 descriptionPart2, bytes32 descriptionPart3, bytes32 descriptionPart4) payable {
    ^ (Relevant source part starts here and spans across multiple lines).
/home/andrei/Рабочий стол/Kursovaya/Diplom/contracts/safe/safe_292_SAFE.sol:86:5: Warning: No visibility specified. Defaulting to "public". 
    function cancelCampaign (uint campaignID) {
    ^ (Relevant source part starts here and spans across multiple lines).
/home/andrei/Рабочий стол/Kursovaya/Diplom/contracts/safe/safe_292_SAFE.sol:100:5: Warning: No visibility specified. Defaulting to "public". 
    function contributeToCampaign (uint campaignID) payable {
    ^ (Relevant source part starts here and spans across multiple lines).
/home/andrei/Рабочий стол/Kursovaya/Diplom/contracts/safe/safe_292_SAFE.sol:122:5: Warning: No visibility specified. Defaulting to "public". 
    function adjustMinimumPledgeAmount (uint newMinimum) onlyOwner {
    ^ (Relevant source part starts here and spans across multiple lines).
/home/andrei/Рабочий стол/Kursovaya/Diplom/contracts/safe/safe_292_SAFE.sol:129:5: Warning: No visibility specified. Defaulting to "public". 
    function returnHowMuchMoreETHNeeded (uint campaignID) view returns (uint) {
    ^ (Relevant source part starts here and spans across multiple lines).
/home/andrei/Рабочий стол/Kursovaya/Diplom/contracts/safe/safe_292_SAFE.sol:133:5: Warning: No visibility specified. Defaulting to "public". 
    function generalInfo() view returns (uint, uint, uint) {
    ^ (Relevant source part starts here and spans across multiple lines).
/home/andrei/Рабочий стол/Kursovaya/Diplom/contracts/safe/safe_292_SAFE.sol:137:5: Warning: No visibility specified. Defaulting to "public". 
    function lookupDonation (uint campaignID, uint donationNumber) view returns (address, uint, uint) {
    ^ (Relevant source part starts here and spans across multiple lines).
/home/andrei/Рабочий стол/Kursovaya/Diplom/contracts/safe/safe_292_SAFE.sol:143:5: Warning: No visibility specified. Defaulting to "public". 
    function lookupCampaignPart1 (uint campaignID) view returns (address, address, uint, uint, uint, bytes32, bytes32) {
    ^ (Relevant source part starts here and spans across multiple lines).
/home/andrei/Рабочий стол/Kursovaya/Diplom/contracts/safe/safe_292_SAFE.sol:147:5: Warning: No visibility specified. Defaulting to "public". 
    function lookupCampaignPart2 (uint campaignID) view returns (uint, bool, bool, uint, bytes32, bytes32) {
    ^ (Relevant source part starts here and spans across multiple lines).
/home/andrei/Рабочий стол/Kursovaya/Diplom/contracts/safe/safe_292_SAFE.sol:153:5: Warning: No visibility specified. Defaulting to "public". 
    function lookupUserDonationHistoryByCampaignID (address user) view returns (uint[]) {
    ^ (Relevant source part starts here and spans across multiple lines).
/home/andrei/Рабочий стол/Kursovaya/Diplom/contracts/safe/safe_292_SAFE.sol:157:5: Warning: No visibility specified. Defaulting to "public". 
    function lookupAmountUserDonatedToCampaign (address user, uint campaignID) view returns (uint) {
    ^ (Relevant source part starts here and spans across multiple lines).

/home/andrei/Рабочий стол/Kursovaya/Diplom/contracts/safe/safe_292_SAFE.sol analyzed (1 contracts with 2 detectors), 0 result(s) found
