'solc --version' running
'solc /home/andrei/Рабочий стол/Kursovaya/Diplom/contracts/safe/safe_297_SAFE.sol --combined-json abi,ast,bin,bin-runtime,srcmap,srcmap-runtime,userdoc,devdoc --allow-paths .,/home/andrei/Рабочий стол/Kursovaya/Diplom/contracts/safe' running
Compilation warnings/errors on /home/andrei/Рабочий стол/Kursovaya/Diplom/contracts/safe/safe_297_SAFE.sol:
/home/andrei/Рабочий стол/Kursovaya/Diplom/contracts/safe/safe_297_SAFE.sol:157:9: Warning: Failure condition of 'send' ignored. Consider using 'transfer' instead.
        _addr.send(this.balance);
        ^----------------------^
/home/andrei/Рабочий стол/Kursovaya/Diplom/contracts/safe/safe_297_SAFE.sol:57:67: Warning: Unused local variable
    function addCbAddress(address newCbAddress, byte addressType, bytes proof)
                                                                  ^---------^
/home/andrei/Рабочий стол/Kursovaya/Diplom/contracts/safe/safe_297_SAFE.sol:137:47: Warning: Unused local variable
    function setBasePrice(uint new_baseprice, bytes proofID)
                                              ^-----------^
/home/andrei/Рабочий стол/Kursovaya/Diplom/contracts/safe/safe_297_SAFE.sol:269:26: Warning: Unused local variable
    function getCodeSize(address _addr)
                         ^-----------^
/home/andrei/Рабочий стол/Kursovaya/Diplom/contracts/safe/safe_297_SAFE.sol:272:13: Warning: Unused local variable
    returns(uint _size)
            ^--------^


Detector: timestamp
Oraclize.query1(uint256,string,string,uint256) (contracts/safe/safe_297_SAFE.sol#384-396) uses timestamp for comparisons
	Dangerous comparisons:
	- (_timestamp > now + 3600 * 24 * 60) || (_gaslimit > block.gaslimit) (contracts/safe/safe_297_SAFE.sol#390)
Oraclize.query2(uint256,string,string,string,uint256) (contracts/safe/safe_297_SAFE.sol#398-410) uses timestamp for comparisons
	Dangerous comparisons:
	- (_timestamp > now + 3600 * 24 * 60) || (_gaslimit > block.gaslimit) (contracts/safe/safe_297_SAFE.sol#404)
Oraclize.queryN(uint256,string,bytes,uint256) (contracts/safe/safe_297_SAFE.sol#412-424) uses timestamp for comparisons
	Dangerous comparisons:
	- (_timestamp > now + 3600 * 24 * 60) || (_gaslimit > block.gaslimit) (contracts/safe/safe_297_SAFE.sol#418)
Oraclize.query1_fnc(uint256,string,string,function(),uint256) (contracts/safe/safe_297_SAFE.sol#426-438) uses timestamp for comparisons
	Dangerous comparisons:
	- (_timestamp > now + 3600 * 24 * 60) || (_gaslimit > block.gaslimit) || address(_fnc) != msg.sender (contracts/safe/safe_297_SAFE.sol#432)
Oraclize.query2_fnc(uint256,string,string,string,function(),uint256) (contracts/safe/safe_297_SAFE.sol#440-452) uses timestamp for comparisons
	Dangerous comparisons:
	- (_timestamp > now + 3600 * 24 * 60) || (_gaslimit > block.gaslimit) || address(_fnc) != msg.sender (contracts/safe/safe_297_SAFE.sol#446)
Oraclize.queryN_fnc(uint256,string,bytes,function(),uint256) (contracts/safe/safe_297_SAFE.sol#454-466) uses timestamp for comparisons
	Dangerous comparisons:
	- (_timestamp > now + 3600 * 24 * 60) || (_gaslimit > block.gaslimit) || address(_fnc) != msg.sender (contracts/safe/safe_297_SAFE.sol#460)
Reference: https://github.com/crytic/slither/wiki/Detector-Documentation#block-timestamp
/home/andrei/Рабочий стол/Kursovaya/Diplom/contracts/safe/safe_297_SAFE.sol analyzed (1 contracts with 2 detectors), 6 result(s) found
