'solc --version' running
'solc /home/andrei/Рабочий стол/Kursovaya/Diplom/contracts/safe/safe_297_SAFE.sol --combined-json abi,ast,bin,bin-runtime,srcmap,srcmap-runtime,userdoc,devdoc --allow-paths .,/home/andrei/Рабочий стол/Kursovaya/Diplom/contracts/safe' running
Compilation warnings/errors on /home/andrei/Рабочий стол/Kursovaya/Diplom/contracts/safe/safe_297_SAFE.sol:
/home/andrei/Рабочий стол/Kursovaya/Diplom/contracts/safe/safe_297_SAFE.sol:157:9: Warning: Failure condition of 'send' ignored. Consider using 'transfer' instead.
        _addr.send(this.balance);
        ^----------------------^
/home/andrei/Рабочий стол/Kursovaya/Diplom/contracts/safe/safe_297_SAFE.sol:57:67: Warning: Unused local variable
    function addCbAddress(address newCbAddress, byte addressType, bytes proof)
                                                                  ^---------^
/home/andrei/Рабочий стол/Kursovaya/Diplom/contracts/safe/safe_297_SAFE.sol:137:47: Warning: Unused local variable
    function setBasePrice(uint new_baseprice, bytes proofID)
                                              ^-----------^
/home/andrei/Рабочий стол/Kursovaya/Diplom/contracts/safe/safe_297_SAFE.sol:269:26: Warning: Unused local variable
    function getCodeSize(address _addr)
                         ^-----------^
/home/andrei/Рабочий стол/Kursovaya/Diplom/contracts/safe/safe_297_SAFE.sol:272:13: Warning: Unused local variable
    returns(uint _size)
            ^--------^


Detector: unchecked-send
Oraclize.withdrawFunds(address) (contracts/safe/safe_297_SAFE.sol#153-158) ignores return value by _addr.send(this.balance) (contracts/safe/safe_297_SAFE.sol#157)
Reference: https://github.com/crytic/slither/wiki/Detector-Documentation#unchecked-send
/home/andrei/Рабочий стол/Kursovaya/Diplom/contracts/safe/safe_297_SAFE.sol analyzed (1 contracts with 5 detectors), 1 result(s) found
