'solc --version' running
'solc /home/andrei/Рабочий стол/Kursovaya/Diplom/contracts/safe/safe_253_SAFE.sol --combined-json abi,ast,bin,bin-runtime,srcmap,srcmap-runtime,userdoc,devdoc,hashes,compact-format --allow-paths .,/home/andrei/Рабочий стол/Kursovaya/Diplom/contracts/safe' running
Compilation warnings/errors on /home/andrei/Рабочий стол/Kursovaya/Diplom/contracts/safe/safe_253_SAFE.sol:
/home/andrei/Рабочий стол/Kursovaya/Diplom/contracts/safe/safe_253_SAFE.sol:50:9: Warning: "throw" is deprecated in favour of "revert()", "require()" and "assert()".
        throw;
        ^---^
/home/andrei/Рабочий стол/Kursovaya/Diplom/contracts/safe/safe_253_SAFE.sol:67:133: Warning: "throw" is deprecated in favour of "revert()", "require()" and "assert()".
if(!_spender.call(bytes4(bytes32(sha3("receiveApproval(address,uint256,address,bytes)"))), msg.sender, _value, this, _extraData)) { throw; }
                                                                                                                                    ^---^
/home/andrei/Рабочий стол/Kursovaya/Diplom/contracts/safe/safe_253_SAFE.sol:3:46: Warning: Unused local variable
    function totalSupply() constant returns (uint256 supply) {}
                                             ^------------^
/home/andrei/Рабочий стол/Kursovaya/Diplom/contracts/safe/safe_253_SAFE.sol:4:24: Warning: Unused local variable
    function balanceOf(address _owner) constant returns (uint256 balance) {}
                       ^------------^
/home/andrei/Рабочий стол/Kursovaya/Diplom/contracts/safe/safe_253_SAFE.sol:4:58: Warning: Unused local variable
    function balanceOf(address _owner) constant returns (uint256 balance) {}
                                                         ^-------------^
/home/andrei/Рабочий стол/Kursovaya/Diplom/contracts/safe/safe_253_SAFE.sol:5:23: Warning: Unused local variable
    function transfer(address _to, uint256 _value) returns (bool success) {}
                      ^---------^
/home/andrei/Рабочий стол/Kursovaya/Diplom/contracts/safe/safe_253_SAFE.sol:5:36: Warning: Unused local variable
    function transfer(address _to, uint256 _value) returns (bool success) {}
                                   ^------------^
/home/andrei/Рабочий стол/Kursovaya/Diplom/contracts/safe/safe_253_SAFE.sol:5:61: Warning: Unused local variable
    function transfer(address _to, uint256 _value) returns (bool success) {}
                                                            ^----------^
/home/andrei/Рабочий стол/Kursovaya/Diplom/contracts/safe/safe_253_SAFE.sol:6:27: Warning: Unused local variable
    function transferFrom(address _from, address _to, uint256 _value) returns (bool success) {}
                          ^-----------^
/home/andrei/Рабочий стол/Kursovaya/Diplom/contracts/safe/safe_253_SAFE.sol:6:42: Warning: Unused local variable
    function transferFrom(address _from, address _to, uint256 _value) returns (bool success) {}
                                         ^---------^
/home/andrei/Рабочий стол/Kursovaya/Diplom/contracts/safe/safe_253_SAFE.sol:6:55: Warning: Unused local variable
    function transferFrom(address _from, address _to, uint256 _value) returns (bool success) {}
                                                      ^------------^
/home/andrei/Рабочий стол/Kursovaya/Diplom/contracts/safe/safe_253_SAFE.sol:6:80: Warning: Unused local variable
    function transferFrom(address _from, address _to, uint256 _value) returns (bool success) {}
                                                                               ^----------^
/home/andrei/Рабочий стол/Kursovaya/Diplom/contracts/safe/safe_253_SAFE.sol:7:22: Warning: Unused local variable
    function approve(address _spender, uint256 _value) returns (bool success) {}
                     ^--------------^
/home/andrei/Рабочий стол/Kursovaya/Diplom/contracts/safe/safe_253_SAFE.sol:7:40: Warning: Unused local variable
    function approve(address _spender, uint256 _value) returns (bool success) {}
                                       ^------------^
/home/andrei/Рабочий стол/Kursovaya/Diplom/contracts/safe/safe_253_SAFE.sol:7:65: Warning: Unused local variable
    function approve(address _spender, uint256 _value) returns (bool success) {}
                                                                ^----------^
/home/andrei/Рабочий стол/Kursovaya/Diplom/contracts/safe/safe_253_SAFE.sol:8:24: Warning: Unused local variable
    function allowance(address _owner, address _spender) constant returns (uint256 remaining) {}
                       ^------------^
/home/andrei/Рабочий стол/Kursovaya/Diplom/contracts/safe/safe_253_SAFE.sol:8:40: Warning: Unused local variable
    function allowance(address _owner, address _spender) constant returns (uint256 remaining) {}
                                       ^--------------^
/home/andrei/Рабочий стол/Kursovaya/Diplom/contracts/safe/safe_253_SAFE.sol:8:76: Warning: Unused local variable
    function allowance(address _owner, address _spender) constant returns (uint256 remaining) {}
                                                                           ^---------------^

/home/andrei/Рабочий стол/Kursovaya/Diplom/contracts/safe/safe_253_SAFE.sol analyzed (3 contracts with 2 detectors), 0 result(s) found
