'solc --version' running
'solc /home/andrei/Рабочий стол/Kursovaya/Diplom/contracts/safe/safe_226_SAFE.sol --combined-json abi,ast,bin,bin-runtime,srcmap,srcmap-runtime,userdoc,devdoc,hashes,compact-format --allow-paths .,/home/andrei/Рабочий стол/Kursovaya/Diplom/contracts/safe' running
Compilation warnings/errors on /home/andrei/Рабочий стол/Kursovaya/Diplom/contracts/safe/safe_226_SAFE.sol:
/home/andrei/Рабочий стол/Kursovaya/Diplom/contracts/safe/safe_226_SAFE.sol:130:5: Warning: Defining constructors as functions with the same name as the contract is deprecated. Use "constructor(...) { ... }" instead.
    function EtherShipsCore() public {
    ^ (Relevant source part starts here and spans across multiple lines).
/home/andrei/Рабочий стол/Kursovaya/Diplom/contracts/safe/safe_226_SAFE.sol:170:18: Warning: Using contract member "balance" inherited from the address type is deprecated. Convert the contract to "address" type to access the member, for example use "address(contract).balance" instead.
        require (this.balance >= _amount); // Checking if this contract has enought money to pay
                 ^----------^
/home/andrei/Рабочий стол/Kursovaya/Diplom/contracts/safe/safe_226_SAFE.sol:183:9: Warning: Invoking events without "emit" prefix is deprecated.
        EventCashOut (msg.sender, _amount);
        ^--------------------------------^
/home/andrei/Рабочий стол/Kursovaya/Diplom/contracts/safe/safe_226_SAFE.sol:192:18: Warning: Using contract member "balance" inherited from the address type is deprecated. Convert the contract to "address" type to access the member, for example use "address(contract).balance" instead.
        require (this.balance >= _amount); // Checking if this contract has enought money to pay
                 ^----------^
/home/andrei/Рабочий стол/Kursovaya/Diplom/contracts/safe/safe_226_SAFE.sol:203:9: Warning: Invoking events without "emit" prefix is deprecated.
        EventCashOut (msg.sender, _amount);
        ^--------------------------------^
/home/andrei/Рабочий стол/Kursovaya/Diplom/contracts/safe/safe_226_SAFE.sol:208:9: Warning: Invoking events without "emit" prefix is deprecated.
        EventLogin (msg.sender, _hash);
        ^----------------------------^
/home/andrei/Рабочий стол/Kursovaya/Diplom/contracts/safe/safe_226_SAFE.sol:224:9: Warning: Invoking events without "emit" prefix is deprecated.
        EventUpgradeShip (msg.sender, _shipID, _upgradeChoice);
        ^----------------------------------------------------^
/home/andrei/Рабочий стол/Kursovaya/Diplom/contracts/safe/safe_226_SAFE.sol:238:9: Warning: Invoking events without "emit" prefix is deprecated.
        EventTransfer (msg.sender, _receiver, _shipID);
        ^--------------------------------------------^
/home/andrei/Рабочий стол/Kursovaya/Diplom/contracts/safe/safe_226_SAFE.sol:258:9: Warning: Invoking events without "emit" prefix is deprecated.
        EventTransferAction (msg.sender, _receiver, _shipID, _ActionType);
        ^---------------------------------------------------------------^
/home/andrei/Рабочий стол/Kursovaya/Diplom/contracts/safe/safe_226_SAFE.sol:277:9: Warning: Invoking events without "emit" prefix is deprecated.
        EventAuction (msg.sender, _shipID, _startPrice, _finishPrice, _duration, now);
        ^---------------------------------------------------------------------------^
/home/andrei/Рабочий стол/Kursovaya/Diplom/contracts/safe/safe_226_SAFE.sol:303:9: Warning: Invoking events without "emit" prefix is deprecated.
        EventBid (_shipID);
        ^----------------^
/home/andrei/Рабочий стол/Kursovaya/Diplom/contracts/safe/safe_226_SAFE.sol:315:9: Warning: Invoking events without "emit" prefix is deprecated.
        EventCancelAuction (_shipID);
        ^--------------------------^
/home/andrei/Рабочий стол/Kursovaya/Diplom/contracts/safe/safe_226_SAFE.sol:343:9: Warning: Invoking events without "emit" prefix is deprecated.
        EventBuyShip (msg.sender, _shipproductID, newIdShip-1);
        ^----------------------------------------------------^
/home/andrei/Рабочий стол/Kursovaya/Diplom/contracts/safe/safe_226_SAFE.sol:416:16: Warning: Using contract member "balance" inherited from the address type is deprecated. Convert the contract to "address" type to access the member, for example use "address(contract).balance" instead.
        return this.balance;
               ^----------^


Detector: timestamp
EtherShipsCore.cashOut(uint256) (contracts/safe/safe_226_SAFE.sol#166-185) uses timestamp for comparisons
	Dangerous comparisons:
	- require(bool)(_amount >= 0) (contracts/safe/safe_226_SAFE.sol#168)
	- require(bool)(_amount == uint256(uint128(_amount))) (contracts/safe/safe_226_SAFE.sol#169)
	- require(bool)(this.balance >= _amount) (contracts/safe/safe_226_SAFE.sol#170)
	- require(bool)(balances[msg.sender] >= _amount) (contracts/safe/safe_226_SAFE.sol#171)
	- _amount == 0 (contracts/safe/safe_226_SAFE.sol#172)
EtherShipsCore.cashOutShip(uint32) (contracts/safe/safe_226_SAFE.sol#187-205) uses timestamp for comparisons
	Dangerous comparisons:
	- require(bool)(ships[_shipID].owner == msg.sender) (contracts/safe/safe_226_SAFE.sol#190)
	- require(bool)(this.balance >= _amount) (contracts/safe/safe_226_SAFE.sol#192)
	- require(bool)(_amount > 0) (contracts/safe/safe_226_SAFE.sol#193)
EtherShipsCore.upgradeShip(uint32,uint8) (contracts/safe/safe_226_SAFE.sol#214-226) uses timestamp for comparisons
	Dangerous comparisons:
	- require(bool)(ships[_shipID].owner == msg.sender) (contracts/safe/safe_226_SAFE.sol#216)
	- require(bool)(ships[_shipID].upgrades[_upgradeChoice] < 5) (contracts/safe/safe_226_SAFE.sol#218)
EtherShipsCore._transfer(uint32,address) (contracts/safe/safe_226_SAFE.sol#230-240) uses timestamp for comparisons
	Dangerous comparisons:
	- require(bool)(ships[_shipID].owner == msg.sender) (contracts/safe/safe_226_SAFE.sol#232)
	- require(bool)(ships[_shipID].selling == false) (contracts/safe/safe_226_SAFE.sol#234)
EtherShipsCore._transferAction(uint32,address,uint8) (contracts/safe/safe_226_SAFE.sol#243-260) uses timestamp for comparisons
	Dangerous comparisons:
	- require(bool)(ships[_shipID].owner == msg.sender) (contracts/safe/safe_226_SAFE.sol#245)
	- require(bool)(ships[_shipID].selling == false) (contracts/safe/safe_226_SAFE.sol#247)
EtherShipsCore.sellShip(uint32,uint256,uint256,uint256) (contracts/safe/safe_226_SAFE.sol#263-278) uses timestamp for comparisons
	Dangerous comparisons:
	- require(bool)(ships[_shipID].owner == msg.sender) (contracts/safe/safe_226_SAFE.sol#265)
	- require(bool)(ships[_shipID].selling == false) (contracts/safe/safe_226_SAFE.sol#266)
EtherShipsCore.bid(uint32) (contracts/safe/safe_226_SAFE.sol#281-304) uses timestamp for comparisons
	Dangerous comparisons:
	- require(bool)(ships[_shipID].selling == true) (contracts/safe/safe_226_SAFE.sol#283)
	- currentPrice < currentAuction.finishPrice (contracts/safe/safe_226_SAFE.sol#287)
	- require(bool)(currentPrice >= 0) (contracts/safe/safe_226_SAFE.sol#290)
	- require(bool)(msg.value >= currentPrice) (contracts/safe/safe_226_SAFE.sol#291)
EtherShipsCore.cancelAuction(uint32) (contracts/safe/safe_226_SAFE.sol#307-316) uses timestamp for comparisons
	Dangerous comparisons:
	- require(bool)(ships[_shipID].selling == true) (contracts/safe/safe_226_SAFE.sol#309)
	- require(bool)(ships[_shipID].owner == msg.sender) (contracts/safe/safe_226_SAFE.sol#310)
EtherShipsCore.buyShip(uint32) (contracts/safe/safe_226_SAFE.sol#323-345) uses timestamp for comparisons
	Dangerous comparisons:
	- require(bool)(shipProducts[_shipproductID].currentPrice > 0 && msg.value > 0) (contracts/safe/safe_226_SAFE.sol#324)
	- require(bool)(msg.value >= shipProducts[_shipproductID].currentPrice) (contracts/safe/safe_226_SAFE.sol#325)
	- require(bool)(shipProducts[_shipproductID].releaseTime <= now) (contracts/safe/safe_226_SAFE.sol#326)
	- msg.value > shipProducts[_shipproductID].currentPrice (contracts/safe/safe_226_SAFE.sol#330)
EtherShipsCore.getCurrentPriceAuction(uint32) (contracts/safe/safe_226_SAFE.sol#401-409) uses timestamp for comparisons
	Dangerous comparisons:
	- currentPrice < currentAuction.finishPrice (contracts/safe/safe_226_SAFE.sol#405)
Reference: https://github.com/crytic/slither/wiki/Detector-Documentation#block-timestamp
/home/andrei/Рабочий стол/Kursovaya/Diplom/contracts/safe/safe_226_SAFE.sol analyzed (1 contracts with 2 detectors), 10 result(s) found
