'solc --version' running
'solc /home/andrei/Рабочий стол/Kursovaya/Diplom/contracts/safe/safe_159_SAFE.sol --combined-json abi,ast,bin,bin-runtime,srcmap,srcmap-runtime,userdoc,devdoc,hashes,compact-format --allow-paths .,/home/andrei/Рабочий стол/Kursovaya/Diplom/contracts/safe' running

Detector: reentrancy-no-eth
Reentrancy in CryptoSagaDungeonVer1.enterDungeon(uint256[4],uint32) (contracts/safe/safe_159_SAFE.sol#1713-1996):
	External calls:
	- require(bool)(progressContract.getProgressOfAddressAndId(msg.sender,previousDungeonId) >= requiredProgressOfPreviousDungeon) (contracts/safe/safe_159_SAFE.sol#1725)
	- require(bool)(_tryingProgress <= progressContract.getProgressOfAddressAndId(msg.sender,locationId) + 1) (contracts/safe/safe_159_SAFE.sol#1732)
	- require(bool)(checkOwnershipAndAvailability(msg.sender,_tokenIds)) (contracts/safe/safe_159_SAFE.sol#1738)
		- (_tokenIds[0] == 0 || heroContract.ownerOf(_tokenIds[0]) == _playerAddress) && (_tokenIds[1] == 0 || heroContract.ownerOf(_tokenIds[1]) == _playerAddress) && (_tokenIds[2] == 0 || heroContract.ownerOf(_tokenIds[2]) == _playerAddress) && (_tokenIds[3] == 0 || heroContract.ownerOf(_tokenIds[3]) == _playerAddress) (contracts/safe/safe_159_SAFE.sol#2003)
		- (None,None,None,None,None,_heroAvailAts[0],None,None,None) = heroContract.getHeroInfo(_tokenIds[0]) (contracts/safe/safe_159_SAFE.sol#2008)
		- (None,None,None,None,None,_heroAvailAts[1],None,None,None) = heroContract.getHeroInfo(_tokenIds[1]) (contracts/safe/safe_159_SAFE.sol#2010)
		- (None,None,None,None,None,_heroAvailAts[2],None,None,None) = heroContract.getHeroInfo(_tokenIds[2]) (contracts/safe/safe_159_SAFE.sol#2012)
		- (None,None,None,None,None,_heroAvailAts[3],None,None,None) = heroContract.getHeroInfo(_tokenIds[3]) (contracts/safe/safe_159_SAFE.sol#2014)
	State variables written after the call(s):
	- addressToPlayRecordDateTime[msg.sender] = now (contracts/safe/safe_159_SAFE.sol#1741)
	CryptoSagaDungeonVer1.addressToPlayRecordDateTime (contracts/safe/safe_159_SAFE.sol#1530) can be used in cross function reentrancies:
	- CryptoSagaDungeonVer1.addressToPlayRecordDateTime (contracts/safe/safe_159_SAFE.sol#1530)
	- CryptoSagaDungeonVer1.enterDungeon(uint256[4],uint32) (contracts/safe/safe_159_SAFE.sol#1713-1996)
	- CryptoSagaDungeonVer1.getLastPlayDateTime(address) (contracts/safe/safe_159_SAFE.sol#1580-1585)
Reentrancy in CryptoSagaDungeonVer1.enterDungeon(uint256[4],uint32) (contracts/safe/safe_159_SAFE.sol#1713-1996):
	External calls:
	- require(bool)(progressContract.getProgressOfAddressAndId(msg.sender,previousDungeonId) >= requiredProgressOfPreviousDungeon) (contracts/safe/safe_159_SAFE.sol#1725)
	- require(bool)(_tryingProgress <= progressContract.getProgressOfAddressAndId(msg.sender,locationId) + 1) (contracts/safe/safe_159_SAFE.sol#1732)
	- require(bool)(checkOwnershipAndAvailability(msg.sender,_tokenIds)) (contracts/safe/safe_159_SAFE.sol#1738)
		- (_tokenIds[0] == 0 || heroContract.ownerOf(_tokenIds[0]) == _playerAddress) && (_tokenIds[1] == 0 || heroContract.ownerOf(_tokenIds[1]) == _playerAddress) && (_tokenIds[2] == 0 || heroContract.ownerOf(_tokenIds[2]) == _playerAddress) && (_tokenIds[3] == 0 || heroContract.ownerOf(_tokenIds[3]) == _playerAddress) (contracts/safe/safe_159_SAFE.sol#2003)
		- (None,None,None,None,None,_heroAvailAts[0],None,None,None) = heroContract.getHeroInfo(_tokenIds[0]) (contracts/safe/safe_159_SAFE.sol#2008)
		- (None,None,None,None,None,_heroAvailAts[1],None,None,None) = heroContract.getHeroInfo(_tokenIds[1]) (contracts/safe/safe_159_SAFE.sol#2010)
		- (None,None,None,None,None,_heroAvailAts[2],None,None,None) = heroContract.getHeroInfo(_tokenIds[2]) (contracts/safe/safe_159_SAFE.sol#2012)
		- (None,None,None,None,None,_heroAvailAts[3],None,None,None) = heroContract.getHeroInfo(_tokenIds[3]) (contracts/safe/safe_159_SAFE.sol#2014)
	- _playRecord.unitClassIds[0] = heroContract.getHeroClassId(_tokenIds[0]) (contracts/safe/safe_159_SAFE.sol#1765)
	- (_playRecord.unitLevels[0],_turnInfo.originalExps[0],_unitStats[0],None,None) = correctedHeroContract.getCorrectedStats(_tokenIds[0]) (contracts/safe/safe_159_SAFE.sol#1766)
	- (None,None,None,None,_unitTypesAuras[0][0],None,_unitTypesAuras[0][1],None,None,None) = heroContract.getClassInfo(_playRecord.unitClassIds[0]) (contracts/safe/safe_159_SAFE.sol#1767)
	- _playRecord.unitClassIds[1] = heroContract.getHeroClassId(_tokenIds[1]) (contracts/safe/safe_159_SAFE.sol#1770)
	- (_playRecord.unitLevels[1],_turnInfo.originalExps[1],_unitStats[1],None,None) = correctedHeroContract.getCorrectedStats(_tokenIds[1]) (contracts/safe/safe_159_SAFE.sol#1771)
	- (None,None,None,None,_unitTypesAuras[1][0],None,_unitTypesAuras[1][1],None,None,None) = heroContract.getClassInfo(_playRecord.unitClassIds[1]) (contracts/safe/safe_159_SAFE.sol#1772)
	- _playRecord.unitClassIds[2] = heroContract.getHeroClassId(_tokenIds[2]) (contracts/safe/safe_159_SAFE.sol#1775)
	- (_playRecord.unitLevels[2],_turnInfo.originalExps[2],_unitStats[2],None,None) = correctedHeroContract.getCorrectedStats(_tokenIds[2]) (contracts/safe/safe_159_SAFE.sol#1776)
	- (None,None,None,None,_unitTypesAuras[2][0],None,_unitTypesAuras[2][1],None,None,None) = heroContract.getClassInfo(_playRecord.unitClassIds[2]) (contracts/safe/safe_159_SAFE.sol#1777)
	- _playRecord.unitClassIds[3] = heroContract.getHeroClassId(_tokenIds[3]) (contracts/safe/safe_159_SAFE.sol#1780)
	- (_playRecord.unitLevels[3],_turnInfo.originalExps[3],_unitStats[3],None,None) = correctedHeroContract.getCorrectedStats(_tokenIds[3]) (contracts/safe/safe_159_SAFE.sol#1781)
	- (None,None,None,None,_unitTypesAuras[3][0],None,_unitTypesAuras[3][1],None,None,None) = heroContract.getClassInfo(_playRecord.unitClassIds[3]) (contracts/safe/safe_159_SAFE.sol#1782)
	- (None,None,None,None,_unitTypesAuras[4][0],None,_unitTypesAuras[4][1],_tmpEnemyBaseStatsAndIVs[0],_tmpEnemyBaseStatsAndIVs[4],None) = heroContract.getClassInfo(_enemyCombination.enemySlotClassIds[0]) (contracts/safe/safe_159_SAFE.sol#1796)
	- (None,None,None,None,_unitTypesAuras[5][0],None,_unitTypesAuras[5][1],_tmpEnemyBaseStatsAndIVs[1],_tmpEnemyBaseStatsAndIVs[5],None) = heroContract.getClassInfo(_enemyCombination.enemySlotClassIds[1]) (contracts/safe/safe_159_SAFE.sol#1797)
	- (None,None,None,None,_unitTypesAuras[6][0],None,_unitTypesAuras[6][1],_tmpEnemyBaseStatsAndIVs[2],_tmpEnemyBaseStatsAndIVs[6],None) = heroContract.getClassInfo(_enemyCombination.enemySlotClassIds[2]) (contracts/safe/safe_159_SAFE.sol#1798)
	- (None,None,None,None,_unitTypesAuras[7][0],None,_unitTypesAuras[7][1],_tmpEnemyBaseStatsAndIVs[3],_tmpEnemyBaseStatsAndIVs[7],None) = heroContract.getClassInfo(_enemyCombination.enemySlotClassIds[3]) (contracts/safe/safe_159_SAFE.sol#1799)
	State variables written after the call(s):
	- min(max(((_unitStats[_slotId][3] * 150 / 100) - _unitStats[_targetSlotId][2]),75),99) <= random(100,0) (contracts/safe/safe_159_SAFE.sol#1884)
		- seed = seed % uint32(1103515245) + 12345 (contracts/safe/safe_159_SAFE.sol#2084)
	CryptoSagaDungeonVer1.seed (contracts/safe/safe_159_SAFE.sol#1546) can be used in cross function reentrancies:
	- CryptoSagaDungeonVer1.enterDungeon(uint256[4],uint32) (contracts/safe/safe_159_SAFE.sol#1713-1996)
	- CryptoSagaDungeonVer1.random(uint32,uint32) (contracts/safe/safe_159_SAFE.sol#2078-2086)
	- 75 <= random(100,0) (contracts/safe/safe_159_SAFE.sol#1888)
		- seed = seed % uint32(1103515245) + 12345 (contracts/safe/safe_159_SAFE.sol#2084)
	CryptoSagaDungeonVer1.seed (contracts/safe/safe_159_SAFE.sol#1546) can be used in cross function reentrancies:
	- CryptoSagaDungeonVer1.enterDungeon(uint256[4],uint32) (contracts/safe/safe_159_SAFE.sol#1713-1996)
	- CryptoSagaDungeonVer1.random(uint32,uint32) (contracts/safe/safe_159_SAFE.sol#2078-2086)
	- min(max((_unitStats[_slotId][3] - _unitStats[_targetSlotId][3]),5),75) > random(100,0) (contracts/safe/safe_159_SAFE.sol#1894)
		- seed = seed % uint32(1103515245) + 12345 (contracts/safe/safe_159_SAFE.sol#2084)
	CryptoSagaDungeonVer1.seed (contracts/safe/safe_159_SAFE.sol#1546) can be used in cross function reentrancies:
	- CryptoSagaDungeonVer1.enterDungeon(uint256[4],uint32) (contracts/safe/safe_159_SAFE.sol#1713-1996)
	- CryptoSagaDungeonVer1.random(uint32,uint32) (contracts/safe/safe_159_SAFE.sol#2078-2086)
	- 5 > random(100,0) (contracts/safe/safe_159_SAFE.sol#1898)
		- seed = seed % uint32(1103515245) + 12345 (contracts/safe/safe_159_SAFE.sol#2084)
	CryptoSagaDungeonVer1.seed (contracts/safe/safe_159_SAFE.sol#1546) can be used in cross function reentrancies:
	- CryptoSagaDungeonVer1.enterDungeon(uint256[4],uint32) (contracts/safe/safe_159_SAFE.sol#1713-1996)
	- CryptoSagaDungeonVer1.random(uint32,uint32) (contracts/safe/safe_159_SAFE.sol#2078-2086)
Reentrancy in CryptoSagaDungeonVer1.enterDungeon(uint256[4],uint32) (contracts/safe/safe_159_SAFE.sol#1713-1996):
	External calls:
	- require(bool)(progressContract.getProgressOfAddressAndId(msg.sender,previousDungeonId) >= requiredProgressOfPreviousDungeon) (contracts/safe/safe_159_SAFE.sol#1725)
	- require(bool)(_tryingProgress <= progressContract.getProgressOfAddressAndId(msg.sender,locationId) + 1) (contracts/safe/safe_159_SAFE.sol#1732)
	- require(bool)(checkOwnershipAndAvailability(msg.sender,_tokenIds)) (contracts/safe/safe_159_SAFE.sol#1738)
		- (_tokenIds[0] == 0 || heroContract.ownerOf(_tokenIds[0]) == _playerAddress) && (_tokenIds[1] == 0 || heroContract.ownerOf(_tokenIds[1]) == _playerAddress) && (_tokenIds[2] == 0 || heroContract.ownerOf(_tokenIds[2]) == _playerAddress) && (_tokenIds[3] == 0 || heroContract.ownerOf(_tokenIds[3]) == _playerAddress) (contracts/safe/safe_159_SAFE.sol#2003)
		- (None,None,None,None,None,_heroAvailAts[0],None,None,None) = heroContract.getHeroInfo(_tokenIds[0]) (contracts/safe/safe_159_SAFE.sol#2008)
		- (None,None,None,None,None,_heroAvailAts[1],None,None,None) = heroContract.getHeroInfo(_tokenIds[1]) (contracts/safe/safe_159_SAFE.sol#2010)
		- (None,None,None,None,None,_heroAvailAts[2],None,None,None) = heroContract.getHeroInfo(_tokenIds[2]) (contracts/safe/safe_159_SAFE.sol#2012)
		- (None,None,None,None,None,_heroAvailAts[3],None,None,None) = heroContract.getHeroInfo(_tokenIds[3]) (contracts/safe/safe_159_SAFE.sol#2014)
	- _playRecord.unitClassIds[0] = heroContract.getHeroClassId(_tokenIds[0]) (contracts/safe/safe_159_SAFE.sol#1765)
	- (_playRecord.unitLevels[0],_turnInfo.originalExps[0],_unitStats[0],None,None) = correctedHeroContract.getCorrectedStats(_tokenIds[0]) (contracts/safe/safe_159_SAFE.sol#1766)
	- (None,None,None,None,_unitTypesAuras[0][0],None,_unitTypesAuras[0][1],None,None,None) = heroContract.getClassInfo(_playRecord.unitClassIds[0]) (contracts/safe/safe_159_SAFE.sol#1767)
	- _playRecord.unitClassIds[1] = heroContract.getHeroClassId(_tokenIds[1]) (contracts/safe/safe_159_SAFE.sol#1770)
	- (_playRecord.unitLevels[1],_turnInfo.originalExps[1],_unitStats[1],None,None) = correctedHeroContract.getCorrectedStats(_tokenIds[1]) (contracts/safe/safe_159_SAFE.sol#1771)
	- (None,None,None,None,_unitTypesAuras[1][0],None,_unitTypesAuras[1][1],None,None,None) = heroContract.getClassInfo(_playRecord.unitClassIds[1]) (contracts/safe/safe_159_SAFE.sol#1772)
	- _playRecord.unitClassIds[2] = heroContract.getHeroClassId(_tokenIds[2]) (contracts/safe/safe_159_SAFE.sol#1775)
	- (_playRecord.unitLevels[2],_turnInfo.originalExps[2],_unitStats[2],None,None) = correctedHeroContract.getCorrectedStats(_tokenIds[2]) (contracts/safe/safe_159_SAFE.sol#1776)
	- (None,None,None,None,_unitTypesAuras[2][0],None,_unitTypesAuras[2][1],None,None,None) = heroContract.getClassInfo(_playRecord.unitClassIds[2]) (contracts/safe/safe_159_SAFE.sol#1777)
	- _playRecord.unitClassIds[3] = heroContract.getHeroClassId(_tokenIds[3]) (contracts/safe/safe_159_SAFE.sol#1780)
	- (_playRecord.unitLevels[3],_turnInfo.originalExps[3],_unitStats[3],None,None) = correctedHeroContract.getCorrectedStats(_tokenIds[3]) (contracts/safe/safe_159_SAFE.sol#1781)
	- (None,None,None,None,_unitTypesAuras[3][0],None,_unitTypesAuras[3][1],None,None,None) = heroContract.getClassInfo(_playRecord.unitClassIds[3]) (contracts/safe/safe_159_SAFE.sol#1782)
	- (None,None,None,None,_unitTypesAuras[4][0],None,_unitTypesAuras[4][1],_tmpEnemyBaseStatsAndIVs[0],_tmpEnemyBaseStatsAndIVs[4],None) = heroContract.getClassInfo(_enemyCombination.enemySlotClassIds[0]) (contracts/safe/safe_159_SAFE.sol#1796)
	- (None,None,None,None,_unitTypesAuras[5][0],None,_unitTypesAuras[5][1],_tmpEnemyBaseStatsAndIVs[1],_tmpEnemyBaseStatsAndIVs[5],None) = heroContract.getClassInfo(_enemyCombination.enemySlotClassIds[1]) (contracts/safe/safe_159_SAFE.sol#1797)
	- (None,None,None,None,_unitTypesAuras[6][0],None,_unitTypesAuras[6][1],_tmpEnemyBaseStatsAndIVs[2],_tmpEnemyBaseStatsAndIVs[6],None) = heroContract.getClassInfo(_enemyCombination.enemySlotClassIds[2]) (contracts/safe/safe_159_SAFE.sol#1798)
	- (None,None,None,None,_unitTypesAuras[7][0],None,_unitTypesAuras[7][1],_tmpEnemyBaseStatsAndIVs[3],_tmpEnemyBaseStatsAndIVs[7],None) = heroContract.getClassInfo(_enemyCombination.enemySlotClassIds[3]) (contracts/safe/safe_159_SAFE.sol#1799)
	- heroContract.deploy(_tokenIds[0],locationId,coolHero) (contracts/safe/safe_159_SAFE.sol#1937)
	- heroContract.deploy(_tokenIds[1],locationId,coolHero) (contracts/safe/safe_159_SAFE.sol#1939)
	- heroContract.deploy(_tokenIds[2],locationId,coolHero) (contracts/safe/safe_159_SAFE.sol#1941)
	- heroContract.deploy(_tokenIds[3],locationId,coolHero) (contracts/safe/safe_159_SAFE.sol#1943)
	- TryDungeon(msg.sender,_tryingProgress,progressContract.getProgressOfAddressAndId(msg.sender,locationId),true) (contracts/safe/safe_159_SAFE.sol#1959)
	- _tryingProgress == progressContract.getProgressOfAddressAndId(msg.sender,locationId) + 1 (contracts/safe/safe_159_SAFE.sol#1962)
	- progressContract.incrementProgressOfAddressAndId(msg.sender,locationId) (contracts/safe/safe_159_SAFE.sol#1964)
	- (_playRecord.expReward,_playRecord.goldReward) = giveReward(_tokenIds,_tryingProgress,_deadEnemies,false,_turnInfo.originalExps) (contracts/safe/safe_159_SAFE.sol#1966)
		- goldContract.mint(msg.sender,_goldRewardGiven) (contracts/safe/safe_159_SAFE.sol#2062)
		- heroContract.addExp(_heroes[0],uint32(2) ** 32 - _originalExps[0] + _expRewardGiven) (contracts/safe/safe_159_SAFE.sol#2066)
		- heroContract.addExp(_heroes[1],uint32(2) ** 32 - _originalExps[1] + _expRewardGiven) (contracts/safe/safe_159_SAFE.sol#2068)
		- heroContract.addExp(_heroes[2],uint32(2) ** 32 - _originalExps[2] + _expRewardGiven) (contracts/safe/safe_159_SAFE.sol#2070)
		- heroContract.addExp(_heroes[3],uint32(2) ** 32 - _originalExps[3] + _expRewardGiven) (contracts/safe/safe_159_SAFE.sol#2072)
	- cardContract.mint(msg.sender,1,3) (contracts/safe/safe_159_SAFE.sol#1969)
	- (_playRecord.expReward,_playRecord.goldReward) = giveReward(_tokenIds,_tryingProgress,_deadEnemies,true,_turnInfo.originalExps) (contracts/safe/safe_159_SAFE.sol#1973)
		- goldContract.mint(msg.sender,_goldRewardGiven) (contracts/safe/safe_159_SAFE.sol#2062)
		- heroContract.addExp(_heroes[0],uint32(2) ** 32 - _originalExps[0] + _expRewardGiven) (contracts/safe/safe_159_SAFE.sol#2066)
		- heroContract.addExp(_heroes[1],uint32(2) ** 32 - _originalExps[1] + _expRewardGiven) (contracts/safe/safe_159_SAFE.sol#2068)
		- heroContract.addExp(_heroes[2],uint32(2) ** 32 - _originalExps[2] + _expRewardGiven) (contracts/safe/safe_159_SAFE.sol#2070)
		- heroContract.addExp(_heroes[3],uint32(2) ** 32 - _originalExps[3] + _expRewardGiven) (contracts/safe/safe_159_SAFE.sol#2072)
	State variables written after the call(s):
	- createNewCombination(msg.sender) (contracts/safe/safe_159_SAFE.sol#1977)
		- addressToEnemyCombination[_playerAddress] = _newCombination (contracts/safe/safe_159_SAFE.sol#2036)
	CryptoSagaDungeonVer1.addressToEnemyCombination (contracts/safe/safe_159_SAFE.sol#1527) can be used in cross function reentrancies:
	- CryptoSagaDungeonVer1.addressToEnemyCombination (contracts/safe/safe_159_SAFE.sol#1527)
	- CryptoSagaDungeonVer1.createNewCombination(address) (contracts/safe/safe_159_SAFE.sol#2028-2037)
	- CryptoSagaDungeonVer1.enterDungeon(uint256[4],uint32) (contracts/safe/safe_159_SAFE.sol#1713-1996)
	- CryptoSagaDungeonVer1.getEnemyCombinationOfAddress(address) (contracts/safe/safe_159_SAFE.sol#1557-1569)
	- createNewCombination(msg.sender) (contracts/safe/safe_159_SAFE.sol#1977)
		- seed = seed % uint32(1103515245) + 12345 (contracts/safe/safe_159_SAFE.sol#2084)
	CryptoSagaDungeonVer1.seed (contracts/safe/safe_159_SAFE.sol#1546) can be used in cross function reentrancies:
	- CryptoSagaDungeonVer1.enterDungeon(uint256[4],uint32) (contracts/safe/safe_159_SAFE.sol#1713-1996)
	- CryptoSagaDungeonVer1.random(uint32,uint32) (contracts/safe/safe_159_SAFE.sol#2078-2086)
Reentrancy in CryptoSagaCard.swap(uint256) (contracts/safe/safe_159_SAFE.sol#749-761):
	External calls:
	- _rewardId = swapContract.swapCardForReward(this,_rank) (contracts/safe/safe_159_SAFE.sol#757)
	State variables written after the call(s):
	- _burn(_tokenId) (contracts/safe/safe_159_SAFE.sol#759)
		- tokenOwner[_tokenId] = 0 (contracts/safe/safe_159_SAFE.sol#383)
	ERC721Token.tokenOwner (contracts/safe/safe_159_SAFE.sol#198) can be used in cross function reentrancies:
	- ERC721Token.addToken(address,uint256) (contracts/safe/safe_159_SAFE.sol#362-369)
	- ERC721Token.ownerOf(uint256) (contracts/safe/safe_159_SAFE.sol#249-253)
	- ERC721Token.removeToken(address,uint256) (contracts/safe/safe_159_SAFE.sol#376-394)
Reentrancy in CryptoSagaHero.withdrawDeposit(uint256) (contracts/safe/safe_159_SAFE.sol#1308-1318):
	External calls:
	- goldContract.transfer(msg.sender,_amount) (contracts/safe/safe_159_SAFE.sol#1314)
	State variables written after the call(s):
	- addressToGoldDeposit[msg.sender] -= _amount (contracts/safe/safe_159_SAFE.sol#1316)
	CryptoSagaHero.addressToGoldDeposit (contracts/safe/safe_159_SAFE.sol#891) can be used in cross function reentrancies:
	- CryptoSagaHero.addDeposit(address,uint256) (contracts/safe/safe_159_SAFE.sol#1233-1239)
	- CryptoSagaHero.addressToGoldDeposit (contracts/safe/safe_159_SAFE.sol#891)
	- CryptoSagaHero.getGoldDepositOfAddress(address) (contracts/safe/safe_159_SAFE.sol#1027-1032)
	- CryptoSagaHero.levelUp(uint256) (contracts/safe/safe_159_SAFE.sol#1243-1291)
	- CryptoSagaHero.transferDeposit(uint256) (contracts/safe/safe_159_SAFE.sol#1294-1305)
	- CryptoSagaHero.withdrawDeposit(uint256) (contracts/safe/safe_159_SAFE.sol#1308-1318)
Reference: https://github.com/crytic/slither/wiki/Detector-Documentation#reentrancy-vulnerabilities-2
/home/andrei/Рабочий стол/Kursovaya/Diplom/contracts/safe/safe_159_SAFE.sol analyzed (20 contracts with 2 detectors), 5 result(s) found
