'solc --version' running
'solc /home/andrei/Рабочий стол/Kursovaya/Diplom/contracts/safe/safe_294_SAFE.sol --combined-json abi,ast,bin,bin-runtime,srcmap,srcmap-runtime,userdoc,devdoc,hashes,compact-format --allow-paths .,/home/andrei/Рабочий стол/Kursovaya/Diplom/contracts/safe' running
Compilation warnings/errors on /home/andrei/Рабочий стол/Kursovaya/Diplom/contracts/safe/safe_294_SAFE.sol:
/home/andrei/Рабочий стол/Kursovaya/Diplom/contracts/safe/safe_294_SAFE.sol:5:5: Warning: Defining constructors as functions with the same name as the contract is deprecated. Use "constructor(...) { ... }" instead.
    function owned() public {
    ^ (Relevant source part starts here and spans across multiple lines).
/home/andrei/Рабочий стол/Kursovaya/Diplom/contracts/safe/safe_294_SAFE.sol:47:4: Warning: Invoking events without "emit" prefix is deprecated.
			Transfer(this,msg.sender,JackPot);												//send Jack Pot to the winner
			^-------------------------------^
/home/andrei/Рабочий стол/Kursovaya/Diplom/contracts/safe/safe_294_SAFE.sol:85:9: Warning: Invoking events without "emit" prefix is deprecated.
        Transfer(msg.sender,this,ticketPrice);
        ^-----------------------------------^
/home/andrei/Рабочий стол/Kursovaya/Diplom/contracts/safe/safe_294_SAFE.sol:106:24: Warning: Using contract member "balance" inherited from the address type is deprecated. Convert the contract to "address" type to access the member, for example use "address(contract).balance" instead.
        owner.transfer(this.balance);
                       ^----------^
/home/andrei/Рабочий стол/Kursovaya/Diplom/contracts/safe/safe_294_SAFE.sol:43:30: Warning: "block.blockhash()" has been deprecated in favor of "blockhash()"
        lastWinNumber = uint(block.blockhash(block.number-1))%countTickets + 1;                                  // take random number
                             ^-------------^
/home/andrei/Рабочий стол/Kursovaya/Diplom/contracts/safe/safe_294_SAFE.sol:56:2: Warning: Function state mutability can be restricted to view
	function getJackPot() public returns (uint jPot)  {     
 ^ (Relevant source part starts here and spans across multiple lines).
/home/andrei/Рабочий стол/Kursovaya/Diplom/contracts/safe/safe_294_SAFE.sol:114:1: Warning: Function state mutability can be restricted to view
function getLastWinNumber() public returns (uint){
^ (Relevant source part starts here and spans across multiple lines).
/home/andrei/Рабочий стол/Kursovaya/Diplom/contracts/safe/safe_294_SAFE.sol:118:1: Warning: Function state mutability can be restricted to view
function getTicket(uint newTicketId) public returns (address){
^ (Relevant source part starts here and spans across multiple lines).


Detector: arbitrary-send-eth
WorldLotteryFast.PlayNow() (contracts/safe/safe_294_SAFE.sol#42-53) sends eth to arbitrary user
	Dangerous calls:
	- msg.sender.transfer(JackPot) (contracts/safe/safe_294_SAFE.sol#46)
Reference: https://github.com/crytic/slither/wiki/Detector-Documentation#functions-that-send-ether-to-arbitrary-destinations
/home/andrei/Рабочий стол/Kursovaya/Diplom/contracts/safe/safe_294_SAFE.sol analyzed (3 contracts with 5 detectors), 1 result(s) found
