'solc --version' running
'solc /home/andrei/Рабочий стол/Kursovaya/Diplom/contracts/safe/safe_198_SAFE.sol --combined-json abi,ast,bin,bin-runtime,srcmap,srcmap-runtime,userdoc,devdoc,hashes,compact-format --allow-paths .,/home/andrei/Рабочий стол/Kursovaya/Diplom/contracts/safe' running
Compilation warnings/errors on /home/andrei/Рабочий стол/Kursovaya/Diplom/contracts/safe/safe_198_SAFE.sol:
/home/andrei/Рабочий стол/Kursovaya/Diplom/contracts/safe/safe_198_SAFE.sol:1169:9: Warning: Return value of low-level calls not used.
        flushDivs.call.value(_POOH)(bytes4(keccak256("donate()")));  
        ^--------------------------------------------------------^
/home/andrei/Рабочий стол/Kursovaya/Diplom/contracts/safe/safe_198_SAFE.sol:1279:13: Warning: Return value of low-level calls not used.
            flushDivs.call.value(_POOH)(bytes4(keccak256("donate()")));
            ^--------------------------------------------------------^


Detector: divide-before-multiply
POOHMO.getPlayerVaultsHelper(uint256,uint256) (contracts/safe/safe_198_SAFE.sol#711-717) performs a multiplication on the result of a division:
	- (((((round_[_rID].mask).add(((((round_[_rID].pot).mul(potSplit_[round_[_rID].team].gen)) / 100).mul(1000000000000000000)) / (round_[_rID].keys))).mul(plyrRnds_[_pID][_rID].keys)) / 1000000000000000000)) (contracts/safe/safe_198_SAFE.sol#716)
POOHMO.endRound(POOHMODatasets.EventReturns) (contracts/safe/safe_198_SAFE.sol#1131-1193) performs a multiplication on the result of a division:
	- _gen = (_pot.mul(potSplit_[_winTID].gen)) / 100 (contracts/safe/safe_198_SAFE.sol#1149)
	- _ppt = (_gen.mul(1000000000000000000)) / (round_[_rID].keys) (contracts/safe/safe_198_SAFE.sol#1154)
POOHMO.endRound(POOHMODatasets.EventReturns) (contracts/safe/safe_198_SAFE.sol#1131-1193) performs a multiplication on the result of a division:
	- _ppt = (_gen.mul(1000000000000000000)) / (round_[_rID].keys) (contracts/safe/safe_198_SAFE.sol#1154)
	- _dust = _gen.sub((_ppt.mul(round_[_rID].keys)) / 1000000000000000000) (contracts/safe/safe_198_SAFE.sol#1155)
POOHMO.updateTimer(uint256,uint256) (contracts/safe/safe_198_SAFE.sol#1221-1239) performs a multiplication on the result of a division:
	- _newTime = (((_keys) / (1000000000000000000)).mul(rndInc_)).add(round_[_rID].end) (contracts/safe/safe_198_SAFE.sol#1232)
POOHMO.updateTimer(uint256,uint256) (contracts/safe/safe_198_SAFE.sol#1221-1239) performs a multiplication on the result of a division:
	- _newTime = (((_keys) / (1000000000000000000)).mul(rndInc_)).add(_now) (contracts/safe/safe_198_SAFE.sol#1230)
POOHMO.updateMasks(uint256,uint256,uint256,uint256) (contracts/safe/safe_198_SAFE.sol#1335-1361) performs a multiplication on the result of a division:
	- _ppt = (_gen.mul(1000000000000000000)) / (round_[_rID].keys) (contracts/safe/safe_198_SAFE.sol#1351)
	- _pearn = (_ppt.mul(_keys)) / (1000000000000000000) (contracts/safe/safe_198_SAFE.sol#1356)
POOHMO.updateMasks(uint256,uint256,uint256,uint256) (contracts/safe/safe_198_SAFE.sol#1335-1361) performs a multiplication on the result of a division:
	- _ppt = (_gen.mul(1000000000000000000)) / (round_[_rID].keys) (contracts/safe/safe_198_SAFE.sol#1351)
	- (_gen.sub((_ppt.mul(round_[_rID].keys)) / (1000000000000000000))) (contracts/safe/safe_198_SAFE.sol#1360)
Reference: https://github.com/crytic/slither/wiki/Detector-Documentation#divide-before-multiply
/home/andrei/Рабочий стол/Kursovaya/Diplom/contracts/safe/safe_198_SAFE.sol analyzed (7 contracts with 2 detectors), 7 result(s) found
