'solc --version' running
'solc /home/andrei/Рабочий стол/Kursovaya/Diplom/contracts/safe/safe_274_SAFE.sol --combined-json abi,ast,bin,bin-runtime,srcmap,srcmap-runtime,userdoc,devdoc' running
Compilation warnings/errors on /home/andrei/Рабочий стол/Kursovaya/Diplom/contracts/safe/safe_274_SAFE.sol:
/home/andrei/Рабочий стол/Kursovaya/Diplom/contracts/safe/safe_274_SAFE.sol:39:13: Warning: Return value of low-level calls not used.
            owner.send(msg.value);
            ^-------------------^
/home/andrei/Рабочий стол/Kursovaya/Diplom/contracts/safe/safe_274_SAFE.sol:51:11: Warning: Return value of low-level calls not used.
          owner.send(this.balance);
          ^----------------------^
/home/andrei/Рабочий стол/Kursovaya/Diplom/contracts/safe/safe_274_SAFE.sol:39:24: Warning: "msg.value" used in non-payable function. Do you want to add the "payable" modifier to this function?
            owner.send(msg.value);
                       ^-------^


Detector: unchecked-send
Intermediary.returnValue(uint256) () ignores return value by owner.send(msg.value) ()
Intermediary.returnEverything() () ignores return value by owner.send(this.balance) ()
Reference: https://github.com/crytic/slither/wiki/Detector-Documentation#unchecked-send

Detector: locked-ether
Contract locking ether found:
	Contract Investment () has payable functions:
	 - Investment.returnInvestment() ()
	But does not have a function to withdraw the ether
Reference: https://github.com/crytic/slither/wiki/Detector-Documentation#contracts-that-lock-ether
/home/andrei/Рабочий стол/Kursovaya/Diplom/contracts/safe/safe_274_SAFE.sol analyzed (2 contracts with 5 detectors), 3 result(s) found
