'solc --version' running
'solc /home/andrei/Рабочий стол/Kursovaya/Diplom/contracts/safe/safe_270_SAFE.sol --combined-json abi,ast,bin,bin-runtime,srcmap,srcmap-runtime,userdoc,devdoc,hashes,compact-format --allow-paths .,/home/andrei/Рабочий стол/Kursovaya/Diplom/contracts/safe' running
Compilation warnings/errors on /home/andrei/Рабочий стол/Kursovaya/Diplom/contracts/safe/safe_270_SAFE.sol:
/home/andrei/Рабочий стол/Kursovaya/Diplom/contracts/safe/safe_270_SAFE.sol:13:5: Warning: Defining constructors as functions with the same name as the contract is deprecated. Use "constructor(...) { ... }" instead.
    function SocialNetwork(){
    ^ (Relevant source part starts here and spans across multiple lines).
/home/andrei/Рабочий стол/Kursovaya/Diplom/contracts/safe/safe_270_SAFE.sol:4:1: Warning: Source file does not specify required compiler version!Consider adding "pragma solidity ^0.4.24;"
contract SocialNetwork{
^ (Relevant source part starts here and spans across multiple lines).
/home/andrei/Рабочий стол/Kursovaya/Diplom/contracts/safe/safe_270_SAFE.sol:56:16: Warning: This declaration shadows an existing declaration.
	function post(string post, address userAddress, string password) returns (string status){
	              ^---------^
/home/andrei/Рабочий стол/Kursovaya/Diplom/contracts/safe/safe_270_SAFE.sol:56:2: The shadowed declaration is here:
	function post(string post, address userAddress, string password) returns (string status){
 ^ (Relevant source part starts here and spans across multiple lines).

/home/andrei/Рабочий стол/Kursovaya/Diplom/contracts/safe/safe_270_SAFE.sol:25:25: Warning: This function only accepts a single "bytes" argument. Please use "abi.encodePacked(...)" or a similar function to encode the data.
		bytes32 hashedPword = sha256(password);
		                      ^--------------^
/home/andrei/Рабочий стол/Kursovaya/Diplom/contracts/safe/safe_270_SAFE.sol:25:25: Warning: The provided argument of type string memory is not implicitly convertible to expected type bytes memory.
		bytes32 hashedPword = sha256(password);
		                      ^--------------^
/home/andrei/Рабочий стол/Kursovaya/Diplom/contracts/safe/safe_270_SAFE.sol:33:34: Warning: This function only accepts a single "bytes" argument. Please use "abi.encodePacked(...)" or a similar function to encode the data.
		if(userSecurity[msg.sender] == sha256(password)){
		                               ^--------------^
/home/andrei/Рабочий стол/Kursovaya/Diplom/contracts/safe/safe_270_SAFE.sol:33:34: Warning: The provided argument of type string memory is not implicitly convertible to expected type bytes memory.
		if(userSecurity[msg.sender] == sha256(password)){
		                               ^--------------^
/home/andrei/Рабочий стол/Kursovaya/Diplom/contracts/safe/safe_270_SAFE.sol:46:33: Warning: This function only accepts a single "bytes" argument. Please use "abi.encodePacked(...)" or a similar function to encode the data.
	if(userSecurity[msg.sender] == sha256(password)){
	                               ^--------------^
/home/andrei/Рабочий стол/Kursovaya/Diplom/contracts/safe/safe_270_SAFE.sol:46:33: Warning: The provided argument of type string memory is not implicitly convertible to expected type bytes memory.
	if(userSecurity[msg.sender] == sha256(password)){
	                               ^--------------^
/home/andrei/Рабочий стол/Kursovaya/Diplom/contracts/safe/safe_270_SAFE.sol:57:70: Warning: This function only accepts a single "bytes" argument. Please use "abi.encodePacked(...)" or a similar function to encode the data.
		if(loginState[userAddress] == true && userSecurity[userAddress] == sha256(password) ){
		                                                                   ^--------------^
/home/andrei/Рабочий стол/Kursovaya/Diplom/contracts/safe/safe_270_SAFE.sol:57:70: Warning: The provided argument of type string memory is not implicitly convertible to expected type bytes memory.
		if(loginState[userAddress] == true && userSecurity[userAddress] == sha256(password) ){
		                                                                   ^--------------^
/home/andrei/Рабочий стол/Kursovaya/Diplom/contracts/safe/safe_270_SAFE.sol:70:70: Warning: This function only accepts a single "bytes" argument. Please use "abi.encodePacked(...)" or a similar function to encode the data.
		if(loginState[userAddress] == true && userSecurity[userAddress] == sha256(password) ){
		                                                                   ^--------------^
/home/andrei/Рабочий стол/Kursovaya/Diplom/contracts/safe/safe_270_SAFE.sol:70:70: Warning: The provided argument of type string memory is not implicitly convertible to expected type bytes memory.
		if(loginState[userAddress] == true && userSecurity[userAddress] == sha256(password) ){
		                                                                   ^--------------^
/home/andrei/Рабочий стол/Kursovaya/Diplom/contracts/safe/safe_270_SAFE.sol:83:70: Warning: This function only accepts a single "bytes" argument. Please use "abi.encodePacked(...)" or a similar function to encode the data.
		if(loginState[userAddress] == true && userSecurity[userAddress] == sha256(password) ){
		                                                                   ^--------------^
/home/andrei/Рабочий стол/Kursovaya/Diplom/contracts/safe/safe_270_SAFE.sol:83:70: Warning: The provided argument of type string memory is not implicitly convertible to expected type bytes memory.
		if(loginState[userAddress] == true && userSecurity[userAddress] == sha256(password) ){
		                                                                   ^--------------^
/home/andrei/Рабочий стол/Kursovaya/Diplom/contracts/safe/safe_270_SAFE.sol:13:5: Warning: No visibility specified. Defaulting to "public". 
    function SocialNetwork(){
    ^ (Relevant source part starts here and spans across multiple lines).
/home/andrei/Рабочий стол/Kursovaya/Diplom/contracts/safe/safe_270_SAFE.sol:23:2: Warning: No visibility specified. Defaulting to "public". 
	function register(string name, string password){
 ^ (Relevant source part starts here and spans across multiple lines).
/home/andrei/Рабочий стол/Kursovaya/Diplom/contracts/safe/safe_270_SAFE.sol:31:2: Warning: No visibility specified. Defaulting to "public". 
	function login(string password) returns (bool){
 ^ (Relevant source part starts here and spans across multiple lines).
/home/andrei/Рабочий стол/Kursovaya/Diplom/contracts/safe/safe_270_SAFE.sol:44:2: Warning: No visibility specified. Defaulting to "public". 
	function logout(string password) returns (bool){
 ^ (Relevant source part starts here and spans across multiple lines).
/home/andrei/Рабочий стол/Kursovaya/Diplom/contracts/safe/safe_270_SAFE.sol:56:2: Warning: No visibility specified. Defaulting to "public". 
	function post(string post, address userAddress, string password) returns (string status){
 ^ (Relevant source part starts here and spans across multiple lines).
/home/andrei/Рабочий стол/Kursovaya/Diplom/contracts/safe/safe_270_SAFE.sol:69:2: Warning: No visibility specified. Defaulting to "public". 
	function deposit(address userAddress, string password) returns (string status){
 ^ (Relevant source part starts here and spans across multiple lines).
/home/andrei/Рабочий стол/Kursovaya/Diplom/contracts/safe/safe_270_SAFE.sol:72:29: Warning: "msg.value" used in non-payable function. Do you want to add the "payable" modifier to this function?
			balances[userAddress] += msg.value;
			                         ^-------^
/home/andrei/Рабочий стол/Kursovaya/Diplom/contracts/safe/safe_270_SAFE.sol:82:2: Warning: No visibility specified. Defaulting to "public". 
	function withdraw(uint256 amount, address userAddress, string password) returns (string status){
 ^ (Relevant source part starts here and spans across multiple lines).

/home/andrei/Рабочий стол/Kursovaya/Diplom/contracts/safe/safe_270_SAFE.sol analyzed (1 contracts with 2 detectors), 0 result(s) found
