'solc --version' running
'solc /home/andrei/Рабочий стол/Kursovaya/Diplom/contracts/safe/safe_175_SAFE.sol --combined-json abi,ast,bin,bin-runtime,srcmap,srcmap-runtime,userdoc,devdoc,hashes,compact-format --allow-paths .,/home/andrei/Рабочий стол/Kursovaya/Diplom/contracts/safe' running

Detector: divide-before-multiply
OpenPoWH.reinvestDividends() (contracts/safe/safe_175_SAFE.sol#119-198) performs a multiplication on the result of a division:
	- bonusCoEff = (scaleFactor - (res + numEther) * numTokens * scaleFactor / (totalSupply + numTokens) / numEther) * uint256(crr_d) / uint256(crr_d - crr_n) (contracts/safe/safe_175_SAFE.sol#163-165)
	- holderReward = fee * bonusCoEff (contracts/safe/safe_175_SAFE.sol#169)
OpenPoWH.buy() (contracts/safe/safe_175_SAFE.sol#278-340) performs a multiplication on the result of a division:
	- bonusCoEff = (scaleFactor - (reserve() + numEther) * numTokens * scaleFactor / (totalSupply + numTokens) / numEther) * uint256(crr_d) / uint256(crr_d - crr_n) (contracts/safe/safe_175_SAFE.sol#304-306)
	- holderReward = fee * bonusCoEff (contracts/safe/safe_175_SAFE.sol#310)
OpenPoWH.fixedLog(uint256) (contracts/safe/safe_175_SAFE.sol#438-453) performs a multiplication on the result of a division:
	- s = ((int256(a) - one) * one) / (int256(a) + one) (contracts/safe/safe_175_SAFE.sol#448)
	- z = (s * s) / one (contracts/safe/safe_175_SAFE.sol#449)
OpenPoWH.fixedLog(uint256) (contracts/safe/safe_175_SAFE.sol#438-453) performs a multiplication on the result of a division:
	- s = ((int256(a) - one) * one) / (int256(a) + one) (contracts/safe/safe_175_SAFE.sol#448)
	- scale * ln2 + (s * (c1 + (z * (c3 + (z * (c5 + (z * (c7 + (z * (c9 + (z * c11 / one)) / one)) / one)) / one)) / one)) / one) (contracts/safe/safe_175_SAFE.sol#450-452)
OpenPoWH.fixedExp(int256) (contracts/safe/safe_175_SAFE.sol#463-475) performs a multiplication on the result of a division:
	- z = (a * a) / one (contracts/safe/safe_175_SAFE.sol#466)
	- R = (int256(2) * one) + (z * (c2 + (z * (c4 + (z * (c6 + (z * c8 / one)) / one)) / one)) / one) (contracts/safe/safe_175_SAFE.sol#467-468)
Reference: https://github.com/crytic/slither/wiki/Detector-Documentation#divide-before-multiply
/home/andrei/Рабочий стол/Kursovaya/Diplom/contracts/safe/safe_175_SAFE.sol analyzed (1 contracts with 2 detectors), 5 result(s) found
