'solc --version' running
'solc /home/andrei/Рабочий стол/Kursovaya/Diplom/contracts/vulnerable/vuln_068_SC08.sol --combined-json abi,ast,bin,bin-runtime,srcmap,srcmap-runtime,userdoc,devdoc,hashes,compact-format --allow-paths .,/home/andrei/Рабочий стол/Kursovaya/Diplom/contracts/vulnerable' running
Compilation warnings/errors on /home/andrei/Рабочий стол/Kursovaya/Diplom/contracts/vulnerable/vuln_068_SC08.sol:
/home/andrei/Рабочий стол/Kursovaya/Diplom/contracts/vulnerable/vuln_068_SC08.sol:23:5: Warning: No visibility specified. Defaulting to "public".
    function PrivateDeposit()
    ^
Spanning multiple lines.
/home/andrei/Рабочий стол/Kursovaya/Diplom/contracts/vulnerable/vuln_068_SC08.sol:31:5: Warning: No visibility specified. Defaulting to "public".
    function setLog(address _lib) onlyOwner
    ^
Spanning multiple lines.
/home/andrei/Рабочий стол/Kursovaya/Diplom/contracts/vulnerable/vuln_068_SC08.sol:47:5: Warning: No visibility specified. Defaulting to "public".
    function CashOut(uint _am)
    ^
Spanning multiple lines.


Detector: reentrancy-eth
Reentrancy in PrivateDeposit.CashOut(uint256) (contracts/vulnerable/vuln_068_SC08.sol#47-58):
	External calls:
	- msg.sender.call.value(_am)() (contracts/vulnerable/vuln_068_SC08.sol#52)
	State variables written after the call(s):
	- balances[msg.sender] -= _am (contracts/vulnerable/vuln_068_SC08.sol#54)
	PrivateDeposit.balances (contracts/vulnerable/vuln_068_SC08.sol#11) can be used in cross function reentrancies:
	- PrivateDeposit.CashOut(uint256) (contracts/vulnerable/vuln_068_SC08.sol#47-58)
	- PrivateDeposit.Deposit() (contracts/vulnerable/vuln_068_SC08.sol#36-45)
	- PrivateDeposit.balances (contracts/vulnerable/vuln_068_SC08.sol#11)
Reference: https://github.com/crytic/slither/wiki/Detector-Documentation#reentrancy-vulnerabilities-1
/home/andrei/Рабочий стол/Kursovaya/Diplom/contracts/vulnerable/vuln_068_SC08.sol analyzed (2 contracts with 2 detectors), 1 result(s) found
