'solc --version' running
'solc /home/andrei/Рабочий стол/Kursovaya/Diplom/contracts/vulnerable/vuln_111_SC05.sol --combined-json abi,ast,bin,bin-runtime,srcmap,srcmap-runtime,userdoc,devdoc,hashes,compact-format --allow-paths .,/home/andrei/Рабочий стол/Kursovaya/Diplom/contracts/vulnerable' running
Compilation warnings/errors on /home/andrei/Рабочий стол/Kursovaya/Diplom/contracts/vulnerable/vuln_111_SC05.sol:
/home/andrei/Рабочий стол/Kursovaya/Diplom/contracts/vulnerable/vuln_111_SC05.sol:50:48: Warning: This declaration shadows an existing declaration.
      function totalSupply() constant returns (uint256 totalSupply);
                                               ^-----------------^
/home/andrei/Рабочий стол/Kursovaya/Diplom/contracts/vulnerable/vuln_111_SC05.sol:50:7: The shadowed declaration is here:
      function totalSupply() constant returns (uint256 totalSupply);
      ^------------------------------------------------------------^

/home/andrei/Рабочий стол/Kursovaya/Diplom/contracts/vulnerable/vuln_111_SC05.sol:110:12: Warning: Invoking events without "emit" prefix is deprecated.
           Transfer(msg.sender, _to, _value);
           ^-------------------------------^
/home/andrei/Рабочий стол/Kursovaya/Diplom/contracts/vulnerable/vuln_111_SC05.sol:119:12: Warning: Invoking events without "emit" prefix is deprecated.
           Transfer(_from, _to, _value);
           ^--------------------------^
/home/andrei/Рабочий стол/Kursovaya/Diplom/contracts/vulnerable/vuln_111_SC05.sol:125:12: Warning: Invoking events without "emit" prefix is deprecated.
           Approval(msg.sender, _spender, _value);
           ^------------------------------------^
/home/andrei/Рабочий стол/Kursovaya/Diplom/contracts/vulnerable/vuln_111_SC05.sol:50:7: Warning: No visibility specified. Defaulting to "public". 
      function totalSupply() constant returns (uint256 totalSupply);
      ^------------------------------------------------------------^
/home/andrei/Рабочий стол/Kursovaya/Diplom/contracts/vulnerable/vuln_111_SC05.sol:51:7: Warning: No visibility specified. Defaulting to "public". 
      function balanceOf(address _owner) constant returns (uint balance);
      ^-----------------------------------------------------------------^
/home/andrei/Рабочий стол/Kursovaya/Diplom/contracts/vulnerable/vuln_111_SC05.sol:52:7: Warning: No visibility specified. Defaulting to "public". 
      function transfer(address _to, uint _value) returns (bool success);
      ^-----------------------------------------------------------------^
/home/andrei/Рабочий стол/Kursovaya/Diplom/contracts/vulnerable/vuln_111_SC05.sol:53:7: Warning: No visibility specified. Defaulting to "public". 
      function transferFrom(address _from, address _to, uint _value) returns (bool success);
      ^------------------------------------------------------------------------------------^
/home/andrei/Рабочий стол/Kursovaya/Diplom/contracts/vulnerable/vuln_111_SC05.sol:54:7: Warning: No visibility specified. Defaulting to "public". 
      function approve(address _spender, uint _value) returns (bool success);
      ^---------------------------------------------------------------------^
/home/andrei/Рабочий стол/Kursovaya/Diplom/contracts/vulnerable/vuln_111_SC05.sol:55:7: Warning: No visibility specified. Defaulting to "public". 
      function allowance(address _owner, address _spender) constant returns (uint remaining);
      ^-------------------------------------------------------------------------------------^
/home/andrei/Рабочий стол/Kursovaya/Diplom/contracts/vulnerable/vuln_111_SC05.sol:77:8: Warning: No visibility specified. Defaulting to "public". 
       function () payable {
       ^ (Relevant source part starts here and spans across multiple lines).
/home/andrei/Рабочий стол/Kursovaya/Diplom/contracts/vulnerable/vuln_111_SC05.sol:81:8: Warning: No visibility specified. Defaulting to "public". 
       function ICO (string _symbol, string _name, uint8 _decimals, uint256 _unitsOneEthCanBuy) {
       ^ (Relevant source part starts here and spans across multiple lines).
/home/andrei/Рабочий стол/Kursovaya/Diplom/contracts/vulnerable/vuln_111_SC05.sol:89:8: Warning: No visibility specified. Defaulting to "public". 
       function createTokens() payable {
       ^ (Relevant source part starts here and spans across multiple lines).
/home/andrei/Рабочий стол/Kursovaya/Diplom/contracts/vulnerable/vuln_111_SC05.sol:98:8: Warning: No visibility specified. Defaulting to "public". 
       function totalSupply() constant returns (uint256) {
       ^ (Relevant source part starts here and spans across multiple lines).
/home/andrei/Рабочий стол/Kursovaya/Diplom/contracts/vulnerable/vuln_111_SC05.sol:102:8: Warning: No visibility specified. Defaulting to "public". 
       function balanceOf (address _owner) constant returns (uint256) {
       ^ (Relevant source part starts here and spans across multiple lines).
/home/andrei/Рабочий стол/Kursovaya/Diplom/contracts/vulnerable/vuln_111_SC05.sol:106:8: Warning: No visibility specified. Defaulting to "public". 
       function transfer(address _to, uint256 _value) returns (bool) {
       ^ (Relevant source part starts here and spans across multiple lines).
/home/andrei/Рабочий стол/Kursovaya/Diplom/contracts/vulnerable/vuln_111_SC05.sol:114:8: Warning: No visibility specified. Defaulting to "public". 
       function transferFrom(address _from, address _to, uint256 _value) returns (bool) {
       ^ (Relevant source part starts here and spans across multiple lines).
/home/andrei/Рабочий стол/Kursovaya/Diplom/contracts/vulnerable/vuln_111_SC05.sol:123:8: Warning: No visibility specified. Defaulting to "public". 
       function approve (address _spender, uint256 _value) returns (bool) {
       ^ (Relevant source part starts here and spans across multiple lines).
/home/andrei/Рабочий стол/Kursovaya/Diplom/contracts/vulnerable/vuln_111_SC05.sol:129:8: Warning: No visibility specified. Defaulting to "public". 
       function allowance(address _owner, address _spender) constant returns (uint256) {
       ^ (Relevant source part starts here and spans across multiple lines).
/home/andrei/Рабочий стол/Kursovaya/Diplom/contracts/vulnerable/vuln_111_SC05.sol:7:3: Warning: Function state mutability can be restricted to pure
  function mul(uint256 a, uint256 b) internal returns (uint256) {
  ^ (Relevant source part starts here and spans across multiple lines).
/home/andrei/Рабочий стол/Kursovaya/Diplom/contracts/vulnerable/vuln_111_SC05.sol:13:3: Warning: Function state mutability can be restricted to pure
  function div(uint256 a, uint256 b) internal returns (uint256) {
  ^ (Relevant source part starts here and spans across multiple lines).
/home/andrei/Рабочий стол/Kursovaya/Diplom/contracts/vulnerable/vuln_111_SC05.sol:20:3: Warning: Function state mutability can be restricted to pure
  function sub(uint256 a, uint256 b) internal returns (uint256) {
  ^ (Relevant source part starts here and spans across multiple lines).
/home/andrei/Рабочий стол/Kursovaya/Diplom/contracts/vulnerable/vuln_111_SC05.sol:25:3: Warning: Function state mutability can be restricted to pure
  function add(uint256 a, uint256 b) internal returns (uint256) {
  ^ (Relevant source part starts here and spans across multiple lines).
/home/andrei/Рабочий стол/Kursovaya/Diplom/contracts/vulnerable/vuln_111_SC05.sol:31:3: Warning: Function state mutability can be restricted to pure
  function max64(uint64 a, uint64 b) internal constant returns (uint64) {
  ^ (Relevant source part starts here and spans across multiple lines).
/home/andrei/Рабочий стол/Kursovaya/Diplom/contracts/vulnerable/vuln_111_SC05.sol:35:3: Warning: Function state mutability can be restricted to pure
  function min64(uint64 a, uint64 b) internal constant returns (uint64) {
  ^ (Relevant source part starts here and spans across multiple lines).
/home/andrei/Рабочий стол/Kursovaya/Diplom/contracts/vulnerable/vuln_111_SC05.sol:39:3: Warning: Function state mutability can be restricted to pure
  function max256(uint256 a, uint256 b) internal constant returns (uint256) {
  ^ (Relevant source part starts here and spans across multiple lines).
/home/andrei/Рабочий стол/Kursovaya/Diplom/contracts/vulnerable/vuln_111_SC05.sol:43:3: Warning: Function state mutability can be restricted to pure
  function min256(uint256 a, uint256 b) internal constant returns (uint256) {
  ^ (Relevant source part starts here and spans across multiple lines).

/home/andrei/Рабочий стол/Kursovaya/Diplom/contracts/vulnerable/vuln_111_SC05.sol analyzed (3 contracts with 2 detectors), 0 result(s) found
