'solc --version' running
'solc /home/andrei/Рабочий стол/Kursovaya/Diplom/contracts/vulnerable/vuln_060_SC08.sol --combined-json abi,ast,bin,bin-runtime,srcmap,srcmap-runtime,userdoc,devdoc,hashes,compact-format --allow-paths .,/home/andrei/Рабочий стол/Kursovaya/Diplom/contracts/vulnerable' running
Compilation warnings/errors on /home/andrei/Рабочий стол/Kursovaya/Diplom/contracts/vulnerable/vuln_060_SC08.sol:
/home/andrei/Рабочий стол/Kursovaya/Diplom/contracts/vulnerable/vuln_060_SC08.sol:22:24: Warning: "throw" is deprecated in favour of "revert()", "require()" and "assert()".
        if(intitalized)throw;
                       ^---^
/home/andrei/Рабочий стол/Kursovaya/Diplom/contracts/vulnerable/vuln_060_SC08.sol:29:24: Warning: "throw" is deprecated in favour of "revert()", "require()" and "assert()".
        if(intitalized)throw;
                       ^---^


Detector: reentrancy-eth
Reentrancy in DEP_BANK.Collect(uint256) (contracts/vulnerable/vuln_060_SC08.sol#47-60):
	External calls:
	- msg.sender.call.value(_am)() (contracts/vulnerable/vuln_060_SC08.sol#54)
	State variables written after the call(s):
	- balances[msg.sender] -= _am (contracts/vulnerable/vuln_060_SC08.sol#56)
	DEP_BANK.balances (contracts/vulnerable/vuln_060_SC08.sol#11) can be used in cross function reentrancies:
	- DEP_BANK.Collect(uint256) (contracts/vulnerable/vuln_060_SC08.sol#47-60)
	- DEP_BANK.Deposit() (contracts/vulnerable/vuln_060_SC08.sol#39-45)
	- DEP_BANK.balances (contracts/vulnerable/vuln_060_SC08.sol#11)
Reference: https://github.com/crytic/slither/wiki/Detector-Documentation#reentrancy-vulnerabilities-1
/home/andrei/Рабочий стол/Kursovaya/Diplom/contracts/vulnerable/vuln_060_SC08.sol analyzed (2 contracts with 2 detectors), 1 result(s) found
