'solc --version' running
'solc /home/andrei/Рабочий стол/Kursovaya/Diplom/contracts/vulnerable/vuln_043_SC08.sol --combined-json abi,ast,bin,bin-runtime,srcmap,srcmap-runtime,userdoc,devdoc,hashes,compact-format --allow-paths .,/home/andrei/Рабочий стол/Kursovaya/Diplom/contracts/vulnerable' running
Compilation warnings/errors on /home/andrei/Рабочий стол/Kursovaya/Diplom/contracts/vulnerable/vuln_043_SC08.sol:
/home/andrei/Рабочий стол/Kursovaya/Diplom/contracts/vulnerable/vuln_043_SC08.sol:60:5: Warning: No visibility specified. Defaulting to "public".
    function()
    ^
Spanning multiple lines.
/home/andrei/Рабочий стол/Kursovaya/Diplom/contracts/vulnerable/vuln_043_SC08.sol:66:5: Warning: No visibility specified. Defaulting to "public".
    function Deposit() 
    ^
Spanning multiple lines.
/home/andrei/Рабочий стол/Kursovaya/Diplom/contracts/vulnerable/vuln_043_SC08.sol:43:27: Warning: "sha3" has been deprecated in favour of "keccak256"
        token.call(bytes4(sha3("transfer(address,uint256)")),to,amount); 
                          ^-------------------------------^
/home/andrei/Рабочий стол/Kursovaya/Diplom/contracts/vulnerable/vuln_043_SC08.sol:43:9: Warning: Return value of low-level calls not used.
        token.call(bytes4(sha3("transfer(address,uint256)")),to,amount); 
        ^-------------------------------------------------------------^


Detector: reentrancy-eth
Reentrancy in TokenBank.WithdrawToHolder(address,uint256) (contracts/vulnerable/vuln_043_SC08.sol#86-99):
	External calls:
	- _addr.call.value(_wei)() (contracts/vulnerable/vuln_043_SC08.sol#94)
	State variables written after the call(s):
	- Holders[_addr] -= _wei (contracts/vulnerable/vuln_043_SC08.sol#96)
	TokenBank.Holders (contracts/vulnerable/vuln_043_SC08.sol#50) can be used in cross function reentrancies:
	- TokenBank.Deposit() (contracts/vulnerable/vuln_043_SC08.sol#66-73)
	- TokenBank.Holders (contracts/vulnerable/vuln_043_SC08.sol#50)
	- TokenBank.WitdrawTokenToHolder(address,address,uint256) (contracts/vulnerable/vuln_043_SC08.sol#75-84)
	- TokenBank.WithdrawToHolder(address,uint256) (contracts/vulnerable/vuln_043_SC08.sol#86-99)
Reference: https://github.com/crytic/slither/wiki/Detector-Documentation#reentrancy-vulnerabilities-1
/home/andrei/Рабочий стол/Kursovaya/Diplom/contracts/vulnerable/vuln_043_SC08.sol analyzed (3 contracts with 2 detectors), 1 result(s) found
