'solc --version' running
'solc /home/andrei/Рабочий стол/Kursovaya/Diplom/contracts/vulnerable/vuln_142_SC09.sol --combined-json abi,ast,bin,bin-runtime,srcmap,srcmap-runtime,userdoc,devdoc,hashes,compact-format --allow-paths .,/home/andrei/Рабочий стол/Kursovaya/Diplom/contracts/vulnerable' running
Compilation warnings/errors on /home/andrei/Рабочий стол/Kursovaya/Diplom/contracts/vulnerable/vuln_142_SC09.sol:
/home/andrei/Рабочий стол/Kursovaya/Diplom/contracts/vulnerable/vuln_142_SC09.sol:344:50: Warning: "block.blockhash()" has been deprecated in favor of "blockhash()"
            ((uint256(keccak256(abi.encodePacked(block.blockhash(block.number))))) / (block.timestamp)).add
                                                 ^-------------^
/home/andrei/Рабочий стол/Kursovaya/Diplom/contracts/vulnerable/vuln_142_SC09.sol:345:50: Warning: "block.blockhash()" has been deprecated in favor of "blockhash()"
            ((uint256(keccak256(abi.encodePacked(block.blockhash(block.number - 1))))) / (block.timestamp)).add
                                                 ^-------------^
/home/andrei/Рабочий стол/Kursovaya/Diplom/contracts/vulnerable/vuln_142_SC09.sol:346:50: Warning: "block.blockhash()" has been deprecated in favor of "blockhash()"
            ((uint256(keccak256(abi.encodePacked(block.blockhash(block.number - 2))))) / (block.timestamp)).add
                                                 ^-------------^
/home/andrei/Рабочий стол/Kursovaya/Diplom/contracts/vulnerable/vuln_142_SC09.sol:347:50: Warning: "block.blockhash()" has been deprecated in favor of "blockhash()"
            ((uint256(keccak256(abi.encodePacked(block.blockhash(block.number - 3))))) / (block.timestamp)).add
                                                 ^-------------^
/home/andrei/Рабочий стол/Kursovaya/Diplom/contracts/vulnerable/vuln_142_SC09.sol:348:50: Warning: "block.blockhash()" has been deprecated in favor of "blockhash()"
            ((uint256(keccak256(abi.encodePacked(block.blockhash(block.number - 4))))) / (block.timestamp)).add
                                                 ^-------------^
/home/andrei/Рабочий стол/Kursovaya/Diplom/contracts/vulnerable/vuln_142_SC09.sol:349:50: Warning: "block.blockhash()" has been deprecated in favor of "blockhash()"
            ((uint256(keccak256(abi.encodePacked(block.blockhash(block.number - 5))))) / (block.timestamp)).add
                                                 ^-------------^
/home/andrei/Рабочий стол/Kursovaya/Diplom/contracts/vulnerable/vuln_142_SC09.sol:350:50: Warning: "block.blockhash()" has been deprecated in favor of "blockhash()"
            ((uint256(keccak256(abi.encodePacked(block.blockhash(block.number - 6))))) / (block.timestamp))
                                                 ^-------------^

/home/andrei/Рабочий стол/Kursovaya/Diplom/contracts/vulnerable/vuln_142_SC09.sol analyzed (8 contracts with 2 detectors), 0 result(s) found
