'solc --version' running
'solc /home/andrei/Рабочий стол/Kursovaya/Diplom/contracts/vulnerable/vuln_011_SC01.sol --combined-json abi,ast,bin,bin-runtime,srcmap,srcmap-runtime,userdoc,devdoc,hashes,compact-format --allow-paths .,/home/andrei/Рабочий стол/Kursovaya/Diplom/contracts/vulnerable' running
Compilation warnings/errors on /home/andrei/Рабочий стол/Kursovaya/Diplom/contracts/vulnerable/vuln_011_SC01.sol:
/home/andrei/Рабочий стол/Kursovaya/Diplom/contracts/vulnerable/vuln_011_SC01.sol:19:37: Warning: "sha3" has been deprecated in favour of "keccak256"
    bytes4 constant fibSig = bytes4(sha3("setFibonacci(uint256)"));
                                    ^---------------------------^
/home/andrei/Рабочий стол/Kursovaya/Diplom/contracts/vulnerable/vuln_011_SC01.sol:26:5: Warning: No visibility specified. Defaulting to "public". 
    function withdraw() {
    ^ (Relevant source part starts here and spans across multiple lines).


Detector: controlled-delegatecall
FibonacciBalance.withdraw() (contracts/vulnerable/vuln_011_SC01.sol#26-33) uses delegatecall to a input-controlled function id
	- require(bool)(fibonacciLibrary.delegatecall(fibSig,withdrawalCounter)) (contracts/vulnerable/vuln_011_SC01.sol#31)
FibonacciBalance.fallback() (contracts/vulnerable/vuln_011_SC01.sol#36-39) uses delegatecall to a input-controlled function id
	- require(bool)(fibonacciLibrary.delegatecall(msg.data)) (contracts/vulnerable/vuln_011_SC01.sol#38)
Reference: https://github.com/crytic/slither/wiki/Detector-Documentation#controlled-delegatecall

Detector: arbitrary-send-eth
FibonacciBalance.withdraw() (contracts/vulnerable/vuln_011_SC01.sol#26-33) sends eth to arbitrary user
	Dangerous calls:
	- msg.sender.transfer(calculatedFibNumber * 1000000000000000000) (contracts/vulnerable/vuln_011_SC01.sol#32)
Reference: https://github.com/crytic/slither/wiki/Detector-Documentation#functions-that-send-ether-to-arbitrary-destinations
/home/andrei/Рабочий стол/Kursovaya/Diplom/contracts/vulnerable/vuln_011_SC01.sol analyzed (2 contracts with 5 detectors), 3 result(s) found
