'solc --version' running
'solc /home/andrei/Рабочий стол/Kursovaya/Diplom/contracts/vulnerable/vuln_138_SC09.sol --combined-json abi,ast,bin,bin-runtime,srcmap,srcmap-runtime,userdoc,devdoc,hashes,compact-format --allow-paths .,/home/andrei/Рабочий стол/Kursovaya/Diplom/contracts/vulnerable' running
Compilation warnings/errors on /home/andrei/Рабочий стол/Kursovaya/Diplom/contracts/vulnerable/vuln_138_SC09.sol:
/home/andrei/Рабочий стол/Kursovaya/Diplom/contracts/vulnerable/vuln_138_SC09.sol:96:5: Warning: Invoking events without "emit" prefix is deprecated.
    Transfer(msg.sender, _to, _value);
    ^-------------------------------^
/home/andrei/Рабочий стол/Kursovaya/Diplom/contracts/vulnerable/vuln_138_SC09.sol:97:5: Warning: Invoking events without "emit" prefix is deprecated.
    ERC223Transfer(msg.sender, _to, _value, _data);
    ^--------------------------------------------^
/home/andrei/Рабочий стол/Kursovaya/Diplom/contracts/vulnerable/vuln_138_SC09.sol:108:5: Warning: Invoking events without "emit" prefix is deprecated.
    Transfer(msg.sender, _to, _value);
    ^-------------------------------^
/home/andrei/Рабочий стол/Kursovaya/Diplom/contracts/vulnerable/vuln_138_SC09.sol:109:5: Warning: Invoking events without "emit" prefix is deprecated.
    ERC223Transfer(msg.sender, _to, _value, _data);
    ^--------------------------------------------^
/home/andrei/Рабочий стол/Kursovaya/Diplom/contracts/vulnerable/vuln_138_SC09.sol:6:3: Warning: No visibility specified. Defaulting to "public". 
  function balanceOf(address who) constant returns (uint);
  ^------------------------------------------------------^
/home/andrei/Рабочий стол/Kursovaya/Diplom/contracts/vulnerable/vuln_138_SC09.sol:8:3: Warning: No visibility specified. Defaulting to "public". 
  function name() constant returns (string _name);
  ^----------------------------------------------^
/home/andrei/Рабочий стол/Kursovaya/Diplom/contracts/vulnerable/vuln_138_SC09.sol:9:3: Warning: No visibility specified. Defaulting to "public". 
  function symbol() constant returns (string _symbol);
  ^--------------------------------------------------^
/home/andrei/Рабочий стол/Kursovaya/Diplom/contracts/vulnerable/vuln_138_SC09.sol:10:3: Warning: No visibility specified. Defaulting to "public". 
  function decimals() constant returns (uint8 _decimals);
  ^-----------------------------------------------------^
/home/andrei/Рабочий стол/Kursovaya/Diplom/contracts/vulnerable/vuln_138_SC09.sol:11:3: Warning: No visibility specified. Defaulting to "public". 
  function totalSupply() constant returns (uint256 _supply);
  ^--------------------------------------------------------^
/home/andrei/Рабочий стол/Kursovaya/Diplom/contracts/vulnerable/vuln_138_SC09.sol:13:3: Warning: No visibility specified. Defaulting to "public". 
  function transfer(address to, uint value) returns (bool ok);
  ^----------------------------------------------------------^
/home/andrei/Рабочий стол/Kursovaya/Diplom/contracts/vulnerable/vuln_138_SC09.sol:14:3: Warning: No visibility specified. Defaulting to "public". 
  function transfer(address to, uint value, bytes data) returns (bool ok);
  ^----------------------------------------------------------------------^
/home/andrei/Рабочий стол/Kursovaya/Diplom/contracts/vulnerable/vuln_138_SC09.sol:20:3: Warning: No visibility specified. Defaulting to "public". 
  function tokenFallback(address _from, uint _value, bytes _data);
  ^--------------------------------------------------------------^
/home/andrei/Рабочий стол/Kursovaya/Diplom/contracts/vulnerable/vuln_138_SC09.sol:35:3: Warning: No visibility specified. Defaulting to "public". 
  function name() constant returns (string _name) {
  ^ (Relevant source part starts here and spans across multiple lines).
/home/andrei/Рабочий стол/Kursovaya/Diplom/contracts/vulnerable/vuln_138_SC09.sol:39:3: Warning: No visibility specified. Defaulting to "public". 
  function symbol() constant returns (string _symbol) {
  ^ (Relevant source part starts here and spans across multiple lines).
/home/andrei/Рабочий стол/Kursovaya/Diplom/contracts/vulnerable/vuln_138_SC09.sol:43:3: Warning: No visibility specified. Defaulting to "public". 
  function decimals() constant returns (uint8 _decimals) {
  ^ (Relevant source part starts here and spans across multiple lines).
/home/andrei/Рабочий стол/Kursovaya/Diplom/contracts/vulnerable/vuln_138_SC09.sol:47:3: Warning: No visibility specified. Defaulting to "public". 
  function totalSupply() constant returns (uint256 _totalSupply) {
  ^ (Relevant source part starts here and spans across multiple lines).
/home/andrei/Рабочий стол/Kursovaya/Diplom/contracts/vulnerable/vuln_138_SC09.sol:52:3: Warning: No visibility specified. Defaulting to "public". 
  function transfer(address _to, uint _value, bytes _data) returns (bool success) {
  ^ (Relevant source part starts here and spans across multiple lines).
/home/andrei/Рабочий стол/Kursovaya/Diplom/contracts/vulnerable/vuln_138_SC09.sol:63:3: Warning: No visibility specified. Defaulting to "public". 
  function transfer(address _to, uint _value) returns (bool success) {
  ^ (Relevant source part starts here and spans across multiple lines).
/home/andrei/Рабочий стол/Kursovaya/Diplom/contracts/vulnerable/vuln_138_SC09.sol:114:3: Warning: No visibility specified. Defaulting to "public". 
  function balanceOf(address _owner) constant returns (uint balance) {
  ^ (Relevant source part starts here and spans across multiple lines).
/home/andrei/Рабочий стол/Kursovaya/Diplom/contracts/vulnerable/vuln_138_SC09.sol:77:3: Warning: Function state mutability can be restricted to view
  function isContract(address _addr) private returns (bool is_contract) {
  ^ (Relevant source part starts here and spans across multiple lines).

/home/andrei/Рабочий стол/Kursovaya/Diplom/contracts/vulnerable/vuln_138_SC09.sol analyzed (5 contracts with 2 detectors), 0 result(s) found
