'solc --version' running
'solc /home/andrei/Рабочий стол/Kursovaya/Diplom/contracts/vulnerable/vuln_108_SC05.sol --combined-json abi,ast,bin,bin-runtime,srcmap,srcmap-runtime,userdoc,devdoc,hashes,compact-format --allow-paths .,/home/andrei/Рабочий стол/Kursovaya/Diplom/contracts/vulnerable' running
Compilation warnings/errors on /home/andrei/Рабочий стол/Kursovaya/Diplom/contracts/vulnerable/vuln_108_SC05.sol:
/home/andrei/Рабочий стол/Kursovaya/Diplom/contracts/vulnerable/vuln_108_SC05.sol:14:3: Warning: Defining constructors as functions with the same name as the contract is deprecated. Use "constructor(...) { ... }" instead.
  function Ownable() public {
  ^ (Relevant source part starts here and spans across multiple lines).
/home/andrei/Рабочий стол/Kursovaya/Diplom/contracts/vulnerable/vuln_108_SC05.sol:350:3: Warning: Defining constructors as functions with the same name as the contract is deprecated. Use "constructor(...) { ... }" instead.
  function Identity(DAVToken _davTokenContract) public {
  ^ (Relevant source part starts here and spans across multiple lines).
/home/andrei/Рабочий стол/Kursovaya/Diplom/contracts/vulnerable/vuln_108_SC05.sol:248:3: Warning: Function state mutability can be restricted to pure
  function name() public view returns (string) {}
  ^---------------------------------------------^
/home/andrei/Рабочий стол/Kursovaya/Diplom/contracts/vulnerable/vuln_108_SC05.sol:249:3: Warning: Function state mutability can be restricted to pure
  function symbol() public view returns (string) {}
  ^-----------------------------------------------^
/home/andrei/Рабочий стол/Kursovaya/Diplom/contracts/vulnerable/vuln_108_SC05.sol:250:3: Warning: Function state mutability can be restricted to pure
  function decimals() public view returns (uint8) {}
  ^------------------------------------------------^
/home/andrei/Рабочий стол/Kursovaya/Diplom/contracts/vulnerable/vuln_108_SC05.sol:254:3: Warning: Function state mutability can be restricted to pure
  function owner() public view returns (address) {}
  ^-----------------------------------------------^
/home/andrei/Рабочий стол/Kursovaya/Diplom/contracts/vulnerable/vuln_108_SC05.sol:259:3: Warning: Function state mutability can be restricted to pure
  function pauseCutoffTime() public view returns (uint256) {}
  ^---------------------------------------------------------^
/home/andrei/Рабочий стол/Kursovaya/Diplom/contracts/vulnerable/vuln_108_SC05.sol:260:3: Warning: Function state mutability can be restricted to pure
  function paused() public view returns (bool) {}
  ^---------------------------------------------^


Detector: timestamp
DAVToken.setPauseCutoffTime(uint256) (contracts/vulnerable/vuln_108_SC05.sol#311-319) uses timestamp for comparisons
	Dangerous comparisons:
	- require(bool)(_pauseCutoffTime >= block.timestamp) (contracts/vulnerable/vuln_108_SC05.sol#314)
DAVToken.pause() (contracts/vulnerable/vuln_108_SC05.sol#322-328) uses timestamp for comparisons
	Dangerous comparisons:
	- require(bool)(pauseCutoffTime == 0 || pauseCutoffTime >= block.timestamp) (contracts/vulnerable/vuln_108_SC05.sol#325)
Reference: https://github.com/crytic/slither/wiki/Detector-Documentation#block-timestamp
/home/andrei/Рабочий стол/Kursovaya/Diplom/contracts/vulnerable/vuln_108_SC05.sol analyzed (12 contracts with 2 detectors), 2 result(s) found
