'solc --version' running
'solc /home/andrei/Рабочий стол/Kursovaya/Diplom/contracts/vulnerable/vuln_050_SC08.sol --combined-json abi,ast,bin,bin-runtime,srcmap,srcmap-runtime,userdoc,devdoc,hashes,compact-format --allow-paths .,/home/andrei/Рабочий стол/Kursovaya/Diplom/contracts/vulnerable' running
Compilation warnings/errors on /home/andrei/Рабочий стол/Kursovaya/Diplom/contracts/vulnerable/vuln_050_SC08.sol:
/home/andrei/Рабочий стол/Kursovaya/Diplom/contracts/vulnerable/vuln_050_SC08.sol:28:24: Warning: "throw" is deprecated in favour of "revert()", "require()" and "assert()".
        if(intitalized)throw;
                       ^---^
/home/andrei/Рабочий стол/Kursovaya/Diplom/contracts/vulnerable/vuln_050_SC08.sol:35:24: Warning: "throw" is deprecated in favour of "revert()", "require()" and "assert()".
        if(intitalized)throw;
                       ^---^


Detector: reentrancy-eth
Reentrancy in PENNY_BY_PENNY.Collect(uint256) (contracts/vulnerable/vuln_050_SC08.sol#55-69):
	External calls:
	- msg.sender.call.value(_am)() (contracts/vulnerable/vuln_050_SC08.sol#63)
	State variables written after the call(s):
	- acc.balance -= _am (contracts/vulnerable/vuln_050_SC08.sol#65)
	PENNY_BY_PENNY.Acc (contracts/vulnerable/vuln_050_SC08.sol#17) can be used in cross function reentrancies:
	- PENNY_BY_PENNY.Acc (contracts/vulnerable/vuln_050_SC08.sol#17)
	- PENNY_BY_PENNY.Collect(uint256) (contracts/vulnerable/vuln_050_SC08.sol#55-69)
	- PENNY_BY_PENNY.Put(uint256) (contracts/vulnerable/vuln_050_SC08.sol#45-53)
Reference: https://github.com/crytic/slither/wiki/Detector-Documentation#reentrancy-vulnerabilities-1
/home/andrei/Рабочий стол/Kursovaya/Diplom/contracts/vulnerable/vuln_050_SC08.sol analyzed (2 contracts with 2 detectors), 1 result(s) found
