'solc --version' running
'solc /home/andrei/Рабочий стол/Kursovaya/Diplom/contracts/vulnerable/vuln_046_SC08.sol --combined-json abi,ast,bin,bin-runtime,srcmap,srcmap-runtime,userdoc,devdoc,hashes,compact-format --allow-paths .,/home/andrei/Рабочий стол/Kursovaya/Diplom/contracts/vulnerable' running

Detector: reentrancy-eth
Reentrancy in LedgerChannel.LCOpenTimeout(bytes32) (contracts/vulnerable/vuln_046_SC08.sol#420-437):
	External calls:
	- require(bool,string)(Channels[_lcID].token.transfer(Channels[_lcID].partyAddresses[0],Channels[_lcID].erc20Balances[0]),CreateChannel: token transfer failure) (contracts/vulnerable/vuln_046_SC08.sol#430)
	External calls sending eth:
	- Channels[_lcID].partyAddresses[0].transfer(Channels[_lcID].ethBalances[0]) (contracts/vulnerable/vuln_046_SC08.sol#426)
	State variables written after the call(s):
	- delete Channels[_lcID] (contracts/vulnerable/vuln_046_SC08.sol#436)
	LedgerChannel.Channels (contracts/vulnerable/vuln_046_SC08.sol#378) can be used in cross function reentrancies:
	- LedgerChannel.Channels (contracts/vulnerable/vuln_046_SC08.sol#378)
	- LedgerChannel.LCOpenTimeout(bytes32) (contracts/vulnerable/vuln_046_SC08.sol#420-437)
	- LedgerChannel.byzantineCloseChannel(bytes32) (contracts/vulnerable/vuln_046_SC08.sol#756-817)
	- LedgerChannel.closeVirtualChannel(bytes32,bytes32) (contracts/vulnerable/vuln_046_SC08.sol#725-752)
	- LedgerChannel.consensusCloseChannel(bytes32,uint256,uint256[4],string,string) (contracts/vulnerable/vuln_046_SC08.sol#495-546)
	- LedgerChannel.createChannel(bytes32,address,uint256,address,uint256[2]) (contracts/vulnerable/vuln_046_SC08.sol#380-418)
	- LedgerChannel.deposit(bytes32,address,uint256,bool) (contracts/vulnerable/vuln_046_SC08.sol#465-492)
	- LedgerChannel.getChannel(bytes32) (contracts/vulnerable/vuln_046_SC08.sol#837-866)
	- LedgerChannel.initVCstate(bytes32,bytes32,bytes,address,address,uint256[2],uint256[4],string) (contracts/vulnerable/vuln_046_SC08.sol#615-657)
	- LedgerChannel.joinChannel(bytes32,uint256[2]) (contracts/vulnerable/vuln_046_SC08.sol#439-460)
	- LedgerChannel.settleVC(bytes32,bytes32,uint256,address,address,uint256[4],string) (contracts/vulnerable/vuln_046_SC08.sol#662-723)
	- LedgerChannel.updateLCstate(bytes32,uint256[6],bytes32,string,string) (contracts/vulnerable/vuln_046_SC08.sol#550-612)
Reentrancy in LedgerChannel.byzantineCloseChannel(bytes32) (contracts/vulnerable/vuln_046_SC08.sol#756-817):
	External calls:
	- require(bool,string)(channel.token.transfer(channel.partyAddresses[0],tokenbalanceA),byzantineCloseChannel: token transfer failure) (contracts/vulnerable/vuln_046_SC08.sol#803-806)
	- require(bool,string)(channel.token.transfer(channel.partyAddresses[1],tokenbalanceI),byzantineCloseChannel: token transfer failure) (contracts/vulnerable/vuln_046_SC08.sol#807-810)
	External calls sending eth:
	- channel.partyAddresses[0].transfer(ethbalanceA) (contracts/vulnerable/vuln_046_SC08.sol#798)
	- channel.partyAddresses[1].transfer(ethbalanceI) (contracts/vulnerable/vuln_046_SC08.sol#799)
	State variables written after the call(s):
	- channel.isOpen = false (contracts/vulnerable/vuln_046_SC08.sol#813)
	LedgerChannel.Channels (contracts/vulnerable/vuln_046_SC08.sol#378) can be used in cross function reentrancies:
	- LedgerChannel.Channels (contracts/vulnerable/vuln_046_SC08.sol#378)
	- LedgerChannel.LCOpenTimeout(bytes32) (contracts/vulnerable/vuln_046_SC08.sol#420-437)
	- LedgerChannel.byzantineCloseChannel(bytes32) (contracts/vulnerable/vuln_046_SC08.sol#756-817)
	- LedgerChannel.closeVirtualChannel(bytes32,bytes32) (contracts/vulnerable/vuln_046_SC08.sol#725-752)
	- LedgerChannel.consensusCloseChannel(bytes32,uint256,uint256[4],string,string) (contracts/vulnerable/vuln_046_SC08.sol#495-546)
	- LedgerChannel.createChannel(bytes32,address,uint256,address,uint256[2]) (contracts/vulnerable/vuln_046_SC08.sol#380-418)
	- LedgerChannel.deposit(bytes32,address,uint256,bool) (contracts/vulnerable/vuln_046_SC08.sol#465-492)
	- LedgerChannel.getChannel(bytes32) (contracts/vulnerable/vuln_046_SC08.sol#837-866)
	- LedgerChannel.initVCstate(bytes32,bytes32,bytes,address,address,uint256[2],uint256[4],string) (contracts/vulnerable/vuln_046_SC08.sol#615-657)
	- LedgerChannel.joinChannel(bytes32,uint256[2]) (contracts/vulnerable/vuln_046_SC08.sol#439-460)
	- LedgerChannel.settleVC(bytes32,bytes32,uint256,address,address,uint256[4],string) (contracts/vulnerable/vuln_046_SC08.sol#662-723)
	- LedgerChannel.updateLCstate(bytes32,uint256[6],bytes32,string,string) (contracts/vulnerable/vuln_046_SC08.sol#550-612)
Reference: https://github.com/crytic/slither/wiki/Detector-Documentation#reentrancy-vulnerabilities-1

Detector: reentrancy-no-eth
Reentrancy in LedgerChannel.createChannel(bytes32,address,uint256,address,uint256[2]) (contracts/vulnerable/vuln_046_SC08.sol#380-418):
	External calls:
	- require(bool,string)(Channels[_lcID].token.transferFrom(msg.sender,this,_balances[1]),CreateChannel: token transfer failure) (contracts/vulnerable/vuln_046_SC08.sol#406)
	State variables written after the call(s):
	- Channels[_lcID].erc20Balances[0] = _balances[1] (contracts/vulnerable/vuln_046_SC08.sol#407)
	LedgerChannel.Channels (contracts/vulnerable/vuln_046_SC08.sol#378) can be used in cross function reentrancies:
	- LedgerChannel.Channels (contracts/vulnerable/vuln_046_SC08.sol#378)
	- LedgerChannel.LCOpenTimeout(bytes32) (contracts/vulnerable/vuln_046_SC08.sol#420-437)
	- LedgerChannel.byzantineCloseChannel(bytes32) (contracts/vulnerable/vuln_046_SC08.sol#756-817)
	- LedgerChannel.closeVirtualChannel(bytes32,bytes32) (contracts/vulnerable/vuln_046_SC08.sol#725-752)
	- LedgerChannel.consensusCloseChannel(bytes32,uint256,uint256[4],string,string) (contracts/vulnerable/vuln_046_SC08.sol#495-546)
	- LedgerChannel.createChannel(bytes32,address,uint256,address,uint256[2]) (contracts/vulnerable/vuln_046_SC08.sol#380-418)
	- LedgerChannel.deposit(bytes32,address,uint256,bool) (contracts/vulnerable/vuln_046_SC08.sol#465-492)
	- LedgerChannel.getChannel(bytes32) (contracts/vulnerable/vuln_046_SC08.sol#837-866)
	- LedgerChannel.initVCstate(bytes32,bytes32,bytes,address,address,uint256[2],uint256[4],string) (contracts/vulnerable/vuln_046_SC08.sol#615-657)
	- LedgerChannel.joinChannel(bytes32,uint256[2]) (contracts/vulnerable/vuln_046_SC08.sol#439-460)
	- LedgerChannel.settleVC(bytes32,bytes32,uint256,address,address,uint256[4],string) (contracts/vulnerable/vuln_046_SC08.sol#662-723)
	- LedgerChannel.updateLCstate(bytes32,uint256[6],bytes32,string,string) (contracts/vulnerable/vuln_046_SC08.sol#550-612)
	- Channels[_lcID].sequence = 0 (contracts/vulnerable/vuln_046_SC08.sol#410)
	LedgerChannel.Channels (contracts/vulnerable/vuln_046_SC08.sol#378) can be used in cross function reentrancies:
	- LedgerChannel.Channels (contracts/vulnerable/vuln_046_SC08.sol#378)
	- LedgerChannel.LCOpenTimeout(bytes32) (contracts/vulnerable/vuln_046_SC08.sol#420-437)
	- LedgerChannel.byzantineCloseChannel(bytes32) (contracts/vulnerable/vuln_046_SC08.sol#756-817)
	- LedgerChannel.closeVirtualChannel(bytes32,bytes32) (contracts/vulnerable/vuln_046_SC08.sol#725-752)
	- LedgerChannel.consensusCloseChannel(bytes32,uint256,uint256[4],string,string) (contracts/vulnerable/vuln_046_SC08.sol#495-546)
	- LedgerChannel.createChannel(bytes32,address,uint256,address,uint256[2]) (contracts/vulnerable/vuln_046_SC08.sol#380-418)
	- LedgerChannel.deposit(bytes32,address,uint256,bool) (contracts/vulnerable/vuln_046_SC08.sol#465-492)
	- LedgerChannel.getChannel(bytes32) (contracts/vulnerable/vuln_046_SC08.sol#837-866)
	- LedgerChannel.initVCstate(bytes32,bytes32,bytes,address,address,uint256[2],uint256[4],string) (contracts/vulnerable/vuln_046_SC08.sol#615-657)
	- LedgerChannel.joinChannel(bytes32,uint256[2]) (contracts/vulnerable/vuln_046_SC08.sol#439-460)
	- LedgerChannel.settleVC(bytes32,bytes32,uint256,address,address,uint256[4],string) (contracts/vulnerable/vuln_046_SC08.sol#662-723)
	- LedgerChannel.updateLCstate(bytes32,uint256[6],bytes32,string,string) (contracts/vulnerable/vuln_046_SC08.sol#550-612)
	- Channels[_lcID].confirmTime = _confirmTime (contracts/vulnerable/vuln_046_SC08.sol#411)
	LedgerChannel.Channels (contracts/vulnerable/vuln_046_SC08.sol#378) can be used in cross function reentrancies:
	- LedgerChannel.Channels (contracts/vulnerable/vuln_046_SC08.sol#378)
	- LedgerChannel.LCOpenTimeout(bytes32) (contracts/vulnerable/vuln_046_SC08.sol#420-437)
	- LedgerChannel.byzantineCloseChannel(bytes32) (contracts/vulnerable/vuln_046_SC08.sol#756-817)
	- LedgerChannel.closeVirtualChannel(bytes32,bytes32) (contracts/vulnerable/vuln_046_SC08.sol#725-752)
	- LedgerChannel.consensusCloseChannel(bytes32,uint256,uint256[4],string,string) (contracts/vulnerable/vuln_046_SC08.sol#495-546)
	- LedgerChannel.createChannel(bytes32,address,uint256,address,uint256[2]) (contracts/vulnerable/vuln_046_SC08.sol#380-418)
	- LedgerChannel.deposit(bytes32,address,uint256,bool) (contracts/vulnerable/vuln_046_SC08.sol#465-492)
	- LedgerChannel.getChannel(bytes32) (contracts/vulnerable/vuln_046_SC08.sol#837-866)
	- LedgerChannel.initVCstate(bytes32,bytes32,bytes,address,address,uint256[2],uint256[4],string) (contracts/vulnerable/vuln_046_SC08.sol#615-657)
	- LedgerChannel.joinChannel(bytes32,uint256[2]) (contracts/vulnerable/vuln_046_SC08.sol#439-460)
	- LedgerChannel.settleVC(bytes32,bytes32,uint256,address,address,uint256[4],string) (contracts/vulnerable/vuln_046_SC08.sol#662-723)
	- LedgerChannel.updateLCstate(bytes32,uint256[6],bytes32,string,string) (contracts/vulnerable/vuln_046_SC08.sol#550-612)
	- Channels[_lcID].LCopenTimeout = now + _confirmTime (contracts/vulnerable/vuln_046_SC08.sol#414)
	LedgerChannel.Channels (contracts/vulnerable/vuln_046_SC08.sol#378) can be used in cross function reentrancies:
	- LedgerChannel.Channels (contracts/vulnerable/vuln_046_SC08.sol#378)
	- LedgerChannel.LCOpenTimeout(bytes32) (contracts/vulnerable/vuln_046_SC08.sol#420-437)
	- LedgerChannel.byzantineCloseChannel(bytes32) (contracts/vulnerable/vuln_046_SC08.sol#756-817)
	- LedgerChannel.closeVirtualChannel(bytes32,bytes32) (contracts/vulnerable/vuln_046_SC08.sol#725-752)
	- LedgerChannel.consensusCloseChannel(bytes32,uint256,uint256[4],string,string) (contracts/vulnerable/vuln_046_SC08.sol#495-546)
	- LedgerChannel.createChannel(bytes32,address,uint256,address,uint256[2]) (contracts/vulnerable/vuln_046_SC08.sol#380-418)
	- LedgerChannel.deposit(bytes32,address,uint256,bool) (contracts/vulnerable/vuln_046_SC08.sol#465-492)
	- LedgerChannel.getChannel(bytes32) (contracts/vulnerable/vuln_046_SC08.sol#837-866)
	- LedgerChannel.initVCstate(bytes32,bytes32,bytes,address,address,uint256[2],uint256[4],string) (contracts/vulnerable/vuln_046_SC08.sol#615-657)
	- LedgerChannel.joinChannel(bytes32,uint256[2]) (contracts/vulnerable/vuln_046_SC08.sol#439-460)
	- LedgerChannel.settleVC(bytes32,bytes32,uint256,address,address,uint256[4],string) (contracts/vulnerable/vuln_046_SC08.sol#662-723)
	- LedgerChannel.updateLCstate(bytes32,uint256[6],bytes32,string,string) (contracts/vulnerable/vuln_046_SC08.sol#550-612)
	- Channels[_lcID].initialDeposit = _balances (contracts/vulnerable/vuln_046_SC08.sol#415)
	LedgerChannel.Channels (contracts/vulnerable/vuln_046_SC08.sol#378) can be used in cross function reentrancies:
	- LedgerChannel.Channels (contracts/vulnerable/vuln_046_SC08.sol#378)
	- LedgerChannel.LCOpenTimeout(bytes32) (contracts/vulnerable/vuln_046_SC08.sol#420-437)
	- LedgerChannel.byzantineCloseChannel(bytes32) (contracts/vulnerable/vuln_046_SC08.sol#756-817)
	- LedgerChannel.closeVirtualChannel(bytes32,bytes32) (contracts/vulnerable/vuln_046_SC08.sol#725-752)
	- LedgerChannel.consensusCloseChannel(bytes32,uint256,uint256[4],string,string) (contracts/vulnerable/vuln_046_SC08.sol#495-546)
	- LedgerChannel.createChannel(bytes32,address,uint256,address,uint256[2]) (contracts/vulnerable/vuln_046_SC08.sol#380-418)
	- LedgerChannel.deposit(bytes32,address,uint256,bool) (contracts/vulnerable/vuln_046_SC08.sol#465-492)
	- LedgerChannel.getChannel(bytes32) (contracts/vulnerable/vuln_046_SC08.sol#837-866)
	- LedgerChannel.initVCstate(bytes32,bytes32,bytes,address,address,uint256[2],uint256[4],string) (contracts/vulnerable/vuln_046_SC08.sol#615-657)
	- LedgerChannel.joinChannel(bytes32,uint256[2]) (contracts/vulnerable/vuln_046_SC08.sol#439-460)
	- LedgerChannel.settleVC(bytes32,bytes32,uint256,address,address,uint256[4],string) (contracts/vulnerable/vuln_046_SC08.sol#662-723)
	- LedgerChannel.updateLCstate(bytes32,uint256[6],bytes32,string,string) (contracts/vulnerable/vuln_046_SC08.sol#550-612)
Reentrancy in LedgerChannel.deposit(bytes32,address,uint256,bool) (contracts/vulnerable/vuln_046_SC08.sol#465-492):
	External calls:
	- require(bool,string)(Channels[_lcID].token.transferFrom(msg.sender,this,_balance),deposit: token transfer failure) (contracts/vulnerable/vuln_046_SC08.sol#473)
	State variables written after the call(s):
	- Channels[_lcID].erc20Balances[2] += _balance (contracts/vulnerable/vuln_046_SC08.sol#474)
	LedgerChannel.Channels (contracts/vulnerable/vuln_046_SC08.sol#378) can be used in cross function reentrancies:
	- LedgerChannel.Channels (contracts/vulnerable/vuln_046_SC08.sol#378)
	- LedgerChannel.LCOpenTimeout(bytes32) (contracts/vulnerable/vuln_046_SC08.sol#420-437)
	- LedgerChannel.byzantineCloseChannel(bytes32) (contracts/vulnerable/vuln_046_SC08.sol#756-817)
	- LedgerChannel.closeVirtualChannel(bytes32,bytes32) (contracts/vulnerable/vuln_046_SC08.sol#725-752)
	- LedgerChannel.consensusCloseChannel(bytes32,uint256,uint256[4],string,string) (contracts/vulnerable/vuln_046_SC08.sol#495-546)
	- LedgerChannel.createChannel(bytes32,address,uint256,address,uint256[2]) (contracts/vulnerable/vuln_046_SC08.sol#380-418)
	- LedgerChannel.deposit(bytes32,address,uint256,bool) (contracts/vulnerable/vuln_046_SC08.sol#465-492)
	- LedgerChannel.getChannel(bytes32) (contracts/vulnerable/vuln_046_SC08.sol#837-866)
	- LedgerChannel.initVCstate(bytes32,bytes32,bytes,address,address,uint256[2],uint256[4],string) (contracts/vulnerable/vuln_046_SC08.sol#615-657)
	- LedgerChannel.joinChannel(bytes32,uint256[2]) (contracts/vulnerable/vuln_046_SC08.sol#439-460)
	- LedgerChannel.settleVC(bytes32,bytes32,uint256,address,address,uint256[4],string) (contracts/vulnerable/vuln_046_SC08.sol#662-723)
	- LedgerChannel.updateLCstate(bytes32,uint256[6],bytes32,string,string) (contracts/vulnerable/vuln_046_SC08.sol#550-612)
	- Channels[_lcID].ethBalances[3] += msg.value (contracts/vulnerable/vuln_046_SC08.sol#487)
	LedgerChannel.Channels (contracts/vulnerable/vuln_046_SC08.sol#378) can be used in cross function reentrancies:
	- LedgerChannel.Channels (contracts/vulnerable/vuln_046_SC08.sol#378)
	- LedgerChannel.LCOpenTimeout(bytes32) (contracts/vulnerable/vuln_046_SC08.sol#420-437)
	- LedgerChannel.byzantineCloseChannel(bytes32) (contracts/vulnerable/vuln_046_SC08.sol#756-817)
	- LedgerChannel.closeVirtualChannel(bytes32,bytes32) (contracts/vulnerable/vuln_046_SC08.sol#725-752)
	- LedgerChannel.consensusCloseChannel(bytes32,uint256,uint256[4],string,string) (contracts/vulnerable/vuln_046_SC08.sol#495-546)
	- LedgerChannel.createChannel(bytes32,address,uint256,address,uint256[2]) (contracts/vulnerable/vuln_046_SC08.sol#380-418)
	- LedgerChannel.deposit(bytes32,address,uint256,bool) (contracts/vulnerable/vuln_046_SC08.sol#465-492)
	- LedgerChannel.getChannel(bytes32) (contracts/vulnerable/vuln_046_SC08.sol#837-866)
	- LedgerChannel.initVCstate(bytes32,bytes32,bytes,address,address,uint256[2],uint256[4],string) (contracts/vulnerable/vuln_046_SC08.sol#615-657)
	- LedgerChannel.joinChannel(bytes32,uint256[2]) (contracts/vulnerable/vuln_046_SC08.sol#439-460)
	- LedgerChannel.settleVC(bytes32,bytes32,uint256,address,address,uint256[4],string) (contracts/vulnerable/vuln_046_SC08.sol#662-723)
	- LedgerChannel.updateLCstate(bytes32,uint256[6],bytes32,string,string) (contracts/vulnerable/vuln_046_SC08.sol#550-612)
Reentrancy in LedgerChannel.deposit(bytes32,address,uint256,bool) (contracts/vulnerable/vuln_046_SC08.sol#465-492):
	External calls:
	- require(bool,string)(Channels[_lcID].token.transferFrom(msg.sender,this,_balance),deposit: token transfer failure) (contracts/vulnerable/vuln_046_SC08.sol#473)
	- require(bool,string)(Channels[_lcID].token.transferFrom(msg.sender,this,_balance),deposit: token transfer failure) (contracts/vulnerable/vuln_046_SC08.sol#483)
	State variables written after the call(s):
	- Channels[_lcID].erc20Balances[3] += _balance (contracts/vulnerable/vuln_046_SC08.sol#484)
	LedgerChannel.Channels (contracts/vulnerable/vuln_046_SC08.sol#378) can be used in cross function reentrancies:
	- LedgerChannel.Channels (contracts/vulnerable/vuln_046_SC08.sol#378)
	- LedgerChannel.LCOpenTimeout(bytes32) (contracts/vulnerable/vuln_046_SC08.sol#420-437)
	- LedgerChannel.byzantineCloseChannel(bytes32) (contracts/vulnerable/vuln_046_SC08.sol#756-817)
	- LedgerChannel.closeVirtualChannel(bytes32,bytes32) (contracts/vulnerable/vuln_046_SC08.sol#725-752)
	- LedgerChannel.consensusCloseChannel(bytes32,uint256,uint256[4],string,string) (contracts/vulnerable/vuln_046_SC08.sol#495-546)
	- LedgerChannel.createChannel(bytes32,address,uint256,address,uint256[2]) (contracts/vulnerable/vuln_046_SC08.sol#380-418)
	- LedgerChannel.deposit(bytes32,address,uint256,bool) (contracts/vulnerable/vuln_046_SC08.sol#465-492)
	- LedgerChannel.getChannel(bytes32) (contracts/vulnerable/vuln_046_SC08.sol#837-866)
	- LedgerChannel.initVCstate(bytes32,bytes32,bytes,address,address,uint256[2],uint256[4],string) (contracts/vulnerable/vuln_046_SC08.sol#615-657)
	- LedgerChannel.joinChannel(bytes32,uint256[2]) (contracts/vulnerable/vuln_046_SC08.sol#439-460)
	- LedgerChannel.settleVC(bytes32,bytes32,uint256,address,address,uint256[4],string) (contracts/vulnerable/vuln_046_SC08.sol#662-723)
	- LedgerChannel.updateLCstate(bytes32,uint256[6],bytes32,string,string) (contracts/vulnerable/vuln_046_SC08.sol#550-612)
Reentrancy in LedgerChannel.joinChannel(bytes32,uint256[2]) (contracts/vulnerable/vuln_046_SC08.sol#439-460):
	External calls:
	- require(bool,string)(Channels[_lcID].token.transferFrom(msg.sender,this,_balances[1]),joinChannel: token transfer failure) (contracts/vulnerable/vuln_046_SC08.sol#449)
	State variables written after the call(s):
	- Channels[_lcID].erc20Balances[1] = _balances[1] (contracts/vulnerable/vuln_046_SC08.sol#450)
	LedgerChannel.Channels (contracts/vulnerable/vuln_046_SC08.sol#378) can be used in cross function reentrancies:
	- LedgerChannel.Channels (contracts/vulnerable/vuln_046_SC08.sol#378)
	- LedgerChannel.LCOpenTimeout(bytes32) (contracts/vulnerable/vuln_046_SC08.sol#420-437)
	- LedgerChannel.byzantineCloseChannel(bytes32) (contracts/vulnerable/vuln_046_SC08.sol#756-817)
	- LedgerChannel.closeVirtualChannel(bytes32,bytes32) (contracts/vulnerable/vuln_046_SC08.sol#725-752)
	- LedgerChannel.consensusCloseChannel(bytes32,uint256,uint256[4],string,string) (contracts/vulnerable/vuln_046_SC08.sol#495-546)
	- LedgerChannel.createChannel(bytes32,address,uint256,address,uint256[2]) (contracts/vulnerable/vuln_046_SC08.sol#380-418)
	- LedgerChannel.deposit(bytes32,address,uint256,bool) (contracts/vulnerable/vuln_046_SC08.sol#465-492)
	- LedgerChannel.getChannel(bytes32) (contracts/vulnerable/vuln_046_SC08.sol#837-866)
	- LedgerChannel.initVCstate(bytes32,bytes32,bytes,address,address,uint256[2],uint256[4],string) (contracts/vulnerable/vuln_046_SC08.sol#615-657)
	- LedgerChannel.joinChannel(bytes32,uint256[2]) (contracts/vulnerable/vuln_046_SC08.sol#439-460)
	- LedgerChannel.settleVC(bytes32,bytes32,uint256,address,address,uint256[4],string) (contracts/vulnerable/vuln_046_SC08.sol#662-723)
	- LedgerChannel.updateLCstate(bytes32,uint256[6],bytes32,string,string) (contracts/vulnerable/vuln_046_SC08.sol#550-612)
	- Channels[_lcID].initialDeposit[0] += _balances[0] (contracts/vulnerable/vuln_046_SC08.sol#453)
	LedgerChannel.Channels (contracts/vulnerable/vuln_046_SC08.sol#378) can be used in cross function reentrancies:
	- LedgerChannel.Channels (contracts/vulnerable/vuln_046_SC08.sol#378)
	- LedgerChannel.LCOpenTimeout(bytes32) (contracts/vulnerable/vuln_046_SC08.sol#420-437)
	- LedgerChannel.byzantineCloseChannel(bytes32) (contracts/vulnerable/vuln_046_SC08.sol#756-817)
	- LedgerChannel.closeVirtualChannel(bytes32,bytes32) (contracts/vulnerable/vuln_046_SC08.sol#725-752)
	- LedgerChannel.consensusCloseChannel(bytes32,uint256,uint256[4],string,string) (contracts/vulnerable/vuln_046_SC08.sol#495-546)
	- LedgerChannel.createChannel(bytes32,address,uint256,address,uint256[2]) (contracts/vulnerable/vuln_046_SC08.sol#380-418)
	- LedgerChannel.deposit(bytes32,address,uint256,bool) (contracts/vulnerable/vuln_046_SC08.sol#465-492)
	- LedgerChannel.getChannel(bytes32) (contracts/vulnerable/vuln_046_SC08.sol#837-866)
	- LedgerChannel.initVCstate(bytes32,bytes32,bytes,address,address,uint256[2],uint256[4],string) (contracts/vulnerable/vuln_046_SC08.sol#615-657)
	- LedgerChannel.joinChannel(bytes32,uint256[2]) (contracts/vulnerable/vuln_046_SC08.sol#439-460)
	- LedgerChannel.settleVC(bytes32,bytes32,uint256,address,address,uint256[4],string) (contracts/vulnerable/vuln_046_SC08.sol#662-723)
	- LedgerChannel.updateLCstate(bytes32,uint256[6],bytes32,string,string) (contracts/vulnerable/vuln_046_SC08.sol#550-612)
	- Channels[_lcID].initialDeposit[1] += _balances[1] (contracts/vulnerable/vuln_046_SC08.sol#454)
	LedgerChannel.Channels (contracts/vulnerable/vuln_046_SC08.sol#378) can be used in cross function reentrancies:
	- LedgerChannel.Channels (contracts/vulnerable/vuln_046_SC08.sol#378)
	- LedgerChannel.LCOpenTimeout(bytes32) (contracts/vulnerable/vuln_046_SC08.sol#420-437)
	- LedgerChannel.byzantineCloseChannel(bytes32) (contracts/vulnerable/vuln_046_SC08.sol#756-817)
	- LedgerChannel.closeVirtualChannel(bytes32,bytes32) (contracts/vulnerable/vuln_046_SC08.sol#725-752)
	- LedgerChannel.consensusCloseChannel(bytes32,uint256,uint256[4],string,string) (contracts/vulnerable/vuln_046_SC08.sol#495-546)
	- LedgerChannel.createChannel(bytes32,address,uint256,address,uint256[2]) (contracts/vulnerable/vuln_046_SC08.sol#380-418)
	- LedgerChannel.deposit(bytes32,address,uint256,bool) (contracts/vulnerable/vuln_046_SC08.sol#465-492)
	- LedgerChannel.getChannel(bytes32) (contracts/vulnerable/vuln_046_SC08.sol#837-866)
	- LedgerChannel.initVCstate(bytes32,bytes32,bytes,address,address,uint256[2],uint256[4],string) (contracts/vulnerable/vuln_046_SC08.sol#615-657)
	- LedgerChannel.joinChannel(bytes32,uint256[2]) (contracts/vulnerable/vuln_046_SC08.sol#439-460)
	- LedgerChannel.settleVC(bytes32,bytes32,uint256,address,address,uint256[4],string) (contracts/vulnerable/vuln_046_SC08.sol#662-723)
	- LedgerChannel.updateLCstate(bytes32,uint256[6],bytes32,string,string) (contracts/vulnerable/vuln_046_SC08.sol#550-612)
	- Channels[_lcID].isOpen = true (contracts/vulnerable/vuln_046_SC08.sol#456)
	LedgerChannel.Channels (contracts/vulnerable/vuln_046_SC08.sol#378) can be used in cross function reentrancies:
	- LedgerChannel.Channels (contracts/vulnerable/vuln_046_SC08.sol#378)
	- LedgerChannel.LCOpenTimeout(bytes32) (contracts/vulnerable/vuln_046_SC08.sol#420-437)
	- LedgerChannel.byzantineCloseChannel(bytes32) (contracts/vulnerable/vuln_046_SC08.sol#756-817)
	- LedgerChannel.closeVirtualChannel(bytes32,bytes32) (contracts/vulnerable/vuln_046_SC08.sol#725-752)
	- LedgerChannel.consensusCloseChannel(bytes32,uint256,uint256[4],string,string) (contracts/vulnerable/vuln_046_SC08.sol#495-546)
	- LedgerChannel.createChannel(bytes32,address,uint256,address,uint256[2]) (contracts/vulnerable/vuln_046_SC08.sol#380-418)
	- LedgerChannel.deposit(bytes32,address,uint256,bool) (contracts/vulnerable/vuln_046_SC08.sol#465-492)
	- LedgerChannel.getChannel(bytes32) (contracts/vulnerable/vuln_046_SC08.sol#837-866)
	- LedgerChannel.initVCstate(bytes32,bytes32,bytes,address,address,uint256[2],uint256[4],string) (contracts/vulnerable/vuln_046_SC08.sol#615-657)
	- LedgerChannel.joinChannel(bytes32,uint256[2]) (contracts/vulnerable/vuln_046_SC08.sol#439-460)
	- LedgerChannel.settleVC(bytes32,bytes32,uint256,address,address,uint256[4],string) (contracts/vulnerable/vuln_046_SC08.sol#662-723)
	- LedgerChannel.updateLCstate(bytes32,uint256[6],bytes32,string,string) (contracts/vulnerable/vuln_046_SC08.sol#550-612)
Reference: https://github.com/crytic/slither/wiki/Detector-Documentation#reentrancy-vulnerabilities-2
/home/andrei/Рабочий стол/Kursovaya/Diplom/contracts/vulnerable/vuln_046_SC08.sol analyzed (5 contracts with 2 detectors), 6 result(s) found
