'solc --version' running
'solc /home/andrei/Рабочий стол/Kursovaya/Diplom/contracts/vulnerable/vuln_071_SC08.sol --combined-json abi,ast,bin,bin-runtime,srcmap,srcmap-runtime,userdoc,devdoc,hashes,compact-format --allow-paths .,/home/andrei/Рабочий стол/Kursovaya/Diplom/contracts/vulnerable' running
Compilation warnings/errors on /home/andrei/Рабочий стол/Kursovaya/Diplom/contracts/vulnerable/vuln_071_SC08.sol:
/home/andrei/Рабочий стол/Kursovaya/Diplom/contracts/vulnerable/vuln_071_SC08.sol:15:9: Warning: Use of the "var" keyword is deprecated.
        var acc = Acc[msg.sender];
        ^-----^
/home/andrei/Рабочий стол/Kursovaya/Diplom/contracts/vulnerable/vuln_071_SC08.sol:25:9: Warning: Use of the "var" keyword is deprecated.
        var acc = Acc[msg.sender];
        ^-----^
/home/andrei/Рабочий стол/Kursovaya/Diplom/contracts/vulnerable/vuln_071_SC08.sol:56:5: Warning: Defining constructors as functions with the same name as the contract is deprecated. Use "constructor(...) { ... }" instead.
    function MY_BANK(address log) public{
    ^ (Relevant source part starts here and spans across multiple lines).


Detector: reentrancy-eth
Reentrancy in MY_BANK.Collect(uint256) (contracts/vulnerable/vuln_071_SC08.sol#21-35):
	External calls:
	- msg.sender.call.value(_am)() (contracts/vulnerable/vuln_071_SC08.sol#29)
	State variables written after the call(s):
	- acc.balance -= _am (contracts/vulnerable/vuln_071_SC08.sol#31)
	MY_BANK.Acc (contracts/vulnerable/vuln_071_SC08.sol#50) can be used in cross function reentrancies:
	- MY_BANK.Acc (contracts/vulnerable/vuln_071_SC08.sol#50)
	- MY_BANK.Collect(uint256) (contracts/vulnerable/vuln_071_SC08.sol#21-35)
	- MY_BANK.Put(uint256) (contracts/vulnerable/vuln_071_SC08.sol#11-19)
Reference: https://github.com/crytic/slither/wiki/Detector-Documentation#reentrancy-vulnerabilities-1
/home/andrei/Рабочий стол/Kursovaya/Diplom/contracts/vulnerable/vuln_071_SC08.sol analyzed (2 contracts with 2 detectors), 1 result(s) found
