'solc --version' running
'solc /home/andrei/Рабочий стол/Kursovaya/Diplom/contracts/vulnerable/vuln_086_SC09.sol --combined-json abi,ast,bin,bin-runtime,srcmap,srcmap-runtime,userdoc,devdoc,hashes,compact-format --allow-paths .,/home/andrei/Рабочий стол/Kursovaya/Diplom/contracts/vulnerable' running
Compilation warnings/errors on /home/andrei/Рабочий стол/Kursovaya/Diplom/contracts/vulnerable/vuln_086_SC09.sol:
/home/andrei/Рабочий стол/Kursovaya/Diplom/contracts/vulnerable/vuln_086_SC09.sol:36:9: Warning: Unused local variable.
        uint res = count + input;
        ^------^
/home/andrei/Рабочий стол/Kursovaya/Diplom/contracts/vulnerable/vuln_086_SC09.sol:42:9: Warning: Unused local variable.
        uint res = count * input;
        ^------^
/home/andrei/Рабочий стол/Kursovaya/Diplom/contracts/vulnerable/vuln_086_SC09.sol:48:9: Warning: Unused local variable.
       	uint res = count - input;
       	^------^
/home/andrei/Рабочий стол/Kursovaya/Diplom/contracts/vulnerable/vuln_086_SC09.sol:34:5: Warning: Function state mutability can be restricted to view
    function overflowlocalonly(uint256 input) public {
    ^ (Relevant source part starts here and spans across multiple lines).
/home/andrei/Рабочий стол/Kursovaya/Diplom/contracts/vulnerable/vuln_086_SC09.sol:40:5: Warning: Function state mutability can be restricted to view
    function overflowmulocalonly(uint256 input) public {
    ^ (Relevant source part starts here and spans across multiple lines).
/home/andrei/Рабочий стол/Kursovaya/Diplom/contracts/vulnerable/vuln_086_SC09.sol:46:5: Warning: Function state mutability can be restricted to view
    function underflowlocalonly(uint256 input) public {
    ^ (Relevant source part starts here and spans across multiple lines).

/home/andrei/Рабочий стол/Kursovaya/Diplom/contracts/vulnerable/vuln_086_SC09.sol analyzed (1 contracts with 2 detectors), 0 result(s) found
