'solc --version' running
'solc /home/andrei/Рабочий стол/Kursovaya/Diplom/contracts/vulnerable/vuln_039_SC06.sol --combined-json abi,ast,bin,bin-runtime,srcmap,srcmap-runtime,userdoc,devdoc' running
Compilation warnings/errors on /home/andrei/Рабочий стол/Kursovaya/Diplom/contracts/vulnerable/vuln_039_SC06.sol:
/home/andrei/Рабочий стол/Kursovaya/Diplom/contracts/vulnerable/vuln_039_SC06.sol:37:14: Warning: Return value of low-level calls not used.
             msg.sender.send(amount);
             ^---------------------^
/home/andrei/Рабочий стол/Kursovaya/Diplom/contracts/vulnerable/vuln_039_SC06.sol:39:14: Warning: Return value of low-level calls not used.
             creditorAddresses[creditorAddresses.length - 1].send(profitFromCrash);
             ^-------------------------------------------------------------------^
/home/andrei/Рабочий стол/Kursovaya/Diplom/contracts/vulnerable/vuln_039_SC06.sol:40:14: Warning: Return value of low-level calls not used.
             corruptElite.send(this.balance);
             ^-----------------------------^
/home/andrei/Рабочий стол/Kursovaya/Diplom/contracts/vulnerable/vuln_039_SC06.sol:62:18: Warning: Return value of low-level calls not used.
                 corruptElite.send(amount * 5/100);
                 ^-------------------------------^
/home/andrei/Рабочий стол/Kursovaya/Diplom/contracts/vulnerable/vuln_039_SC06.sol:70:22: Warning: Return value of low-level calls not used.
                     buddy.send(amount * 5/100);
                     ^------------------------^
/home/andrei/Рабочий стол/Kursovaya/Diplom/contracts/vulnerable/vuln_039_SC06.sol:75:22: Warning: Return value of low-level calls not used.
                     creditorAddresses[lastCreditorPayedOut].send(creditorAmounts[lastCreditorPayedOut]);
                     ^---------------------------------------------------------------------------------^
/home/andrei/Рабочий стол/Kursovaya/Diplom/contracts/vulnerable/vuln_039_SC06.sol:82:18: Warning: Return value of low-level calls not used.
                 msg.sender.send(amount);
                 ^---------------------^


Detector: unchecked-send
Government.lendGovernmentMoney(address) () ignores return value by msg.sender.send(amount) ()
Government.lendGovernmentMoney(address) () ignores return value by creditorAddresses[creditorAddresses.length - 1].send(profitFromCrash) ()
Government.lendGovernmentMoney(address) () ignores return value by corruptElite.send(this.balance) ()
Government.lendGovernmentMoney(address) () ignores return value by corruptElite.send(amount * 5 / 100) ()
Government.lendGovernmentMoney(address) () ignores return value by buddy.send(amount * 5 / 100) ()
Government.lendGovernmentMoney(address) () ignores return value by creditorAddresses[lastCreditorPayedOut].send(creditorAmounts[lastCreditorPayedOut]) ()
Reference: https://github.com/crytic/slither/wiki/Detector-Documentation#unchecked-send
/home/andrei/Рабочий стол/Kursovaya/Diplom/contracts/vulnerable/vuln_039_SC06.sol analyzed (1 contracts with 5 detectors), 6 result(s) found
