'solc --version' running
'solc /home/andrei/Рабочий стол/Kursovaya/Diplom/contracts/vulnerable/vuln_059_SC08.sol --combined-json abi,ast,bin,bin-runtime,srcmap,srcmap-runtime,userdoc,devdoc,hashes,compact-format --allow-paths .,/home/andrei/Рабочий стол/Kursovaya/Diplom/contracts/vulnerable' running
Compilation warnings/errors on /home/andrei/Рабочий стол/Kursovaya/Diplom/contracts/vulnerable/vuln_059_SC08.sol:
/home/andrei/Рабочий стол/Kursovaya/Diplom/contracts/vulnerable/vuln_059_SC08.sol:19:9: Warning: Different number of components on the left hand side (2) than on the right hand side (1).
        (bool success, ) = recipient.call.value(amountToWithdraw)("");
        ^-----------------------------------------------------------^


Failed to generate IR for Reentrancy_bonus.withdrawReward. Please open an issue https://github.com/crytic/slither/issues.
Reentrancy_bonus.withdrawReward (contracts/vulnerable/vuln_059_SC08.sol#16-21):
 	amountToWithdraw = rewardsForA[recipient]
	rewardsForA[recipient] = 0
	(success,None) = recipient.call.value(amountToWithdraw)()
	require(bool)(success)
Traceback (most recent call last):
  File "/home/andrei/sc-bench/tools/slither-venv/bin/slither", line 6, in <module>
    sys.exit(main())
             ^^^^^^
  File "/home/andrei/sc-bench/tools/slither-venv/lib/python3.12/site-packages/slither/__main__.py", line 760, in main
    main_impl(all_detector_classes=detectors, all_printer_classes=printers)
  File "/home/andrei/sc-bench/tools/slither-venv/lib/python3.12/site-packages/slither/__main__.py", line 865, in main_impl
    ) = process_all(filename, args, detector_classes, printer_classes)
        ^^^^^^^^^^^^^^^^^^^^^^^^^^^^^^^^^^^^^^^^^^^^^^^^^^^^^^^^^^^^^^
  File "/home/andrei/sc-bench/tools/slither-venv/lib/python3.12/site-packages/slither/__main__.py", line 106, in process_all
    ) = process_single(compilation, args, detector_classes, printer_classes)
        ^^^^^^^^^^^^^^^^^^^^^^^^^^^^^^^^^^^^^^^^^^^^^^^^^^^^^^^^^^^^^^^^^^^^
  File "/home/andrei/sc-bench/tools/slither-venv/lib/python3.12/site-packages/slither/__main__.py", line 79, in process_single
    slither = Slither(target, ast_format=ast, **vars(args))
              ^^^^^^^^^^^^^^^^^^^^^^^^^^^^^^^^^^^^^^^^^^^^^
  File "/home/andrei/sc-bench/tools/slither-venv/lib/python3.12/site-packages/slither/slither.py", line 197, in __init__
    self._init_parsing_and_analyses(kwargs.get("skip_analyze", False))
  File "/home/andrei/sc-bench/tools/slither-venv/lib/python3.12/site-packages/slither/slither.py", line 216, in _init_parsing_and_analyses
    raise e
  File "/home/andrei/sc-bench/tools/slither-venv/lib/python3.12/site-packages/slither/slither.py", line 212, in _init_parsing_and_analyses
    parser.analyze_contracts()
  File "/home/andrei/sc-bench/tools/slither-venv/lib/python3.12/site-packages/slither/solc_parsing/slither_compilation_unit_solc.py", line 587, in analyze_contracts
    self._convert_to_slithir()
  File "/home/andrei/sc-bench/tools/slither-venv/lib/python3.12/site-packages/slither/solc_parsing/slither_compilation_unit_solc.py", line 820, in _convert_to_slithir
    raise e
  File "/home/andrei/sc-bench/tools/slither-venv/lib/python3.12/site-packages/slither/solc_parsing/slither_compilation_unit_solc.py", line 805, in _convert_to_slithir
    func.generate_slithir_and_analyze()
  File "/home/andrei/sc-bench/tools/slither-venv/lib/python3.12/site-packages/slither/core/declarations/function.py", line 1875, in generate_slithir_and_analyze
    node.slithir_generation()
  File "/home/andrei/sc-bench/tools/slither-venv/lib/python3.12/site-packages/slither/core/cfg/node.py", line 704, in slithir_generation
    self._irs = convert_expression(expression, self)  # type:ignore
                ^^^^^^^^^^^^^^^^^^^^^^^^^^^^^^^^^^^^
  File "/home/andrei/sc-bench/tools/slither-venv/lib/python3.12/site-packages/slither/slithir/convert.py", line 114, in convert_expression
    visitor = ExpressionToSlithIR(expression, node)
              ^^^^^^^^^^^^^^^^^^^^^^^^^^^^^^^^^^^^^
  File "/home/andrei/sc-bench/tools/slither-venv/lib/python3.12/site-packages/slither/visitors/slithir/expression_to_slithir.py", line 172, in __init__
    self._visit_expression(self.expression)
  File "/home/andrei/sc-bench/tools/slither-venv/lib/python3.12/site-packages/slither/visitors/expression/expression.py", line 77, in _visit_expression
    self._post_visit(expression)
  File "/home/andrei/sc-bench/tools/slither-venv/lib/python3.12/site-packages/slither/visitors/expression/expression.py", line 251, in _post_visit
    self._post_assignement_operation(expression)
  File "/home/andrei/sc-bench/tools/slither-venv/lib/python3.12/site-packages/slither/visitors/slithir/expression_to_slithir.py", line 206, in _post_assignement_operation
    assert isinstance(right, TupleVariable)
           ^^^^^^^^^^^^^^^^^^^^^^^^^^^^^^^^
AssertionError
