'solc --version' running
'solc /home/andrei/Рабочий стол/Kursovaya/Diplom/contracts/vulnerable/vuln_118_SC06.sol --combined-json abi,ast,bin,bin-runtime,srcmap,srcmap-runtime,userdoc,devdoc,hashes,compact-format --allow-paths .,/home/andrei/Рабочий стол/Kursovaya/Diplom/contracts/vulnerable' running
Compilation warnings/errors on /home/andrei/Рабочий стол/Kursovaya/Diplom/contracts/vulnerable/vuln_118_SC06.sol:
/home/andrei/Рабочий стол/Kursovaya/Diplom/contracts/vulnerable/vuln_118_SC06.sol:37:7: Warning: "throw" is deprecated in favour of "revert()", "require()" and "assert()".
      throw;
      ^---^
/home/andrei/Рабочий стол/Kursovaya/Diplom/contracts/vulnerable/vuln_118_SC06.sol:43:5: Warning: Defining constructors as functions with the same name as the contract is deprecated. Use "constructor(...) { ... }" instead.
    function Ownable() {
    ^ (Relevant source part starts here and spans across multiple lines).
/home/andrei/Рабочий стол/Kursovaya/Diplom/contracts/vulnerable/vuln_118_SC06.sol:47:34: Warning: "throw" is deprecated in favour of "revert()", "require()" and "assert()".
        if (msg.sender != owner) throw;
                                 ^---^
/home/andrei/Рабочий стол/Kursovaya/Diplom/contracts/vulnerable/vuln_118_SC06.sol:65:7: Warning: "throw" is deprecated in favour of "revert()", "require()" and "assert()".
      throw;
      ^---^
/home/andrei/Рабочий стол/Kursovaya/Diplom/contracts/vulnerable/vuln_118_SC06.sol:72:7: Warning: "throw" is deprecated in favour of "revert()", "require()" and "assert()".
      throw;
      ^---^
/home/andrei/Рабочий стол/Kursovaya/Diplom/contracts/vulnerable/vuln_118_SC06.sol:119:7: Warning: "throw" is deprecated in favour of "revert()", "require()" and "assert()".
      throw;
      ^---^
/home/andrei/Рабочий стол/Kursovaya/Diplom/contracts/vulnerable/vuln_118_SC06.sol:122:7: Warning: "throw" is deprecated in favour of "revert()", "require()" and "assert()".
      throw;
      ^---^
/home/andrei/Рабочий стол/Kursovaya/Diplom/contracts/vulnerable/vuln_118_SC06.sol:126:7: Warning: "throw" is deprecated in favour of "revert()", "require()" and "assert()".
      throw;
      ^---^
/home/andrei/Рабочий стол/Kursovaya/Diplom/contracts/vulnerable/vuln_118_SC06.sol:142:8: Warning: "throw" is deprecated in favour of "revert()", "require()" and "assert()".
       throw;
       ^---^
/home/andrei/Рабочий стол/Kursovaya/Diplom/contracts/vulnerable/vuln_118_SC06.sol:158:5: Warning: Use of the "var" keyword is deprecated.
    var _allowance = allowed[_from][msg.sender];
    ^------------^
/home/andrei/Рабочий стол/Kursovaya/Diplom/contracts/vulnerable/vuln_118_SC06.sol:171:64: Warning: "throw" is deprecated in favour of "revert()", "require()" and "assert()".
    if ((_value != 0) && (allowed[msg.sender][_spender] != 0)) throw;
                                                               ^---^
/home/andrei/Рабочий стол/Kursovaya/Diplom/contracts/vulnerable/vuln_118_SC06.sol:187:3: Warning: Defining constructors as functions with the same name as the contract is deprecated. Use "constructor(...) { ... }" instead.
  function Utcoin() {
  ^ (Relevant source part starts here and spans across multiple lines).
/home/andrei/Рабочий стол/Kursovaya/Diplom/contracts/vulnerable/vuln_118_SC06.sol:251:57: Warning: "throw" is deprecated in favour of "revert()", "require()" and "assert()".
		if ((now < endTime) || utcoinSentToEther >= MIN_CAP ) throw;
		                                                      ^---^
/home/andrei/Рабочий стол/Kursovaya/Diplom/contracts/vulnerable/vuln_118_SC06.sol:256:46: Warning: "throw" is deprecated in favour of "revert()", "require()" and "assert()".
		if ((now < startTime) || (now > endTime )) throw;
		                                           ^---^
/home/andrei/Рабочий стол/Kursovaya/Diplom/contracts/vulnerable/vuln_118_SC06.sol:269:2: Warning: Defining constructors as functions with the same name as the contract is deprecated. Use "constructor(...) { ... }" instead.
	function Crowdsale(address _utcoinAddress, address _to) {
 ^ (Relevant source part starts here and spans across multiple lines).
/home/andrei/Рабочий стол/Kursovaya/Diplom/contracts/vulnerable/vuln_118_SC06.sol:285:23: Warning: "throw" is deprecated in favour of "revert()", "require()" and "assert()".
		if (startTime != 0) throw; // Crowdsale was already started
		                    ^---^
/home/andrei/Рабочий стол/Kursovaya/Diplom/contracts/vulnerable/vuln_118_SC06.sol:297:54: Warning: "throw" is deprecated in favour of "revert()", "require()" and "assert()".
		if (utcoinToSend.add(utcoinSentToEther) > MAX_CAP) throw;
		                                                   ^---^
/home/andrei/Рабочий стол/Kursovaya/Diplom/contracts/vulnerable/vuln_118_SC06.sol:330:5: Warning: "throw" is deprecated in favour of "revert()", "require()" and "assert()".
				throw;
				^---^
/home/andrei/Рабочий стол/Kursovaya/Diplom/contracts/vulnerable/vuln_118_SC06.sol:334:63: Warning: "throw" is deprecated in favour of "revert()", "require()" and "assert()".
 ... throw ... 
     ^---^
/home/andrei/Рабочий стол/Kursovaya/Diplom/contracts/vulnerable/vuln_118_SC06.sol:336:42: Warning: "throw" is deprecated in favour of "revert()", "require()" and "assert()".
		if (!multisigEther.send(this.balance)) throw; // Move the remaining Ether to the multisig address
		                                       ^---^
/home/andrei/Рабочий стол/Kursovaya/Diplom/contracts/vulnerable/vuln_118_SC06.sol:340:31: Warning: "throw" is deprecated in favour of "revert()", "require()" and "assert()".
			if (!utcoin.burn(remains)) throw ;
			                           ^---^
/home/andrei/Рабочий стол/Kursovaya/Diplom/contracts/vulnerable/vuln_118_SC06.sol:349:34: Warning: "throw" is deprecated in favour of "revert()", "require()" and "assert()".
		if (!owner.send(this.balance)) throw;
		                               ^---^
/home/andrei/Рабочий стол/Kursovaya/Diplom/contracts/vulnerable/vuln_118_SC06.sol:356:27: Warning: "throw" is deprecated in favour of "revert()", "require()" and "assert()".
		if (addr == address(0)) throw;
		                        ^---^
/home/andrei/Рабочий стол/Kursovaya/Diplom/contracts/vulnerable/vuln_118_SC06.sol:371:3: Warning: Use of the "var" keyword is deprecated.
		var remains = MAX_CAP - utcoinSentToEther;
		^---------^
/home/andrei/Рабочий стол/Kursovaya/Diplom/contracts/vulnerable/vuln_118_SC06.sol:374:33: Warning: "throw" is deprecated in favour of "revert()", "require()" and "assert()".
		if(remains > minUtcoinToSell) throw;
		                              ^---^
/home/andrei/Рабочий стол/Kursovaya/Diplom/contracts/vulnerable/vuln_118_SC06.sol:397:49: Warning: "throw" is deprecated in favour of "revert()", "require()" and "assert()".
		if (_value != backers[msg.sender].utcoinSent) throw; // compare value from backer balance
		                                              ^---^
/home/andrei/Рабочий стол/Kursovaya/Diplom/contracts/vulnerable/vuln_118_SC06.sol:401:29: Warning: "throw" is deprecated in favour of "revert()", "require()" and "assert()".
		if (!utcoin.burn(_value)) throw ; // token sent for refund are burnt
		                          ^---^
/home/andrei/Рабочий стол/Kursovaya/Diplom/contracts/vulnerable/vuln_118_SC06.sol:412:1: Error: Source file requires different compiler version (current compiler is 0.4.24+commit.e67f0147.Linux.g++ - note that nightly builds are considered to be strictly less than the released version
pragma solidity ^0.3.0;
^---------------------^
/home/andrei/Рабочий стол/Kursovaya/Diplom/contracts/vulnerable/vuln_118_SC06.sol:35:3: Warning: This declaration shadows a builtin symbol.
  function assert(bool assertion) internal {
  ^ (Relevant source part starts here and spans across multiple lines).
/home/andrei/Рабочий стол/Kursovaya/Diplom/contracts/vulnerable/vuln_118_SC06.sol:299:3: Warning: Variable is declared as a storage pointer. Use an explicit "storage" keyword to silence this warning.
		Backer backer = backers[beneficiary];
		^-----------^
/home/andrei/Рабочий стол/Kursovaya/Diplom/contracts/vulnerable/vuln_118_SC06.sol:376:3: Warning: Variable is declared as a storage pointer. Use an explicit "storage" keyword to silence this warning.
		Backer backer = backers[owner];
		^-----------^
/home/andrei/Рабочий стол/Kursovaya/Diplom/contracts/vulnerable/vuln_118_SC06.sol:413:24: Error: Identifier not found or not unique.
contract TokenCheck is Token {
                       ^---^

Traceback (most recent call last):
  File "/home/andrei/sc-bench/tools/slither-venv/lib/python3.12/site-packages/crytic_compile/platform/solc.py", line 581, in _run_solc
    ret: Dict = json.loads(stdout)
                ^^^^^^^^^^^^^^^^^^
  File "/usr/lib/python3.12/json/__init__.py", line 346, in loads
    return _default_decoder.decode(s)
           ^^^^^^^^^^^^^^^^^^^^^^^^^^
  File "/usr/lib/python3.12/json/decoder.py", line 337, in decode
    obj, end = self.raw_decode(s, idx=_w(s, 0).end())
               ^^^^^^^^^^^^^^^^^^^^^^^^^^^^^^^^^^^^^^
  File "/usr/lib/python3.12/json/decoder.py", line 355, in raw_decode
    raise JSONDecodeError("Expecting value", s, err.value) from None
json.decoder.JSONDecodeError: Expecting value: line 1 column 1 (char 0)

During handling of the above exception, another exception occurred:

Traceback (most recent call last):
  File "/home/andrei/sc-bench/tools/slither-venv/bin/slither", line 6, in <module>
    sys.exit(main())
             ^^^^^^
  File "/home/andrei/sc-bench/tools/slither-venv/lib/python3.12/site-packages/slither/__main__.py", line 760, in main
    main_impl(all_detector_classes=detectors, all_printer_classes=printers)
  File "/home/andrei/sc-bench/tools/slither-venv/lib/python3.12/site-packages/slither/__main__.py", line 865, in main_impl
    ) = process_all(filename, args, detector_classes, printer_classes)
        ^^^^^^^^^^^^^^^^^^^^^^^^^^^^^^^^^^^^^^^^^^^^^^^^^^^^^^^^^^^^^^
  File "/home/andrei/sc-bench/tools/slither-venv/lib/python3.12/site-packages/slither/__main__.py", line 95, in process_all
    compilations = compile_all(target, **vars(args))
                   ^^^^^^^^^^^^^^^^^^^^^^^^^^^^^^^^^
  File "/home/andrei/sc-bench/tools/slither-venv/lib/python3.12/site-packages/crytic_compile/crytic_compile.py", line 722, in compile_all
    compilations.append(CryticCompile(target, **kwargs))
                        ^^^^^^^^^^^^^^^^^^^^^^^^^^^^^^^
  File "/home/andrei/sc-bench/tools/slither-venv/lib/python3.12/site-packages/crytic_compile/crytic_compile.py", line 211, in __init__
    self._compile(**kwargs)
  File "/home/andrei/sc-bench/tools/slither-venv/lib/python3.12/site-packages/crytic_compile/crytic_compile.py", line 633, in _compile
    self._platform.compile(self, **kwargs)
  File "/home/andrei/sc-bench/tools/slither-venv/lib/python3.12/site-packages/crytic_compile/platform/solc.py", line 150, in compile
    targets_json = _get_targets_json(compilation_unit, self._target, **kwargs)
                   ^^^^^^^^^^^^^^^^^^^^^^^^^^^^^^^^^^^^^^^^^^^^^^^^^^^^^^^^^^^
  File "/home/andrei/sc-bench/tools/slither-venv/lib/python3.12/site-packages/crytic_compile/platform/solc.py", line 279, in _get_targets_json
    return _run_solc(
           ^^^^^^^^^^
  File "/home/andrei/sc-bench/tools/slither-venv/lib/python3.12/site-packages/crytic_compile/platform/solc.py", line 585, in _run_solc
    raise InvalidCompilation(f"Invalid solc compilation {stderr}")
crytic_compile.platform.exceptions.InvalidCompilation: Invalid solc compilation /home/andrei/Рабочий стол/Kursovaya/Diplom/contracts/vulnerable/vuln_118_SC06.sol:37:7: Warning: "throw" is deprecated in favour of "revert()", "require()" and "assert()".
      throw;
      ^---^
/home/andrei/Рабочий стол/Kursovaya/Diplom/contracts/vulnerable/vuln_118_SC06.sol:43:5: Warning: Defining constructors as functions with the same name as the contract is deprecated. Use "constructor(...) { ... }" instead.
    function Ownable() {
    ^ (Relevant source part starts here and spans across multiple lines).
/home/andrei/Рабочий стол/Kursovaya/Diplom/contracts/vulnerable/vuln_118_SC06.sol:47:34: Warning: "throw" is deprecated in favour of "revert()", "require()" and "assert()".
        if (msg.sender != owner) throw;
                                 ^---^
/home/andrei/Рабочий стол/Kursovaya/Diplom/contracts/vulnerable/vuln_118_SC06.sol:65:7: Warning: "throw" is deprecated in favour of "revert()", "require()" and "assert()".
      throw;
      ^---^
/home/andrei/Рабочий стол/Kursovaya/Diplom/contracts/vulnerable/vuln_118_SC06.sol:72:7: Warning: "throw" is deprecated in favour of "revert()", "require()" and "assert()".
      throw;
      ^---^
/home/andrei/Рабочий стол/Kursovaya/Diplom/contracts/vulnerable/vuln_118_SC06.sol:119:7: Warning: "throw" is deprecated in favour of "revert()", "require()" and "assert()".
      throw;
      ^---^
/home/andrei/Рабочий стол/Kursovaya/Diplom/contracts/vulnerable/vuln_118_SC06.sol:122:7: Warning: "throw" is deprecated in favour of "revert()", "require()" and "assert()".
      throw;
      ^---^
/home/andrei/Рабочий стол/Kursovaya/Diplom/contracts/vulnerable/vuln_118_SC06.sol:126:7: Warning: "throw" is deprecated in favour of "revert()", "require()" and "assert()".
      throw;
      ^---^
/home/andrei/Рабочий стол/Kursovaya/Diplom/contracts/vulnerable/vuln_118_SC06.sol:142:8: Warning: "throw" is deprecated in favour of "revert()", "require()" and "assert()".
       throw;
       ^---^
/home/andrei/Рабочий стол/Kursovaya/Diplom/contracts/vulnerable/vuln_118_SC06.sol:158:5: Warning: Use of the "var" keyword is deprecated.
    var _allowance = allowed[_from][msg.sender];
    ^------------^
/home/andrei/Рабочий стол/Kursovaya/Diplom/contracts/vulnerable/vuln_118_SC06.sol:171:64: Warning: "throw" is deprecated in favour of "revert()", "require()" and "assert()".
    if ((_value != 0) && (allowed[msg.sender][_spender] != 0)) throw;
                                                               ^---^
/home/andrei/Рабочий стол/Kursovaya/Diplom/contracts/vulnerable/vuln_118_SC06.sol:187:3: Warning: Defining constructors as functions with the same name as the contract is deprecated. Use "constructor(...) { ... }" instead.
  function Utcoin() {
  ^ (Relevant source part starts here and spans across multiple lines).
/home/andrei/Рабочий стол/Kursovaya/Diplom/contracts/vulnerable/vuln_118_SC06.sol:251:57: Warning: "throw" is deprecated in favour of "revert()", "require()" and "assert()".
		if ((now < endTime) || utcoinSentToEther >= MIN_CAP ) throw;
		                                                      ^---^
/home/andrei/Рабочий стол/Kursovaya/Diplom/contracts/vulnerable/vuln_118_SC06.sol:256:46: Warning: "throw" is deprecated in favour of "revert()", "require()" and "assert()".
		if ((now < startTime) || (now > endTime )) throw;
		                                           ^---^
/home/andrei/Рабочий стол/Kursovaya/Diplom/contracts/vulnerable/vuln_118_SC06.sol:269:2: Warning: Defining constructors as functions with the same name as the contract is deprecated. Use "constructor(...) { ... }" instead.
	function Crowdsale(address _utcoinAddress, address _to) {
 ^ (Relevant source part starts here and spans across multiple lines).
/home/andrei/Рабочий стол/Kursovaya/Diplom/contracts/vulnerable/vuln_118_SC06.sol:285:23: Warning: "throw" is deprecated in favour of "revert()", "require()" and "assert()".
		if (startTime != 0) throw; // Crowdsale was already started
		                    ^---^
/home/andrei/Рабочий стол/Kursovaya/Diplom/contracts/vulnerable/vuln_118_SC06.sol:297:54: Warning: "throw" is deprecated in favour of "revert()", "require()" and "assert()".
		if (utcoinToSend.add(utcoinSentToEther) > MAX_CAP) throw;
		                                                   ^---^
/home/andrei/Рабочий стол/Kursovaya/Diplom/contracts/vulnerable/vuln_118_SC06.sol:330:5: Warning: "throw" is deprecated in favour of "revert()", "require()" and "assert()".
				throw;
				^---^
/home/andrei/Рабочий стол/Kursovaya/Diplom/contracts/vulnerable/vuln_118_SC06.sol:334:63: Warning: "throw" is deprecated in favour of "revert()", "require()" and "assert()".
 ... throw ... 
     ^---^
/home/andrei/Рабочий стол/Kursovaya/Diplom/contracts/vulnerable/vuln_118_SC06.sol:336:42: Warning: "throw" is deprecated in favour of "revert()", "require()" and "assert()".
		if (!multisigEther.send(this.balance)) throw; // Move the remaining Ether to the multisig address
		                                       ^---^
/home/andrei/Рабочий стол/Kursovaya/Diplom/contracts/vulnerable/vuln_118_SC06.sol:340:31: Warning: "throw" is deprecated in favour of "revert()", "require()" and "assert()".
			if (!utcoin.burn(remains)) throw ;
			                           ^---^
/home/andrei/Рабочий стол/Kursovaya/Diplom/contracts/vulnerable/vuln_118_SC06.sol:349:34: Warning: "throw" is deprecated in favour of "revert()", "require()" and "assert()".
		if (!owner.send(this.balance)) throw;
		                               ^---^
/home/andrei/Рабочий стол/Kursovaya/Diplom/contracts/vulnerable/vuln_118_SC06.sol:356:27: Warning: "throw" is deprecated in favour of "revert()", "require()" and "assert()".
		if (addr == address(0)) throw;
		                        ^---^
/home/andrei/Рабочий стол/Kursovaya/Diplom/contracts/vulnerable/vuln_118_SC06.sol:371:3: Warning: Use of the "var" keyword is deprecated.
		var remains = MAX_CAP - utcoinSentToEther;
		^---------^
/home/andrei/Рабочий стол/Kursovaya/Diplom/contracts/vulnerable/vuln_118_SC06.sol:374:33: Warning: "throw" is deprecated in favour of "revert()", "require()" and "assert()".
		if(remains > minUtcoinToSell) throw;
		                              ^---^
/home/andrei/Рабочий стол/Kursovaya/Diplom/contracts/vulnerable/vuln_118_SC06.sol:397:49: Warning: "throw" is deprecated in favour of "revert()", "require()" and "assert()".
		if (_value != backers[msg.sender].utcoinSent) throw; // compare value from backer balance
		                                              ^---^
/home/andrei/Рабочий стол/Kursovaya/Diplom/contracts/vulnerable/vuln_118_SC06.sol:401:29: Warning: "throw" is deprecated in favour of "revert()", "require()" and "assert()".
		if (!utcoin.burn(_value)) throw ; // token sent for refund are burnt
		                          ^---^
/home/andrei/Рабочий стол/Kursovaya/Diplom/contracts/vulnerable/vuln_118_SC06.sol:412:1: Error: Source file requires different compiler version (current compiler is 0.4.24+commit.e67f0147.Linux.g++ - note that nightly builds are considered to be strictly less than the released version
pragma solidity ^0.3.0;
^---------------------^
/home/andrei/Рабочий стол/Kursovaya/Diplom/contracts/vulnerable/vuln_118_SC06.sol:35:3: Warning: This declaration shadows a builtin symbol.
  function assert(bool assertion) internal {
  ^ (Relevant source part starts here and spans across multiple lines).
/home/andrei/Рабочий стол/Kursovaya/Diplom/contracts/vulnerable/vuln_118_SC06.sol:299:3: Warning: Variable is declared as a storage pointer. Use an explicit "storage" keyword to silence this warning.
		Backer backer = backers[beneficiary];
		^-----------^
/home/andrei/Рабочий стол/Kursovaya/Diplom/contracts/vulnerable/vuln_118_SC06.sol:376:3: Warning: Variable is declared as a storage pointer. Use an explicit "storage" keyword to silence this warning.
		Backer backer = backers[owner];
		^-----------^
/home/andrei/Рабочий стол/Kursovaya/Diplom/contracts/vulnerable/vuln_118_SC06.sol:413:24: Error: Identifier not found or not unique.
contract TokenCheck is Token {
                       ^---^

