'solc --version' running
'solc /home/andrei/Рабочий стол/Kursovaya/Diplom/contracts/vulnerable/vuln_121_SC06.sol --combined-json abi,ast,bin,bin-runtime,srcmap,srcmap-runtime,userdoc,devdoc,hashes,compact-format --allow-paths .,/home/andrei/Рабочий стол/Kursovaya/Diplom/contracts/vulnerable' running
Compilation warnings/errors on /home/andrei/Рабочий стол/Kursovaya/Diplom/contracts/vulnerable/vuln_121_SC06.sol:
/home/andrei/Рабочий стол/Kursovaya/Diplom/contracts/vulnerable/vuln_121_SC06.sol:171:3: Warning: Defining constructors as functions with the same name as the contract is deprecated. Use "constructor(...) { ... }" instead.
  function AbstractToken () public {
  ^ (Relevant source part starts here and spans across multiple lines).
/home/andrei/Рабочий стол/Kursovaya/Diplom/contracts/vulnerable/vuln_121_SC06.sol:304:3: Warning: Defining constructors as functions with the same name as the contract is deprecated. Use "constructor(...) { ... }" instead.
  function AworkerToken (uint256 _tokenCount) public {
  ^ (Relevant source part starts here and spans across multiple lines).
/home/andrei/Рабочий стол/Kursovaya/Diplom/contracts/vulnerable/vuln_121_SC06.sol:201:5: Warning: Invoking events without "emit" prefix is deprecated.
    Transfer (msg.sender, _to, _value);
    ^--------------------------------^
/home/andrei/Рабочий стол/Kursovaya/Diplom/contracts/vulnerable/vuln_121_SC06.sol:228:5: Warning: Invoking events without "emit" prefix is deprecated.
    Transfer (_from, _to, _value);
    ^---------------------------^
/home/andrei/Рабочий стол/Kursovaya/Diplom/contracts/vulnerable/vuln_121_SC06.sol:243:5: Warning: Invoking events without "emit" prefix is deprecated.
    Approval (msg.sender, _spender, _value);
    ^-------------------------------------^
/home/andrei/Рабочий стол/Kursovaya/Diplom/contracts/vulnerable/vuln_121_SC06.sol:415:7: Warning: Invoking events without "emit" prefix is deprecated.
      Freeze ();
      ^-------^
/home/andrei/Рабочий стол/Kursovaya/Diplom/contracts/vulnerable/vuln_121_SC06.sol:428:7: Warning: Invoking events without "emit" prefix is deprecated.
      Unfreeze ();
      ^---------^

/home/andrei/Рабочий стол/Kursovaya/Diplom/contracts/vulnerable/vuln_121_SC06.sol analyzed (4 contracts with 5 detectors), 0 result(s) found
