'solc --version' running
'solc /home/andrei/Рабочий стол/Kursovaya/Diplom/contracts/vulnerable/vuln_090_SC01.sol --combined-json abi,ast,bin,bin-runtime,srcmap,srcmap-runtime,userdoc,devdoc,hashes,compact-format --allow-paths .,/home/andrei/Рабочий стол/Kursovaya/Diplom/contracts/vulnerable' running
Compilation warnings/errors on /home/andrei/Рабочий стол/Kursovaya/Diplom/contracts/vulnerable/vuln_090_SC01.sol:
/home/andrei/Рабочий стол/Kursovaya/Diplom/contracts/vulnerable/vuln_090_SC01.sol:46:3: Warning: Defining constructors as functions with the same name as the contract is deprecated. Use "constructor(...) { ... }" instead.
  function Ownable() public {
  ^ (Relevant source part starts here and spans across multiple lines).
/home/andrei/Рабочий стол/Kursovaya/Diplom/contracts/vulnerable/vuln_090_SC01.sol:132:2: Warning: Defining constructors as functions with the same name as the contract is deprecated. Use "constructor(...) { ... }" instead.
	function SeekerCoin(){
 ^ (Relevant source part starts here and spans across multiple lines).
/home/andrei/Рабочий стол/Kursovaya/Diplom/contracts/vulnerable/vuln_090_SC01.sol:270:2: Warning: Defining constructors as functions with the same name as the contract is deprecated. Use "constructor(...) { ... }" instead.
	function GODCoin(){
 ^ (Relevant source part starts here and spans across multiple lines).
/home/andrei/Рабочий стол/Kursovaya/Diplom/contracts/vulnerable/vuln_090_SC01.sol:191:3: Warning: Variable is declared as a storage pointer. Use an explicit "storage" keyword to silence this warning.
		epoch[] epochs = lockEpochsMap[msg.sender];
		^------------^
/home/andrei/Рабочий стол/Kursovaya/Diplom/contracts/vulnerable/vuln_090_SC01.sol:219:3: Warning: Variable is declared as a storage pointer. Use an explicit "storage" keyword to silence this warning.
		epoch[] epochs = lockEpochsMap[_from];
		^------------^
/home/andrei/Рабочий стол/Kursovaya/Diplom/contracts/vulnerable/vuln_090_SC01.sol:340:7: Error: Undeclared identifier.
		if (balances[fundsWallet] < amount) {
		    ^------^
/home/andrei/Рабочий стол/Kursovaya/Diplom/contracts/vulnerable/vuln_090_SC01.sol:343:3: Error: Undeclared identifier.
		balances[fundsWallet] = balances[fundsWallet] - amount;
		^------^
/home/andrei/Рабочий стол/Kursovaya/Diplom/contracts/vulnerable/vuln_090_SC01.sol:343:27: Error: Undeclared identifier.
		balances[fundsWallet] = balances[fundsWallet] - amount;
		                        ^------^
/home/andrei/Рабочий стол/Kursovaya/Diplom/contracts/vulnerable/vuln_090_SC01.sol:344:3: Error: Undeclared identifier.
		balances[msg.sender] = balances[msg.sender] + amount;
		^------^
/home/andrei/Рабочий стол/Kursovaya/Diplom/contracts/vulnerable/vuln_090_SC01.sol:344:26: Error: Undeclared identifier.
		balances[msg.sender] = balances[msg.sender] + amount;
		                       ^------^

Traceback (most recent call last):
  File "/home/andrei/sc-bench/tools/slither-venv/lib/python3.12/site-packages/crytic_compile/platform/solc.py", line 581, in _run_solc
    ret: Dict = json.loads(stdout)
                ^^^^^^^^^^^^^^^^^^
  File "/usr/lib/python3.12/json/__init__.py", line 346, in loads
    return _default_decoder.decode(s)
           ^^^^^^^^^^^^^^^^^^^^^^^^^^
  File "/usr/lib/python3.12/json/decoder.py", line 337, in decode
    obj, end = self.raw_decode(s, idx=_w(s, 0).end())
               ^^^^^^^^^^^^^^^^^^^^^^^^^^^^^^^^^^^^^^
  File "/usr/lib/python3.12/json/decoder.py", line 355, in raw_decode
    raise JSONDecodeError("Expecting value", s, err.value) from None
json.decoder.JSONDecodeError: Expecting value: line 1 column 1 (char 0)

During handling of the above exception, another exception occurred:

Traceback (most recent call last):
  File "/home/andrei/sc-bench/tools/slither-venv/bin/slither", line 6, in <module>
    sys.exit(main())
             ^^^^^^
  File "/home/andrei/sc-bench/tools/slither-venv/lib/python3.12/site-packages/slither/__main__.py", line 760, in main
    main_impl(all_detector_classes=detectors, all_printer_classes=printers)
  File "/home/andrei/sc-bench/tools/slither-venv/lib/python3.12/site-packages/slither/__main__.py", line 865, in main_impl
    ) = process_all(filename, args, detector_classes, printer_classes)
        ^^^^^^^^^^^^^^^^^^^^^^^^^^^^^^^^^^^^^^^^^^^^^^^^^^^^^^^^^^^^^^
  File "/home/andrei/sc-bench/tools/slither-venv/lib/python3.12/site-packages/slither/__main__.py", line 95, in process_all
    compilations = compile_all(target, **vars(args))
                   ^^^^^^^^^^^^^^^^^^^^^^^^^^^^^^^^^
  File "/home/andrei/sc-bench/tools/slither-venv/lib/python3.12/site-packages/crytic_compile/crytic_compile.py", line 722, in compile_all
    compilations.append(CryticCompile(target, **kwargs))
                        ^^^^^^^^^^^^^^^^^^^^^^^^^^^^^^^
  File "/home/andrei/sc-bench/tools/slither-venv/lib/python3.12/site-packages/crytic_compile/crytic_compile.py", line 211, in __init__
    self._compile(**kwargs)
  File "/home/andrei/sc-bench/tools/slither-venv/lib/python3.12/site-packages/crytic_compile/crytic_compile.py", line 633, in _compile
    self._platform.compile(self, **kwargs)
  File "/home/andrei/sc-bench/tools/slither-venv/lib/python3.12/site-packages/crytic_compile/platform/solc.py", line 150, in compile
    targets_json = _get_targets_json(compilation_unit, self._target, **kwargs)
                   ^^^^^^^^^^^^^^^^^^^^^^^^^^^^^^^^^^^^^^^^^^^^^^^^^^^^^^^^^^^
  File "/home/andrei/sc-bench/tools/slither-venv/lib/python3.12/site-packages/crytic_compile/platform/solc.py", line 279, in _get_targets_json
    return _run_solc(
           ^^^^^^^^^^
  File "/home/andrei/sc-bench/tools/slither-venv/lib/python3.12/site-packages/crytic_compile/platform/solc.py", line 585, in _run_solc
    raise InvalidCompilation(f"Invalid solc compilation {stderr}")
crytic_compile.platform.exceptions.InvalidCompilation: Invalid solc compilation /home/andrei/Рабочий стол/Kursovaya/Diplom/contracts/vulnerable/vuln_090_SC01.sol:46:3: Warning: Defining constructors as functions with the same name as the contract is deprecated. Use "constructor(...) { ... }" instead.
  function Ownable() public {
  ^ (Relevant source part starts here and spans across multiple lines).
/home/andrei/Рабочий стол/Kursovaya/Diplom/contracts/vulnerable/vuln_090_SC01.sol:132:2: Warning: Defining constructors as functions with the same name as the contract is deprecated. Use "constructor(...) { ... }" instead.
	function SeekerCoin(){
 ^ (Relevant source part starts here and spans across multiple lines).
/home/andrei/Рабочий стол/Kursovaya/Diplom/contracts/vulnerable/vuln_090_SC01.sol:270:2: Warning: Defining constructors as functions with the same name as the contract is deprecated. Use "constructor(...) { ... }" instead.
	function GODCoin(){
 ^ (Relevant source part starts here and spans across multiple lines).
/home/andrei/Рабочий стол/Kursovaya/Diplom/contracts/vulnerable/vuln_090_SC01.sol:191:3: Warning: Variable is declared as a storage pointer. Use an explicit "storage" keyword to silence this warning.
		epoch[] epochs = lockEpochsMap[msg.sender];
		^------------^
/home/andrei/Рабочий стол/Kursovaya/Diplom/contracts/vulnerable/vuln_090_SC01.sol:219:3: Warning: Variable is declared as a storage pointer. Use an explicit "storage" keyword to silence this warning.
		epoch[] epochs = lockEpochsMap[_from];
		^------------^
/home/andrei/Рабочий стол/Kursovaya/Diplom/contracts/vulnerable/vuln_090_SC01.sol:340:7: Error: Undeclared identifier.
		if (balances[fundsWallet] < amount) {
		    ^------^
/home/andrei/Рабочий стол/Kursovaya/Diplom/contracts/vulnerable/vuln_090_SC01.sol:343:3: Error: Undeclared identifier.
		balances[fundsWallet] = balances[fundsWallet] - amount;
		^------^
/home/andrei/Рабочий стол/Kursovaya/Diplom/contracts/vulnerable/vuln_090_SC01.sol:343:27: Error: Undeclared identifier.
		balances[fundsWallet] = balances[fundsWallet] - amount;
		                        ^------^
/home/andrei/Рабочий стол/Kursovaya/Diplom/contracts/vulnerable/vuln_090_SC01.sol:344:3: Error: Undeclared identifier.
		balances[msg.sender] = balances[msg.sender] + amount;
		^------^
/home/andrei/Рабочий стол/Kursovaya/Diplom/contracts/vulnerable/vuln_090_SC01.sol:344:26: Error: Undeclared identifier.
		balances[msg.sender] = balances[msg.sender] + amount;
		                       ^------^

